[2022-07-11T06:22:47.265+0000][8][gc,init] CardTable entry size: 512
[2022-07-11T06:22:47.265+0000][8][gc     ] Using G1
[2022-07-11T06:22:47.320+0000][8][gc,init] Version: 18.0.1.1+2-6 (release)
[2022-07-11T06:22:47.320+0000][8][gc,init] CPUs: 4 total, 4 available
[2022-07-11T06:22:47.320+0000][8][gc,init] Memory: 15931M
[2022-07-11T06:22:47.320+0000][8][gc,init] Large Page Support: Disabled
[2022-07-11T06:22:47.320+0000][8][gc,init] NUMA Support: Disabled
[2022-07-11T06:22:47.320+0000][8][gc,init] Compressed Oops: Enabled (32-bit)
[2022-07-11T06:22:47.320+0000][8][gc,init] Heap Region Size: 4M
[2022-07-11T06:22:47.320+0000][8][gc,init] Heap Min Capacity: 512M
[2022-07-11T06:22:47.320+0000][8][gc,init] Heap Initial Capacity: 512M
[2022-07-11T06:22:47.320+0000][8][gc,init] Heap Max Capacity: 512M
[2022-07-11T06:22:47.320+0000][8][gc,init] Pre-touch: Enabled
[2022-07-11T06:22:47.320+0000][8][gc,init] Parallel Workers: 4
[2022-07-11T06:22:47.320+0000][8][gc,init] Concurrent Workers: 1
[2022-07-11T06:22:47.320+0000][8][gc,init] Concurrent Refinement Workers: 4
[2022-07-11T06:22:47.320+0000][8][gc,init] Periodic GC: Disabled
[2022-07-11T06:22:47.320+0000][8][gc,metaspace] CDS archive(s) mapped at: [0x0000000800000000-0x0000000800baf000-0x0000000800baf000), size 12251136, SharedBaseAddress: 0x0000000800000000, ArchiveRelocationMode: 0.
[2022-07-11T06:22:47.320+0000][8][gc,metaspace] Compressed class space mapped at: 0x0000000800c00000-0x0000000840c00000, reserved size: 1073741824
[2022-07-11T06:22:47.320+0000][8][gc,metaspace] Narrow klass base: 0x0000000800000000, Narrow klass shift: 0, Narrow klass range: 0x100000000
[2022-07-11T06:22:47.831+0000][8][safepoint   ] Safepoint "ICBufferFull", Time since last: 506236415 ns, Reaching safepoint: 111186 ns, At safepoint: 15156 ns, Total: 126342 ns
[2022-07-11T06:22:47.998+0000][8][gc,start    ] GC(0) Pause Young (Normal) (G1 Evacuation Pause)
[2022-07-11T06:22:47.998+0000][8][gc,task     ] GC(0) Using 4 workers of 4 for evacuation
[2022-07-11T06:22:47.998+0000][8][gc,age      ] GC(0) Desired survivor size 2097152 bytes, new threshold 15 (max threshold 15)
[2022-07-11T06:22:48.002+0000][8][gc,phases   ] GC(0)   Pre Evacuate Collection Set: 0.1ms
[2022-07-11T06:22:48.002+0000][8][gc,phases   ] GC(0)   Merge Heap Roots: 0.1ms
[2022-07-11T06:22:48.002+0000][8][gc,phases   ] GC(0)   Evacuate Collection Set: 2.9ms
[2022-07-11T06:22:48.002+0000][8][gc,phases   ] GC(0)   Post Evacuate Collection Set: 0.8ms
[2022-07-11T06:22:48.002+0000][8][gc,phases   ] GC(0)   Other: 0.1ms
[2022-07-11T06:22:48.002+0000][8][gc,age      ] GC(0) Age table with threshold 15 (max threshold 15)
[2022-07-11T06:22:48.002+0000][8][gc,age      ] GC(0) - age   1:    4183176 bytes,    4183176 total
[2022-07-11T06:22:48.002+0000][8][gc,heap     ] GC(0) Eden regions: 6->0(5)
[2022-07-11T06:22:48.002+0000][8][gc,heap     ] GC(0) Survivor regions: 0->1(1)
[2022-07-11T06:22:48.002+0000][8][gc,heap     ] GC(0) Old regions: 0->1
[2022-07-11T06:22:48.002+0000][8][gc,heap     ] GC(0) Archive regions: 2->2
[2022-07-11T06:22:48.002+0000][8][gc,heap     ] GC(0) Humongous regions: 0->0
[2022-07-11T06:22:48.002+0000][8][gc,metaspace] GC(0) Metaspace: 8290K(8512K)->8290K(8512K) NonClass: 7376K(7488K)->7376K(7488K) Class: 914K(1024K)->914K(1024K)
[2022-07-11T06:22:48.002+0000][8][gc          ] GC(0) Pause Young (Normal) (G1 Evacuation Pause) 27M->8M(512M) 4.326ms
[2022-07-11T06:22:48.002+0000][8][gc,cpu      ] GC(0) User=0.02s Sys=0.01s Real=0.00s
[2022-07-11T06:22:48.002+0000][8][safepoint   ] Safepoint "G1CollectForAllocation", Time since last: 166366760 ns, Reaching safepoint: 75987 ns, At safepoint: 4396904 ns, Total: 4472891 ns
[2022-07-11T06:22:48.304+0000][8][gc,start    ] GC(1) Pause Young (Normal) (G1 Evacuation Pause)
[2022-07-11T06:22:48.304+0000][8][gc,task     ] GC(1) Using 4 workers of 4 for evacuation
[2022-07-11T06:22:48.304+0000][8][gc,age      ] GC(1) Desired survivor size 2097152 bytes, new threshold 1 (max threshold 15)
[2022-07-11T06:22:48.308+0000][8][gc,phases   ] GC(1)   Pre Evacuate Collection Set: 0.1ms
[2022-07-11T06:22:48.308+0000][8][gc,phases   ] GC(1)   Merge Heap Roots: 0.1ms
[2022-07-11T06:22:48.308+0000][8][gc,phases   ] GC(1)   Evacuate Collection Set: 3.6ms
[2022-07-11T06:22:48.308+0000][8][gc,phases   ] GC(1)   Post Evacuate Collection Set: 0.5ms
[2022-07-11T06:22:48.308+0000][8][gc,phases   ] GC(1)   Other: 0.1ms
[2022-07-11T06:22:48.308+0000][8][gc,age      ] GC(1) Age table with threshold 1 (max threshold 15)
[2022-07-11T06:22:48.308+0000][8][gc,age      ] GC(1) - age   1:    2020840 bytes,    2020840 total
[2022-07-11T06:22:48.308+0000][8][gc,heap     ] GC(1) Eden regions: 5->0(7)
[2022-07-11T06:22:48.308+0000][8][gc,heap     ] GC(1) Survivor regions: 1->1(1)
[2022-07-11T06:22:48.308+0000][8][gc,heap     ] GC(1) Old regions: 1->2
[2022-07-11T06:22:48.308+0000][8][gc,heap     ] GC(1) Archive regions: 2->2
[2022-07-11T06:22:48.308+0000][8][gc,heap     ] GC(1) Humongous regions: 0->0
[2022-07-11T06:22:48.308+0000][8][gc,metaspace] GC(1) Metaspace: 11620K(11904K)->11620K(11904K) NonClass: 10231K(10368K)->10231K(10368K) Class: 1388K(1536K)->1388K(1536K)
[2022-07-11T06:22:48.308+0000][8][gc          ] GC(1) Pause Young (Normal) (G1 Evacuation Pause) 28M->10M(512M) 4.587ms
[2022-07-11T06:22:48.308+0000][8][gc,cpu      ] GC(1) User=0.02s Sys=0.01s Real=0.01s
[2022-07-11T06:22:48.308+0000][8][safepoint   ] Safepoint "G1CollectForAllocation", Time since last: 301459532 ns, Reaching safepoint: 86044 ns, At safepoint: 4637087 ns, Total: 4723131 ns
[2022-07-11T06:22:48.758+0000][8][gc,start    ] GC(2) Pause Young (Normal) (G1 Evacuation Pause)
[2022-07-11T06:22:48.758+0000][8][gc,task     ] GC(2) Using 4 workers of 4 for evacuation
[2022-07-11T06:22:48.758+0000][8][gc,age      ] GC(2) Desired survivor size 2097152 bytes, new threshold 15 (max threshold 15)
[2022-07-11T06:22:48.761+0000][8][gc,phases   ] GC(2)   Pre Evacuate Collection Set: 0.1ms
[2022-07-11T06:22:48.761+0000][8][gc,phases   ] GC(2)   Merge Heap Roots: 0.1ms
[2022-07-11T06:22:48.761+0000][8][gc,phases   ] GC(2)   Evacuate Collection Set: 2.5ms
[2022-07-11T06:22:48.761+0000][8][gc,phases   ] GC(2)   Post Evacuate Collection Set: 0.6ms
[2022-07-11T06:22:48.761+0000][8][gc,phases   ] GC(2)   Other: 0.1ms
[2022-07-11T06:22:48.761+0000][8][gc,age      ] GC(2) Age table with threshold 15 (max threshold 15)
[2022-07-11T06:22:48.761+0000][8][gc,age      ] GC(2) - age   1:    1081112 bytes,    1081112 total
[2022-07-11T06:22:48.761+0000][8][gc,age      ] GC(2) - age   2:    1998776 bytes,    3079888 total
[2022-07-11T06:22:48.761+0000][8][gc,heap     ] GC(2) Eden regions: 7->0(30)
[2022-07-11T06:22:48.761+0000][8][gc,heap     ] GC(2) Survivor regions: 1->1(1)
[2022-07-11T06:22:48.761+0000][8][gc,heap     ] GC(2) Old regions: 2->2
[2022-07-11T06:22:48.761+0000][8][gc,heap     ] GC(2) Archive regions: 2->2
[2022-07-11T06:22:48.761+0000][8][gc,heap     ] GC(2) Humongous regions: 0->0
[2022-07-11T06:22:48.761+0000][8][gc,metaspace] GC(2) Metaspace: 14793K(15168K)->14793K(15168K) NonClass: 13072K(13248K)->13072K(13248K) Class: 1720K(1920K)->1720K(1920K)
[2022-07-11T06:22:48.761+0000][8][gc          ] GC(2) Pause Young (Normal) (G1 Evacuation Pause) 38M->11M(512M) 3.538ms
[2022-07-11T06:22:48.762+0000][8][gc,cpu      ] GC(2) User=0.01s Sys=0.00s Real=0.00s
[2022-07-11T06:22:48.762+0000][8][safepoint   ] Safepoint "G1CollectForAllocation", Time since last: 449341500 ns, Reaching safepoint: 112514 ns, At safepoint: 3588146 ns, Total: 3700660 ns
[2022-07-11T06:22:49.319+0000][8][gc,start    ] GC(3) Pause Young (Normal) (G1 Evacuation Pause)
[2022-07-11T06:22:49.319+0000][8][gc,task     ] GC(3) Using 4 workers of 4 for evacuation
[2022-07-11T06:22:49.319+0000][8][gc,age      ] GC(3) Desired survivor size 8388608 bytes, new threshold 15 (max threshold 15)
[2022-07-11T06:22:49.326+0000][8][gc,phases   ] GC(3)   Pre Evacuate Collection Set: 0.1ms
[2022-07-11T06:22:49.326+0000][8][gc,phases   ] GC(3)   Merge Heap Roots: 0.1ms
[2022-07-11T06:22:49.326+0000][8][gc,phases   ] GC(3)   Evacuate Collection Set: 5.7ms
[2022-07-11T06:22:49.326+0000][8][gc,phases   ] GC(3)   Post Evacuate Collection Set: 0.8ms
[2022-07-11T06:22:49.326+0000][8][gc,phases   ] GC(3)   Other: 0.1ms
[2022-07-11T06:22:49.326+0000][8][gc,age      ] GC(3) Age table with threshold 15 (max threshold 15)
[2022-07-11T06:22:49.326+0000][8][gc,age      ] GC(3) - age   1:    2449896 bytes,    2449896 total
[2022-07-11T06:22:49.326+0000][8][gc,age      ] GC(3) - age   2:     980312 bytes,    3430208 total
[2022-07-11T06:22:49.326+0000][8][gc,age      ] GC(3) - age   3:    1993320 bytes,    5423528 total
[2022-07-11T06:22:49.326+0000][8][gc,heap     ] GC(3) Eden regions: 30->0(74)
[2022-07-11T06:22:49.326+0000][8][gc,heap     ] GC(3) Survivor regions: 1->2(4)
[2022-07-11T06:22:49.326+0000][8][gc,heap     ] GC(3) Old regions: 2->2
[2022-07-11T06:22:49.326+0000][8][gc,heap     ] GC(3) Archive regions: 2->2
[2022-07-11T06:22:49.326+0000][8][gc,heap     ] GC(3) Humongous regions: 0->0
[2022-07-11T06:22:49.326+0000][8][gc,metaspace] GC(3) Metaspace: 16896K(17344K)->16896K(17344K) NonClass: 14978K(15232K)->14978K(15232K) Class: 1918K(2112K)->1918K(2112K)
[2022-07-11T06:22:49.326+0000][8][gc          ] GC(3) Pause Young (Normal) (G1 Evacuation Pause) 131M->13M(512M) 7.179ms
[2022-07-11T06:22:49.326+0000][8][gc,cpu      ] GC(3) User=0.02s Sys=0.00s Real=0.01s
[2022-07-11T06:22:49.326+0000][8][safepoint   ] Safepoint "G1CollectForAllocation", Time since last: 557541194 ns, Reaching safepoint: 128926 ns, At safepoint: 7258775 ns, Total: 7387701 ns
[2022-07-11T06:22:49.616+0000][8][gc,start    ] GC(4) Pause Young (Concurrent Start) (Metadata GC Threshold)
[2022-07-11T06:22:49.616+0000][8][gc,task     ] GC(4) Using 4 workers of 4 for evacuation
[2022-07-11T06:22:49.616+0000][8][gc,age      ] GC(4) Desired survivor size 20971520 bytes, new threshold 15 (max threshold 15)
[2022-07-11T06:22:49.621+0000][8][gc,phases   ] GC(4)   Pre Evacuate Collection Set: 0.1ms
[2022-07-11T06:22:49.621+0000][8][gc,phases   ] GC(4)   Merge Heap Roots: 0.1ms
[2022-07-11T06:22:49.621+0000][8][gc,phases   ] GC(4)   Evacuate Collection Set: 4.4ms
[2022-07-11T06:22:49.621+0000][8][gc,phases   ] GC(4)   Post Evacuate Collection Set: 0.7ms
[2022-07-11T06:22:49.621+0000][8][gc,phases   ] GC(4)   Other: 0.1ms
[2022-07-11T06:22:49.621+0000][8][gc,age      ] GC(4) Age table with threshold 15 (max threshold 15)
[2022-07-11T06:22:49.621+0000][8][gc,age      ] GC(4) - age   1:    1436952 bytes,    1436952 total
[2022-07-11T06:22:49.621+0000][8][gc,age      ] GC(4) - age   2:    1991960 bytes,    3428912 total
[2022-07-11T06:22:49.621+0000][8][gc,age      ] GC(4) - age   3:     979552 bytes,    4408464 total
[2022-07-11T06:22:49.621+0000][8][gc,age      ] GC(4) - age   4:    1982312 bytes,    6390776 total
[2022-07-11T06:22:49.621+0000][8][gc,heap     ] GC(4) Eden regions: 10->0(74)
[2022-07-11T06:22:49.621+0000][8][gc,heap     ] GC(4) Survivor regions: 2->2(10)
[2022-07-11T06:22:49.621+0000][8][gc,heap     ] GC(4) Old regions: 2->2
[2022-07-11T06:22:49.622+0000][8][gc,heap     ] GC(4) Archive regions: 2->2
[2022-07-11T06:22:49.622+0000][8][gc,heap     ] GC(4) Humongous regions: 0->0
[2022-07-11T06:22:49.622+0000][8][gc,metaspace] GC(4) Metaspace: 21070K(21504K)->21070K(21504K) NonClass: 18695K(18944K)->18695K(18944K) Class: 2374K(2560K)->2374K(2560K)
[2022-07-11T06:22:49.622+0000][8][gc          ] GC(4) Pause Young (Concurrent Start) (Metadata GC Threshold) 53M->14M(512M) 5.678ms
[2022-07-11T06:22:49.622+0000][8][gc,cpu      ] GC(4) User=0.01s Sys=0.00s Real=0.01s
[2022-07-11T06:22:49.622+0000][8][gc          ] GC(5) Concurrent Mark Cycle
[2022-07-11T06:22:49.622+0000][8][gc,marking  ] GC(5) Concurrent Clear Claimed Marks
[2022-07-11T06:22:49.622+0000][8][safepoint   ] Safepoint "CollectForMetadataAllocation", Time since last: 289258606 ns, Reaching safepoint: 137866 ns, At safepoint: 5784712 ns, Total: 5922578 ns
[2022-07-11T06:22:49.622+0000][8][gc,marking  ] GC(5) Concurrent Clear Claimed Marks 0.034ms
[2022-07-11T06:22:49.622+0000][8][gc,marking  ] GC(5) Concurrent Scan Root Regions
[2022-07-11T06:22:49.624+0000][8][gc,marking  ] GC(5) Concurrent Scan Root Regions 2.737ms
[2022-07-11T06:22:49.624+0000][8][gc,marking  ] GC(5) Concurrent Mark
[2022-07-11T06:22:49.625+0000][8][gc,marking  ] GC(5) Concurrent Mark From Roots
[2022-07-11T06:22:49.625+0000][8][gc,task     ] GC(5) Using 1 workers of 1 for marking
[2022-07-11T06:22:49.629+0000][8][gc,marking  ] GC(5) Concurrent Mark From Roots 4.210ms
[2022-07-11T06:22:49.629+0000][8][gc,marking  ] GC(5) Concurrent Preclean
[2022-07-11T06:22:49.629+0000][8][gc,marking  ] GC(5) Concurrent Preclean 0.045ms
[2022-07-11T06:22:49.629+0000][8][gc,start    ] GC(5) Pause Remark
[2022-07-11T06:22:49.632+0000][8][gc          ] GC(5) Pause Remark 16M->16M(512M) 2.713ms
[2022-07-11T06:22:49.632+0000][8][gc,cpu      ] GC(5) User=0.01s Sys=0.00s Real=0.00s
[2022-07-11T06:22:49.632+0000][8][safepoint   ] Safepoint "G1Concurrent", Time since last: 7213588 ns, Reaching safepoint: 243744 ns, At safepoint: 2826322 ns, Total: 3070066 ns
[2022-07-11T06:22:49.632+0000][8][gc,marking  ] GC(5) Concurrent Mark 7.474ms
[2022-07-11T06:22:49.632+0000][8][gc,marking  ] GC(5) Concurrent Rebuild Remembered Sets
[2022-07-11T06:22:49.634+0000][8][gc,marking  ] GC(5) Concurrent Rebuild Remembered Sets 1.811ms
[2022-07-11T06:22:49.634+0000][8][gc,start    ] GC(5) Pause Cleanup
[2022-07-11T06:22:49.634+0000][8][gc          ] GC(5) Pause Cleanup 16M->16M(512M) 0.068ms
[2022-07-11T06:22:49.634+0000][8][gc,cpu      ] GC(5) User=0.00s Sys=0.00s Real=0.00s
[2022-07-11T06:22:49.634+0000][8][safepoint   ] Safepoint "G1Concurrent", Time since last: 1962250 ns, Reaching safepoint: 197929 ns, At safepoint: 102736 ns, Total: 300665 ns
[2022-07-11T06:22:49.634+0000][8][gc,marking  ] GC(5) Concurrent Cleanup for Next Mark
[2022-07-11T06:22:49.635+0000][8][gc,marking  ] GC(5) Concurrent Cleanup for Next Mark 0.875ms
[2022-07-11T06:22:49.635+0000][8][gc          ] GC(5) Concurrent Mark Cycle 13.575ms
[2022-07-11T06:22:50.187+0000][8][gc,start    ] GC(6) Pause Young (Normal) (G1 Evacuation Pause)
[2022-07-11T06:22:50.187+0000][8][gc,task     ] GC(6) Using 4 workers of 4 for evacuation
[2022-07-11T06:22:50.187+0000][8][gc,age      ] GC(6) Desired survivor size 20971520 bytes, new threshold 15 (max threshold 15)
[2022-07-11T06:22:50.195+0000][8][gc,phases   ] GC(6)   Pre Evacuate Collection Set: 0.1ms
[2022-07-11T06:22:50.195+0000][8][gc,phases   ] GC(6)   Merge Heap Roots: 0.1ms
[2022-07-11T06:22:50.195+0000][8][gc,phases   ] GC(6)   Evacuate Collection Set: 6.7ms
[2022-07-11T06:22:50.195+0000][8][gc,phases   ] GC(6)   Post Evacuate Collection Set: 1.0ms
[2022-07-11T06:22:50.195+0000][8][gc,phases   ] GC(6)   Other: 0.1ms
[2022-07-11T06:22:50.195+0000][8][gc,age      ] GC(6) Age table with threshold 15 (max threshold 15)
[2022-07-11T06:22:50.195+0000][8][gc,age      ] GC(6) - age   1:    6291560 bytes,    6291560 total
[2022-07-11T06:22:50.195+0000][8][gc,age      ] GC(6) - age   2:    1392504 bytes,    7684064 total
[2022-07-11T06:22:50.195+0000][8][gc,age      ] GC(6) - age   3:    1988880 bytes,    9672944 total
[2022-07-11T06:22:50.195+0000][8][gc,age      ] GC(6) - age   4:     976672 bytes,   10649616 total
[2022-07-11T06:22:50.195+0000][8][gc,age      ] GC(6) - age   5:    1981544 bytes,   12631160 total
[2022-07-11T06:22:50.195+0000][8][gc,heap     ] GC(6) Eden regions: 74->0(72)
[2022-07-11T06:22:50.195+0000][8][gc,heap     ] GC(6) Survivor regions: 2->4(10)
[2022-07-11T06:22:50.195+0000][8][gc,heap     ] GC(6) Old regions: 2->2
[2022-07-11T06:22:50.195+0000][8][gc,heap     ] GC(6) Archive regions: 2->2
[2022-07-11T06:22:50.195+0000][8][gc,heap     ] GC(6) Humongous regions: 0->0
[2022-07-11T06:22:50.195+0000][8][gc,metaspace] GC(6) Metaspace: 23688K(24256K)->23688K(24256K) NonClass: 20934K(21248K)->20934K(21248K) Class: 2753K(3008K)->2753K(3008K)
[2022-07-11T06:22:50.195+0000][8][gc          ] GC(6) Pause Young (Normal) (G1 Evacuation Pause) 310M->20M(512M) 8.445ms
[2022-07-11T06:22:50.195+0000][8][gc,cpu      ] GC(6) User=0.02s Sys=0.00s Real=0.00s
[2022-07-11T06:22:50.195+0000][8][safepoint   ] Safepoint "G1CollectForAllocation", Time since last: 552190613 ns, Reaching safepoint: 120616 ns, At safepoint: 8528482 ns, Total: 8649098 ns
[2022-07-11T06:22:50.765+0000][8][gc,start    ] GC(7) Pause Young (Normal) (G1 Evacuation Pause)
[2022-07-11T06:22:50.765+0000][8][gc,task     ] GC(7) Using 4 workers of 4 for evacuation
[2022-07-11T06:22:50.765+0000][8][gc,age      ] GC(7) Desired survivor size 20971520 bytes, new threshold 15 (max threshold 15)
[2022-07-11T06:22:50.776+0000][8][gc,phases   ] GC(7)   Pre Evacuate Collection Set: 0.1ms
[2022-07-11T06:22:50.776+0000][8][gc,phases   ] GC(7)   Merge Heap Roots: 0.1ms
[2022-07-11T06:22:50.776+0000][8][gc,phases   ] GC(7)   Evacuate Collection Set: 9.1ms
[2022-07-11T06:22:50.776+0000][8][gc,phases   ] GC(7)   Post Evacuate Collection Set: 1.2ms
[2022-07-11T06:22:50.776+0000][8][gc,phases   ] GC(7)   Other: 0.1ms
[2022-07-11T06:22:50.776+0000][8][gc,age      ] GC(7) Age table with threshold 15 (max threshold 15)
[2022-07-11T06:22:50.776+0000][8][gc,age      ] GC(7) - age   1:    3978632 bytes,    3978632 total
[2022-07-11T06:22:50.776+0000][8][gc,age      ] GC(7) - age   2:    5555448 bytes,    9534080 total
[2022-07-11T06:22:50.776+0000][8][gc,age      ] GC(7) - age   3:    1390192 bytes,   10924272 total
[2022-07-11T06:22:50.776+0000][8][gc,age      ] GC(7) - age   4:    1986352 bytes,   12910624 total
[2022-07-11T06:22:50.776+0000][8][gc,age      ] GC(7) - age   5:     956288 bytes,   13866912 total
[2022-07-11T06:22:50.776+0000][8][gc,age      ] GC(7) - age   6:    1979264 bytes,   15846176 total
[2022-07-11T06:22:50.776+0000][8][gc,heap     ] GC(7) Eden regions: 72->0(72)
[2022-07-11T06:22:50.776+0000][8][gc,heap     ] GC(7) Survivor regions: 4->4(10)
[2022-07-11T06:22:50.776+0000][8][gc,heap     ] GC(7) Old regions: 2->2
[2022-07-11T06:22:50.776+0000][8][gc,heap     ] GC(7) Archive regions: 2->2
[2022-07-11T06:22:50.776+0000][8][gc,heap     ] GC(7) Humongous regions: 0->0
[2022-07-11T06:22:50.776+0000][8][gc,metaspace] GC(7) Metaspace: 29442K(30144K)->29442K(30144K) NonClass: 26035K(26432K)->26035K(26432K) Class: 3406K(3712K)->3406K(3712K)
[2022-07-11T06:22:50.776+0000][8][gc          ] GC(7) Pause Young (Normal) (G1 Evacuation Pause) 308M->23M(512M) 10.807ms
[2022-07-11T06:22:50.776+0000][8][gc,cpu      ] GC(7) User=0.03s Sys=0.00s Real=0.00s
[2022-07-11T06:22:50.776+0000][8][safepoint   ] Safepoint "G1CollectForAllocation", Time since last: 570145522 ns, Reaching safepoint: 174184 ns, At safepoint: 10858025 ns, Total: 11032209 ns
[2022-07-11T06:22:51.218+0000][8][gc,start    ] GC(8) Pause Young (Normal) (G1 Evacuation Pause)
[2022-07-11T06:22:51.218+0000][8][gc,task     ] GC(8) Using 4 workers of 4 for evacuation
[2022-07-11T06:22:51.218+0000][8][gc,age      ] GC(8) Desired survivor size 20971520 bytes, new threshold 15 (max threshold 15)
[2022-07-11T06:22:51.225+0000][8][gc,phases   ] GC(8)   Pre Evacuate Collection Set: 0.1ms
[2022-07-11T06:22:51.225+0000][8][gc,phases   ] GC(8)   Merge Heap Roots: 0.1ms
[2022-07-11T06:22:51.225+0000][8][gc,phases   ] GC(8)   Evacuate Collection Set: 5.4ms
[2022-07-11T06:22:51.225+0000][8][gc,phases   ] GC(8)   Post Evacuate Collection Set: 1.0ms
[2022-07-11T06:22:51.225+0000][8][gc,phases   ] GC(8)   Other: 0.1ms
[2022-07-11T06:22:51.225+0000][8][gc,age      ] GC(8) Age table with threshold 15 (max threshold 15)
[2022-07-11T06:22:51.225+0000][8][gc,age      ] GC(8) - age   1:    3580560 bytes,    3580560 total
[2022-07-11T06:22:51.225+0000][8][gc,age      ] GC(8) - age   2:    3203096 bytes,    6783656 total
[2022-07-11T06:22:51.225+0000][8][gc,age      ] GC(8) - age   3:    5553936 bytes,   12337592 total
[2022-07-11T06:22:51.225+0000][8][gc,age      ] GC(8) - age   4:    1390192 bytes,   13727784 total
[2022-07-11T06:22:51.225+0000][8][gc,age      ] GC(8) - age   5:    1986144 bytes,   15713928 total
[2022-07-11T06:22:51.225+0000][8][gc,age      ] GC(8) - age   6:     955344 bytes,   16669272 total
[2022-07-11T06:22:51.225+0000][8][gc,age      ] GC(8) - age   7:    1976544 bytes,   18645816 total
[2022-07-11T06:22:51.225+0000][8][gc,heap     ] GC(8) Eden regions: 72->0(71)
[2022-07-11T06:22:51.225+0000][8][gc,heap     ] GC(8) Survivor regions: 4->5(10)
[2022-07-11T06:22:51.225+0000][8][gc,heap     ] GC(8) Old regions: 2->2
[2022-07-11T06:22:51.225+0000][8][gc,heap     ] GC(8) Archive regions: 2->2
[2022-07-11T06:22:51.225+0000][8][gc,heap     ] GC(8) Humongous regions: 0->0
[2022-07-11T06:22:51.225+0000][8][gc,metaspace] GC(8) Metaspace: 30960K(31680K)->30960K(31680K) NonClass: 27342K(27776K)->27342K(27776K) Class: 3617K(3904K)->3617K(3904K)
[2022-07-11T06:22:51.225+0000][8][gc          ] GC(8) Pause Young (Normal) (G1 Evacuation Pause) 311M->27M(512M) 6.956ms
[2022-07-11T06:22:51.225+0000][8][gc,cpu      ] GC(8) User=0.03s Sys=0.01s Real=0.01s
[2022-07-11T06:22:51.225+0000][8][safepoint   ] Safepoint "G1CollectForAllocation", Time since last: 442012327 ns, Reaching safepoint: 68584 ns, At safepoint: 7005252 ns, Total: 7073836 ns
[2022-07-11T06:22:51.773+0000][8][gc,start    ] GC(9) Pause Young (Concurrent Start) (Metadata GC Threshold)
[2022-07-11T06:22:51.773+0000][8][gc,task     ] GC(9) Using 4 workers of 4 for evacuation
[2022-07-11T06:22:51.773+0000][8][gc,age      ] GC(9) Desired survivor size 20971520 bytes, new threshold 15 (max threshold 15)
[2022-07-11T06:22:51.787+0000][8][gc,phases   ] GC(9)   Pre Evacuate Collection Set: 0.1ms
[2022-07-11T06:22:51.787+0000][8][gc,phases   ] GC(9)   Merge Heap Roots: 0.1ms
[2022-07-11T06:22:51.787+0000][8][gc,phases   ] GC(9)   Evacuate Collection Set: 12.5ms
[2022-07-11T06:22:51.787+0000][8][gc,phases   ] GC(9)   Post Evacuate Collection Set: 1.2ms
[2022-07-11T06:22:51.787+0000][8][gc,phases   ] GC(9)   Other: 0.1ms
[2022-07-11T06:22:51.787+0000][8][gc,age      ] GC(9) Age table with threshold 15 (max threshold 15)
[2022-07-11T06:22:51.787+0000][8][gc,age      ] GC(9) - age   1:    1725264 bytes,    1725264 total
[2022-07-11T06:22:51.787+0000][8][gc,age      ] GC(9) - age   2:    2912224 bytes,    4637488 total
[2022-07-11T06:22:51.787+0000][8][gc,age      ] GC(9) - age   3:    3189368 bytes,    7826856 total
[2022-07-11T06:22:51.787+0000][8][gc,age      ] GC(9) - age   4:    5538408 bytes,   13365264 total
[2022-07-11T06:22:51.787+0000][8][gc,age      ] GC(9) - age   5:    1367856 bytes,   14733120 total
[2022-07-11T06:22:51.787+0000][8][gc,age      ] GC(9) - age   6:    1917808 bytes,   16650928 total
[2022-07-11T06:22:51.787+0000][8][gc,age      ] GC(9) - age   7:     944464 bytes,   17595392 total
[2022-07-11T06:22:51.787+0000][8][gc,age      ] GC(9) - age   8:    1962848 bytes,   19558240 total
[2022-07-11T06:22:51.787+0000][8][gc,heap     ] GC(9) Eden regions: 31->0(71)
[2022-07-11T06:22:51.787+0000][8][gc,heap     ] GC(9) Survivor regions: 5->5(10)
[2022-07-11T06:22:51.787+0000][8][gc,heap     ] GC(9) Old regions: 2->2
[2022-07-11T06:22:51.787+0000][8][gc,heap     ] GC(9) Archive regions: 2->2
[2022-07-11T06:22:51.787+0000][8][gc,heap     ] GC(9) Humongous regions: 0->0
[2022-07-11T06:22:51.787+0000][8][gc,metaspace] GC(9) Metaspace: 35107K(35968K)->35107K(35968K) NonClass: 30964K(31424K)->30964K(31424K) Class: 4142K(4544K)->4142K(4544K)
[2022-07-11T06:22:51.787+0000][8][gc          ] GC(9) Pause Young (Concurrent Start) (Metadata GC Threshold) 149M->27M(512M) 14.507ms
[2022-07-11T06:22:51.788+0000][8][gc,cpu      ] GC(9) User=0.04s Sys=0.00s Real=0.02s
[2022-07-11T06:22:51.788+0000][8][gc          ] GC(10) Concurrent Mark Cycle
[2022-07-11T06:22:51.788+0000][8][gc,marking  ] GC(10) Concurrent Clear Claimed Marks
[2022-07-11T06:22:51.788+0000][8][gc,marking  ] GC(10) Concurrent Clear Claimed Marks 0.056ms
[2022-07-11T06:22:51.788+0000][8][gc,marking  ] GC(10) Concurrent Scan Root Regions
[2022-07-11T06:22:51.788+0000][8][safepoint   ] Safepoint "CollectForMetadataAllocation", Time since last: 547444925 ns, Reaching safepoint: 208196 ns, At safepoint: 14670920 ns, Total: 14879116 ns
[2022-07-11T06:22:51.793+0000][8][gc,marking  ] GC(10) Concurrent Scan Root Regions 5.646ms
[2022-07-11T06:22:51.793+0000][8][gc,marking  ] GC(10) Concurrent Mark
[2022-07-11T06:22:51.793+0000][8][gc,marking  ] GC(10) Concurrent Mark From Roots
[2022-07-11T06:22:51.793+0000][8][gc,task     ] GC(10) Using 1 workers of 1 for marking
[2022-07-11T06:22:51.797+0000][8][gc,marking  ] GC(10) Concurrent Mark From Roots 3.977ms
[2022-07-11T06:22:51.797+0000][8][gc,marking  ] GC(10) Concurrent Preclean
[2022-07-11T06:22:51.797+0000][8][gc,marking  ] GC(10) Concurrent Preclean 0.043ms
[2022-07-11T06:22:51.797+0000][8][gc,start    ] GC(10) Pause Remark
[2022-07-11T06:22:51.803+0000][8][gc          ] GC(10) Pause Remark 29M->29M(512M) 5.717ms
[2022-07-11T06:22:51.803+0000][8][gc,cpu      ] GC(10) User=0.01s Sys=0.00s Real=0.00s
[2022-07-11T06:22:51.803+0000][8][safepoint   ] Safepoint "G1Concurrent", Time since last: 9829758 ns, Reaching safepoint: 31009 ns, At safepoint: 5808458 ns, Total: 5839467 ns
[2022-07-11T06:22:51.803+0000][8][gc,marking  ] GC(10) Concurrent Mark 9.985ms
[2022-07-11T06:22:51.803+0000][8][gc,marking  ] GC(10) Concurrent Rebuild Remembered Sets
[2022-07-11T06:22:51.805+0000][8][gc,marking  ] GC(10) Concurrent Rebuild Remembered Sets 1.806ms
[2022-07-11T06:22:51.805+0000][8][gc,start    ] GC(10) Pause Cleanup
[2022-07-11T06:22:51.805+0000][8][gc          ] GC(10) Pause Cleanup 29M->29M(512M) 0.080ms
[2022-07-11T06:22:51.805+0000][8][gc,cpu      ] GC(10) User=0.00s Sys=0.00s Real=0.00s
[2022-07-11T06:22:51.805+0000][8][safepoint   ] Safepoint "G1Concurrent", Time since last: 1909241 ns, Reaching safepoint: 105949 ns, At safepoint: 118310 ns, Total: 224259 ns
[2022-07-11T06:22:51.805+0000][8][gc,marking  ] GC(10) Concurrent Cleanup for Next Mark
[2022-07-11T06:22:51.806+0000][8][gc,marking  ] GC(10) Concurrent Cleanup for Next Mark 0.887ms
[2022-07-11T06:22:51.806+0000][8][gc          ] GC(10) Concurrent Mark Cycle 18.889ms
[2022-07-11T06:22:52.554+0000][8][safepoint   ] Safepoint "ICBufferFull", Time since last: 748028980 ns, Reaching safepoint: 204005 ns, At safepoint: 18578 ns, Total: 222583 ns
[2022-07-11T06:22:53.469+0000][8][safepoint   ] Safepoint "ICBufferFull", Time since last: 914854317 ns, Reaching safepoint: 207357 ns, At safepoint: 13829 ns, Total: 221186 ns
[2022-07-11T06:22:53.844+0000][8][gc,start    ] GC(11) Pause Young (Normal) (G1 Evacuation Pause)
[2022-07-11T06:22:53.844+0000][8][gc,task     ] GC(11) Using 4 workers of 4 for evacuation
[2022-07-11T06:22:53.844+0000][8][gc,age      ] GC(11) Desired survivor size 20971520 bytes, new threshold 15 (max threshold 15)
[2022-07-11T06:22:53.873+0000][8][gc,phases   ] GC(11)   Pre Evacuate Collection Set: 0.1ms
[2022-07-11T06:22:53.873+0000][8][gc,phases   ] GC(11)   Merge Heap Roots: 0.1ms
[2022-07-11T06:22:53.873+0000][8][gc,phases   ] GC(11)   Evacuate Collection Set: 27.1ms
[2022-07-11T06:22:53.873+0000][8][gc,phases   ] GC(11)   Post Evacuate Collection Set: 1.3ms
[2022-07-11T06:22:53.873+0000][8][gc,phases   ] GC(11)   Other: 0.1ms
[2022-07-11T06:22:53.873+0000][8][gc,age      ] GC(11) Age table with threshold 15 (max threshold 15)
[2022-07-11T06:22:53.873+0000][8][gc,age      ] GC(11) - age   1:   19966280 bytes,   19966280 total
[2022-07-11T06:22:53.873+0000][8][gc,age      ] GC(11) - age   2:    1616584 bytes,   21582864 total
[2022-07-11T06:22:53.873+0000][8][gc,age      ] GC(11) - age   3:    2898304 bytes,   24481168 total
[2022-07-11T06:22:53.873+0000][8][gc,age      ] GC(11) - age   4:    3177704 bytes,   27658872 total
[2022-07-11T06:22:53.873+0000][8][gc,age      ] GC(11) - age   5:    5525112 bytes,   33183984 total
[2022-07-11T06:22:53.873+0000][8][gc,age      ] GC(11) - age   6:    1365616 bytes,   34549600 total
[2022-07-11T06:22:53.873+0000][8][gc,age      ] GC(11) - age   7:    1915648 bytes,   36465248 total
[2022-07-11T06:22:53.873+0000][8][gc,age      ] GC(11) - age   8:     935960 bytes,   37401208 total
[2022-07-11T06:22:53.873+0000][8][gc,age      ] GC(11) - age   9:    1958992 bytes,   39360200 total
[2022-07-11T06:22:53.873+0000][8][gc,heap     ] GC(11) Eden regions: 71->0(66)
[2022-07-11T06:22:53.873+0000][8][gc,heap     ] GC(11) Survivor regions: 5->10(10)
[2022-07-11T06:22:53.873+0000][8][gc,heap     ] GC(11) Old regions: 2->2
[2022-07-11T06:22:53.873+0000][8][gc,heap     ] GC(11) Archive regions: 2->2
[2022-07-11T06:22:53.873+0000][8][gc,heap     ] GC(11) Humongous regions: 0->0
[2022-07-11T06:22:53.873+0000][8][gc,metaspace] GC(11) Metaspace: 47174K(48448K)->47174K(48448K) NonClass: 41332K(42048K)->41332K(42048K) Class: 5841K(6400K)->5841K(6400K)
[2022-07-11T06:22:53.873+0000][8][gc          ] GC(11) Pause Young (Normal) (G1 Evacuation Pause) 311M->47M(512M) 29.037ms
[2022-07-11T06:22:53.873+0000][8][gc,cpu      ] GC(11) User=0.06s Sys=0.00s Real=0.03s
[2022-07-11T06:22:53.873+0000][8][safepoint   ] Safepoint "G1CollectForAllocation", Time since last: 375169973 ns, Reaching safepoint: 127320 ns, At safepoint: 29090553 ns, Total: 29217873 ns
[2022-07-11T06:22:54.785+0000][8][gc,start    ] GC(12) Pause Young (Concurrent Start) (Metadata GC Threshold)
[2022-07-11T06:22:54.785+0000][8][gc,task     ] GC(12) Using 4 workers of 4 for evacuation
[2022-07-11T06:22:54.785+0000][8][gc,age      ] GC(12) Desired survivor size 20971520 bytes, new threshold 2 (max threshold 15)
[2022-07-11T06:22:54.809+0000][8][gc,phases   ] GC(12)   Pre Evacuate Collection Set: 0.2ms
[2022-07-11T06:22:54.809+0000][8][gc,phases   ] GC(12)   Merge Heap Roots: 0.1ms
[2022-07-11T06:22:54.809+0000][8][gc,phases   ] GC(12)   Evacuate Collection Set: 22.9ms
[2022-07-11T06:22:54.809+0000][8][gc,phases   ] GC(12)   Post Evacuate Collection Set: 1.4ms
[2022-07-11T06:22:54.809+0000][8][gc,phases   ] GC(12)   Other: 0.2ms
[2022-07-11T06:22:54.809+0000][8][gc,age      ] GC(12) Age table with threshold 2 (max threshold 15)
[2022-07-11T06:22:54.809+0000][8][gc,age      ] GC(12) - age   1:    4756176 bytes,    4756176 total
[2022-07-11T06:22:54.809+0000][8][gc,age      ] GC(12) - age   2:   19683840 bytes,   24440016 total
[2022-07-11T06:22:54.809+0000][8][gc,heap     ] GC(12) Eden regions: 29->0(69)
[2022-07-11T06:22:54.809+0000][8][gc,heap     ] GC(12) Survivor regions: 10->7(10)
[2022-07-11T06:22:54.810+0000][8][gc,heap     ] GC(12) Old regions: 2->6
[2022-07-11T06:22:54.810+0000][8][gc,heap     ] GC(12) Archive regions: 2->2
[2022-07-11T06:22:54.810+0000][8][gc,heap     ] GC(12) Humongous regions: 0->0
[2022-07-11T06:22:54.810+0000][8][gc,metaspace] GC(12) Metaspace: 58714K(60096K)->58714K(60096K) NonClass: 51131K(51904K)->51131K(51904K) Class: 7582K(8192K)->7582K(8192K)
[2022-07-11T06:22:54.810+0000][8][gc          ] GC(12) Pause Young (Concurrent Start) (Metadata GC Threshold) 163M->52M(512M) 25.003ms
[2022-07-11T06:22:54.810+0000][8][gc          ] GC(13) Concurrent Mark Cycle
[2022-07-11T06:22:54.810+0000][8][gc,marking  ] GC(13) Concurrent Clear Claimed Marks
[2022-07-11T06:22:54.810+0000][8][gc,cpu      ] GC(12) User=0.07s Sys=0.01s Real=0.02s
[2022-07-11T06:22:54.810+0000][8][gc,marking  ] GC(13) Concurrent Clear Claimed Marks 0.086ms
[2022-07-11T06:22:54.810+0000][8][gc,marking  ] GC(13) Concurrent Scan Root Regions
[2022-07-11T06:22:54.810+0000][8][safepoint   ] Safepoint "CollectForMetadataAllocation", Time since last: 911313104 ns, Reaching safepoint: 136330 ns, At safepoint: 25206141 ns, Total: 25342471 ns
[2022-07-11T06:22:54.831+0000][8][gc,marking  ] GC(13) Concurrent Scan Root Regions 21.255ms
[2022-07-11T06:22:54.831+0000][8][gc,marking  ] GC(13) Concurrent Mark
[2022-07-11T06:22:54.831+0000][8][gc,marking  ] GC(13) Concurrent Mark From Roots
[2022-07-11T06:22:54.831+0000][8][gc,task     ] GC(13) Using 1 workers of 1 for marking
[2022-07-11T06:22:54.835+0000][8][gc,marking  ] GC(13) Concurrent Mark From Roots 3.951ms
[2022-07-11T06:22:54.835+0000][8][gc,marking  ] GC(13) Concurrent Preclean
[2022-07-11T06:22:54.835+0000][8][gc,marking  ] GC(13) Concurrent Preclean 0.051ms
[2022-07-11T06:22:54.835+0000][8][gc,start    ] GC(13) Pause Remark
[2022-07-11T06:22:54.838+0000][8][gc          ] GC(13) Pause Remark 54M->54M(512M) 3.152ms
[2022-07-11T06:22:54.838+0000][8][gc,cpu      ] GC(13) User=0.01s Sys=0.00s Real=0.01s
[2022-07-11T06:22:54.838+0000][8][safepoint   ] Safepoint "G1Concurrent", Time since last: 25375365 ns, Reaching safepoint: 30102 ns, At safepoint: 3238383 ns, Total: 3268485 ns
[2022-07-11T06:22:54.838+0000][8][gc,marking  ] GC(13) Concurrent Mark 7.390ms
[2022-07-11T06:22:54.839+0000][8][gc,marking  ] GC(13) Concurrent Rebuild Remembered Sets
[2022-07-11T06:22:54.846+0000][8][gc,marking  ] GC(13) Concurrent Rebuild Remembered Sets 7.576ms
[2022-07-11T06:22:54.846+0000][8][gc,start    ] GC(13) Pause Cleanup
[2022-07-11T06:22:54.846+0000][8][gc          ] GC(13) Pause Cleanup 54M->54M(512M) 0.071ms
[2022-07-11T06:22:54.846+0000][8][gc,cpu      ] GC(13) User=0.00s Sys=0.00s Real=0.00s
[2022-07-11T06:22:54.846+0000][8][safepoint   ] Safepoint "G1Concurrent", Time since last: 7710645 ns, Reaching safepoint: 123270 ns, At safepoint: 105739 ns, Total: 229009 ns
[2022-07-11T06:22:54.846+0000][8][gc,marking  ] GC(13) Concurrent Cleanup for Next Mark
[2022-07-11T06:22:54.847+0000][8][gc,marking  ] GC(13) Concurrent Cleanup for Next Mark 0.892ms
[2022-07-11T06:22:54.847+0000][8][gc          ] GC(13) Concurrent Mark Cycle 37.708ms
[2022-07-11T06:22:56.004+0000][8][safepoint   ] Safepoint "Cleanup", Time since last: 1157253381 ns, Reaching safepoint: 113701 ns, At safepoint: 9079 ns, Total: 122780 ns
[2022-07-11T06:22:56.539+0000][8][gc,start    ] GC(14) Pause Young (Normal) (G1 Evacuation Pause)
[2022-07-11T06:22:56.539+0000][8][gc,task     ] GC(14) Using 4 workers of 4 for evacuation
[2022-07-11T06:22:56.539+0000][8][gc,age      ] GC(14) Desired survivor size 20971520 bytes, new threshold 2 (max threshold 15)
[2022-07-11T06:22:56.570+0000][8][gc,phases   ] GC(14)   Pre Evacuate Collection Set: 0.1ms
[2022-07-11T06:22:56.570+0000][8][gc,phases   ] GC(14)   Merge Heap Roots: 0.1ms
[2022-07-11T06:22:56.570+0000][8][gc,phases   ] GC(14)   Evacuate Collection Set: 29.9ms
[2022-07-11T06:22:56.570+0000][8][gc,phases   ] GC(14)   Post Evacuate Collection Set: 1.5ms
[2022-07-11T06:22:56.570+0000][8][gc,phases   ] GC(14)   Other: 0.1ms
[2022-07-11T06:22:56.570+0000][8][gc,age      ] GC(14) Age table with threshold 2 (max threshold 15)
[2022-07-11T06:22:56.570+0000][8][gc,age      ] GC(14) - age   1:    6449200 bytes,    6449200 total
[2022-07-11T06:22:56.570+0000][8][gc,age      ] GC(14) - age   2:    4516328 bytes,   10965528 total
[2022-07-11T06:22:56.570+0000][8][gc,heap     ] GC(14) Eden regions: 69->0(72)
[2022-07-11T06:22:56.570+0000][8][gc,heap     ] GC(14) Survivor regions: 7->4(10)
[2022-07-11T06:22:56.570+0000][8][gc,heap     ] GC(14) Old regions: 6->11
[2022-07-11T06:22:56.570+0000][8][gc,heap     ] GC(14) Archive regions: 2->2
[2022-07-11T06:22:56.570+0000][8][gc,heap     ] GC(14) Humongous regions: 0->0
[2022-07-11T06:22:56.570+0000][8][gc,metaspace] GC(14) Metaspace: 71867K(73408K)->71867K(73408K) NonClass: 62476K(63296K)->62476K(63296K) Class: 9390K(10112K)->9390K(10112K)
[2022-07-11T06:22:56.570+0000][8][gc          ] GC(14) Pause Young (Normal) (G1 Evacuation Pause) 328M->59M(512M) 31.968ms
[2022-07-11T06:22:56.571+0000][8][gc,cpu      ] GC(14) User=0.08s Sys=0.00s Real=0.03s
[2022-07-11T06:22:56.571+0000][8][safepoint   ] Safepoint "G1CollectForAllocation", Time since last: 534538887 ns, Reaching safepoint: 224538 ns, At safepoint: 32025687 ns, Total: 32250225 ns
[2022-07-11T06:22:57.764+0000][8][safepoint   ] Safepoint "ICBufferFull", Time since last: 1192181936 ns, Reaching safepoint: 1041608 ns, At safepoint: 14387 ns, Total: 1055995 ns
[2022-07-11T06:22:58.517+0000][8][safepoint   ] Safepoint "ICBufferFull", Time since last: 753312379 ns, Reaching safepoint: 336563 ns, At safepoint: 8590 ns, Total: 345153 ns
[2022-07-11T06:22:58.816+0000][8][gc,start    ] GC(15) Pause Young (Concurrent Start) (Metadata GC Threshold)
[2022-07-11T06:22:58.816+0000][8][gc,task     ] GC(15) Using 4 workers of 4 for evacuation
[2022-07-11T06:22:58.816+0000][8][gc,age      ] GC(15) Desired survivor size 20971520 bytes, new threshold 15 (max threshold 15)
[2022-07-11T06:22:58.840+0000][8][gc,phases   ] GC(15)   Pre Evacuate Collection Set: 0.3ms
[2022-07-11T06:22:58.840+0000][8][gc,phases   ] GC(15)   Merge Heap Roots: 0.2ms
[2022-07-11T06:22:58.840+0000][8][gc,phases   ] GC(15)   Evacuate Collection Set: 21.9ms
[2022-07-11T06:22:58.840+0000][8][gc,phases   ] GC(15)   Post Evacuate Collection Set: 1.4ms
[2022-07-11T06:22:58.841+0000][8][gc,phases   ] GC(15)   Other: 0.1ms
[2022-07-11T06:22:58.841+0000][8][gc,age      ] GC(15) Age table with threshold 15 (max threshold 15)
[2022-07-11T06:22:58.841+0000][8][gc,age      ] GC(15) - age   1:   10745392 bytes,   10745392 total
[2022-07-11T06:22:58.841+0000][8][gc,age      ] GC(15) - age   2:    6222496 bytes,   16967888 total
[2022-07-11T06:22:58.841+0000][8][gc,age      ] GC(15) - age   3:    4409112 bytes,   21377000 total
[2022-07-11T06:22:58.841+0000][8][gc,heap     ] GC(15) Eden regions: 45->0(70)
[2022-07-11T06:22:58.841+0000][8][gc,heap     ] GC(15) Survivor regions: 4->6(10)
[2022-07-11T06:22:58.841+0000][8][gc,heap     ] GC(15) Old regions: 11->11
[2022-07-11T06:22:58.841+0000][8][gc,heap     ] GC(15) Archive regions: 2->2
[2022-07-11T06:22:58.841+0000][8][gc,heap     ] GC(15) Humongous regions: 0->0
[2022-07-11T06:22:58.841+0000][8][gc,metaspace] GC(15) Metaspace: 97547K(100480K)->97547K(100480K) NonClass: 84315K(85760K)->84315K(85760K) Class: 13232K(14720K)->13232K(14720K)
[2022-07-11T06:22:58.841+0000][8][gc          ] GC(15) Pause Young (Concurrent Start) (Metadata GC Threshold) 237M->68M(512M) 24.252ms
[2022-07-11T06:22:58.841+0000][8][gc,cpu      ] GC(15) User=0.06s Sys=0.01s Real=0.02s
[2022-07-11T06:22:58.841+0000][8][gc          ] GC(16) Concurrent Mark Cycle
[2022-07-11T06:22:58.841+0000][8][gc,marking  ] GC(16) Concurrent Clear Claimed Marks
[2022-07-11T06:22:58.841+0000][8][safepoint   ] Safepoint "CollectForMetadataAllocation", Time since last: 298542141 ns, Reaching safepoint: 370646 ns, At safepoint: 24356107 ns, Total: 24726753 ns
[2022-07-11T06:22:58.841+0000][8][gc,marking  ] GC(16) Concurrent Clear Claimed Marks 0.263ms
[2022-07-11T06:22:58.841+0000][8][gc,marking  ] GC(16) Concurrent Scan Root Regions
[2022-07-11T06:22:58.854+0000][8][gc,marking  ] GC(16) Concurrent Scan Root Regions 13.231ms
[2022-07-11T06:22:58.854+0000][8][gc,marking  ] GC(16) Concurrent Mark
[2022-07-11T06:22:58.854+0000][8][gc,marking  ] GC(16) Concurrent Mark From Roots
[2022-07-11T06:22:58.854+0000][8][gc,task     ] GC(16) Using 1 workers of 1 for marking
[2022-07-11T06:22:58.877+0000][8][safepoint   ] Safepoint "CollectForMetadataAllocation", Time since last: 35911286 ns, Reaching safepoint: 55942 ns, At safepoint: 54057 ns, Total: 109999 ns
[2022-07-11T06:22:58.897+0000][8][gc,marking  ] GC(16) Concurrent Mark From Roots 43.208ms
[2022-07-11T06:22:58.897+0000][8][gc,marking  ] GC(16) Concurrent Preclean
[2022-07-11T06:22:58.898+0000][8][gc,marking  ] GC(16) Concurrent Preclean 0.191ms
[2022-07-11T06:22:58.898+0000][8][gc,start    ] GC(16) Pause Remark
[2022-07-11T06:22:58.906+0000][8][gc          ] GC(16) Pause Remark 72M->72M(512M) 8.426ms
[2022-07-11T06:22:58.906+0000][8][gc,cpu      ] GC(16) User=0.03s Sys=0.00s Real=0.01s
[2022-07-11T06:22:58.906+0000][8][safepoint   ] Safepoint "G1Concurrent", Time since last: 21001439 ns, Reaching safepoint: 129066 ns, At safepoint: 8513537 ns, Total: 8642603 ns
[2022-07-11T06:22:58.913+0000][8][gc,marking  ] GC(16) Concurrent Mark 58.883ms
[2022-07-11T06:22:58.913+0000][8][gc,marking  ] GC(16) Concurrent Rebuild Remembered Sets
[2022-07-11T06:22:58.935+0000][8][gc,marking  ] GC(16) Concurrent Rebuild Remembered Sets 22.123ms
[2022-07-11T06:22:58.936+0000][8][gc,start    ] GC(16) Pause Cleanup
[2022-07-11T06:22:58.936+0000][8][gc          ] GC(16) Pause Cleanup 74M->74M(512M) 0.075ms
[2022-07-11T06:22:58.936+0000][8][gc,cpu      ] GC(16) User=0.00s Sys=0.00s Real=0.00s
[2022-07-11T06:22:58.936+0000][8][safepoint   ] Safepoint "G1Concurrent", Time since last: 28994661 ns, Reaching safepoint: 198278 ns, At safepoint: 112025 ns, Total: 310303 ns
[2022-07-11T06:22:58.936+0000][8][gc,marking  ] GC(16) Concurrent Cleanup for Next Mark
[2022-07-11T06:22:58.937+0000][8][gc,marking  ] GC(16) Concurrent Cleanup for Next Mark 0.868ms
[2022-07-11T06:22:58.937+0000][8][gc          ] GC(16) Concurrent Mark Cycle 95.954ms
[2022-07-11T06:23:00.134+0000][8][safepoint   ] Safepoint "ICBufferFull", Time since last: 1198301609 ns, Reaching safepoint: 209663 ns, At safepoint: 10476 ns, Total: 220139 ns
[2022-07-11T06:23:01.548+0000][8][safepoint   ] Safepoint "ICBufferFull", Time since last: 1413387991 ns, Reaching safepoint: 336564 ns, At safepoint: 18019 ns, Total: 354583 ns
[2022-07-11T06:23:02.788+0000][8][safepoint   ] Safepoint "Cleanup", Time since last: 1239513263 ns, Reaching safepoint: 156095 ns, At safepoint: 19625 ns, Total: 175720 ns
[2022-07-11T06:23:03.788+0000][8][safepoint   ] Safepoint "Cleanup", Time since last: 1000193068 ns, Reaching safepoint: 139611 ns, At safepoint: 14877 ns, Total: 154488 ns
[2022-07-11T06:23:04.883+0000][8][safepoint   ] Safepoint "Cleanup", Time since last: 1094576486 ns, Reaching safepoint: 95403 ns, At safepoint: 12013 ns, Total: 107416 ns
[2022-07-11T06:23:06.084+0000][8][safepoint   ] Safepoint "Cleanup", Time since last: 1201216286 ns, Reaching safepoint: 121384 ns, At safepoint: 9498 ns, Total: 130882 ns
[2022-07-11T06:23:06.843+0000][8][safepoint   ] Safepoint "ICBufferFull", Time since last: 758977111 ns, Reaching safepoint: 149250 ns, At safepoint: 9428 ns, Total: 158678 ns
[2022-07-11T06:23:07.573+0000][8][safepoint   ] Safepoint "ICBufferFull", Time since last: 729565919 ns, Reaching safepoint: 240113 ns, At safepoint: 16064 ns, Total: 256177 ns
[2022-07-11T06:23:08.573+0000][8][safepoint   ] Safepoint "Cleanup", Time since last: 1000186227 ns, Reaching safepoint: 212247 ns, At safepoint: 20324 ns, Total: 232571 ns
[2022-07-11T06:23:09.574+0000][8][safepoint   ] Safepoint "Cleanup", Time since last: 1000200127 ns, Reaching safepoint: 153091 ns, At safepoint: 11803 ns, Total: 164894 ns
[2022-07-11T06:23:10.574+0000][8][safepoint   ] Safepoint "Cleanup", Time since last: 1000197055 ns, Reaching safepoint: 105041 ns, At safepoint: 11384 ns, Total: 116425 ns
[2022-07-11T06:23:11.452+0000][8][gc,start    ] GC(17) Pause Young (Normal) (G1 Evacuation Pause)
[2022-07-11T06:23:11.452+0000][8][gc,task     ] GC(17) Using 4 workers of 4 for evacuation
[2022-07-11T06:23:11.452+0000][8][gc,age      ] GC(17) Desired survivor size 20971520 bytes, new threshold 3 (max threshold 15)
[2022-07-11T06:23:11.484+0000][8][gc,phases   ] GC(17)   Pre Evacuate Collection Set: 0.1ms
[2022-07-11T06:23:11.484+0000][8][gc,phases   ] GC(17)   Merge Heap Roots: 0.1ms
[2022-07-11T06:23:11.484+0000][8][gc,phases   ] GC(17)   Evacuate Collection Set: 29.5ms
[2022-07-11T06:23:11.484+0000][8][gc,phases   ] GC(17)   Post Evacuate Collection Set: 2.5ms
[2022-07-11T06:23:11.484+0000][8][gc,phases   ] GC(17)   Other: 0.1ms
[2022-07-11T06:23:11.484+0000][8][gc,age      ] GC(17) Age table with threshold 3 (max threshold 15)
[2022-07-11T06:23:11.484+0000][8][gc,age      ] GC(17) - age   1:    8523344 bytes,    8523344 total
[2022-07-11T06:23:11.484+0000][8][gc,age      ] GC(17) - age   2:   10189032 bytes,   18712376 total
[2022-07-11T06:23:11.484+0000][8][gc,age      ] GC(17) - age   3:    6192696 bytes,   24905072 total
[2022-07-11T06:23:11.484+0000][8][gc,heap     ] GC(17) Eden regions: 70->0(69)
[2022-07-11T06:23:11.484+0000][8][gc,heap     ] GC(17) Survivor regions: 6->7(10)
[2022-07-11T06:23:11.484+0000][8][gc,heap     ] GC(17) Old regions: 11->12
[2022-07-11T06:23:11.484+0000][8][gc,heap     ] GC(17) Archive regions: 2->2
[2022-07-11T06:23:11.484+0000][8][gc,heap     ] GC(17) Humongous regions: 0->0
[2022-07-11T06:23:11.484+0000][8][gc,metaspace] GC(17) Metaspace: 110421K(113600K)->110421K(113600K) NonClass: 95252K(96832K)->95252K(96832K) Class: 15169K(16768K)->15169K(16768K)
[2022-07-11T06:23:11.484+0000][8][gc          ] GC(17) Pause Young (Normal) (G1 Evacuation Pause) 348M->76M(512M) 32.625ms
[2022-07-11T06:23:11.484+0000][8][gc,cpu      ] GC(17) User=0.08s Sys=0.00s Real=0.04s
[2022-07-11T06:23:11.484+0000][8][safepoint   ] Safepoint "G1CollectForAllocation", Time since last: 877563410 ns, Reaching safepoint: 62857 ns, At safepoint: 32696369 ns, Total: 32759226 ns
[2022-07-11T06:23:12.270+0000][8][safepoint   ] Safepoint "ICBufferFull", Time since last: 785006471 ns, Reaching safepoint: 352347 ns, At safepoint: 31917 ns, Total: 384264 ns
[2022-07-11T06:23:12.990+0000][8][safepoint   ] Safepoint "ICBufferFull", Time since last: 720309768 ns, Reaching safepoint: 255757 ns, At safepoint: 21372 ns, Total: 277129 ns
[2022-07-11T06:23:13.991+0000][8][safepoint   ] Safepoint "Cleanup", Time since last: 1000195871 ns, Reaching safepoint: 146596 ns, At safepoint: 15574 ns, Total: 162170 ns
[2022-07-11T06:23:14.991+0000][8][safepoint   ] Safepoint "Cleanup", Time since last: 1000181275 ns, Reaching safepoint: 170203 ns, At safepoint: 12990 ns, Total: 183193 ns
[2022-07-11T06:23:16.766+0000][8][safepoint   ] Safepoint "Cleanup", Time since last: 1774274830 ns, Reaching safepoint: 205193 ns, At safepoint: 15784 ns, Total: 220977 ns
[2022-07-11T06:23:17.393+0000][8][safepoint   ] Safepoint "ICBufferFull", Time since last: 625146857 ns, Reaching safepoint: 1839469 ns, At safepoint: 22000 ns, Total: 1861469 ns
[2022-07-11T06:23:17.866+0000][8][safepoint   ] Safepoint "ICBufferFull", Time since last: 472809804 ns, Reaching safepoint: 221046 ns, At safepoint: 10057 ns, Total: 231103 ns
[2022-07-11T06:23:18.245+0000][8][safepoint   ] Safepoint "ICBufferFull", Time since last: 379510176 ns, Reaching safepoint: 257643 ns, At safepoint: 15155 ns, Total: 272798 ns
[2022-07-11T06:23:18.741+0000][8][safepoint   ] Safepoint "ICBufferFull", Time since last: 495656231 ns, Reaching safepoint: 159796 ns, At safepoint: 7264 ns, Total: 167060 ns
[2022-07-11T06:23:19.034+0000][8][safepoint   ] Safepoint "ICBufferFull", Time since last: 292602945 ns, Reaching safepoint: 233129 ns, At safepoint: 10756 ns, Total: 243885 ns
[2022-07-11T06:23:20.035+0000][8][safepoint   ] Safepoint "Cleanup", Time since last: 1000254613 ns, Reaching safepoint: 285020 ns, At safepoint: 23746 ns, Total: 308766 ns
[2022-07-11T06:23:21.179+0000][8][safepoint   ] Safepoint "ICBufferFull", Time since last: 1144320201 ns, Reaching safepoint: 160145 ns, At safepoint: 8032 ns, Total: 168177 ns
[2022-07-11T06:23:21.714+0000][8][safepoint   ] Safepoint "ICBufferFull", Time since last: 533853481 ns, Reaching safepoint: 1131003 ns, At safepoint: 18019 ns, Total: 1149022 ns
[2022-07-11T06:23:22.715+0000][8][safepoint   ] Safepoint "Cleanup", Time since last: 1000168153 ns, Reaching safepoint: 279224 ns, At safepoint: 18158 ns, Total: 297382 ns
[2022-07-11T06:23:23.715+0000][8][safepoint   ] Safepoint "Cleanup", Time since last: 1000183030 ns, Reaching safepoint: 167618 ns, At safepoint: 12920 ns, Total: 180538 ns
[2022-07-11T06:23:24.715+0000][8][safepoint   ] Safepoint "Cleanup", Time since last: 1000178980 ns, Reaching safepoint: 227053 ns, At safepoint: 13060 ns, Total: 240113 ns
[2022-07-11T06:23:25.408+0000][8][safepoint   ] Safepoint "ICBufferFull", Time since last: 692625330 ns, Reaching safepoint: 149459 ns, At safepoint: 11873 ns, Total: 161332 ns
[2022-07-11T06:23:25.749+0000][8][safepoint   ] Safepoint "ICBufferFull", Time since last: 340863433 ns, Reaching safepoint: 237110 ns, At safepoint: 15226 ns, Total: 252336 ns
[2022-07-11T06:23:25.845+0000][8][gc,start    ] GC(18) Pause Young (Normal) (G1 Evacuation Pause)
[2022-07-11T06:23:25.845+0000][8][gc,task     ] GC(18) Using 4 workers of 4 for evacuation
[2022-07-11T06:23:25.845+0000][8][gc,age      ] GC(18) Desired survivor size 20971520 bytes, new threshold 3 (max threshold 15)
[2022-07-11T06:23:25.879+0000][8][gc,phases   ] GC(18)   Pre Evacuate Collection Set: 0.1ms
[2022-07-11T06:23:25.879+0000][8][gc,phases   ] GC(18)   Merge Heap Roots: 0.1ms
[2022-07-11T06:23:25.879+0000][8][gc,phases   ] GC(18)   Evacuate Collection Set: 31.4ms
[2022-07-11T06:23:25.879+0000][8][gc,phases   ] GC(18)   Post Evacuate Collection Set: 2.0ms
[2022-07-11T06:23:25.879+0000][8][gc,phases   ] GC(18)   Other: 0.2ms
[2022-07-11T06:23:25.879+0000][8][gc,age      ] GC(18) Age table with threshold 3 (max threshold 15)
[2022-07-11T06:23:25.879+0000][8][gc,age      ] GC(18) - age   1:   10114208 bytes,   10114208 total
[2022-07-11T06:23:25.879+0000][8][gc,age      ] GC(18) - age   2:    7570648 bytes,   17684856 total
[2022-07-11T06:23:25.879+0000][8][gc,age      ] GC(18) - age   3:   10174600 bytes,   27859456 total
[2022-07-11T06:23:25.879+0000][8][gc,heap     ] GC(18) Eden regions: 69->0(69)
[2022-07-11T06:23:25.879+0000][8][gc,heap     ] GC(18) Survivor regions: 7->7(10)
[2022-07-11T06:23:25.879+0000][8][gc,heap     ] GC(18) Old regions: 12->14
[2022-07-11T06:23:25.879+0000][8][gc,heap     ] GC(18) Archive regions: 2->2
[2022-07-11T06:23:25.879+0000][8][gc,heap     ] GC(18) Humongous regions: 0->0
[2022-07-11T06:23:25.879+0000][8][gc,metaspace] GC(18) Metaspace: 119009K(122304K)->119009K(122304K) NonClass: 102746K(104448K)->102746K(104448K) Class: 16263K(17856K)->16263K(17856K)
[2022-07-11T06:23:25.879+0000][8][gc          ] GC(18) Pause Young (Normal) (G1 Evacuation Pause) 352M->84M(512M) 34.167ms
[2022-07-11T06:23:25.879+0000][8][gc,cpu      ] GC(18) User=0.09s Sys=0.01s Real=0.03s
[2022-07-11T06:23:25.879+0000][8][safepoint   ] Safepoint "G1CollectForAllocation", Time since last: 95694124 ns, Reaching safepoint: 97079 ns, At safepoint: 34263390 ns, Total: 34360469 ns
[2022-07-11T06:23:26.880+0000][8][safepoint   ] Safepoint "Cleanup", Time since last: 1000110677 ns, Reaching safepoint: 137237 ns, At safepoint: 8172 ns, Total: 145409 ns
[2022-07-11T06:23:27.880+0000][8][safepoint   ] Safepoint "Cleanup", Time since last: 1000164805 ns, Reaching safepoint: 98126 ns, At safepoint: 11873 ns, Total: 109999 ns
[2022-07-11T06:23:28.880+0000][8][safepoint   ] Safepoint "Cleanup", Time since last: 1000140152 ns, Reaching safepoint: 89187 ns, At safepoint: 10825 ns, Total: 100012 ns
[2022-07-11T06:23:29.880+0000][8][safepoint   ] Safepoint "Cleanup", Time since last: 1000200147 ns, Reaching safepoint: 145269 ns, At safepoint: 14317 ns, Total: 159586 ns
[2022-07-11T06:23:30.451+0000][8][safepoint   ] Safepoint "ICBufferFull", Time since last: 570462692 ns, Reaching safepoint: 215529 ns, At safepoint: 10127 ns, Total: 225656 ns
[2022-07-11T06:23:31.167+0000][8][safepoint   ] Safepoint "ICBufferFull", Time since last: 715417355 ns, Reaching safepoint: 223002 ns, At safepoint: 11873 ns, Total: 234875 ns
[2022-07-11T06:23:32.167+0000][8][safepoint   ] Safepoint "Cleanup", Time since last: 1000160897 ns, Reaching safepoint: 129206 ns, At safepoint: 8590 ns, Total: 137796 ns
[2022-07-11T06:23:33.167+0000][8][safepoint   ] Safepoint "Cleanup", Time since last: 1000144277 ns, Reaching safepoint: 175510 ns, At safepoint: 17949 ns, Total: 193459 ns
[2022-07-11T06:23:34.007+0000][8][safepoint   ] Safepoint "ICBufferFull", Time since last: 839242491 ns, Reaching safepoint: 259040 ns, At safepoint: 24724 ns, Total: 283764 ns
[2022-07-11T06:23:35.007+0000][8][safepoint   ] Safepoint "Cleanup", Time since last: 1000178500 ns, Reaching safepoint: 70609 ns, At safepoint: 10127 ns, Total: 80736 ns
[2022-07-11T06:23:36.007+0000][8][safepoint   ] Safepoint "Cleanup", Time since last: 1000143371 ns, Reaching safepoint: 93448 ns, At safepoint: 8730 ns, Total: 102178 ns
[2022-07-11T06:23:37.008+0000][8][safepoint   ] Safepoint "Cleanup", Time since last: 1000152451 ns, Reaching safepoint: 129066 ns, At safepoint: 12851 ns, Total: 141917 ns
[2022-07-11T06:23:38.008+0000][8][safepoint   ] Safepoint "Cleanup", Time since last: 1000196173 ns, Reaching safepoint: 115028 ns, At safepoint: 11803 ns, Total: 126831 ns
[2022-07-11T06:23:39.008+0000][8][safepoint   ] Safepoint "Cleanup", Time since last: 1000156155 ns, Reaching safepoint: 164545 ns, At safepoint: 11524 ns, Total: 176069 ns
[2022-07-11T06:23:40.009+0000][8][safepoint   ] Safepoint "Cleanup", Time since last: 1000169635 ns, Reaching safepoint: 96380 ns, At safepoint: 12990 ns, Total: 109370 ns
[2022-07-11T06:23:42.009+0000][8][safepoint   ] Safepoint "Cleanup", Time since last: 2000267686 ns, Reaching safepoint: 106717 ns, At safepoint: 13130 ns, Total: 119847 ns
[2022-07-11T06:23:43.009+0000][8][safepoint   ] Safepoint "Cleanup", Time since last: 1000178508 ns, Reaching safepoint: 97987 ns, At safepoint: 10336 ns, Total: 108323 ns
[2022-07-11T06:23:44.010+0000][8][safepoint   ] Safepoint "Cleanup", Time since last: 1000188426 ns, Reaching safepoint: 79758 ns, At safepoint: 22140 ns, Total: 101898 ns
[2022-07-11T06:23:45.010+0000][8][safepoint   ] Safepoint "Cleanup", Time since last: 1000203303 ns, Reaching safepoint: 91422 ns, At safepoint: 12641 ns, Total: 104063 ns
[2022-07-11T06:23:46.010+0000][8][safepoint   ] Safepoint "Cleanup", Time since last: 1000170967 ns, Reaching safepoint: 263231 ns, At safepoint: 13339 ns, Total: 276570 ns
[2022-07-11T06:23:47.011+0000][8][safepoint   ] Safepoint "Cleanup", Time since last: 1000184238 ns, Reaching safepoint: 63905 ns, At safepoint: 13479 ns, Total: 77384 ns
[2022-07-11T06:23:48.011+0000][8][safepoint   ] Safepoint "Cleanup", Time since last: 1000163077 ns, Reaching safepoint: 120197 ns, At safepoint: 8939 ns, Total: 129136 ns
[2022-07-11T06:23:49.011+0000][8][safepoint   ] Safepoint "Cleanup", Time since last: 1000268259 ns, Reaching safepoint: 73961 ns, At safepoint: 12781 ns, Total: 86742 ns
[2022-07-11T06:23:50.012+0000][8][safepoint   ] Safepoint "Cleanup", Time since last: 1000175301 ns, Reaching safepoint: 88279 ns, At safepoint: 22280 ns, Total: 110559 ns
[2022-07-11T06:23:51.012+0000][8][safepoint   ] Safepoint "Cleanup", Time since last: 1000182425 ns, Reaching safepoint: 140311 ns, At safepoint: 12781 ns, Total: 153092 ns
[2022-07-11T06:23:52.012+0000][8][safepoint   ] Safepoint "Cleanup", Time since last: 1000174115 ns, Reaching safepoint: 61460 ns, At safepoint: 8661 ns, Total: 70121 ns
[2022-07-11T06:23:53.012+0000][8][safepoint   ] Safepoint "Cleanup", Time since last: 1000142199 ns, Reaching safepoint: 89187 ns, At safepoint: 12990 ns, Total: 102177 ns
[2022-07-11T06:23:54.013+0000][8][safepoint   ] Safepoint "Cleanup", Time since last: 1000184664 ns, Reaching safepoint: 129345 ns, At safepoint: 19346 ns, Total: 148691 ns
[2022-07-11T06:23:55.013+0000][8][safepoint   ] Safepoint "Cleanup", Time since last: 1000188226 ns, Reaching safepoint: 82133 ns, At safepoint: 11314 ns, Total: 93447 ns
[2022-07-11T06:23:56.013+0000][8][safepoint   ] Safepoint "Cleanup", Time since last: 1000147440 ns, Reaching safepoint: 57270 ns, At safepoint: 8451 ns, Total: 65721 ns
[2022-07-11T06:23:57.013+0000][8][safepoint   ] Safepoint "Cleanup", Time since last: 1000143320 ns, Reaching safepoint: 48679 ns, At safepoint: 8451 ns, Total: 57130 ns
[2022-07-11T06:23:58.014+0000][8][safepoint   ] Safepoint "Cleanup", Time since last: 1000139968 ns, Reaching safepoint: 47143 ns, At safepoint: 8241 ns, Total: 55384 ns
[2022-07-11T06:24:01.014+0000][8][safepoint   ] Safepoint "Cleanup", Time since last: 3000331354 ns, Reaching safepoint: 113701 ns, At safepoint: 17530 ns, Total: 131231 ns
[2022-07-11T06:24:07.015+0000][8][safepoint   ] Safepoint "Cleanup", Time since last: 6000597079 ns, Reaching safepoint: 80387 ns, At safepoint: 19416 ns, Total: 99803 ns
[2022-07-11T06:24:08.015+0000][8][safepoint   ] Safepoint "Cleanup", Time since last: 1000199691 ns, Reaching safepoint: 118171 ns, At safepoint: 13479 ns, Total: 131650 ns
[2022-07-11T06:24:09.015+0000][8][safepoint   ] Safepoint "Cleanup", Time since last: 1000164493 ns, Reaching safepoint: 50774 ns, At safepoint: 8660 ns, Total: 59434 ns
[2022-07-11T06:24:09.195+0000][8][gc,heap,exit] Heap
[2022-07-11T06:24:09.195+0000][8][gc,heap,exit]  garbage-first heap   total 524288K, used 318618K [0x00000000e0000000, 0x0000000100000000)
[2022-07-11T06:24:09.196+0000][8][gc,heap,exit]   region size 4096K, 64 young (262144K), 7 survivors (28672K)
[2022-07-11T06:24:09.196+0000][8][gc,heap,exit]  Metaspace       used 122479K, committed 125888K, reserved 1179648K
[2022-07-11T06:24:09.196+0000][8][gc,heap,exit]   class space    used 16614K, committed 18240K, reserved 1048576K
