[2022-07-11T06:34:05.399+0000][7][gc,init] CardTable entry size: 512
[2022-07-11T06:34:05.399+0000][7][gc     ] Using G1
[2022-07-11T06:34:05.632+0000][7][gc,init] Version: 18.0.1.1+2-6 (release)
[2022-07-11T06:34:05.632+0000][7][gc,init] CPUs: 4 total, 4 available
[2022-07-11T06:34:05.632+0000][7][gc,init] Memory: 15931M
[2022-07-11T06:34:05.632+0000][7][gc,init] Large Page Support: Disabled
[2022-07-11T06:34:05.632+0000][7][gc,init] NUMA Support: Disabled
[2022-07-11T06:34:05.632+0000][7][gc,init] Compressed Oops: Enabled (32-bit)
[2022-07-11T06:34:05.632+0000][7][gc,init] Heap Region Size: 4M
[2022-07-11T06:34:05.632+0000][7][gc,init] Heap Min Capacity: 512M
[2022-07-11T06:34:05.632+0000][7][gc,init] Heap Initial Capacity: 512M
[2022-07-11T06:34:05.632+0000][7][gc,init] Heap Max Capacity: 512M
[2022-07-11T06:34:05.632+0000][7][gc,init] Pre-touch: Enabled
[2022-07-11T06:34:05.632+0000][7][gc,init] Parallel Workers: 4
[2022-07-11T06:34:05.632+0000][7][gc,init] Concurrent Workers: 1
[2022-07-11T06:34:05.632+0000][7][gc,init] Concurrent Refinement Workers: 4
[2022-07-11T06:34:05.632+0000][7][gc,init] Periodic GC: Disabled
[2022-07-11T06:34:05.632+0000][7][gc,metaspace] CDS archive(s) mapped at: [0x0000000800000000-0x0000000800baf000-0x0000000800baf000), size 12251136, SharedBaseAddress: 0x0000000800000000, ArchiveRelocationMode: 0.
[2022-07-11T06:34:05.632+0000][7][gc,metaspace] Compressed class space mapped at: 0x0000000800c00000-0x0000000840c00000, reserved size: 1073741824
[2022-07-11T06:34:05.632+0000][7][gc,metaspace] Narrow klass base: 0x0000000800000000, Narrow klass shift: 0, Narrow klass range: 0x100000000
[2022-07-11T06:34:08.397+0000][7][safepoint   ] Safepoint "ICBufferFull", Time since last: 939076443 ns, Reaching safepoint: 300876 ns, At safepoint: 8101 ns, Total: 308977 ns
[2022-07-11T06:34:08.600+0000][7][gc,start    ] GC(0) Pause Young (Normal) (G1 Evacuation Pause)
[2022-07-11T06:34:08.601+0000][7][gc,task     ] GC(0) Using 4 workers of 4 for evacuation
[2022-07-11T06:34:08.601+0000][7][gc,age      ] GC(0) Desired survivor size 2097152 bytes, new threshold 15 (max threshold 15)
[2022-07-11T06:34:08.611+0000][7][gc,phases   ] GC(0)   Pre Evacuate Collection Set: 0.0ms
[2022-07-11T06:34:08.611+0000][7][gc,phases   ] GC(0)   Merge Heap Roots: 0.1ms
[2022-07-11T06:34:08.611+0000][7][gc,phases   ] GC(0)   Evacuate Collection Set: 9.0ms
[2022-07-11T06:34:08.611+0000][7][gc,phases   ] GC(0)   Post Evacuate Collection Set: 0.8ms
[2022-07-11T06:34:08.611+0000][7][gc,phases   ] GC(0)   Other: 0.1ms
[2022-07-11T06:34:08.611+0000][7][gc,age      ] GC(0) Age table with threshold 15 (max threshold 15)
[2022-07-11T06:34:08.611+0000][7][gc,age      ] GC(0) - age   1:    4156144 bytes,    4156144 total
[2022-07-11T06:34:08.611+0000][7][gc,heap     ] GC(0) Eden regions: 6->0(5)
[2022-07-11T06:34:08.611+0000][7][gc,heap     ] GC(0) Survivor regions: 0->1(1)
[2022-07-11T06:34:08.611+0000][7][gc,heap     ] GC(0) Old regions: 0->1
[2022-07-11T06:34:08.611+0000][7][gc,heap     ] GC(0) Archive regions: 2->2
[2022-07-11T06:34:08.611+0000][7][gc,heap     ] GC(0) Humongous regions: 0->0
[2022-07-11T06:34:08.611+0000][7][gc,metaspace] GC(0) Metaspace: 8380K(8576K)->8380K(8576K) NonClass: 7455K(7552K)->7455K(7552K) Class: 925K(1024K)->925K(1024K)
[2022-07-11T06:34:08.611+0000][7][gc          ] GC(0) Pause Young (Normal) (G1 Evacuation Pause) 27M->8M(512M) 10.380ms
[2022-07-11T06:34:08.611+0000][7][gc,cpu      ] GC(0) User=0.00s Sys=0.00s Real=0.01s
[2022-07-11T06:34:08.611+0000][7][safepoint   ] Safepoint "G1CollectForAllocation", Time since last: 191118250 ns, Reaching safepoint: 12060125 ns, At safepoint: 10443787 ns, Total: 22503912 ns
[2022-07-11T06:34:09.124+0000][7][gc,start    ] GC(1) Pause Young (Normal) (G1 Evacuation Pause)
[2022-07-11T06:34:09.124+0000][7][gc,task     ] GC(1) Using 4 workers of 4 for evacuation
[2022-07-11T06:34:09.124+0000][7][gc,age      ] GC(1) Desired survivor size 2097152 bytes, new threshold 1 (max threshold 15)
[2022-07-11T06:34:09.131+0000][7][gc,phases   ] GC(1)   Pre Evacuate Collection Set: 0.1ms
[2022-07-11T06:34:09.131+0000][7][gc,phases   ] GC(1)   Merge Heap Roots: 0.1ms
[2022-07-11T06:34:09.131+0000][7][gc,phases   ] GC(1)   Evacuate Collection Set: 5.6ms
[2022-07-11T06:34:09.131+0000][7][gc,phases   ] GC(1)   Post Evacuate Collection Set: 0.5ms
[2022-07-11T06:34:09.131+0000][7][gc,phases   ] GC(1)   Other: 0.1ms
[2022-07-11T06:34:09.131+0000][7][gc,age      ] GC(1) Age table with threshold 1 (max threshold 15)
[2022-07-11T06:34:09.131+0000][7][gc,age      ] GC(1) - age   1:    2049344 bytes,    2049344 total
[2022-07-11T06:34:09.131+0000][7][gc,heap     ] GC(1) Eden regions: 5->0(7)
[2022-07-11T06:34:09.131+0000][7][gc,heap     ] GC(1) Survivor regions: 1->1(1)
[2022-07-11T06:34:09.131+0000][7][gc,heap     ] GC(1) Old regions: 1->2
[2022-07-11T06:34:09.131+0000][7][gc,heap     ] GC(1) Archive regions: 2->2
[2022-07-11T06:34:09.131+0000][7][gc,heap     ] GC(1) Humongous regions: 0->0
[2022-07-11T06:34:09.131+0000][7][gc,metaspace] GC(1) Metaspace: 11713K(12032K)->11713K(12032K) NonClass: 10309K(10496K)->10309K(10496K) Class: 1403K(1536K)->1403K(1536K)
[2022-07-11T06:34:09.131+0000][7][gc          ] GC(1) Pause Young (Normal) (G1 Evacuation Pause) 28M->10M(512M) 6.602ms
[2022-07-11T06:34:09.131+0000][7][gc,cpu      ] GC(1) User=0.02s Sys=0.00s Real=0.01s
[2022-07-11T06:34:09.131+0000][7][safepoint   ] Safepoint "G1CollectForAllocation", Time since last: 513178374 ns, Reaching safepoint: 100222 ns, At safepoint: 6657063 ns, Total: 6757285 ns
[2022-07-11T06:34:09.685+0000][7][gc,start    ] GC(2) Pause Young (Normal) (G1 Evacuation Pause)
[2022-07-11T06:34:09.685+0000][7][gc,task     ] GC(2) Using 4 workers of 4 for evacuation
[2022-07-11T06:34:09.685+0000][7][gc,age      ] GC(2) Desired survivor size 2097152 bytes, new threshold 15 (max threshold 15)
[2022-07-11T06:34:09.688+0000][7][gc,phases   ] GC(2)   Pre Evacuate Collection Set: 0.0ms
[2022-07-11T06:34:09.688+0000][7][gc,phases   ] GC(2)   Merge Heap Roots: 0.1ms
[2022-07-11T06:34:09.688+0000][7][gc,phases   ] GC(2)   Evacuate Collection Set: 2.3ms
[2022-07-11T06:34:09.688+0000][7][gc,phases   ] GC(2)   Post Evacuate Collection Set: 0.6ms
[2022-07-11T06:34:09.688+0000][7][gc,phases   ] GC(2)   Other: 0.1ms
[2022-07-11T06:34:09.688+0000][7][gc,age      ] GC(2) Age table with threshold 15 (max threshold 15)
[2022-07-11T06:34:09.688+0000][7][gc,age      ] GC(2) - age   1:    1097448 bytes,    1097448 total
[2022-07-11T06:34:09.688+0000][7][gc,age      ] GC(2) - age   2:    1996104 bytes,    3093552 total
[2022-07-11T06:34:09.689+0000][7][gc,heap     ] GC(2) Eden regions: 7->0(30)
[2022-07-11T06:34:09.689+0000][7][gc,heap     ] GC(2) Survivor regions: 1->1(1)
[2022-07-11T06:34:09.689+0000][7][gc,heap     ] GC(2) Old regions: 2->2
[2022-07-11T06:34:09.689+0000][7][gc,heap     ] GC(2) Archive regions: 2->2
[2022-07-11T06:34:09.689+0000][7][gc,heap     ] GC(2) Humongous regions: 0->0
[2022-07-11T06:34:09.689+0000][7][gc,metaspace] GC(2) Metaspace: 14926K(15296K)->14926K(15296K) NonClass: 13187K(13376K)->13187K(13376K) Class: 1738K(1920K)->1738K(1920K)
[2022-07-11T06:34:09.689+0000][7][gc          ] GC(2) Pause Young (Normal) (G1 Evacuation Pause) 38M->11M(512M) 3.352ms
[2022-07-11T06:34:09.689+0000][7][gc,cpu      ] GC(2) User=0.00s Sys=0.01s Real=0.00s
[2022-07-11T06:34:09.689+0000][7][safepoint   ] Safepoint "G1CollectForAllocation", Time since last: 554345691 ns, Reaching safepoint: 122781 ns, At safepoint: 3408604 ns, Total: 3531385 ns
[2022-07-11T06:34:10.302+0000][7][gc,start    ] GC(3) Pause Young (Normal) (G1 Evacuation Pause)
[2022-07-11T06:34:10.302+0000][7][gc,task     ] GC(3) Using 4 workers of 4 for evacuation
[2022-07-11T06:34:10.302+0000][7][gc,age      ] GC(3) Desired survivor size 8388608 bytes, new threshold 15 (max threshold 15)
[2022-07-11T06:34:10.307+0000][7][gc,phases   ] GC(3)   Pre Evacuate Collection Set: 0.0ms
[2022-07-11T06:34:10.307+0000][7][gc,phases   ] GC(3)   Merge Heap Roots: 0.1ms
[2022-07-11T06:34:10.307+0000][7][gc,phases   ] GC(3)   Evacuate Collection Set: 4.1ms
[2022-07-11T06:34:10.307+0000][7][gc,phases   ] GC(3)   Post Evacuate Collection Set: 0.8ms
[2022-07-11T06:34:10.307+0000][7][gc,phases   ] GC(3)   Other: 0.1ms
[2022-07-11T06:34:10.307+0000][7][gc,age      ] GC(3) Age table with threshold 15 (max threshold 15)
[2022-07-11T06:34:10.307+0000][7][gc,age      ] GC(3) - age   1:    2539936 bytes,    2539936 total
[2022-07-11T06:34:10.307+0000][7][gc,age      ] GC(3) - age   2:     986680 bytes,    3526616 total
[2022-07-11T06:34:10.307+0000][7][gc,age      ] GC(3) - age   3:    1990648 bytes,    5517264 total
[2022-07-11T06:34:10.307+0000][7][gc,heap     ] GC(3) Eden regions: 30->0(74)
[2022-07-11T06:34:10.307+0000][7][gc,heap     ] GC(3) Survivor regions: 1->2(4)
[2022-07-11T06:34:10.307+0000][7][gc,heap     ] GC(3) Old regions: 2->2
[2022-07-11T06:34:10.307+0000][7][gc,heap     ] GC(3) Archive regions: 2->2
[2022-07-11T06:34:10.307+0000][7][gc,heap     ] GC(3) Humongous regions: 0->0
[2022-07-11T06:34:10.307+0000][7][gc,metaspace] GC(3) Metaspace: 16913K(17280K)->16913K(17280K) NonClass: 14984K(15232K)->14984K(15232K) Class: 1928K(2048K)->1928K(2048K)
[2022-07-11T06:34:10.307+0000][7][gc          ] GC(3) Pause Young (Normal) (G1 Evacuation Pause) 131M->13M(512M) 5.458ms
[2022-07-11T06:34:10.307+0000][7][gc,cpu      ] GC(3) User=0.01s Sys=0.00s Real=0.01s
[2022-07-11T06:34:10.307+0000][7][safepoint   ] Safepoint "G1CollectForAllocation", Time since last: 612768767 ns, Reaching safepoint: 125924 ns, At safepoint: 5516275 ns, Total: 5642199 ns
[2022-07-11T06:34:10.565+0000][7][gc,start    ] GC(4) Pause Young (Concurrent Start) (Metadata GC Threshold)
[2022-07-11T06:34:10.565+0000][7][gc,task     ] GC(4) Using 4 workers of 4 for evacuation
[2022-07-11T06:34:10.565+0000][7][gc,age      ] GC(4) Desired survivor size 20971520 bytes, new threshold 15 (max threshold 15)
[2022-07-11T06:34:10.570+0000][7][gc,phases   ] GC(4)   Pre Evacuate Collection Set: 0.1ms
[2022-07-11T06:34:10.570+0000][7][gc,phases   ] GC(4)   Merge Heap Roots: 0.1ms
[2022-07-11T06:34:10.570+0000][7][gc,phases   ] GC(4)   Evacuate Collection Set: 4.5ms
[2022-07-11T06:34:10.570+0000][7][gc,phases   ] GC(4)   Post Evacuate Collection Set: 0.6ms
[2022-07-11T06:34:10.570+0000][7][gc,phases   ] GC(4)   Other: 0.1ms
[2022-07-11T06:34:10.570+0000][7][gc,age      ] GC(4) Age table with threshold 15 (max threshold 15)
[2022-07-11T06:34:10.570+0000][7][gc,age      ] GC(4) - age   1:    1308920 bytes,    1308920 total
[2022-07-11T06:34:10.570+0000][7][gc,age      ] GC(4) - age   2:    1922456 bytes,    3231376 total
[2022-07-11T06:34:10.570+0000][7][gc,age      ] GC(4) - age   3:     985952 bytes,    4217328 total
[2022-07-11T06:34:10.570+0000][7][gc,age      ] GC(4) - age   4:    1979816 bytes,    6197144 total
[2022-07-11T06:34:10.570+0000][7][gc,heap     ] GC(4) Eden regions: 11->0(74)
[2022-07-11T06:34:10.571+0000][7][gc,heap     ] GC(4) Survivor regions: 2->2(10)
[2022-07-11T06:34:10.571+0000][7][gc,heap     ] GC(4) Old regions: 2->2
[2022-07-11T06:34:10.571+0000][7][gc,heap     ] GC(4) Archive regions: 2->2
[2022-07-11T06:34:10.571+0000][7][gc,heap     ] GC(4) Humongous regions: 0->0
[2022-07-11T06:34:10.571+0000][7][gc,metaspace] GC(4) Metaspace: 21100K(21504K)->21100K(21504K) NonClass: 18719K(18944K)->18719K(18944K) Class: 2380K(2560K)->2380K(2560K)
[2022-07-11T06:34:10.571+0000][7][gc          ] GC(4) Pause Young (Concurrent Start) (Metadata GC Threshold) 55M->14M(512M) 5.562ms
[2022-07-11T06:34:10.571+0000][7][gc,cpu      ] GC(4) User=0.02s Sys=0.00s Real=0.00s
[2022-07-11T06:34:10.571+0000][7][gc          ] GC(5) Concurrent Mark Cycle
[2022-07-11T06:34:10.571+0000][7][gc,marking  ] GC(5) Concurrent Clear Claimed Marks
[2022-07-11T06:34:10.571+0000][7][gc,marking  ] GC(5) Concurrent Clear Claimed Marks 0.036ms
[2022-07-11T06:34:10.571+0000][7][gc,marking  ] GC(5) Concurrent Scan Root Regions
[2022-07-11T06:34:10.571+0000][7][safepoint   ] Safepoint "CollectForMetadataAllocation", Time since last: 257821009 ns, Reaching safepoint: 126831 ns, At safepoint: 5689551 ns, Total: 5816382 ns
[2022-07-11T06:34:10.573+0000][7][gc,marking  ] GC(5) Concurrent Scan Root Regions 2.625ms
[2022-07-11T06:34:10.573+0000][7][gc,marking  ] GC(5) Concurrent Mark
[2022-07-11T06:34:10.573+0000][7][gc,marking  ] GC(5) Concurrent Mark From Roots
[2022-07-11T06:34:10.573+0000][7][gc,task     ] GC(5) Using 1 workers of 1 for marking
[2022-07-11T06:34:10.577+0000][7][gc,marking  ] GC(5) Concurrent Mark From Roots 4.031ms
[2022-07-11T06:34:10.577+0000][7][gc,marking  ] GC(5) Concurrent Preclean
[2022-07-11T06:34:10.577+0000][7][gc,marking  ] GC(5) Concurrent Preclean 0.041ms
[2022-07-11T06:34:10.578+0000][7][gc,start    ] GC(5) Pause Remark
[2022-07-11T06:34:10.580+0000][7][gc          ] GC(5) Pause Remark 16M->16M(512M) 2.447ms
[2022-07-11T06:34:10.580+0000][7][gc,cpu      ] GC(5) User=0.00s Sys=0.00s Real=0.00s
[2022-07-11T06:34:10.580+0000][7][safepoint   ] Safepoint "G1Concurrent", Time since last: 6804498 ns, Reaching safepoint: 33104 ns, At safepoint: 2519106 ns, Total: 2552210 ns
[2022-07-11T06:34:10.580+0000][7][gc,marking  ] GC(5) Concurrent Mark 6.712ms
[2022-07-11T06:34:10.580+0000][7][gc,marking  ] GC(5) Concurrent Rebuild Remembered Sets
[2022-07-11T06:34:10.582+0000][7][gc,marking  ] GC(5) Concurrent Rebuild Remembered Sets 1.817ms
[2022-07-11T06:34:10.582+0000][7][gc,start    ] GC(5) Pause Cleanup
[2022-07-11T06:34:10.582+0000][7][gc          ] GC(5) Pause Cleanup 16M->16M(512M) 0.071ms
[2022-07-11T06:34:10.582+0000][7][gc,cpu      ] GC(5) User=0.00s Sys=0.00s Real=0.00s
[2022-07-11T06:34:10.582+0000][7][safepoint   ] Safepoint "G1Concurrent", Time since last: 1916096 ns, Reaching safepoint: 31498 ns, At safepoint: 102806 ns, Total: 134304 ns
[2022-07-11T06:34:10.582+0000][7][gc,marking  ] GC(5) Concurrent Cleanup for Next Mark
[2022-07-11T06:34:10.583+0000][7][gc,marking  ] GC(5) Concurrent Cleanup for Next Mark 0.823ms
[2022-07-11T06:34:10.583+0000][7][gc          ] GC(5) Concurrent Mark Cycle 12.366ms
[2022-07-11T06:34:11.229+0000][7][gc,start    ] GC(6) Pause Young (Normal) (G1 Evacuation Pause)
[2022-07-11T06:34:11.229+0000][7][gc,task     ] GC(6) Using 4 workers of 4 for evacuation
[2022-07-11T06:34:11.229+0000][7][gc,age      ] GC(6) Desired survivor size 20971520 bytes, new threshold 15 (max threshold 15)
[2022-07-11T06:34:11.246+0000][7][gc,phases   ] GC(6)   Pre Evacuate Collection Set: 0.0ms
[2022-07-11T06:34:11.246+0000][7][gc,phases   ] GC(6)   Merge Heap Roots: 0.1ms
[2022-07-11T06:34:11.246+0000][7][gc,phases   ] GC(6)   Evacuate Collection Set: 12.0ms
[2022-07-11T06:34:11.246+0000][7][gc,phases   ] GC(6)   Post Evacuate Collection Set: 4.4ms
[2022-07-11T06:34:11.246+0000][7][gc,phases   ] GC(6)   Other: 0.1ms
[2022-07-11T06:34:11.246+0000][7][gc,age      ] GC(6) Age table with threshold 15 (max threshold 15)
[2022-07-11T06:34:11.246+0000][7][gc,age      ] GC(6) - age   1:    6282120 bytes,    6282120 total
[2022-07-11T06:34:11.246+0000][7][gc,age      ] GC(6) - age   2:    1299272 bytes,    7581392 total
[2022-07-11T06:34:11.246+0000][7][gc,age      ] GC(6) - age   3:    1919888 bytes,    9501280 total
[2022-07-11T06:34:11.246+0000][7][gc,age      ] GC(6) - age   4:     983072 bytes,   10484352 total
[2022-07-11T06:34:11.246+0000][7][gc,age      ] GC(6) - age   5:    1978896 bytes,   12463248 total
[2022-07-11T06:34:11.246+0000][7][gc,heap     ] GC(6) Eden regions: 74->0(72)
[2022-07-11T06:34:11.246+0000][7][gc,heap     ] GC(6) Survivor regions: 2->4(10)
[2022-07-11T06:34:11.246+0000][7][gc,heap     ] GC(6) Old regions: 2->2
[2022-07-11T06:34:11.246+0000][7][gc,heap     ] GC(6) Archive regions: 2->2
[2022-07-11T06:34:11.246+0000][7][gc,heap     ] GC(6) Humongous regions: 0->0
[2022-07-11T06:34:11.246+0000][7][gc,metaspace] GC(6) Metaspace: 23819K(24320K)->23819K(24320K) NonClass: 21047K(21312K)->21047K(21312K) Class: 2771K(3008K)->2771K(3008K)
[2022-07-11T06:34:11.246+0000][7][gc          ] GC(6) Pause Young (Normal) (G1 Evacuation Pause) 310M->20M(512M) 16.947ms
[2022-07-11T06:34:11.246+0000][7][gc,cpu      ] GC(6) User=0.03s Sys=0.00s Real=0.02s
[2022-07-11T06:34:11.246+0000][7][safepoint   ] Safepoint "G1CollectForAllocation", Time since last: 647070824 ns, Reaching safepoint: 96869 ns, At safepoint: 16999789 ns, Total: 17096658 ns
[2022-07-11T06:34:11.838+0000][7][gc,start    ] GC(7) Pause Young (Normal) (G1 Evacuation Pause)
[2022-07-11T06:34:11.838+0000][7][gc,task     ] GC(7) Using 4 workers of 4 for evacuation
[2022-07-11T06:34:11.838+0000][7][gc,age      ] GC(7) Desired survivor size 20971520 bytes, new threshold 15 (max threshold 15)
[2022-07-11T06:34:11.853+0000][7][gc,phases   ] GC(7)   Pre Evacuate Collection Set: 0.1ms
[2022-07-11T06:34:11.853+0000][7][gc,phases   ] GC(7)   Merge Heap Roots: 0.1ms
[2022-07-11T06:34:11.853+0000][7][gc,phases   ] GC(7)   Evacuate Collection Set: 13.3ms
[2022-07-11T06:34:11.853+0000][7][gc,phases   ] GC(7)   Post Evacuate Collection Set: 1.0ms
[2022-07-11T06:34:11.853+0000][7][gc,phases   ] GC(7)   Other: 0.1ms
[2022-07-11T06:34:11.853+0000][7][gc,age      ] GC(7) Age table with threshold 15 (max threshold 15)
[2022-07-11T06:34:11.853+0000][7][gc,age      ] GC(7) - age   1:    5245016 bytes,    5245016 total
[2022-07-11T06:34:11.853+0000][7][gc,age      ] GC(7) - age   2:    5717552 bytes,   10962568 total
[2022-07-11T06:34:11.853+0000][7][gc,age      ] GC(7) - age   3:    1297080 bytes,   12259648 total
[2022-07-11T06:34:11.853+0000][7][gc,age      ] GC(7) - age   4:    1917552 bytes,   14177200 total
[2022-07-11T06:34:11.853+0000][7][gc,age      ] GC(7) - age   5:     962752 bytes,   15139952 total
[2022-07-11T06:34:11.853+0000][7][gc,age      ] GC(7) - age   6:    1976584 bytes,   17116536 total
[2022-07-11T06:34:11.853+0000][7][gc,heap     ] GC(7) Eden regions: 72->0(71)
[2022-07-11T06:34:11.853+0000][7][gc,heap     ] GC(7) Survivor regions: 4->5(10)
[2022-07-11T06:34:11.853+0000][7][gc,heap     ] GC(7) Old regions: 2->2
[2022-07-11T06:34:11.853+0000][7][gc,heap     ] GC(7) Archive regions: 2->2
[2022-07-11T06:34:11.853+0000][7][gc,heap     ] GC(7) Humongous regions: 0->0
[2022-07-11T06:34:11.853+0000][7][gc,metaspace] GC(7) Metaspace: 29519K(30208K)->29519K(30208K) NonClass: 26103K(26496K)->26103K(26496K) Class: 3415K(3712K)->3415K(3712K)
[2022-07-11T06:34:11.853+0000][7][gc          ] GC(7) Pause Young (Normal) (G1 Evacuation Pause) 308M->25M(512M) 14.823ms
[2022-07-11T06:34:11.853+0000][7][gc,cpu      ] GC(7) User=0.03s Sys=0.01s Real=0.01s
[2022-07-11T06:34:11.853+0000][7][safepoint   ] Safepoint "G1CollectForAllocation", Time since last: 591919179 ns, Reaching safepoint: 162241 ns, At safepoint: 14879408 ns, Total: 15041649 ns
[2022-07-11T06:34:12.295+0000][7][gc,start    ] GC(8) Pause Young (Normal) (G1 Evacuation Pause)
[2022-07-11T06:34:12.295+0000][7][gc,task     ] GC(8) Using 4 workers of 4 for evacuation
[2022-07-11T06:34:12.295+0000][7][gc,age      ] GC(8) Desired survivor size 20971520 bytes, new threshold 15 (max threshold 15)
[2022-07-11T06:34:12.305+0000][7][gc,phases   ] GC(8)   Pre Evacuate Collection Set: 0.1ms
[2022-07-11T06:34:12.305+0000][7][gc,phases   ] GC(8)   Merge Heap Roots: 0.1ms
[2022-07-11T06:34:12.305+0000][7][gc,phases   ] GC(8)   Evacuate Collection Set: 8.9ms
[2022-07-11T06:34:12.305+0000][7][gc,phases   ] GC(8)   Post Evacuate Collection Set: 1.3ms
[2022-07-11T06:34:12.305+0000][7][gc,phases   ] GC(8)   Other: 0.1ms
[2022-07-11T06:34:12.305+0000][7][gc,age      ] GC(8) Age table with threshold 15 (max threshold 15)
[2022-07-11T06:34:12.305+0000][7][gc,age      ] GC(8) - age   1:    3280600 bytes,    3280600 total
[2022-07-11T06:34:12.305+0000][7][gc,age      ] GC(8) - age   2:    3160392 bytes,    6440992 total
[2022-07-11T06:34:12.305+0000][7][gc,age      ] GC(8) - age   3:    5716280 bytes,   12157272 total
[2022-07-11T06:34:12.305+0000][7][gc,age      ] GC(8) - age   4:    1297080 bytes,   13454352 total
[2022-07-11T06:34:12.305+0000][7][gc,age      ] GC(8) - age   5:    1917344 bytes,   15371696 total
[2022-07-11T06:34:12.305+0000][7][gc,age      ] GC(8) - age   6:     961808 bytes,   16333504 total
[2022-07-11T06:34:12.305+0000][7][gc,age      ] GC(8) - age   7:    1973864 bytes,   18307368 total
[2022-07-11T06:34:12.305+0000][7][gc,heap     ] GC(8) Eden regions: 71->0(71)
[2022-07-11T06:34:12.305+0000][7][gc,heap     ] GC(8) Survivor regions: 5->5(10)
[2022-07-11T06:34:12.306+0000][7][gc,heap     ] GC(8) Old regions: 2->2
[2022-07-11T06:34:12.306+0000][7][gc,heap     ] GC(8) Archive regions: 2->2
[2022-07-11T06:34:12.306+0000][7][gc,heap     ] GC(8) Humongous regions: 0->0
[2022-07-11T06:34:12.306+0000][7][gc,metaspace] GC(8) Metaspace: 31070K(31744K)->31070K(31744K) NonClass: 27439K(27840K)->27439K(27840K) Class: 3631K(3904K)->3631K(3904K)
[2022-07-11T06:34:12.306+0000][7][gc          ] GC(8) Pause Young (Normal) (G1 Evacuation Pause) 309M->26M(512M) 10.974ms
[2022-07-11T06:34:12.306+0000][7][gc,cpu      ] GC(8) User=0.03s Sys=0.01s Real=0.02s
[2022-07-11T06:34:12.306+0000][7][safepoint   ] Safepoint "G1CollectForAllocation", Time since last: 441317539 ns, Reaching safepoint: 88629 ns, At safepoint: 11050009 ns, Total: 11138638 ns
[2022-07-11T06:34:12.959+0000][7][gc,start    ] GC(9) Pause Young (Concurrent Start) (Metadata GC Threshold)
[2022-07-11T06:34:12.959+0000][7][gc,task     ] GC(9) Using 4 workers of 4 for evacuation
[2022-07-11T06:34:12.959+0000][7][gc,age      ] GC(9) Desired survivor size 20971520 bytes, new threshold 15 (max threshold 15)
[2022-07-11T06:34:12.979+0000][7][gc,phases   ] GC(9)   Pre Evacuate Collection Set: 2.0ms
[2022-07-11T06:34:12.979+0000][7][gc,phases   ] GC(9)   Merge Heap Roots: 0.1ms
[2022-07-11T06:34:12.979+0000][7][gc,phases   ] GC(9)   Evacuate Collection Set: 16.0ms
[2022-07-11T06:34:12.979+0000][7][gc,phases   ] GC(9)   Post Evacuate Collection Set: 1.1ms
[2022-07-11T06:34:12.979+0000][7][gc,phases   ] GC(9)   Other: 0.7ms
[2022-07-11T06:34:12.979+0000][7][gc,age      ] GC(9) Age table with threshold 15 (max threshold 15)
[2022-07-11T06:34:12.979+0000][7][gc,age      ] GC(9) - age   1:    1870696 bytes,    1870696 total
[2022-07-11T06:34:12.979+0000][7][gc,age      ] GC(9) - age   2:    2781056 bytes,    4651752 total
[2022-07-11T06:34:12.979+0000][7][gc,age      ] GC(9) - age   3:    3147368 bytes,    7799120 total
[2022-07-11T06:34:12.979+0000][7][gc,age      ] GC(9) - age   4:    5699792 bytes,   13498912 total
[2022-07-11T06:34:12.979+0000][7][gc,age      ] GC(9) - age   5:    1273592 bytes,   14772504 total
[2022-07-11T06:34:12.979+0000][7][gc,age      ] GC(9) - age   6:    1851344 bytes,   16623848 total
[2022-07-11T06:34:12.979+0000][7][gc,age      ] GC(9) - age   7:     950864 bytes,   17574712 total
[2022-07-11T06:34:12.979+0000][7][gc,age      ] GC(9) - age   8:    1960520 bytes,   19535232 total
[2022-07-11T06:34:12.979+0000][7][gc,heap     ] GC(9) Eden regions: 36->0(71)
[2022-07-11T06:34:12.979+0000][7][gc,heap     ] GC(9) Survivor regions: 5->5(10)
[2022-07-11T06:34:12.979+0000][7][gc,heap     ] GC(9) Old regions: 2->2
[2022-07-11T06:34:12.979+0000][7][gc,heap     ] GC(9) Archive regions: 2->2
[2022-07-11T06:34:12.979+0000][7][gc,heap     ] GC(9) Humongous regions: 0->0
[2022-07-11T06:34:12.979+0000][7][gc,metaspace] GC(9) Metaspace: 35224K(35968K)->35224K(35968K) NonClass: 31069K(31488K)->31069K(31488K) Class: 4155K(4480K)->4155K(4480K)
[2022-07-11T06:34:12.979+0000][7][gc          ] GC(9) Pause Young (Concurrent Start) (Metadata GC Threshold) 168M->28M(512M) 20.188ms
[2022-07-11T06:34:12.979+0000][7][gc,cpu      ] GC(9) User=0.03s Sys=0.00s Real=0.02s
[2022-07-11T06:34:12.979+0000][7][gc          ] GC(10) Concurrent Mark Cycle
[2022-07-11T06:34:12.979+0000][7][gc,marking  ] GC(10) Concurrent Clear Claimed Marks
[2022-07-11T06:34:12.979+0000][7][safepoint   ] Safepoint "CollectForMetadataAllocation", Time since last: 650411952 ns, Reaching safepoint: 2901137 ns, At safepoint: 20309358 ns, Total: 23210495 ns
[2022-07-11T06:34:12.979+0000][7][gc,marking  ] GC(10) Concurrent Clear Claimed Marks 0.071ms
[2022-07-11T06:34:12.979+0000][7][gc,marking  ] GC(10) Concurrent Scan Root Regions
[2022-07-11T06:34:12.987+0000][7][gc,marking  ] GC(10) Concurrent Scan Root Regions 7.156ms
[2022-07-11T06:34:12.987+0000][7][gc,marking  ] GC(10) Concurrent Mark
[2022-07-11T06:34:12.987+0000][7][gc,marking  ] GC(10) Concurrent Mark From Roots
[2022-07-11T06:34:12.987+0000][7][gc,task     ] GC(10) Using 1 workers of 1 for marking
[2022-07-11T06:34:12.991+0000][7][gc,marking  ] GC(10) Concurrent Mark From Roots 4.669ms
[2022-07-11T06:34:12.991+0000][7][gc,marking  ] GC(10) Concurrent Preclean
[2022-07-11T06:34:12.991+0000][7][gc,marking  ] GC(10) Concurrent Preclean 0.042ms
[2022-07-11T06:34:12.991+0000][7][gc,start    ] GC(10) Pause Remark
[2022-07-11T06:34:12.994+0000][7][gc          ] GC(10) Pause Remark 30M->30M(512M) 2.850ms
[2022-07-11T06:34:12.994+0000][7][gc,cpu      ] GC(10) User=0.01s Sys=0.00s Real=0.00s
[2022-07-11T06:34:12.994+0000][7][safepoint   ] Safepoint "G1Concurrent", Time since last: 12065013 ns, Reaching safepoint: 106857 ns, At safepoint: 2936198 ns, Total: 3043055 ns
[2022-07-11T06:34:12.994+0000][7][gc,marking  ] GC(10) Concurrent Mark 7.869ms
[2022-07-11T06:34:12.994+0000][7][gc,marking  ] GC(10) Concurrent Rebuild Remembered Sets
[2022-07-11T06:34:12.996+0000][7][gc,marking  ] GC(10) Concurrent Rebuild Remembered Sets 1.810ms
[2022-07-11T06:34:12.997+0000][7][gc,start    ] GC(10) Pause Cleanup
[2022-07-11T06:34:12.997+0000][7][gc          ] GC(10) Pause Cleanup 30M->30M(512M) 0.069ms
[2022-07-11T06:34:12.997+0000][7][gc,cpu      ] GC(10) User=0.00s Sys=0.00s Real=0.00s
[2022-07-11T06:34:12.997+0000][7][safepoint   ] Safepoint "G1Concurrent", Time since last: 1956464 ns, Reaching safepoint: 268540 ns, At safepoint: 102946 ns, Total: 371486 ns
[2022-07-11T06:34:12.997+0000][7][gc,marking  ] GC(10) Concurrent Cleanup for Next Mark
[2022-07-11T06:34:12.998+0000][7][gc,marking  ] GC(10) Concurrent Cleanup for Next Mark 0.934ms
[2022-07-11T06:34:12.998+0000][7][gc          ] GC(10) Concurrent Mark Cycle 18.524ms
[2022-07-11T06:34:13.715+0000][7][safepoint   ] Safepoint "ICBufferFull", Time since last: 718463132 ns, Reaching safepoint: 224470 ns, At safepoint: 10546 ns, Total: 235016 ns
[2022-07-11T06:34:14.448+0000][7][safepoint   ] Safepoint "ICBufferFull", Time since last: 732708867 ns, Reaching safepoint: 201771 ns, At safepoint: 8102 ns, Total: 209873 ns
[2022-07-11T06:34:15.153+0000][7][gc,start    ] GC(11) Pause Young (Normal) (G1 Evacuation Pause)
[2022-07-11T06:34:15.154+0000][7][gc,task     ] GC(11) Using 4 workers of 4 for evacuation
[2022-07-11T06:34:15.154+0000][7][gc,age      ] GC(11) Desired survivor size 20971520 bytes, new threshold 15 (max threshold 15)
[2022-07-11T06:34:15.187+0000][7][gc,phases   ] GC(11)   Pre Evacuate Collection Set: 0.0ms
[2022-07-11T06:34:15.187+0000][7][gc,phases   ] GC(11)   Merge Heap Roots: 0.1ms
[2022-07-11T06:34:15.187+0000][7][gc,phases   ] GC(11)   Evacuate Collection Set: 32.0ms
[2022-07-11T06:34:15.187+0000][7][gc,phases   ] GC(11)   Post Evacuate Collection Set: 1.6ms
[2022-07-11T06:34:15.187+0000][7][gc,phases   ] GC(11)   Other: 0.1ms
[2022-07-11T06:34:15.187+0000][7][gc,age      ] GC(11) Age table with threshold 15 (max threshold 15)
[2022-07-11T06:34:15.187+0000][7][gc,age      ] GC(11) - age   1:   19985928 bytes,   19985928 total
[2022-07-11T06:34:15.187+0000][7][gc,age      ] GC(11) - age   2:    1768752 bytes,   21754680 total
[2022-07-11T06:34:15.188+0000][7][gc,age      ] GC(11) - age   3:    2767104 bytes,   24521784 total
[2022-07-11T06:34:15.188+0000][7][gc,age      ] GC(11) - age   4:    3136480 bytes,   27658264 total
[2022-07-11T06:34:15.188+0000][7][gc,age      ] GC(11) - age   5:    5684712 bytes,   33342976 total
[2022-07-11T06:34:15.188+0000][7][gc,age      ] GC(11) - age   6:    1272720 bytes,   34615696 total
[2022-07-11T06:34:15.188+0000][7][gc,age      ] GC(11) - age   7:    1849280 bytes,   36464976 total
[2022-07-11T06:34:15.188+0000][7][gc,age      ] GC(11) - age   8:     942264 bytes,   37407240 total
[2022-07-11T06:34:15.188+0000][7][gc,age      ] GC(11) - age   9:    1956952 bytes,   39364192 total
[2022-07-11T06:34:15.188+0000][7][gc,heap     ] GC(11) Eden regions: 71->0(66)
[2022-07-11T06:34:15.188+0000][7][gc,heap     ] GC(11) Survivor regions: 5->10(10)
[2022-07-11T06:34:15.188+0000][7][gc,heap     ] GC(11) Old regions: 2->2
[2022-07-11T06:34:15.188+0000][7][gc,heap     ] GC(11) Archive regions: 2->2
[2022-07-11T06:34:15.188+0000][7][gc,heap     ] GC(11) Humongous regions: 0->0
[2022-07-11T06:34:15.188+0000][7][gc,metaspace] GC(11) Metaspace: 47347K(48576K)->47347K(48576K) NonClass: 41482K(42176K)->41482K(42176K) Class: 5864K(6400K)->5864K(6400K)
[2022-07-11T06:34:15.188+0000][7][gc          ] GC(11) Pause Young (Normal) (G1 Evacuation Pause) 312M->47M(512M) 34.202ms
[2022-07-11T06:34:15.188+0000][7][gc,cpu      ] GC(11) User=0.10s Sys=0.00s Real=0.04s
[2022-07-11T06:34:15.188+0000][7][safepoint   ] Safepoint "G1CollectForAllocation", Time since last: 704974817 ns, Reaching safepoint: 117543 ns, At safepoint: 34259875 ns, Total: 34377418 ns
[2022-07-11T06:34:16.158+0000][7][gc,start    ] GC(12) Pause Young (Concurrent Start) (Metadata GC Threshold)
[2022-07-11T06:34:16.158+0000][7][gc,task     ] GC(12) Using 4 workers of 4 for evacuation
[2022-07-11T06:34:16.158+0000][7][gc,age      ] GC(12) Desired survivor size 20971520 bytes, new threshold 2 (max threshold 15)
[2022-07-11T06:34:16.182+0000][7][gc,phases   ] GC(12)   Pre Evacuate Collection Set: 0.1ms
[2022-07-11T06:34:16.182+0000][7][gc,phases   ] GC(12)   Merge Heap Roots: 0.1ms
[2022-07-11T06:34:16.182+0000][7][gc,phases   ] GC(12)   Evacuate Collection Set: 22.7ms
[2022-07-11T06:34:16.182+0000][7][gc,phases   ] GC(12)   Post Evacuate Collection Set: 1.1ms
[2022-07-11T06:34:16.182+0000][7][gc,phases   ] GC(12)   Other: 0.1ms
[2022-07-11T06:34:16.182+0000][7][gc,age      ] GC(12) Age table with threshold 2 (max threshold 15)
[2022-07-11T06:34:16.182+0000][7][gc,age      ] GC(12) - age   1:    4728088 bytes,    4728088 total
[2022-07-11T06:34:16.182+0000][7][gc,age      ] GC(12) - age   2:   19703016 bytes,   24431104 total
[2022-07-11T06:34:16.182+0000][7][gc,heap     ] GC(12) Eden regions: 30->0(69)
[2022-07-11T06:34:16.182+0000][7][gc,heap     ] GC(12) Survivor regions: 10->7(10)
[2022-07-11T06:34:16.182+0000][7][gc,heap     ] GC(12) Old regions: 2->6
[2022-07-11T06:34:16.182+0000][7][gc,heap     ] GC(12) Archive regions: 2->2
[2022-07-11T06:34:16.182+0000][7][gc,heap     ] GC(12) Humongous regions: 0->0
[2022-07-11T06:34:16.182+0000][7][gc,metaspace] GC(12) Metaspace: 58744K(60160K)->58744K(60160K) NonClass: 51166K(51968K)->51166K(51968K) Class: 7578K(8192K)->7578K(8192K)
[2022-07-11T06:34:16.182+0000][7][gc          ] GC(12) Pause Young (Concurrent Start) (Metadata GC Threshold) 165M->54M(512M) 24.318ms
[2022-07-11T06:34:16.182+0000][7][gc,cpu      ] GC(12) User=0.08s Sys=0.00s Real=0.02s
[2022-07-11T06:34:16.182+0000][7][gc          ] GC(13) Concurrent Mark Cycle
[2022-07-11T06:34:16.182+0000][7][gc,marking  ] GC(13) Concurrent Clear Claimed Marks
[2022-07-11T06:34:16.182+0000][7][safepoint   ] Safepoint "CollectForMetadataAllocation", Time since last: 970071387 ns, Reaching safepoint: 117752 ns, At safepoint: 24431600 ns, Total: 24549352 ns
[2022-07-11T06:34:16.182+0000][7][gc,marking  ] GC(13) Concurrent Clear Claimed Marks 0.089ms
[2022-07-11T06:34:16.182+0000][7][gc,marking  ] GC(13) Concurrent Scan Root Regions
[2022-07-11T06:34:16.215+0000][7][gc,marking  ] GC(13) Concurrent Scan Root Regions 32.931ms
[2022-07-11T06:34:16.215+0000][7][gc,marking  ] GC(13) Concurrent Mark
[2022-07-11T06:34:16.215+0000][7][gc,marking  ] GC(13) Concurrent Mark From Roots
[2022-07-11T06:34:16.215+0000][7][gc,task     ] GC(13) Using 1 workers of 1 for marking
[2022-07-11T06:34:16.219+0000][7][gc,marking  ] GC(13) Concurrent Mark From Roots 3.893ms
[2022-07-11T06:34:16.219+0000][7][gc,marking  ] GC(13) Concurrent Preclean
[2022-07-11T06:34:16.219+0000][7][gc,marking  ] GC(13) Concurrent Preclean 0.036ms
[2022-07-11T06:34:16.220+0000][7][gc,start    ] GC(13) Pause Remark
[2022-07-11T06:34:16.224+0000][7][gc          ] GC(13) Pause Remark 56M->56M(512M) 4.271ms
[2022-07-11T06:34:16.224+0000][7][gc,cpu      ] GC(13) User=0.01s Sys=0.00s Real=0.00s
[2022-07-11T06:34:16.224+0000][7][safepoint   ] Safepoint "G1Concurrent", Time since last: 37058694 ns, Reaching safepoint: 113632 ns, At safepoint: 4367036 ns, Total: 4480668 ns
[2022-07-11T06:34:16.224+0000][7][gc,marking  ] GC(13) Concurrent Mark 8.528ms
[2022-07-11T06:34:16.224+0000][7][gc,marking  ] GC(13) Concurrent Rebuild Remembered Sets
[2022-07-11T06:34:16.231+0000][7][gc,marking  ] GC(13) Concurrent Rebuild Remembered Sets 7.487ms
[2022-07-11T06:34:16.232+0000][7][gc,start    ] GC(13) Pause Cleanup
[2022-07-11T06:34:16.232+0000][7][gc          ] GC(13) Pause Cleanup 59M->59M(512M) 0.070ms
[2022-07-11T06:34:16.232+0000][7][gc,cpu      ] GC(13) User=0.00s Sys=0.00s Real=0.00s
[2022-07-11T06:34:16.232+0000][7][safepoint   ] Safepoint "G1Concurrent", Time since last: 7644827 ns, Reaching safepoint: 118242 ns, At safepoint: 105809 ns, Total: 224051 ns
[2022-07-11T06:34:16.232+0000][7][gc,marking  ] GC(13) Concurrent Cleanup for Next Mark
[2022-07-11T06:34:16.233+0000][7][gc,marking  ] GC(13) Concurrent Cleanup for Next Mark 0.913ms
[2022-07-11T06:34:16.233+0000][7][gc          ] GC(13) Concurrent Mark Cycle 50.477ms
[2022-07-11T06:34:17.467+0000][7][safepoint   ] Safepoint "Cleanup", Time since last: 1234763428 ns, Reaching safepoint: 124527 ns, At safepoint: 9568 ns, Total: 134095 ns
[2022-07-11T06:34:18.018+0000][7][gc,start    ] GC(14) Pause Young (Normal) (G1 Evacuation Pause)
[2022-07-11T06:34:18.018+0000][7][gc,task     ] GC(14) Using 4 workers of 4 for evacuation
[2022-07-11T06:34:18.018+0000][7][gc,age      ] GC(14) Desired survivor size 20971520 bytes, new threshold 2 (max threshold 15)
[2022-07-11T06:34:18.043+0000][7][gc,phases   ] GC(14)   Pre Evacuate Collection Set: 0.1ms
[2022-07-11T06:34:18.043+0000][7][gc,phases   ] GC(14)   Merge Heap Roots: 0.2ms
[2022-07-11T06:34:18.043+0000][7][gc,phases   ] GC(14)   Evacuate Collection Set: 21.7ms
[2022-07-11T06:34:18.043+0000][7][gc,phases   ] GC(14)   Post Evacuate Collection Set: 2.4ms
[2022-07-11T06:34:18.043+0000][7][gc,phases   ] GC(14)   Other: 0.1ms
[2022-07-11T06:34:18.043+0000][7][gc,age      ] GC(14) Age table with threshold 2 (max threshold 15)
[2022-07-11T06:34:18.043+0000][7][gc,age      ] GC(14) - age   1:    6437296 bytes,    6437296 total
[2022-07-11T06:34:18.043+0000][7][gc,age      ] GC(14) - age   2:    4475096 bytes,   10912392 total
[2022-07-11T06:34:18.043+0000][7][gc,heap     ] GC(14) Eden regions: 69->0(72)
[2022-07-11T06:34:18.043+0000][7][gc,heap     ] GC(14) Survivor regions: 7->4(10)
[2022-07-11T06:34:18.043+0000][7][gc,heap     ] GC(14) Old regions: 6->11
[2022-07-11T06:34:18.043+0000][7][gc,heap     ] GC(14) Archive regions: 2->2
[2022-07-11T06:34:18.043+0000][7][gc,heap     ] GC(14) Humongous regions: 0->0
[2022-07-11T06:34:18.043+0000][7][gc,metaspace] GC(14) Metaspace: 71979K(73472K)->71979K(73472K) NonClass: 62563K(63488K)->62563K(63488K) Class: 9415K(9984K)->9415K(9984K)
[2022-07-11T06:34:18.043+0000][7][gc          ] GC(14) Pause Young (Normal) (G1 Evacuation Pause) 330M->60M(512M) 24.760ms
[2022-07-11T06:34:18.043+0000][7][gc,cpu      ] GC(14) User=0.05s Sys=0.00s Real=0.02s
[2022-07-11T06:34:18.043+0000][7][safepoint   ] Safepoint "G1CollectForAllocation", Time since last: 551124225 ns, Reaching safepoint: 203308 ns, At safepoint: 24820196 ns, Total: 25023504 ns
[2022-07-11T06:34:19.085+0000][7][safepoint   ] Safepoint "ICBufferFull", Time since last: 1041350541 ns, Reaching safepoint: 906051 ns, At safepoint: 9918 ns, Total: 915969 ns
[2022-07-11T06:34:20.284+0000][7][safepoint   ] Safepoint "Cleanup", Time since last: 1198264273 ns, Reaching safepoint: 556914 ns, At safepoint: 17251 ns, Total: 574165 ns
[2022-07-11T06:34:20.514+0000][7][gc,start    ] GC(15) Pause Young (Concurrent Start) (Metadata GC Threshold)
[2022-07-11T06:34:20.514+0000][7][gc,task     ] GC(15) Using 4 workers of 4 for evacuation
[2022-07-11T06:34:20.514+0000][7][gc,age      ] GC(15) Desired survivor size 20971520 bytes, new threshold 15 (max threshold 15)
[2022-07-11T06:34:20.537+0000][7][gc,phases   ] GC(15)   Pre Evacuate Collection Set: 0.3ms
[2022-07-11T06:34:20.537+0000][7][gc,phases   ] GC(15)   Merge Heap Roots: 0.2ms
[2022-07-11T06:34:20.537+0000][7][gc,phases   ] GC(15)   Evacuate Collection Set: 20.6ms
[2022-07-11T06:34:20.537+0000][7][gc,phases   ] GC(15)   Post Evacuate Collection Set: 1.9ms
[2022-07-11T06:34:20.537+0000][7][gc,phases   ] GC(15)   Other: 0.1ms
[2022-07-11T06:34:20.537+0000][7][gc,age      ] GC(15) Age table with threshold 15 (max threshold 15)
[2022-07-11T06:34:20.537+0000][7][gc,age      ] GC(15) - age   1:   10780128 bytes,   10780128 total
[2022-07-11T06:34:20.537+0000][7][gc,age      ] GC(15) - age   2:    6201648 bytes,   16981776 total
[2022-07-11T06:34:20.537+0000][7][gc,age      ] GC(15) - age   3:    4368120 bytes,   21349896 total
[2022-07-11T06:34:20.537+0000][7][gc,heap     ] GC(15) Eden regions: 47->0(70)
[2022-07-11T06:34:20.537+0000][7][gc,heap     ] GC(15) Survivor regions: 4->6(10)
[2022-07-11T06:34:20.537+0000][7][gc,heap     ] GC(15) Old regions: 11->11
[2022-07-11T06:34:20.537+0000][7][gc,heap     ] GC(15) Archive regions: 2->2
[2022-07-11T06:34:20.537+0000][7][gc,heap     ] GC(15) Humongous regions: 0->0
[2022-07-11T06:34:20.537+0000][7][gc,metaspace] GC(15) Metaspace: 98030K(100800K)->98030K(100800K) NonClass: 84766K(86208K)->84766K(86208K) Class: 13263K(14592K)->13263K(14592K)
[2022-07-11T06:34:20.537+0000][7][gc          ] GC(15) Pause Young (Concurrent Start) (Metadata GC Threshold) 248M->68M(512M) 23.336ms
[2022-07-11T06:34:20.537+0000][7][gc,cpu      ] GC(15) User=0.06s Sys=0.00s Real=0.03s
[2022-07-11T06:34:20.537+0000][7][gc          ] GC(16) Concurrent Mark Cycle
[2022-07-11T06:34:20.537+0000][7][gc,marking  ] GC(16) Concurrent Clear Claimed Marks
[2022-07-11T06:34:20.537+0000][7][safepoint   ] Safepoint "CollectForMetadataAllocation", Time since last: 229419541 ns, Reaching safepoint: 314006 ns, At safepoint: 23443554 ns, Total: 23757560 ns
[2022-07-11T06:34:20.537+0000][7][gc,marking  ] GC(16) Concurrent Clear Claimed Marks 0.220ms
[2022-07-11T06:34:20.537+0000][7][gc,marking  ] GC(16) Concurrent Scan Root Regions
[2022-07-11T06:34:20.551+0000][7][gc,marking  ] GC(16) Concurrent Scan Root Regions 13.674ms
[2022-07-11T06:34:20.551+0000][7][gc,marking  ] GC(16) Concurrent Mark
[2022-07-11T06:34:20.551+0000][7][gc,marking  ] GC(16) Concurrent Mark From Roots
[2022-07-11T06:34:20.551+0000][7][gc,task     ] GC(16) Using 1 workers of 1 for marking
[2022-07-11T06:34:20.566+0000][7][safepoint   ] Safepoint "CollectForMetadataAllocation", Time since last: 28642051 ns, Reaching safepoint: 77104 ns, At safepoint: 57270 ns, Total: 134374 ns
[2022-07-11T06:34:20.596+0000][7][safepoint   ] Safepoint "CollectForMetadataAllocation", Time since last: 29662921 ns, Reaching safepoint: 62927 ns, At safepoint: 47212 ns, Total: 110139 ns
[2022-07-11T06:34:20.596+0000][7][gc,marking  ] GC(16) Concurrent Mark From Roots 44.728ms
[2022-07-11T06:34:20.596+0000][7][gc,marking  ] GC(16) Concurrent Preclean
[2022-07-11T06:34:20.596+0000][7][gc,marking  ] GC(16) Concurrent Preclean 0.262ms
[2022-07-11T06:34:20.596+0000][7][gc,start    ] GC(16) Pause Remark
[2022-07-11T06:34:20.607+0000][7][gc          ] GC(16) Pause Remark 74M->74M(512M) 10.682ms
[2022-07-11T06:34:20.607+0000][7][gc,cpu      ] GC(16) User=0.02s Sys=0.01s Real=0.02s
[2022-07-11T06:34:20.607+0000][7][safepoint   ] Safepoint "G1Concurrent", Time since last: 438464 ns, Reaching safepoint: 82692 ns, At safepoint: 10772879 ns, Total: 10855571 ns
[2022-07-11T06:34:20.617+0000][7][gc,marking  ] GC(16) Concurrent Mark 65.225ms
[2022-07-11T06:34:20.617+0000][7][gc,marking  ] GC(16) Concurrent Rebuild Remembered Sets
[2022-07-11T06:34:20.644+0000][7][gc,marking  ] GC(16) Concurrent Rebuild Remembered Sets 27.029ms
[2022-07-11T06:34:20.645+0000][7][gc,start    ] GC(16) Pause Cleanup
[2022-07-11T06:34:20.645+0000][7][gc          ] GC(16) Pause Cleanup 76M->76M(512M) 0.075ms
[2022-07-11T06:34:20.645+0000][7][gc,cpu      ] GC(16) User=0.00s Sys=0.00s Real=0.00s
[2022-07-11T06:34:20.645+0000][7][safepoint   ] Safepoint "G1Concurrent", Time since last: 37606319 ns, Reaching safepoint: 115028 ns, At safepoint: 113283 ns, Total: 228311 ns
[2022-07-11T06:34:20.645+0000][7][gc,marking  ] GC(16) Concurrent Cleanup for Next Mark
[2022-07-11T06:34:20.646+0000][7][gc,marking  ] GC(16) Concurrent Cleanup for Next Mark 0.970ms
[2022-07-11T06:34:20.646+0000][7][gc          ] GC(16) Concurrent Mark Cycle 109.268ms
[2022-07-11T06:34:20.750+0000][7][safepoint   ] Safepoint "ICBufferFull", Time since last: 104657025 ns, Reaching safepoint: 119429 ns, At safepoint: 5727 ns, Total: 125156 ns
[2022-07-11T06:34:21.790+0000][7][safepoint   ] Safepoint "Cleanup", Time since last: 1039803603 ns, Reaching safepoint: 180470 ns, At safepoint: 15784 ns, Total: 196254 ns
[2022-07-11T06:34:22.472+0000][7][safepoint   ] Safepoint "ICBufferFull", Time since last: 682421836 ns, Reaching safepoint: 131721 ns, At safepoint: 7613 ns, Total: 139334 ns
[2022-07-11T06:34:23.869+0000][7][safepoint   ] Safepoint "ICBufferFull", Time since last: 1396574023 ns, Reaching safepoint: 156934 ns, At safepoint: 9847 ns, Total: 166781 ns
[2022-07-11T06:34:24.899+0000][7][safepoint   ] Safepoint "ICBufferFull", Time since last: 1029971462 ns, Reaching safepoint: 169784 ns, At safepoint: 8451 ns, Total: 178235 ns
[2022-07-11T06:34:25.899+0000][7][safepoint   ] Safepoint "Cleanup", Time since last: 1000237085 ns, Reaching safepoint: 155187 ns, At safepoint: 12502 ns, Total: 167689 ns
[2022-07-11T06:34:26.900+0000][7][safepoint   ] Safepoint "Cleanup", Time since last: 1000193357 ns, Reaching safepoint: 94006 ns, At safepoint: 12362 ns, Total: 106368 ns
[2022-07-11T06:34:27.900+0000][7][safepoint   ] Safepoint "Cleanup", Time since last: 1000197958 ns, Reaching safepoint: 167270 ns, At safepoint: 9918 ns, Total: 177188 ns
[2022-07-11T06:34:28.900+0000][7][safepoint   ] Safepoint "Cleanup", Time since last: 1000211080 ns, Reaching safepoint: 153511 ns, At safepoint: 10686 ns, Total: 164197 ns
[2022-07-11T06:34:29.901+0000][7][safepoint   ] Safepoint "Cleanup", Time since last: 1000234539 ns, Reaching safepoint: 133606 ns, At safepoint: 12921 ns, Total: 146527 ns
[2022-07-11T06:34:31.901+0000][7][safepoint   ] Safepoint "Cleanup", Time since last: 2000217275 ns, Reaching safepoint: 64464 ns, At safepoint: 7683 ns, Total: 72147 ns
[2022-07-11T06:34:32.902+0000][7][safepoint   ] Safepoint "Cleanup", Time since last: 1000335156 ns, Reaching safepoint: 79060 ns, At safepoint: 19556 ns, Total: 98616 ns
[2022-07-11T06:34:33.902+0000][7][safepoint   ] Safepoint "Cleanup", Time since last: 1000188970 ns, Reaching safepoint: 138146 ns, At safepoint: 12082 ns, Total: 150228 ns
[2022-07-11T06:34:34.902+0000][7][safepoint   ] Safepoint "Cleanup", Time since last: 1000189521 ns, Reaching safepoint: 71029 ns, At safepoint: 11873 ns, Total: 82902 ns
[2022-07-11T06:34:36.902+0000][7][safepoint   ] Safepoint "Cleanup", Time since last: 2000243177 ns, Reaching safepoint: 65791 ns, At safepoint: 12361 ns, Total: 78152 ns
[2022-07-11T06:34:37.903+0000][7][safepoint   ] Safepoint "Cleanup", Time since last: 1000188590 ns, Reaching safepoint: 84019 ns, At safepoint: 10895 ns, Total: 94914 ns
[2022-07-11T06:34:38.903+0000][7][safepoint   ] Safepoint "Cleanup", Time since last: 1000161134 ns, Reaching safepoint: 53498 ns, At safepoint: 8591 ns, Total: 62089 ns
[2022-07-11T06:34:40.903+0000][7][safepoint   ] Safepoint "Cleanup", Time since last: 2000217132 ns, Reaching safepoint: 68794 ns, At safepoint: 8521 ns, Total: 77315 ns
[2022-07-11T06:34:41.904+0000][7][safepoint   ] Safepoint "Cleanup", Time since last: 1000158875 ns, Reaching safepoint: 83320 ns, At safepoint: 12642 ns, Total: 95962 ns
[2022-07-11T06:34:43.240+0000][7][safepoint   ] Safepoint "Cleanup", Time since last: 1336656210 ns, Reaching safepoint: 63905 ns, At safepoint: 13200 ns, Total: 77105 ns
[2022-07-11T06:34:44.241+0000][7][safepoint   ] Safepoint "Cleanup", Time since last: 1000202857 ns, Reaching safepoint: 77803 ns, At safepoint: 19556 ns, Total: 97359 ns
[2022-07-11T06:34:45.031+0000][7][safepoint   ] Safepoint "ICBufferFull", Time since last: 790443532 ns, Reaching safepoint: 162311 ns, At safepoint: 21930 ns, Total: 184241 ns
[2022-07-11T06:34:45.032+0000][7][gc,start    ] GC(17) Pause Young (Normal) (G1 Evacuation Pause)
[2022-07-11T06:34:45.032+0000][7][gc,task     ] GC(17) Using 4 workers of 4 for evacuation
[2022-07-11T06:34:45.032+0000][7][gc,age      ] GC(17) Desired survivor size 20971520 bytes, new threshold 3 (max threshold 15)
[2022-07-11T06:34:45.074+0000][7][gc,phases   ] GC(17)   Pre Evacuate Collection Set: 0.1ms
[2022-07-11T06:34:45.074+0000][7][gc,phases   ] GC(17)   Merge Heap Roots: 0.2ms
[2022-07-11T06:34:45.074+0000][7][gc,phases   ] GC(17)   Evacuate Collection Set: 38.8ms
[2022-07-11T06:34:45.074+0000][7][gc,phases   ] GC(17)   Post Evacuate Collection Set: 2.3ms
[2022-07-11T06:34:45.074+0000][7][gc,phases   ] GC(17)   Other: 0.4ms
[2022-07-11T06:34:45.074+0000][7][gc,age      ] GC(17) Age table with threshold 3 (max threshold 15)
[2022-07-11T06:34:45.074+0000][7][gc,age      ] GC(17) - age   1:   11618976 bytes,   11618976 total
[2022-07-11T06:34:45.074+0000][7][gc,age      ] GC(17) - age   2:   10295912 bytes,   21914888 total
[2022-07-11T06:34:45.074+0000][7][gc,age      ] GC(17) - age   3:    6177488 bytes,   28092376 total
[2022-07-11T06:34:45.074+0000][7][gc,heap     ] GC(17) Eden regions: 70->0(69)
[2022-07-11T06:34:45.074+0000][7][gc,heap     ] GC(17) Survivor regions: 6->7(10)
[2022-07-11T06:34:45.074+0000][7][gc,heap     ] GC(17) Old regions: 11->12
[2022-07-11T06:34:45.074+0000][7][gc,heap     ] GC(17) Archive regions: 2->2
[2022-07-11T06:34:45.074+0000][7][gc,heap     ] GC(17) Humongous regions: 0->0
[2022-07-11T06:34:45.074+0000][7][gc,metaspace] GC(17) Metaspace: 111985K(115008K)->111985K(115008K) NonClass: 96604K(98176K)->96604K(98176K) Class: 15380K(16832K)->15380K(16832K)
[2022-07-11T06:34:45.074+0000][7][gc          ] GC(17) Pause Young (Normal) (G1 Evacuation Pause) 348M->79M(512M) 42.034ms
[2022-07-11T06:34:45.074+0000][7][gc,cpu      ] GC(17) User=0.09s Sys=0.01s Real=0.04s
[2022-07-11T06:34:45.074+0000][7][safepoint   ] Safepoint "G1CollectForAllocation", Time since last: 485257 ns, Reaching safepoint: 126343 ns, At safepoint: 42117429 ns, Total: 42243772 ns
[2022-07-11T06:34:45.483+0000][7][safepoint   ] Safepoint "ICBufferFull", Time since last: 409338710 ns, Reaching safepoint: 185987 ns, At safepoint: 8101 ns, Total: 194088 ns
[2022-07-11T06:34:46.488+0000][7][safepoint   ] Safepoint "Cleanup", Time since last: 1004110878 ns, Reaching safepoint: 87930 ns, At safepoint: 12292 ns, Total: 100222 ns
[2022-07-11T06:34:48.436+0000][7][safepoint   ] Safepoint "Cleanup", Time since last: 1948140710 ns, Reaching safepoint: 107136 ns, At safepoint: 13829 ns, Total: 120965 ns
[2022-07-11T06:34:49.436+0000][7][safepoint   ] Safepoint "Cleanup", Time since last: 1000185216 ns, Reaching safepoint: 100013 ns, At safepoint: 11454 ns, Total: 111467 ns
[2022-07-11T06:34:49.971+0000][7][safepoint   ] Safepoint "ICBufferFull", Time since last: 534290383 ns, Reaching safepoint: 295429 ns, At safepoint: 15435 ns, Total: 310864 ns
[2022-07-11T06:34:50.200+0000][7][safepoint   ] Safepoint "ICBufferFull", Time since last: 228745727 ns, Reaching safepoint: 159378 ns, At safepoint: 7682 ns, Total: 167060 ns
[2022-07-11T06:34:51.200+0000][7][safepoint   ] Safepoint "Cleanup", Time since last: 1000153076 ns, Reaching safepoint: 109721 ns, At safepoint: 15085 ns, Total: 124806 ns
[2022-07-11T06:34:52.305+0000][7][safepoint   ] Safepoint "ICBufferFull", Time since last: 1104963299 ns, Reaching safepoint: 164616 ns, At safepoint: 17181 ns, Total: 181797 ns
[2022-07-11T06:34:52.826+0000][7][safepoint   ] Safepoint "ICBufferFull", Time since last: 520601901 ns, Reaching safepoint: 235086 ns, At safepoint: 18159 ns, Total: 253245 ns
[2022-07-11T06:34:53.826+0000][7][safepoint   ] Safepoint "Cleanup", Time since last: 1000182249 ns, Reaching safepoint: 112793 ns, At safepoint: 15226 ns, Total: 128019 ns
[2022-07-11T06:34:54.827+0000][7][safepoint   ] Safepoint "Cleanup", Time since last: 1000210178 ns, Reaching safepoint: 148622 ns, At safepoint: 29124 ns, Total: 177746 ns
[2022-07-11T06:34:55.827+0000][7][safepoint   ] Safepoint "Cleanup", Time since last: 1000184050 ns, Reaching safepoint: 92469 ns, At safepoint: 18159 ns, Total: 110628 ns
[2022-07-11T06:34:56.827+0000][7][safepoint   ] Safepoint "Cleanup", Time since last: 1000186137 ns, Reaching safepoint: 92540 ns, At safepoint: 13759 ns, Total: 106299 ns
[2022-07-11T06:34:57.828+0000][7][safepoint   ] Safepoint "Cleanup", Time since last: 1000206314 ns, Reaching safepoint: 102108 ns, At safepoint: 12781 ns, Total: 114889 ns
[2022-07-11T06:34:58.166+0000][7][safepoint   ] Safepoint "ICBufferFull", Time since last: 337850898 ns, Reaching safepoint: 151276 ns, At safepoint: 10267 ns, Total: 161543 ns
[2022-07-11T06:34:59.166+0000][7][safepoint   ] Safepoint "Cleanup", Time since last: 1000241992 ns, Reaching safepoint: 157422 ns, At safepoint: 34362 ns, Total: 191784 ns
[2022-07-11T06:35:00.166+0000][7][safepoint   ] Safepoint "Cleanup", Time since last: 1000186880 ns, Reaching safepoint: 117893 ns, At safepoint: 13339 ns, Total: 131232 ns
[2022-07-11T06:35:01.167+0000][7][safepoint   ] Safepoint "Cleanup", Time since last: 1000234016 ns, Reaching safepoint: 106298 ns, At safepoint: 21022 ns, Total: 127320 ns
[2022-07-11T06:35:02.167+0000][7][safepoint   ] Safepoint "Cleanup", Time since last: 1000190357 ns, Reaching safepoint: 78572 ns, At safepoint: 11524 ns, Total: 90096 ns
[2022-07-11T06:35:03.167+0000][7][safepoint   ] Safepoint "Cleanup", Time since last: 1000167441 ns, Reaching safepoint: 58667 ns, At safepoint: 13689 ns, Total: 72356 ns
[2022-07-11T06:35:04.168+0000][7][safepoint   ] Safepoint "Cleanup", Time since last: 1000148158 ns, Reaching safepoint: 115098 ns, At safepoint: 11594 ns, Total: 126692 ns
[2022-07-11T06:35:05.168+0000][7][safepoint   ] Safepoint "Cleanup", Time since last: 1000158766 ns, Reaching safepoint: 99454 ns, At safepoint: 10476 ns, Total: 109930 ns
[2022-07-11T06:35:06.262+0000][7][safepoint   ] Safepoint "Cleanup", Time since last: 1094370707 ns, Reaching safepoint: 111257 ns, At safepoint: 11943 ns, Total: 123200 ns
[2022-07-11T06:35:08.250+0000][7][safepoint   ] Safepoint "Cleanup", Time since last: 1987345108 ns, Reaching safepoint: 95194 ns, At safepoint: 6285 ns, Total: 101479 ns
[2022-07-11T06:35:09.250+0000][7][safepoint   ] Safepoint "Cleanup", Time since last: 1000136108 ns, Reaching safepoint: 63695 ns, At safepoint: 6565 ns, Total: 70260 ns
[2022-07-11T06:35:10.250+0000][7][safepoint   ] Safepoint "Cleanup", Time since last: 1000156773 ns, Reaching safepoint: 254990 ns, At safepoint: 14317 ns, Total: 269307 ns
[2022-07-11T06:35:11.251+0000][7][safepoint   ] Safepoint "Cleanup", Time since last: 1000193572 ns, Reaching safepoint: 108743 ns, At safepoint: 12362 ns, Total: 121105 ns
[2022-07-11T06:35:12.251+0000][7][safepoint   ] Safepoint "Cleanup", Time since last: 1000192097 ns, Reaching safepoint: 119219 ns, At safepoint: 12991 ns, Total: 132210 ns
[2022-07-11T06:35:13.251+0000][7][safepoint   ] Safepoint "Cleanup", Time since last: 1000195931 ns, Reaching safepoint: 121594 ns, At safepoint: 13409 ns, Total: 135003 ns
[2022-07-11T06:35:14.252+0000][7][safepoint   ] Safepoint "Cleanup", Time since last: 1000187194 ns, Reaching safepoint: 89048 ns, At safepoint: 12920 ns, Total: 101968 ns
[2022-07-11T06:35:15.252+0000][7][safepoint   ] Safepoint "Cleanup", Time since last: 1000192565 ns, Reaching safepoint: 94984 ns, At safepoint: 14177 ns, Total: 109161 ns
[2022-07-11T06:35:16.252+0000][7][safepoint   ] Safepoint "Cleanup", Time since last: 1000415421 ns, Reaching safepoint: 102597 ns, At safepoint: 7193 ns, Total: 109790 ns
[2022-07-11T06:35:17.253+0000][7][safepoint   ] Safepoint "Cleanup", Time since last: 1000220975 ns, Reaching safepoint: 244584 ns, At safepoint: 13061 ns, Total: 257645 ns
[2022-07-11T06:35:18.253+0000][7][safepoint   ] Safepoint "Cleanup", Time since last: 1000177945 ns, Reaching safepoint: 62228 ns, At safepoint: 10477 ns, Total: 72705 ns
[2022-07-11T06:35:19.253+0000][7][safepoint   ] Safepoint "Cleanup", Time since last: 1000164458 ns, Reaching safepoint: 96800 ns, At safepoint: 13340 ns, Total: 110140 ns
[2022-07-11T06:35:20.254+0000][7][safepoint   ] Safepoint "Cleanup", Time since last: 1000206356 ns, Reaching safepoint: 101968 ns, At safepoint: 12292 ns, Total: 114260 ns
[2022-07-11T06:35:22.254+0000][7][safepoint   ] Safepoint "Cleanup", Time since last: 2000276989 ns, Reaching safepoint: 154838 ns, At safepoint: 19416 ns, Total: 174254 ns
[2022-07-11T06:35:23.255+0000][7][safepoint   ] Safepoint "Cleanup", Time since last: 1000219325 ns, Reaching safepoint: 93867 ns, At safepoint: 12920 ns, Total: 106787 ns
[2022-07-11T06:35:24.255+0000][7][safepoint   ] Safepoint "Cleanup", Time since last: 1000201718 ns, Reaching safepoint: 110908 ns, At safepoint: 13130 ns, Total: 124038 ns
[2022-07-11T06:35:25.255+0000][7][safepoint   ] Safepoint "Cleanup", Time since last: 1000194586 ns, Reaching safepoint: 101969 ns, At safepoint: 9428 ns, Total: 111397 ns
[2022-07-11T06:35:27.256+0000][7][safepoint   ] Safepoint "Cleanup", Time since last: 2000310650 ns, Reaching safepoint: 79689 ns, At safepoint: 12502 ns, Total: 92191 ns
[2022-07-11T06:35:28.256+0000][7][safepoint   ] Safepoint "Cleanup", Time since last: 1000192469 ns, Reaching safepoint: 164057 ns, At safepoint: 19137 ns, Total: 183194 ns
[2022-07-11T06:35:29.256+0000][7][safepoint   ] Safepoint "Cleanup", Time since last: 1000193161 ns, Reaching safepoint: 79689 ns, At safepoint: 11384 ns, Total: 91073 ns
[2022-07-11T06:35:31.257+0000][7][safepoint   ] Safepoint "Cleanup", Time since last: 2000254649 ns, Reaching safepoint: 98337 ns, At safepoint: 23746 ns, Total: 122083 ns
[2022-07-11T06:35:32.257+0000][7][safepoint   ] Safepoint "Cleanup", Time since last: 1000336663 ns, Reaching safepoint: 83390 ns, At safepoint: 12502 ns, Total: 95892 ns
[2022-07-11T06:35:34.257+0000][7][safepoint   ] Safepoint "Cleanup", Time since last: 2000277654 ns, Reaching safepoint: 126413 ns, At safepoint: 12013 ns, Total: 138426 ns
[2022-07-11T06:35:35.258+0000][7][safepoint   ] Safepoint "Cleanup", Time since last: 1000179010 ns, Reaching safepoint: 116844 ns, At safepoint: 12921 ns, Total: 129765 ns
[2022-07-11T06:35:37.258+0000][7][safepoint   ] Safepoint "Cleanup", Time since last: 2000286482 ns, Reaching safepoint: 124387 ns, At safepoint: 18508 ns, Total: 142895 ns
[2022-07-11T06:35:39.259+0000][7][safepoint   ] Safepoint "Cleanup", Time since last: 2000278282 ns, Reaching safepoint: 91771 ns, At safepoint: 12502 ns, Total: 104273 ns
[2022-07-11T06:35:40.259+0000][7][safepoint   ] Safepoint "Cleanup", Time since last: 1000202651 ns, Reaching safepoint: 161333 ns, At safepoint: 19137 ns, Total: 180470 ns
[2022-07-11T06:35:41.259+0000][7][safepoint   ] Safepoint "Cleanup", Time since last: 1000193425 ns, Reaching safepoint: 158749 ns, At safepoint: 21511 ns, Total: 180260 ns
[2022-07-11T06:35:42.260+0000][7][safepoint   ] Safepoint "Cleanup", Time since last: 1000190415 ns, Reaching safepoint: 87232 ns, At safepoint: 22419 ns, Total: 109651 ns
[2022-07-11T06:35:43.260+0000][7][safepoint   ] Safepoint "Cleanup", Time since last: 1000405519 ns, Reaching safepoint: 101130 ns, At safepoint: 21860 ns, Total: 122990 ns
[2022-07-11T06:35:44.260+0000][7][safepoint   ] Safepoint "Cleanup", Time since last: 1000195290 ns, Reaching safepoint: 80038 ns, At safepoint: 12502 ns, Total: 92540 ns
[2022-07-11T06:35:46.261+0000][7][safepoint   ] Safepoint "Cleanup", Time since last: 2000253949 ns, Reaching safepoint: 91981 ns, At safepoint: 8241 ns, Total: 100222 ns
[2022-07-11T06:35:47.261+0000][7][safepoint   ] Safepoint "Cleanup", Time since last: 1000153365 ns, Reaching safepoint: 79269 ns, At safepoint: 12362 ns, Total: 91631 ns
[2022-07-11T06:35:48.953+0000][7][gc,start    ] GC(18) Pause Young (Normal) (G1 Evacuation Pause)
[2022-07-11T06:35:48.953+0000][7][gc,task     ] GC(18) Using 4 workers of 4 for evacuation
[2022-07-11T06:35:48.953+0000][7][gc,age      ] GC(18) Desired survivor size 20971520 bytes, new threshold 2 (max threshold 15)
[2022-07-11T06:35:48.990+0000][7][gc,phases   ] GC(18)   Pre Evacuate Collection Set: 0.1ms
[2022-07-11T06:35:48.990+0000][7][gc,phases   ] GC(18)   Merge Heap Roots: 0.2ms
[2022-07-11T06:35:48.990+0000][7][gc,phases   ] GC(18)   Evacuate Collection Set: 33.1ms
[2022-07-11T06:35:48.990+0000][7][gc,phases   ] GC(18)   Post Evacuate Collection Set: 3.2ms
[2022-07-11T06:35:48.990+0000][7][gc,phases   ] GC(18)   Other: 0.1ms
[2022-07-11T06:35:48.990+0000][7][gc,age      ] GC(18) Age table with threshold 2 (max threshold 15)
[2022-07-11T06:35:48.990+0000][7][gc,age      ] GC(18) - age   1:    8329704 bytes,    8329704 total
[2022-07-11T06:35:48.990+0000][7][gc,age      ] GC(18) - age   2:    9619864 bytes,   17949568 total
[2022-07-11T06:35:48.990+0000][7][gc,heap     ] GC(18) Eden regions: 69->0(71)
[2022-07-11T06:35:48.990+0000][7][gc,heap     ] GC(18) Survivor regions: 7->5(10)
[2022-07-11T06:35:48.990+0000][7][gc,heap     ] GC(18) Old regions: 12->16
[2022-07-11T06:35:48.990+0000][7][gc,heap     ] GC(18) Archive regions: 2->2
[2022-07-11T06:35:48.990+0000][7][gc,heap     ] GC(18) Humongous regions: 0->0
[2022-07-11T06:35:48.990+0000][7][gc,metaspace] GC(18) Metaspace: 118711K(121792K)->118711K(121792K) NonClass: 102591K(104192K)->102591K(104192K) Class: 16120K(17600K)->16120K(17600K)
[2022-07-11T06:35:48.990+0000][7][gc          ] GC(18) Pause Young (Normal) (G1 Evacuation Pause) 355M->87M(512M) 37.029ms
[2022-07-11T06:35:48.990+0000][7][gc,cpu      ] GC(18) User=0.10s Sys=0.00s Real=0.04s
[2022-07-11T06:35:48.990+0000][7][safepoint   ] Safepoint "G1CollectForAllocation", Time since last: 1690861484 ns, Reaching safepoint: 857860 ns, At safepoint: 37122714 ns, Total: 37980574 ns
[2022-07-11T06:35:49.990+0000][7][safepoint   ] Safepoint "Cleanup", Time since last: 1000121148 ns, Reaching safepoint: 100502 ns, At safepoint: 14667 ns, Total: 115169 ns
[2022-07-11T06:35:51.991+0000][7][safepoint   ] Safepoint "Cleanup", Time since last: 2000268048 ns, Reaching safepoint: 140380 ns, At safepoint: 12781 ns, Total: 153161 ns
[2022-07-11T06:35:52.991+0000][7][safepoint   ] Safepoint "Cleanup", Time since last: 1000197325 ns, Reaching safepoint: 117334 ns, At safepoint: 13339 ns, Total: 130673 ns
[2022-07-11T06:35:53.991+0000][7][safepoint   ] Safepoint "Cleanup", Time since last: 1000179020 ns, Reaching safepoint: 60133 ns, At safepoint: 8521 ns, Total: 68654 ns
[2022-07-11T06:35:54.991+0000][7][safepoint   ] Safepoint "Cleanup", Time since last: 1000161692 ns, Reaching safepoint: 100711 ns, At safepoint: 12921 ns, Total: 113632 ns
[2022-07-11T06:35:55.992+0000][7][safepoint   ] Safepoint "Cleanup", Time since last: 1000199748 ns, Reaching safepoint: 86045 ns, At safepoint: 12851 ns, Total: 98896 ns
[2022-07-11T06:35:56.992+0000][7][safepoint   ] Safepoint "Cleanup", Time since last: 1000176554 ns, Reaching safepoint: 91842 ns, At safepoint: 21860 ns, Total: 113702 ns
[2022-07-11T06:35:57.992+0000][7][safepoint   ] Safepoint "Cleanup", Time since last: 1000178922 ns, Reaching safepoint: 79619 ns, At safepoint: 20673 ns, Total: 100292 ns
[2022-07-11T06:35:58.992+0000][7][safepoint   ] Safepoint "Cleanup", Time since last: 1000131075 ns, Reaching safepoint: 61460 ns, At safepoint: 8102 ns, Total: 69562 ns
[2022-07-11T06:35:59.993+0000][7][safepoint   ] Safepoint "Cleanup", Time since last: 1000154185 ns, Reaching safepoint: 92470 ns, At safepoint: 11943 ns, Total: 104413 ns
[2022-07-11T06:36:00.993+0000][7][safepoint   ] Safepoint "Cleanup", Time since last: 1000186515 ns, Reaching safepoint: 86882 ns, At safepoint: 21511 ns, Total: 108393 ns
[2022-07-11T06:36:03.993+0000][7][safepoint   ] Safepoint "Cleanup", Time since last: 3000371213 ns, Reaching safepoint: 67117 ns, At safepoint: 11454 ns, Total: 78571 ns
[2022-07-11T06:36:04.994+0000][7][safepoint   ] Safepoint "Cleanup", Time since last: 1000176152 ns, Reaching safepoint: 206241 ns, At safepoint: 18438 ns, Total: 224679 ns
[2022-07-11T06:36:06.994+0000][7][safepoint   ] Safepoint "Cleanup", Time since last: 2000289496 ns, Reaching safepoint: 90654 ns, At safepoint: 18228 ns, Total: 108882 ns
[2022-07-11T06:36:08.995+0000][7][safepoint   ] Safepoint "Cleanup", Time since last: 2000297641 ns, Reaching safepoint: 77873 ns, At safepoint: 12781 ns, Total: 90654 ns
[2022-07-11T06:36:09.995+0000][7][safepoint   ] Safepoint "Cleanup", Time since last: 1000186106 ns, Reaching safepoint: 84298 ns, At safepoint: 12502 ns, Total: 96800 ns
[2022-07-11T06:36:10.995+0000][7][safepoint   ] Safepoint "Cleanup", Time since last: 1000187985 ns, Reaching safepoint: 104342 ns, At safepoint: 12711 ns, Total: 117053 ns
[2022-07-11T06:36:12.996+0000][7][safepoint   ] Safepoint "Cleanup", Time since last: 2000292001 ns, Reaching safepoint: 93168 ns, At safepoint: 12083 ns, Total: 105251 ns
[2022-07-11T06:36:13.996+0000][7][safepoint   ] Safepoint "Cleanup", Time since last: 1000161565 ns, Reaching safepoint: 45676 ns, At safepoint: 6774 ns, Total: 52450 ns
[2022-07-11T06:36:14.996+0000][7][safepoint   ] Safepoint "Cleanup", Time since last: 1000183070 ns, Reaching safepoint: 89606 ns, At safepoint: 13410 ns, Total: 103016 ns
[2022-07-11T06:36:15.996+0000][7][safepoint   ] Safepoint "Cleanup", Time since last: 1000201780 ns, Reaching safepoint: 76127 ns, At safepoint: 16902 ns, Total: 93029 ns
[2022-07-11T06:36:16.997+0000][7][safepoint   ] Safepoint "Cleanup", Time since last: 1000343063 ns, Reaching safepoint: 162171 ns, At safepoint: 20533 ns, Total: 182704 ns
[2022-07-11T06:36:18.997+0000][7][safepoint   ] Safepoint "Cleanup", Time since last: 2000251205 ns, Reaching safepoint: 74311 ns, At safepoint: 7263 ns, Total: 81574 ns
[2022-07-11T06:36:20.998+0000][7][safepoint   ] Safepoint "Cleanup", Time since last: 2000240144 ns, Reaching safepoint: 79200 ns, At safepoint: 10895 ns, Total: 90095 ns
[2022-07-11T06:36:21.998+0000][7][safepoint   ] Safepoint "Cleanup", Time since last: 1000181697 ns, Reaching safepoint: 74381 ns, At safepoint: 11873 ns, Total: 86254 ns
[2022-07-11T06:36:22.998+0000][7][safepoint   ] Safepoint "Cleanup", Time since last: 1000178129 ns, Reaching safepoint: 148831 ns, At safepoint: 12362 ns, Total: 161193 ns
[2022-07-11T06:36:23.999+0000][7][safepoint   ] Safepoint "Cleanup", Time since last: 1000194046 ns, Reaching safepoint: 85416 ns, At safepoint: 12222 ns, Total: 97638 ns
[2022-07-11T06:36:24.999+0000][7][safepoint   ] Safepoint "Cleanup", Time since last: 1000173157 ns, Reaching safepoint: 59575 ns, At safepoint: 6774 ns, Total: 66349 ns
[2022-07-11T06:36:26.999+0000][7][safepoint   ] Safepoint "Cleanup", Time since last: 2000247121 ns, Reaching safepoint: 66279 ns, At safepoint: 11105 ns, Total: 77384 ns
[2022-07-11T06:36:27.999+0000][7][safepoint   ] Safepoint "Cleanup", Time since last: 1000148833 ns, Reaching safepoint: 60971 ns, At safepoint: 8241 ns, Total: 69212 ns
[2022-07-11T06:36:29.000+0000][7][safepoint   ] Safepoint "Cleanup", Time since last: 1000106573 ns, Reaching safepoint: 151835 ns, At safepoint: 10965 ns, Total: 162800 ns
[2022-07-11T06:36:30.000+0000][7][safepoint   ] Safepoint "Cleanup", Time since last: 1000132757 ns, Reaching safepoint: 49238 ns, At safepoint: 7962 ns, Total: 57200 ns
[2022-07-11T06:36:31.000+0000][7][safepoint   ] Safepoint "Cleanup", Time since last: 1000124998 ns, Reaching safepoint: 43720 ns, At safepoint: 8172 ns, Total: 51892 ns
[2022-07-11T06:36:32.000+0000][7][safepoint   ] Safepoint "Cleanup", Time since last: 1000162496 ns, Reaching safepoint: 82483 ns, At safepoint: 18717 ns, Total: 101200 ns
[2022-07-11T06:36:34.001+0000][7][safepoint   ] Safepoint "Cleanup", Time since last: 2000261209 ns, Reaching safepoint: 74241 ns, At safepoint: 21092 ns, Total: 95333 ns
[2022-07-11T06:36:35.303+0000][7][safepoint   ] Safepoint "Cleanup", Time since last: 1302772178 ns, Reaching safepoint: 124038 ns, At safepoint: 8101 ns, Total: 132139 ns
[2022-07-11T06:36:37.304+0000][7][safepoint   ] Safepoint "Cleanup", Time since last: 2000244476 ns, Reaching safepoint: 64393 ns, At safepoint: 12851 ns, Total: 77244 ns
[2022-07-11T06:36:39.304+0000][7][safepoint   ] Safepoint "Cleanup", Time since last: 2000254787 ns, Reaching safepoint: 54406 ns, At safepoint: 8521 ns, Total: 62927 ns
[2022-07-11T06:36:40.304+0000][7][safepoint   ] Safepoint "Cleanup", Time since last: 1000181511 ns, Reaching safepoint: 114469 ns, At safepoint: 11943 ns, Total: 126412 ns
[2022-07-11T06:36:41.305+0000][7][safepoint   ] Safepoint "Cleanup", Time since last: 1000180038 ns, Reaching safepoint: 96311 ns, At safepoint: 12991 ns, Total: 109302 ns
[2022-07-11T06:36:42.305+0000][7][safepoint   ] Safepoint "Cleanup", Time since last: 1000187854 ns, Reaching safepoint: 86812 ns, At safepoint: 12502 ns, Total: 99314 ns
[2022-07-11T06:36:43.305+0000][7][safepoint   ] Safepoint "Cleanup", Time since last: 1000197695 ns, Reaching safepoint: 84787 ns, At safepoint: 10616 ns, Total: 95403 ns
[2022-07-11T06:36:44.306+0000][7][safepoint   ] Safepoint "Cleanup", Time since last: 1000179950 ns, Reaching safepoint: 91073 ns, At safepoint: 12571 ns, Total: 103644 ns
[2022-07-11T06:36:45.306+0000][7][safepoint   ] Safepoint "Cleanup", Time since last: 1000184693 ns, Reaching safepoint: 71168 ns, At safepoint: 11384 ns, Total: 82552 ns
[2022-07-11T06:36:46.306+0000][7][safepoint   ] Safepoint "Cleanup", Time since last: 1000181474 ns, Reaching safepoint: 129974 ns, At safepoint: 12362 ns, Total: 142336 ns
[2022-07-11T06:36:47.306+0000][7][safepoint   ] Safepoint "Cleanup", Time since last: 1000192433 ns, Reaching safepoint: 94914 ns, At safepoint: 18717 ns, Total: 113631 ns
[2022-07-11T06:36:48.307+0000][7][safepoint   ] Safepoint "Cleanup", Time since last: 1000191519 ns, Reaching safepoint: 78571 ns, At safepoint: 12991 ns, Total: 91562 ns
[2022-07-11T06:36:49.307+0000][7][safepoint   ] Safepoint "Cleanup", Time since last: 1000186134 ns, Reaching safepoint: 114959 ns, At safepoint: 19136 ns, Total: 134095 ns
[2022-07-11T06:36:50.307+0000][7][safepoint   ] Safepoint "Cleanup", Time since last: 1000172091 ns, Reaching safepoint: 55873 ns, At safepoint: 11803 ns, Total: 67676 ns
[2022-07-11T06:36:52.308+0000][7][safepoint   ] Safepoint "Cleanup", Time since last: 2000224315 ns, Reaching safepoint: 66000 ns, At safepoint: 10616 ns, Total: 76616 ns
[2022-07-11T06:36:53.308+0000][7][safepoint   ] Safepoint "Cleanup", Time since last: 1000139246 ns, Reaching safepoint: 86743 ns, At safepoint: 8870 ns, Total: 95613 ns
[2022-07-11T06:36:54.308+0000][7][safepoint   ] Safepoint "Cleanup", Time since last: 1000148949 ns, Reaching safepoint: 89117 ns, At safepoint: 19416 ns, Total: 108533 ns
[2022-07-11T06:36:55.308+0000][7][safepoint   ] Safepoint "Cleanup", Time since last: 1000200136 ns, Reaching safepoint: 101200 ns, At safepoint: 21721 ns, Total: 122921 ns
[2022-07-11T06:36:57.309+0000][7][safepoint   ] Safepoint "Cleanup", Time since last: 2000262038 ns, Reaching safepoint: 86882 ns, At safepoint: 7613 ns, Total: 94495 ns
[2022-07-11T06:36:58.309+0000][7][safepoint   ] Safepoint "Cleanup", Time since last: 1000159889 ns, Reaching safepoint: 100991 ns, At safepoint: 6146 ns, Total: 107137 ns
[2022-07-11T06:36:59.309+0000][7][safepoint   ] Safepoint "Cleanup", Time since last: 1000156880 ns, Reaching safepoint: 94425 ns, At safepoint: 12712 ns, Total: 107137 ns
[2022-07-11T06:37:00.310+0000][7][safepoint   ] Safepoint "Cleanup", Time since last: 1000196194 ns, Reaching safepoint: 60623 ns, At safepoint: 11523 ns, Total: 72146 ns
[2022-07-11T06:37:01.310+0000][7][safepoint   ] Safepoint "Cleanup", Time since last: 1000181523 ns, Reaching safepoint: 86393 ns, At safepoint: 11384 ns, Total: 97777 ns
[2022-07-11T06:37:04.313+0000][7][safepoint   ] Safepoint "Cleanup", Time since last: 3002750954 ns, Reaching safepoint: 80877 ns, At safepoint: 20812 ns, Total: 101689 ns
[2022-07-11T06:37:05.313+0000][7][safepoint   ] Safepoint "Cleanup", Time since last: 1000161873 ns, Reaching safepoint: 58038 ns, At safepoint: 6356 ns, Total: 64394 ns
[2022-07-11T06:37:07.313+0000][7][safepoint   ] Safepoint "Cleanup", Time since last: 2000238242 ns, Reaching safepoint: 69632 ns, At safepoint: 8241 ns, Total: 77873 ns
[2022-07-11T06:37:10.314+0000][7][safepoint   ] Safepoint "Cleanup", Time since last: 3000320723 ns, Reaching safepoint: 183054 ns, At safepoint: 12571 ns, Total: 195625 ns
[2022-07-11T06:37:11.314+0000][7][safepoint   ] Safepoint "Cleanup", Time since last: 1000172663 ns, Reaching safepoint: 98197 ns, At safepoint: 13968 ns, Total: 112165 ns
[2022-07-11T06:37:12.314+0000][7][safepoint   ] Safepoint "Cleanup", Time since last: 1000190536 ns, Reaching safepoint: 80597 ns, At safepoint: 10476 ns, Total: 91073 ns
[2022-07-11T06:37:13.315+0000][7][safepoint   ] Safepoint "Cleanup", Time since last: 1000200169 ns, Reaching safepoint: 124806 ns, At safepoint: 30032 ns, Total: 154838 ns
[2022-07-11T06:37:14.315+0000][7][safepoint   ] Safepoint "Cleanup", Time since last: 1000185985 ns, Reaching safepoint: 86324 ns, At safepoint: 19625 ns, Total: 105949 ns
[2022-07-11T06:37:16.315+0000][7][safepoint   ] Safepoint "Cleanup", Time since last: 2000260416 ns, Reaching safepoint: 86952 ns, At safepoint: 8381 ns, Total: 95333 ns
[2022-07-11T06:37:17.316+0000][7][safepoint   ] Safepoint "Cleanup", Time since last: 1000151187 ns, Reaching safepoint: 94914 ns, At safepoint: 11315 ns, Total: 106229 ns
[2022-07-11T06:37:18.316+0000][7][safepoint   ] Safepoint "Cleanup", Time since last: 1000208520 ns, Reaching safepoint: 82971 ns, At safepoint: 12502 ns, Total: 95473 ns
[2022-07-11T06:37:19.316+0000][7][safepoint   ] Safepoint "Cleanup", Time since last: 1000193638 ns, Reaching safepoint: 145340 ns, At safepoint: 24375 ns, Total: 169715 ns
[2022-07-11T06:37:20.317+0000][7][safepoint   ] Safepoint "Cleanup", Time since last: 1000183785 ns, Reaching safepoint: 66768 ns, At safepoint: 10895 ns, Total: 77663 ns
[2022-07-11T06:37:22.317+0000][7][safepoint   ] Safepoint "Cleanup", Time since last: 2000258182 ns, Reaching safepoint: 85415 ns, At safepoint: 9988 ns, Total: 95403 ns
[2022-07-11T06:37:23.317+0000][7][safepoint   ] Safepoint "Cleanup", Time since last: 1000149406 ns, Reaching safepoint: 113003 ns, At safepoint: 8660 ns, Total: 121663 ns
[2022-07-11T06:37:24.317+0000][7][safepoint   ] Safepoint "Cleanup", Time since last: 1000135432 ns, Reaching safepoint: 89187 ns, At safepoint: 7054 ns, Total: 96241 ns
[2022-07-11T06:37:28.318+0000][7][safepoint   ] Safepoint "Cleanup", Time since last: 4000390465 ns, Reaching safepoint: 83879 ns, At safepoint: 10546 ns, Total: 94425 ns
[2022-07-11T06:37:29.318+0000][7][safepoint   ] Safepoint "Cleanup", Time since last: 1000159010 ns, Reaching safepoint: 117822 ns, At safepoint: 12921 ns, Total: 130743 ns
[2022-07-11T06:37:30.318+0000][7][safepoint   ] Safepoint "Cleanup", Time since last: 1000113608 ns, Reaching safepoint: 73333 ns, At safepoint: 10616 ns, Total: 83949 ns
[2022-07-11T06:37:31.319+0000][7][safepoint   ] Safepoint "Cleanup", Time since last: 1000184909 ns, Reaching safepoint: 75429 ns, At safepoint: 20393 ns, Total: 95822 ns
[2022-07-11T06:37:32.319+0000][7][safepoint   ] Safepoint "Cleanup", Time since last: 1000183158 ns, Reaching safepoint: 66769 ns, At safepoint: 12501 ns, Total: 79270 ns
[2022-07-11T06:37:34.064+0000][7][gc,start    ] GC(19) Pause Young (Normal) (G1 Evacuation Pause)
[2022-07-11T06:37:34.064+0000][7][gc,task     ] GC(19) Using 4 workers of 4 for evacuation
[2022-07-11T06:37:34.064+0000][7][gc,age      ] GC(19) Desired survivor size 20971520 bytes, new threshold 15 (max threshold 15)
[2022-07-11T06:37:34.082+0000][7][gc,phases   ] GC(19)   Pre Evacuate Collection Set: 0.3ms
[2022-07-11T06:37:34.082+0000][7][gc,phases   ] GC(19)   Merge Heap Roots: 0.3ms
[2022-07-11T06:37:34.082+0000][7][gc,phases   ] GC(19)   Evacuate Collection Set: 15.4ms
[2022-07-11T06:37:34.082+0000][7][gc,phases   ] GC(19)   Post Evacuate Collection Set: 1.4ms
[2022-07-11T06:37:34.082+0000][7][gc,phases   ] GC(19)   Other: 0.2ms
[2022-07-11T06:37:34.082+0000][7][gc,age      ] GC(19) Age table with threshold 15 (max threshold 15)
[2022-07-11T06:37:34.082+0000][7][gc,age      ] GC(19) - age   1:     982240 bytes,     982240 total
[2022-07-11T06:37:34.082+0000][7][gc,age      ] GC(19) - age   2:    7636008 bytes,    8618248 total
[2022-07-11T06:37:34.082+0000][7][gc,age      ] GC(19) - age   3:    9619600 bytes,   18237848 total
[2022-07-11T06:37:34.082+0000][7][gc,heap     ] GC(19) Eden regions: 71->0(71)
[2022-07-11T06:37:34.082+0000][7][gc,heap     ] GC(19) Survivor regions: 5->5(10)
[2022-07-11T06:37:34.082+0000][7][gc,heap     ] GC(19) Old regions: 16->16
[2022-07-11T06:37:34.082+0000][7][gc,heap     ] GC(19) Archive regions: 2->2
[2022-07-11T06:37:34.082+0000][7][gc,heap     ] GC(19) Humongous regions: 0->0
[2022-07-11T06:37:34.082+0000][7][gc,metaspace] GC(19) Metaspace: 119965K(123072K)->119965K(123072K) NonClass: 103844K(105472K)->103844K(105472K) Class: 16121K(17600K)->16121K(17600K)
[2022-07-11T06:37:34.082+0000][7][gc          ] GC(19) Pause Young (Normal) (G1 Evacuation Pause) 371M->87M(512M) 17.944ms
[2022-07-11T06:37:34.082+0000][7][gc,cpu      ] GC(19) User=0.04s Sys=0.00s Real=0.02s
[2022-07-11T06:37:34.082+0000][7][safepoint   ] Safepoint "G1CollectForAllocation", Time since last: 1744877091 ns, Reaching safepoint: 84717 ns, At safepoint: 18030831 ns, Total: 18115548 ns
[2022-07-11T06:37:35.082+0000][7][safepoint   ] Safepoint "Cleanup", Time since last: 1000105968 ns, Reaching safepoint: 88419 ns, At safepoint: 8171 ns, Total: 96590 ns
[2022-07-11T06:37:37.082+0000][7][safepoint   ] Safepoint "Cleanup", Time since last: 2000214992 ns, Reaching safepoint: 62019 ns, At safepoint: 8242 ns, Total: 70261 ns
[2022-07-11T06:37:39.083+0000][7][safepoint   ] Safepoint "Cleanup", Time since last: 2000214271 ns, Reaching safepoint: 74590 ns, At safepoint: 8381 ns, Total: 82971 ns
[2022-07-11T06:37:40.083+0000][7][safepoint   ] Safepoint "Cleanup", Time since last: 1000125286 ns, Reaching safepoint: 59575 ns, At safepoint: 20463 ns, Total: 80038 ns
[2022-07-11T06:37:41.083+0000][7][safepoint   ] Safepoint "Cleanup", Time since last: 1000204341 ns, Reaching safepoint: 74102 ns, At safepoint: 13409 ns, Total: 87511 ns
[2022-07-11T06:37:43.084+0000][7][safepoint   ] Safepoint "Cleanup", Time since last: 2000265979 ns, Reaching safepoint: 67677 ns, At safepoint: 12781 ns, Total: 80458 ns
[2022-07-11T06:37:44.084+0000][7][safepoint   ] Safepoint "Cleanup", Time since last: 1000179321 ns, Reaching safepoint: 108184 ns, At safepoint: 13409 ns, Total: 121593 ns
[2022-07-11T06:37:45.084+0000][7][safepoint   ] Safepoint "Cleanup", Time since last: 1000168979 ns, Reaching safepoint: 78292 ns, At safepoint: 13340 ns, Total: 91632 ns
[2022-07-11T06:37:46.084+0000][7][safepoint   ] Safepoint "Cleanup", Time since last: 1000196072 ns, Reaching safepoint: 79479 ns, At safepoint: 13270 ns, Total: 92749 ns
[2022-07-11T06:37:47.085+0000][7][safepoint   ] Safepoint "Cleanup", Time since last: 1000174485 ns, Reaching safepoint: 69702 ns, At safepoint: 11873 ns, Total: 81575 ns
[2022-07-11T06:37:49.085+0000][7][safepoint   ] Safepoint "Cleanup", Time since last: 2000211856 ns, Reaching safepoint: 137378 ns, At safepoint: 30101 ns, Total: 167479 ns
[2022-07-11T06:37:50.085+0000][7][safepoint   ] Safepoint "Cleanup", Time since last: 1000174469 ns, Reaching safepoint: 73683 ns, At safepoint: 8520 ns, Total: 82203 ns
[2022-07-11T06:37:52.086+0000][7][safepoint   ] Safepoint "Cleanup", Time since last: 2000235291 ns, Reaching safepoint: 214622 ns, At safepoint: 17250 ns, Total: 231872 ns
[2022-07-11T06:37:53.086+0000][7][safepoint   ] Safepoint "Cleanup", Time since last: 1000399971 ns, Reaching safepoint: 101199 ns, At safepoint: 20953 ns, Total: 122152 ns
[2022-07-11T06:37:54.087+0000][7][safepoint   ] Safepoint "Cleanup", Time since last: 1000179965 ns, Reaching safepoint: 73403 ns, At safepoint: 12920 ns, Total: 86323 ns
[2022-07-11T06:37:55.087+0000][7][safepoint   ] Safepoint "Cleanup", Time since last: 1000183382 ns, Reaching safepoint: 110279 ns, At safepoint: 13270 ns, Total: 123549 ns
[2022-07-11T06:37:57.087+0000][7][safepoint   ] Safepoint "Cleanup", Time since last: 2000265268 ns, Reaching safepoint: 67816 ns, At safepoint: 12711 ns, Total: 80527 ns
[2022-07-11T06:37:58.087+0000][7][safepoint   ] Safepoint "Cleanup", Time since last: 1000163461 ns, Reaching safepoint: 65371 ns, At safepoint: 8102 ns, Total: 73473 ns
[2022-07-11T06:37:59.088+0000][7][safepoint   ] Safepoint "Cleanup", Time since last: 1000155214 ns, Reaching safepoint: 76755 ns, At safepoint: 13689 ns, Total: 90444 ns
[2022-07-11T06:38:00.088+0000][7][safepoint   ] Safepoint "Cleanup", Time since last: 1000170155 ns, Reaching safepoint: 84857 ns, At safepoint: 11943 ns, Total: 96800 ns
[2022-07-11T06:38:01.091+0000][7][safepoint   ] Safepoint "Cleanup", Time since last: 1003279828 ns, Reaching safepoint: 139543 ns, At safepoint: 10057 ns, Total: 149600 ns
[2022-07-11T06:38:02.092+0000][7][safepoint   ] Safepoint "Cleanup", Time since last: 1000204576 ns, Reaching safepoint: 67048 ns, At safepoint: 16203 ns, Total: 83251 ns
[2022-07-11T06:38:04.092+0000][7][safepoint   ] Safepoint "Cleanup", Time since last: 2000305980 ns, Reaching safepoint: 166362 ns, At safepoint: 26609 ns, Total: 192971 ns
[2022-07-11T06:38:05.092+0000][7][safepoint   ] Safepoint "Cleanup", Time since last: 1000169151 ns, Reaching safepoint: 137308 ns, At safepoint: 19136 ns, Total: 156444 ns
[2022-07-11T06:38:07.093+0000][7][safepoint   ] Safepoint "Cleanup", Time since last: 2000264603 ns, Reaching safepoint: 88768 ns, At safepoint: 18368 ns, Total: 107136 ns
[2022-07-11T06:38:08.093+0000][7][safepoint   ] Safepoint "Cleanup", Time since last: 1000159288 ns, Reaching safepoint: 95403 ns, At safepoint: 11943 ns, Total: 107346 ns
[2022-07-11T06:38:10.093+0000][7][safepoint   ] Safepoint "Cleanup", Time since last: 2000241453 ns, Reaching safepoint: 85276 ns, At safepoint: 8661 ns, Total: 93937 ns
[2022-07-11T06:38:11.094+0000][7][safepoint   ] Safepoint "Cleanup", Time since last: 1000151449 ns, Reaching safepoint: 111746 ns, At safepoint: 8940 ns, Total: 120686 ns
[2022-07-11T06:38:13.094+0000][7][safepoint   ] Safepoint "Cleanup", Time since last: 2000237860 ns, Reaching safepoint: 61530 ns, At safepoint: 14876 ns, Total: 76406 ns
[2022-07-11T06:38:16.095+0000][7][safepoint   ] Safepoint "Cleanup", Time since last: 3000351968 ns, Reaching safepoint: 133886 ns, At safepoint: 12851 ns, Total: 146737 ns
[2022-07-11T06:38:17.095+0000][7][safepoint   ] Safepoint "Cleanup", Time since last: 1000176072 ns, Reaching safepoint: 90793 ns, At safepoint: 10895 ns, Total: 101688 ns
[2022-07-11T06:38:19.095+0000][7][safepoint   ] Safepoint "Cleanup", Time since last: 2000266294 ns, Reaching safepoint: 206660 ns, At safepoint: 16832 ns, Total: 223492 ns
[2022-07-11T06:38:20.096+0000][7][safepoint   ] Safepoint "Cleanup", Time since last: 1000184228 ns, Reaching safepoint: 113003 ns, At safepoint: 12431 ns, Total: 125434 ns
[2022-07-11T06:38:22.096+0000][7][safepoint   ] Safepoint "Cleanup", Time since last: 2000259070 ns, Reaching safepoint: 81923 ns, At safepoint: 12781 ns, Total: 94704 ns
[2022-07-11T06:38:23.096+0000][7][safepoint   ] Safepoint "Cleanup", Time since last: 1000178276 ns, Reaching safepoint: 61950 ns, At safepoint: 13898 ns, Total: 75848 ns
[2022-07-11T06:38:24.097+0000][7][safepoint   ] Safepoint "Cleanup", Time since last: 1000199573 ns, Reaching safepoint: 66768 ns, At safepoint: 14177 ns, Total: 80945 ns
[2022-07-11T06:38:25.097+0000][7][safepoint   ] Safepoint "Cleanup", Time since last: 1000162343 ns, Reaching safepoint: 82971 ns, At safepoint: 12921 ns, Total: 95892 ns
[2022-07-11T06:38:27.097+0000][7][safepoint   ] Safepoint "Cleanup", Time since last: 2000235691 ns, Reaching safepoint: 86324 ns, At safepoint: 23327 ns, Total: 109651 ns
[2022-07-11T06:38:28.097+0000][7][safepoint   ] Safepoint "Cleanup", Time since last: 1000190892 ns, Reaching safepoint: 87720 ns, At safepoint: 12921 ns, Total: 100641 ns
[2022-07-11T06:38:29.098+0000][7][safepoint   ] Safepoint "Cleanup", Time since last: 1000197242 ns, Reaching safepoint: 71937 ns, At safepoint: 22488 ns, Total: 94425 ns
[2022-07-11T06:38:30.098+0000][7][safepoint   ] Safepoint "Cleanup", Time since last: 1000177962 ns, Reaching safepoint: 120615 ns, At safepoint: 16343 ns, Total: 136958 ns
[2022-07-11T06:38:32.098+0000][7][safepoint   ] Safepoint "Cleanup", Time since last: 2000267000 ns, Reaching safepoint: 77244 ns, At safepoint: 19067 ns, Total: 96311 ns
[2022-07-11T06:38:33.099+0000][7][safepoint   ] Safepoint "Cleanup", Time since last: 1000226136 ns, Reaching safepoint: 81994 ns, At safepoint: 12222 ns, Total: 94216 ns
[2022-07-11T06:38:34.099+0000][7][safepoint   ] Safepoint "Cleanup", Time since last: 1000189745 ns, Reaching safepoint: 85276 ns, At safepoint: 11733 ns, Total: 97009 ns
[2022-07-11T06:38:36.099+0000][7][safepoint   ] Safepoint "Cleanup", Time since last: 2000282325 ns, Reaching safepoint: 78990 ns, At safepoint: 11105 ns, Total: 90095 ns
[2022-07-11T06:38:37.100+0000][7][safepoint   ] Safepoint "Cleanup", Time since last: 1000217037 ns, Reaching safepoint: 81575 ns, At safepoint: 19136 ns, Total: 100711 ns
[2022-07-11T06:38:40.100+0000][7][safepoint   ] Safepoint "Cleanup", Time since last: 3000360194 ns, Reaching safepoint: 98196 ns, At safepoint: 17740 ns, Total: 115936 ns
[2022-07-11T06:38:41.100+0000][7][safepoint   ] Safepoint "Cleanup", Time since last: 1000179303 ns, Reaching safepoint: 90165 ns, At safepoint: 12502 ns, Total: 102667 ns
[2022-07-11T06:38:43.101+0000][7][safepoint   ] Safepoint "Cleanup", Time since last: 2000283093 ns, Reaching safepoint: 75359 ns, At safepoint: 11803 ns, Total: 87162 ns
[2022-07-11T06:38:46.101+0000][7][safepoint   ] Safepoint "Cleanup", Time since last: 3000360315 ns, Reaching safepoint: 73543 ns, At safepoint: 16552 ns, Total: 90095 ns
[2022-07-11T06:38:47.102+0000][7][safepoint   ] Safepoint "Cleanup", Time since last: 1000181649 ns, Reaching safepoint: 167060 ns, At safepoint: 16762 ns, Total: 183822 ns
[2022-07-11T06:38:48.102+0000][7][safepoint   ] Safepoint "Cleanup", Time since last: 1000194913 ns, Reaching safepoint: 77663 ns, At safepoint: 13899 ns, Total: 91562 ns
[2022-07-11T06:38:49.102+0000][7][safepoint   ] Safepoint "Cleanup", Time since last: 1000182477 ns, Reaching safepoint: 130463 ns, At safepoint: 21371 ns, Total: 151834 ns
[2022-07-11T06:38:52.103+0000][7][safepoint   ] Safepoint "Cleanup", Time since last: 3000379644 ns, Reaching safepoint: 121733 ns, At safepoint: 12432 ns, Total: 134165 ns
[2022-07-11T06:38:53.132+0000][7][safepoint   ] Safepoint "Cleanup", Time since last: 1029500101 ns, Reaching safepoint: 198978 ns, At safepoint: 17530 ns, Total: 216508 ns
[2022-07-11T06:38:54.133+0000][7][safepoint   ] Safepoint "Cleanup", Time since last: 1000178751 ns, Reaching safepoint: 89676 ns, At safepoint: 12292 ns, Total: 101968 ns
[2022-07-11T06:38:55.133+0000][7][safepoint   ] Safepoint "Cleanup", Time since last: 1000182308 ns, Reaching safepoint: 79060 ns, At safepoint: 9708 ns, Total: 88768 ns
[2022-07-11T06:38:57.980+0000][7][safepoint   ] Safepoint "Cleanup", Time since last: 2847075063 ns, Reaching safepoint: 34502 ns, At safepoint: 7473 ns, Total: 41975 ns
[2022-07-11T06:38:58.980+0000][7][safepoint   ] Safepoint "Cleanup", Time since last: 1000136823 ns, Reaching safepoint: 102666 ns, At safepoint: 7962 ns, Total: 110628 ns
[2022-07-11T06:38:59.981+0000][7][safepoint   ] Safepoint "Cleanup", Time since last: 1000160774 ns, Reaching safepoint: 108743 ns, At safepoint: 22768 ns, Total: 131511 ns
[2022-07-11T06:39:01.964+0000][7][safepoint   ] Safepoint "Cleanup", Time since last: 1983037662 ns, Reaching safepoint: 45886 ns, At safepoint: 8032 ns, Total: 53918 ns
[2022-07-11T06:39:03.964+0000][7][safepoint   ] Safepoint "Cleanup", Time since last: 2000243363 ns, Reaching safepoint: 171669 ns, At safepoint: 24235 ns, Total: 195904 ns
[2022-07-11T06:39:05.076+0000][7][safepoint   ] Safepoint "Cleanup", Time since last: 1111253870 ns, Reaching safepoint: 140800 ns, At safepoint: 12711 ns, Total: 153511 ns
[2022-07-11T06:39:06.076+0000][7][safepoint   ] Safepoint "Cleanup", Time since last: 1000183234 ns, Reaching safepoint: 81156 ns, At safepoint: 11873 ns, Total: 93029 ns
[2022-07-11T06:39:07.076+0000][7][safepoint   ] Safepoint "Cleanup", Time since last: 1000180016 ns, Reaching safepoint: 70610 ns, At safepoint: 10895 ns, Total: 81505 ns
[2022-07-11T06:39:08.076+0000][7][safepoint   ] Safepoint "Cleanup", Time since last: 1000183644 ns, Reaching safepoint: 84927 ns, At safepoint: 12781 ns, Total: 97708 ns
[2022-07-11T06:39:09.077+0000][7][safepoint   ] Safepoint "Cleanup", Time since last: 1000188877 ns, Reaching safepoint: 83949 ns, At safepoint: 12851 ns, Total: 96800 ns
[2022-07-11T06:39:10.077+0000][7][safepoint   ] Safepoint "Cleanup", Time since last: 1000164009 ns, Reaching safepoint: 49657 ns, At safepoint: 8031 ns, Total: 57688 ns
[2022-07-11T06:39:16.078+0000][7][safepoint   ] Safepoint "Cleanup", Time since last: 6000607932 ns, Reaching safepoint: 64115 ns, At safepoint: 8590 ns, Total: 72705 ns
[2022-07-11T06:39:16.271+0000][7][gc,start    ] GC(20) Pause Young (Normal) (G1 Evacuation Pause)
[2022-07-11T06:39:16.271+0000][7][gc,task     ] GC(20) Using 4 workers of 4 for evacuation
[2022-07-11T06:39:16.271+0000][7][gc,age      ] GC(20) Desired survivor size 20971520 bytes, new threshold 15 (max threshold 15)
[2022-07-11T06:39:16.288+0000][7][gc,phases   ] GC(20)   Pre Evacuate Collection Set: 0.1ms
[2022-07-11T06:39:16.288+0000][7][gc,phases   ] GC(20)   Merge Heap Roots: 0.1ms
[2022-07-11T06:39:16.288+0000][7][gc,phases   ] GC(20)   Evacuate Collection Set: 15.7ms
[2022-07-11T06:39:16.288+0000][7][gc,phases   ] GC(20)   Post Evacuate Collection Set: 1.7ms
[2022-07-11T06:39:16.288+0000][7][gc,phases   ] GC(20)   Other: 0.1ms
[2022-07-11T06:39:16.288+0000][7][gc,age      ] GC(20) Age table with threshold 15 (max threshold 15)
[2022-07-11T06:39:16.288+0000][7][gc,age      ] GC(20) - age   1:    1407608 bytes,    1407608 total
[2022-07-11T06:39:16.288+0000][7][gc,age      ] GC(20) - age   2:      64752 bytes,    1472360 total
[2022-07-11T06:39:16.288+0000][7][gc,age      ] GC(20) - age   3:    7634696 bytes,    9107056 total
[2022-07-11T06:39:16.288+0000][7][gc,age      ] GC(20) - age   4:    9619600 bytes,   18726656 total
[2022-07-11T06:39:16.289+0000][7][gc,heap     ] GC(20) Eden regions: 71->0(71)
[2022-07-11T06:39:16.289+0000][7][gc,heap     ] GC(20) Survivor regions: 5->5(10)
[2022-07-11T06:39:16.289+0000][7][gc,heap     ] GC(20) Old regions: 16->16
[2022-07-11T06:39:16.289+0000][7][gc,heap     ] GC(20) Archive regions: 2->2
[2022-07-11T06:39:16.289+0000][7][gc,heap     ] GC(20) Humongous regions: 0->0
[2022-07-11T06:39:16.289+0000][7][gc,metaspace] GC(20) Metaspace: 120780K(123904K)->120780K(123904K) NonClass: 104657K(106304K)->104657K(106304K) Class: 16123K(17600K)->16123K(17600K)
[2022-07-11T06:39:16.289+0000][7][gc          ] GC(20) Pause Young (Normal) (G1 Evacuation Pause) 371M->87M(512M) 18.045ms
[2022-07-11T06:39:16.289+0000][7][gc,cpu      ] GC(20) User=0.05s Sys=0.02s Real=0.02s
[2022-07-11T06:39:16.289+0000][7][safepoint   ] Safepoint "G1CollectForAllocation", Time since last: 192846168 ns, Reaching safepoint: 51124 ns, At safepoint: 18124898 ns, Total: 18176022 ns
[2022-07-11T06:39:17.289+0000][7][safepoint   ] Safepoint "Cleanup", Time since last: 1000125283 ns, Reaching safepoint: 98756 ns, At safepoint: 12850 ns, Total: 111606 ns
[2022-07-11T06:39:19.289+0000][7][safepoint   ] Safepoint "Cleanup", Time since last: 2000266059 ns, Reaching safepoint: 81365 ns, At safepoint: 8730 ns, Total: 90095 ns
[2022-07-11T06:39:20.289+0000][7][safepoint   ] Safepoint "Cleanup", Time since last: 1000156978 ns, Reaching safepoint: 87441 ns, At safepoint: 12571 ns, Total: 100012 ns
[2022-07-11T06:39:22.290+0000][7][safepoint   ] Safepoint "Cleanup", Time since last: 2000253111 ns, Reaching safepoint: 72006 ns, At safepoint: 21092 ns, Total: 93098 ns
[2022-07-11T06:39:23.290+0000][7][safepoint   ] Safepoint "Cleanup", Time since last: 1000186507 ns, Reaching safepoint: 104762 ns, At safepoint: 11873 ns, Total: 116635 ns
[2022-07-11T06:39:24.290+0000][7][safepoint   ] Safepoint "Cleanup", Time since last: 1000187829 ns, Reaching safepoint: 87791 ns, At safepoint: 18019 ns, Total: 105810 ns
[2022-07-11T06:39:25.291+0000][7][safepoint   ] Safepoint "Cleanup", Time since last: 1000195018 ns, Reaching safepoint: 70610 ns, At safepoint: 12850 ns, Total: 83460 ns
[2022-07-11T06:39:27.291+0000][7][safepoint   ] Safepoint "Cleanup", Time since last: 2000228342 ns, Reaching safepoint: 60552 ns, At safepoint: 11524 ns, Total: 72076 ns
[2022-07-11T06:39:28.291+0000][7][safepoint   ] Safepoint "Cleanup", Time since last: 1000184319 ns, Reaching safepoint: 97359 ns, At safepoint: 12012 ns, Total: 109371 ns
[2022-07-11T06:39:29.292+0000][7][safepoint   ] Safepoint "Cleanup", Time since last: 1000187668 ns, Reaching safepoint: 101688 ns, At safepoint: 10337 ns, Total: 112025 ns
[2022-07-11T06:39:30.292+0000][7][safepoint   ] Safepoint "Cleanup", Time since last: 1000205263 ns, Reaching safepoint: 77034 ns, At safepoint: 12432 ns, Total: 89466 ns
[2022-07-11T06:39:31.292+0000][7][safepoint   ] Safepoint "Cleanup", Time since last: 1000178928 ns, Reaching safepoint: 70959 ns, At safepoint: 12082 ns, Total: 83041 ns
[2022-07-11T06:39:32.292+0000][7][safepoint   ] Safepoint "Cleanup", Time since last: 1000148473 ns, Reaching safepoint: 77314 ns, At safepoint: 8451 ns, Total: 85765 ns
[2022-07-11T06:39:34.293+0000][7][safepoint   ] Safepoint "Cleanup", Time since last: 2000204463 ns, Reaching safepoint: 58038 ns, At safepoint: 10616 ns, Total: 68654 ns
[2022-07-11T06:39:40.293+0000][7][safepoint   ] Safepoint "Cleanup", Time since last: 6000570470 ns, Reaching safepoint: 61041 ns, At safepoint: 10476 ns, Total: 71517 ns
[2022-07-11T06:39:41.294+0000][7][safepoint   ] Safepoint "Cleanup", Time since last: 1000147595 ns, Reaching safepoint: 46026 ns, At safepoint: 8171 ns, Total: 54197 ns
[2022-07-11T06:39:42.294+0000][7][safepoint   ] Safepoint "Cleanup", Time since last: 1000154226 ns, Reaching safepoint: 63904 ns, At safepoint: 13410 ns, Total: 77314 ns
[2022-07-11T06:39:43.294+0000][7][safepoint   ] Safepoint "Cleanup", Time since last: 1000144234 ns, Reaching safepoint: 61041 ns, At safepoint: 8241 ns, Total: 69282 ns
[2022-07-11T06:39:44.294+0000][7][safepoint   ] Safepoint "Cleanup", Time since last: 1000144300 ns, Reaching safepoint: 52450 ns, At safepoint: 8591 ns, Total: 61041 ns
[2022-07-11T06:39:46.295+0000][7][safepoint   ] Safepoint "Cleanup", Time since last: 2000230548 ns, Reaching safepoint: 114190 ns, At safepoint: 17670 ns, Total: 131860 ns
[2022-07-11T06:39:46.443+0000][7][safepoint   ] Safepoint "ICBufferFull", Time since last: 147844558 ns, Reaching safepoint: 248216 ns, At safepoint: 13898 ns, Total: 262114 ns
[2022-07-11T06:39:46.638+0000][7][safepoint   ] Safepoint "ICBufferFull", Time since last: 195126596 ns, Reaching safepoint: 161542 ns, At safepoint: 11454 ns, Total: 172996 ns
[2022-07-11T06:39:47.062+0000][7][safepoint   ] Safepoint "ICBufferFull", Time since last: 424137322 ns, Reaching safepoint: 163219 ns, At safepoint: 7682 ns, Total: 170901 ns
[2022-07-11T06:39:48.063+0000][7][safepoint   ] Safepoint "Cleanup", Time since last: 1000222715 ns, Reaching safepoint: 228800 ns, At safepoint: 27447 ns, Total: 256247 ns
[2022-07-11T06:39:49.063+0000][7][safepoint   ] Safepoint "Cleanup", Time since last: 1000178501 ns, Reaching safepoint: 92191 ns, At safepoint: 12781 ns, Total: 104972 ns
[2022-07-11T06:39:50.063+0000][7][safepoint   ] Safepoint "Cleanup", Time since last: 1000180941 ns, Reaching safepoint: 78082 ns, At safepoint: 11314 ns, Total: 89396 ns
[2022-07-11T06:39:51.064+0000][7][safepoint   ] Safepoint "Cleanup", Time since last: 1000165502 ns, Reaching safepoint: 65372 ns, At safepoint: 10127 ns, Total: 75499 ns
[2022-07-11T06:39:52.064+0000][7][safepoint   ] Safepoint "Cleanup", Time since last: 1000174507 ns, Reaching safepoint: 60482 ns, At safepoint: 10057 ns, Total: 70539 ns
[2022-07-11T06:39:53.064+0000][7][safepoint   ] Safepoint "Cleanup", Time since last: 1000131621 ns, Reaching safepoint: 85625 ns, At safepoint: 8590 ns, Total: 94215 ns
[2022-07-11T06:39:55.064+0000][7][safepoint   ] Safepoint "Cleanup", Time since last: 2000214758 ns, Reaching safepoint: 49518 ns, At safepoint: 8032 ns, Total: 57550 ns
[2022-07-11T06:39:56.065+0000][7][safepoint   ] Safepoint "Cleanup", Time since last: 1000180496 ns, Reaching safepoint: 72565 ns, At safepoint: 11314 ns, Total: 83879 ns
[2022-07-11T06:39:58.065+0000][7][safepoint   ] Safepoint "Cleanup", Time since last: 2000271164 ns, Reaching safepoint: 71448 ns, At safepoint: 11943 ns, Total: 83391 ns
[2022-07-11T06:39:59.065+0000][7][safepoint   ] Safepoint "Cleanup", Time since last: 1000161417 ns, Reaching safepoint: 69562 ns, At safepoint: 11733 ns, Total: 81295 ns
[2022-07-11T06:40:00.065+0000][7][safepoint   ] Safepoint "Cleanup", Time since last: 1000158200 ns, Reaching safepoint: 78362 ns, At safepoint: 12222 ns, Total: 90584 ns
[2022-07-11T06:40:04.066+0000][7][safepoint   ] Safepoint "Cleanup", Time since last: 4000439578 ns, Reaching safepoint: 136749 ns, At safepoint: 8660 ns, Total: 145409 ns
[2022-07-11T06:40:05.066+0000][7][safepoint   ] Safepoint "Cleanup", Time since last: 1000148681 ns, Reaching safepoint: 88768 ns, At safepoint: 22000 ns, Total: 110768 ns
[2022-07-11T06:40:07.067+0000][7][safepoint   ] Safepoint "Cleanup", Time since last: 2000282123 ns, Reaching safepoint: 67746 ns, At safepoint: 13270 ns, Total: 81016 ns
[2022-07-11T06:40:08.067+0000][7][safepoint   ] Safepoint "Cleanup", Time since last: 1000174789 ns, Reaching safepoint: 126412 ns, At safepoint: 21860 ns, Total: 148272 ns
[2022-07-11T06:40:10.067+0000][7][safepoint   ] Safepoint "Cleanup", Time since last: 2000254931 ns, Reaching safepoint: 124457 ns, At safepoint: 8730 ns, Total: 133187 ns
[2022-07-11T06:40:11.067+0000][7][safepoint   ] Safepoint "Cleanup", Time since last: 1000128192 ns, Reaching safepoint: 50425 ns, At safepoint: 8172 ns, Total: 58597 ns
[2022-07-11T06:40:13.068+0000][7][safepoint   ] Safepoint "Cleanup", Time since last: 2000232556 ns, Reaching safepoint: 113911 ns, At safepoint: 12013 ns, Total: 125924 ns
[2022-07-11T06:40:15.068+0000][7][safepoint   ] Safepoint "Cleanup", Time since last: 2000251117 ns, Reaching safepoint: 58667 ns, At safepoint: 8521 ns, Total: 67188 ns
[2022-07-11T06:40:16.068+0000][7][safepoint   ] Safepoint "Cleanup", Time since last: 1000148006 ns, Reaching safepoint: 46305 ns, At safepoint: 5657 ns, Total: 51962 ns
[2022-07-11T06:40:17.069+0000][7][safepoint   ] Safepoint "Cleanup", Time since last: 1000131660 ns, Reaching safepoint: 51473 ns, At safepoint: 17251 ns, Total: 68724 ns
[2022-07-11T06:40:18.987+0000][7][safepoint   ] Safepoint "Cleanup", Time since last: 1918560002 ns, Reaching safepoint: 69631 ns, At safepoint: 10476 ns, Total: 80107 ns
[2022-07-11T06:40:19.988+0000][7][safepoint   ] Safepoint "Cleanup", Time since last: 1001038396 ns, Reaching safepoint: 107695 ns, At safepoint: 13409 ns, Total: 121104 ns
[2022-07-11T06:40:20.989+0000][7][safepoint   ] Safepoint "Cleanup", Time since last: 1000177320 ns, Reaching safepoint: 87371 ns, At safepoint: 15156 ns, Total: 102527 ns
[2022-07-11T06:40:21.989+0000][7][safepoint   ] Safepoint "Cleanup", Time since last: 1000230465 ns, Reaching safepoint: 80597 ns, At safepoint: 16273 ns, Total: 96870 ns
[2022-07-11T06:40:22.047+0000][7][gc,start    ] GC(21) Pause Young (Normal) (G1 Evacuation Pause)
[2022-07-11T06:40:22.047+0000][7][gc,task     ] GC(21) Using 4 workers of 4 for evacuation
[2022-07-11T06:40:22.047+0000][7][gc,age      ] GC(21) Desired survivor size 20971520 bytes, new threshold 15 (max threshold 15)
[2022-07-11T06:40:22.065+0000][7][gc,phases   ] GC(21)   Pre Evacuate Collection Set: 0.1ms
[2022-07-11T06:40:22.065+0000][7][gc,phases   ] GC(21)   Merge Heap Roots: 0.1ms
[2022-07-11T06:40:22.065+0000][7][gc,phases   ] GC(21)   Evacuate Collection Set: 15.7ms
[2022-07-11T06:40:22.065+0000][7][gc,phases   ] GC(21)   Post Evacuate Collection Set: 1.6ms
[2022-07-11T06:40:22.065+0000][7][gc,phases   ] GC(21)   Other: 0.1ms
[2022-07-11T06:40:22.065+0000][7][gc,age      ] GC(21) Age table with threshold 15 (max threshold 15)
[2022-07-11T06:40:22.065+0000][7][gc,age      ] GC(21) - age   1:    3688024 bytes,    3688024 total
[2022-07-11T06:40:22.065+0000][7][gc,age      ] GC(21) - age   2:      55024 bytes,    3743048 total
[2022-07-11T06:40:22.065+0000][7][gc,age      ] GC(21) - age   3:      46312 bytes,    3789360 total
[2022-07-11T06:40:22.065+0000][7][gc,age      ] GC(21) - age   4:    7431408 bytes,   11220768 total
[2022-07-11T06:40:22.065+0000][7][gc,age      ] GC(21) - age   5:    9079768 bytes,   20300536 total
[2022-07-11T06:40:22.065+0000][7][gc,heap     ] GC(21) Eden regions: 71->0(70)
[2022-07-11T06:40:22.065+0000][7][gc,heap     ] GC(21) Survivor regions: 5->6(10)
[2022-07-11T06:40:22.065+0000][7][gc,heap     ] GC(21) Old regions: 16->16
[2022-07-11T06:40:22.065+0000][7][gc,heap     ] GC(21) Archive regions: 2->2
[2022-07-11T06:40:22.065+0000][7][gc,heap     ] GC(21) Humongous regions: 0->0
[2022-07-11T06:40:22.065+0000][7][gc,metaspace] GC(21) Metaspace: 122988K(126208K)->122988K(126208K) NonClass: 106540K(108160K)->106540K(108160K) Class: 16448K(18048K)->16448K(18048K)
[2022-07-11T06:40:22.065+0000][7][gc          ] GC(21) Pause Young (Normal) (G1 Evacuation Pause) 371M->88M(512M) 17.909ms
[2022-07-11T06:40:22.065+0000][7][gc,cpu      ] GC(21) User=0.06s Sys=0.00s Real=0.02s
[2022-07-11T06:40:22.065+0000][7][safepoint   ] Safepoint "G1CollectForAllocation", Time since last: 58291158 ns, Reaching safepoint: 48330 ns, At safepoint: 17987515 ns, Total: 18035845 ns
[2022-07-11T06:40:23.066+0000][7][safepoint   ] Safepoint "Cleanup", Time since last: 1000117527 ns, Reaching safepoint: 158330 ns, At safepoint: 26121 ns, Total: 184451 ns
[2022-07-11T06:40:25.066+0000][7][safepoint   ] Safepoint "Cleanup", Time since last: 2000271011 ns, Reaching safepoint: 157980 ns, At safepoint: 18019 ns, Total: 175999 ns
[2022-07-11T06:40:28.067+0000][7][safepoint   ] Safepoint "Cleanup", Time since last: 3000405544 ns, Reaching safepoint: 104971 ns, At safepoint: 7683 ns, Total: 112654 ns
[2022-07-11T06:40:29.067+0000][7][safepoint   ] Safepoint "Cleanup", Time since last: 1000143554 ns, Reaching safepoint: 163358 ns, At safepoint: 12083 ns, Total: 175441 ns
[2022-07-11T06:40:31.067+0000][7][safepoint   ] Safepoint "Cleanup", Time since last: 2000260766 ns, Reaching safepoint: 87930 ns, At safepoint: 10965 ns, Total: 98895 ns
[2022-07-11T06:40:32.067+0000][7][safepoint   ] Safepoint "Cleanup", Time since last: 1000160584 ns, Reaching safepoint: 54266 ns, At safepoint: 10756 ns, Total: 65022 ns
[2022-07-11T06:40:34.068+0000][7][safepoint   ] Safepoint "Cleanup", Time since last: 2000198933 ns, Reaching safepoint: 193250 ns, At safepoint: 26610 ns, Total: 219860 ns
[2022-07-11T06:40:35.068+0000][7][safepoint   ] Safepoint "Cleanup", Time since last: 1000186831 ns, Reaching safepoint: 75429 ns, At safepoint: 14317 ns, Total: 89746 ns
[2022-07-11T06:40:37.068+0000][7][safepoint   ] Safepoint "Cleanup", Time since last: 2000232433 ns, Reaching safepoint: 50845 ns, At safepoint: 8031 ns, Total: 58876 ns
[2022-07-11T06:40:39.069+0000][7][safepoint   ] Safepoint "Cleanup", Time since last: 2000219358 ns, Reaching safepoint: 83180 ns, At safepoint: 12292 ns, Total: 95472 ns
[2022-07-11T06:40:40.069+0000][7][safepoint   ] Safepoint "Cleanup", Time since last: 1000178432 ns, Reaching safepoint: 55663 ns, At safepoint: 9848 ns, Total: 65511 ns
[2022-07-11T06:40:41.069+0000][7][safepoint   ] Safepoint "Cleanup", Time since last: 1000145811 ns, Reaching safepoint: 94006 ns, At safepoint: 20813 ns, Total: 114819 ns
[2022-07-11T06:40:45.070+0000][7][safepoint   ] Safepoint "Cleanup", Time since last: 4000479563 ns, Reaching safepoint: 95403 ns, At safepoint: 12572 ns, Total: 107975 ns
[2022-07-11T06:40:46.070+0000][7][safepoint   ] Safepoint "Cleanup", Time since last: 1000182598 ns, Reaching safepoint: 93937 ns, At safepoint: 12920 ns, Total: 106857 ns
[2022-07-11T06:40:47.070+0000][7][safepoint   ] Safepoint "Cleanup", Time since last: 1000181268 ns, Reaching safepoint: 53289 ns, At safepoint: 13060 ns, Total: 66349 ns
[2022-07-11T06:40:49.071+0000][7][safepoint   ] Safepoint "Cleanup", Time since last: 2000268098 ns, Reaching safepoint: 88699 ns, At safepoint: 12850 ns, Total: 101549 ns
[2022-07-11T06:40:52.071+0000][7][safepoint   ] Safepoint "Cleanup", Time since last: 3000345688 ns, Reaching safepoint: 75009 ns, At safepoint: 13619 ns, Total: 88628 ns
[2022-07-11T06:40:53.072+0000][7][safepoint   ] Safepoint "Cleanup", Time since last: 1000270153 ns, Reaching safepoint: 93936 ns, At safepoint: 12921 ns, Total: 106857 ns
[2022-07-11T06:40:54.072+0000][7][safepoint   ] Safepoint "Cleanup", Time since last: 1000181171 ns, Reaching safepoint: 109022 ns, At safepoint: 12362 ns, Total: 121384 ns
[2022-07-11T06:40:58.072+0000][7][safepoint   ] Safepoint "Cleanup", Time since last: 4000451358 ns, Reaching safepoint: 138844 ns, At safepoint: 10965 ns, Total: 149809 ns
[2022-07-11T06:40:59.073+0000][7][safepoint   ] Safepoint "Cleanup", Time since last: 1000157825 ns, Reaching safepoint: 66838 ns, At safepoint: 11314 ns, Total: 78152 ns
[2022-07-11T06:41:04.073+0000][7][safepoint   ] Safepoint "Cleanup", Time since last: 5000512010 ns, Reaching safepoint: 91632 ns, At safepoint: 12920 ns, Total: 104552 ns
[2022-07-11T06:41:05.074+0000][7][safepoint   ] Safepoint "Cleanup", Time since last: 1000250273 ns, Reaching safepoint: 63415 ns, At safepoint: 12083 ns, Total: 75498 ns
[2022-07-11T06:41:07.074+0000][7][safepoint   ] Safepoint "Cleanup", Time since last: 2000229131 ns, Reaching safepoint: 45816 ns, At safepoint: 8101 ns, Total: 53917 ns
[2022-07-11T06:41:10.074+0000][7][safepoint   ] Safepoint "Cleanup", Time since last: 3000317758 ns, Reaching safepoint: 77664 ns, At safepoint: 12571 ns, Total: 90235 ns
[2022-07-11T06:41:11.075+0000][7][safepoint   ] Safepoint "Cleanup", Time since last: 1000157990 ns, Reaching safepoint: 58178 ns, At safepoint: 18019 ns, Total: 76197 ns
[2022-07-11T06:41:13.075+0000][7][safepoint   ] Safepoint "Cleanup", Time since last: 2000274134 ns, Reaching safepoint: 69492 ns, At safepoint: 15784 ns, Total: 85276 ns
[2022-07-11T06:41:16.075+0000][7][safepoint   ] Safepoint "Cleanup", Time since last: 3000337736 ns, Reaching safepoint: 54407 ns, At safepoint: 7054 ns, Total: 61461 ns
[2022-07-11T06:41:17.076+0000][7][safepoint   ] Safepoint "Cleanup", Time since last: 1000164044 ns, Reaching safepoint: 123898 ns, At safepoint: 12641 ns, Total: 136539 ns
[2022-07-11T06:41:20.076+0000][7][safepoint   ] Safepoint "Cleanup", Time since last: 3000333433 ns, Reaching safepoint: 46723 ns, At safepoint: 7962 ns, Total: 54685 ns
[2022-07-11T06:41:22.078+0000][7][safepoint   ] Safepoint "Cleanup", Time since last: 2000219314 ns, Reaching safepoint: 2179182 ns, At safepoint: 31708 ns, Total: 2210890 ns
[2022-07-11T06:41:23.079+0000][7][safepoint   ] Safepoint "Cleanup", Time since last: 1000369496 ns, Reaching safepoint: 74380 ns, At safepoint: 17670 ns, Total: 92050 ns
[2022-07-11T06:41:24.079+0000][7][safepoint   ] Safepoint "Cleanup", Time since last: 1000186019 ns, Reaching safepoint: 166152 ns, At safepoint: 15016 ns, Total: 181168 ns
[2022-07-11T06:41:25.080+0000][7][safepoint   ] Safepoint "Cleanup", Time since last: 1000187901 ns, Reaching safepoint: 73892 ns, At safepoint: 15365 ns, Total: 89257 ns
[2022-07-11T06:41:28.080+0000][7][safepoint   ] Safepoint "Cleanup", Time since last: 3000320356 ns, Reaching safepoint: 42324 ns, At safepoint: 8101 ns, Total: 50425 ns
[2022-07-11T06:41:29.080+0000][7][safepoint   ] Safepoint "Cleanup", Time since last: 1000139767 ns, Reaching safepoint: 62019 ns, At safepoint: 8590 ns, Total: 70609 ns
[2022-07-11T06:41:34.081+0000][7][safepoint   ] Safepoint "Cleanup", Time since last: 5000477103 ns, Reaching safepoint: 47004 ns, At safepoint: 7892 ns, Total: 54896 ns
[2022-07-11T06:41:35.081+0000][7][safepoint   ] Safepoint "Cleanup", Time since last: 1000149034 ns, Reaching safepoint: 97288 ns, At safepoint: 12711 ns, Total: 109999 ns
[2022-07-11T06:41:37.081+0000][7][safepoint   ] Safepoint "Cleanup", Time since last: 2000252033 ns, Reaching safepoint: 61879 ns, At safepoint: 11524 ns, Total: 73403 ns
[2022-07-11T06:41:40.082+0000][7][safepoint   ] Safepoint "Cleanup", Time since last: 3000315759 ns, Reaching safepoint: 51264 ns, At safepoint: 8590 ns, Total: 59854 ns
[2022-07-11T06:41:43.082+0000][7][safepoint   ] Safepoint "Cleanup", Time since last: 3000313144 ns, Reaching safepoint: 56222 ns, At safepoint: 11035 ns, Total: 67257 ns
[2022-07-11T06:41:44.082+0000][7][safepoint   ] Safepoint "Cleanup", Time since last: 1000155707 ns, Reaching safepoint: 72915 ns, At safepoint: 11314 ns, Total: 84229 ns
[2022-07-11T06:41:46.083+0000][7][safepoint   ] Safepoint "Cleanup", Time since last: 2000226199 ns, Reaching safepoint: 107625 ns, At safepoint: 21720 ns, Total: 129345 ns
[2022-07-11T06:41:47.083+0000][7][safepoint   ] Safepoint "Cleanup", Time since last: 1000156606 ns, Reaching safepoint: 72145 ns, At safepoint: 10267 ns, Total: 82412 ns
[2022-07-11T06:41:48.083+0000][7][safepoint   ] Safepoint "Cleanup", Time since last: 1000164703 ns, Reaching safepoint: 83042 ns, At safepoint: 24374 ns, Total: 107416 ns
[2022-07-11T06:41:49.083+0000][7][safepoint   ] Safepoint "Cleanup", Time since last: 1000171894 ns, Reaching safepoint: 84996 ns, At safepoint: 12223 ns, Total: 97219 ns
[2022-07-11T06:41:50.084+0000][7][safepoint   ] Safepoint "Cleanup", Time since last: 1000167210 ns, Reaching safepoint: 47283 ns, At safepoint: 8101 ns, Total: 55384 ns
[2022-07-11T06:41:52.084+0000][7][safepoint   ] Safepoint "Cleanup", Time since last: 2000213307 ns, Reaching safepoint: 39880 ns, At safepoint: 7612 ns, Total: 47492 ns
[2022-07-11T06:41:53.084+0000][7][safepoint   ] Safepoint "Cleanup", Time since last: 1000133398 ns, Reaching safepoint: 50914 ns, At safepoint: 8660 ns, Total: 59574 ns
[2022-07-11T06:41:54.084+0000][7][safepoint   ] Safepoint "Cleanup", Time since last: 1000156861 ns, Reaching safepoint: 116355 ns, At safepoint: 12432 ns, Total: 128787 ns
[2022-07-11T06:41:55.085+0000][7][safepoint   ] Safepoint "Cleanup", Time since last: 1000182350 ns, Reaching safepoint: 79339 ns, At safepoint: 13270 ns, Total: 92609 ns
[2022-07-11T06:41:58.085+0000][7][safepoint   ] Safepoint "Cleanup", Time since last: 3000354476 ns, Reaching safepoint: 92120 ns, At safepoint: 12432 ns, Total: 104552 ns
[2022-07-11T06:41:59.085+0000][7][safepoint   ] Safepoint "Cleanup", Time since last: 1000178914 ns, Reaching safepoint: 152952 ns, At safepoint: 18717 ns, Total: 171669 ns
[2022-07-11T06:42:01.086+0000][7][safepoint   ] Safepoint "Cleanup", Time since last: 2000266885 ns, Reaching safepoint: 85416 ns, At safepoint: 11384 ns, Total: 96800 ns
[2022-07-11T06:42:04.086+0000][7][safepoint   ] Safepoint "Cleanup", Time since last: 3000354486 ns, Reaching safepoint: 66349 ns, At safepoint: 8101 ns, Total: 74450 ns
[2022-07-11T06:42:05.086+0000][7][safepoint   ] Safepoint "Cleanup", Time since last: 1000155707 ns, Reaching safepoint: 70050 ns, At safepoint: 22489 ns, Total: 92539 ns
[2022-07-11T06:42:07.087+0000][7][safepoint   ] Safepoint "Cleanup", Time since last: 2000225220 ns, Reaching safepoint: 62926 ns, At safepoint: 11384 ns, Total: 74310 ns
[2022-07-11T06:42:08.229+0000][7][safepoint   ] Safepoint "Cleanup", Time since last: 1142188209 ns, Reaching safepoint: 75707 ns, At safepoint: 10337 ns, Total: 86044 ns
[2022-07-11T06:42:08.290+0000][7][gc,start    ] GC(22) Pause Young (Normal) (G1 Evacuation Pause)
[2022-07-11T06:42:08.290+0000][7][gc,task     ] GC(22) Using 4 workers of 4 for evacuation
[2022-07-11T06:42:08.290+0000][7][gc,age      ] GC(22) Desired survivor size 20971520 bytes, new threshold 15 (max threshold 15)
[2022-07-11T06:42:08.302+0000][7][gc,phases   ] GC(22)   Pre Evacuate Collection Set: 0.1ms
[2022-07-11T06:42:08.302+0000][7][gc,phases   ] GC(22)   Merge Heap Roots: 0.6ms
[2022-07-11T06:42:08.302+0000][7][gc,phases   ] GC(22)   Evacuate Collection Set: 10.7ms
[2022-07-11T06:42:08.302+0000][7][gc,phases   ] GC(22)   Post Evacuate Collection Set: 1.2ms
[2022-07-11T06:42:08.302+0000][7][gc,phases   ] GC(22)   Other: 0.1ms
[2022-07-11T06:42:08.302+0000][7][gc,age      ] GC(22) Age table with threshold 15 (max threshold 15)
[2022-07-11T06:42:08.302+0000][7][gc,age      ] GC(22) - age   1:    1535960 bytes,    1535960 total
[2022-07-11T06:42:08.302+0000][7][gc,age      ] GC(22) - age   2:    1914928 bytes,    3450888 total
[2022-07-11T06:42:08.302+0000][7][gc,age      ] GC(22) - age   3:      45640 bytes,    3496528 total
[2022-07-11T06:42:08.302+0000][7][gc,age      ] GC(22) - age   4:      46184 bytes,    3542712 total
[2022-07-11T06:42:08.302+0000][7][gc,age      ] GC(22) - age   5:    7430096 bytes,   10972808 total
[2022-07-11T06:42:08.302+0000][7][gc,age      ] GC(22) - age   6:    9034608 bytes,   20007416 total
[2022-07-11T06:42:08.302+0000][7][gc,heap     ] GC(22) Eden regions: 70->0(71)
[2022-07-11T06:42:08.302+0000][7][gc,heap     ] GC(22) Survivor regions: 6->5(10)
[2022-07-11T06:42:08.302+0000][7][gc,heap     ] GC(22) Old regions: 16->16
[2022-07-11T06:42:08.303+0000][7][gc,heap     ] GC(22) Archive regions: 2->2
[2022-07-11T06:42:08.303+0000][7][gc,heap     ] GC(22) Humongous regions: 0->0
[2022-07-11T06:42:08.303+0000][7][gc,metaspace] GC(22) Metaspace: 123803K(127040K)->123803K(127040K) NonClass: 107308K(108992K)->107308K(108992K) Class: 16494K(18048K)->16494K(18048K)
[2022-07-11T06:42:08.303+0000][7][gc          ] GC(22) Pause Young (Normal) (G1 Evacuation Pause) 368M->87M(512M) 12.981ms
[2022-07-11T06:42:08.303+0000][7][gc,cpu      ] GC(22) User=0.04s Sys=0.00s Real=0.01s
[2022-07-11T06:42:08.303+0000][7][safepoint   ] Safepoint "G1CollectForAllocation", Time since last: 60456489 ns, Reaching safepoint: 66349 ns, At safepoint: 13058123 ns, Total: 13124472 ns
[2022-07-11T06:42:09.303+0000][7][safepoint   ] Safepoint "Cleanup", Time since last: 1000128175 ns, Reaching safepoint: 132070 ns, At safepoint: 12711 ns, Total: 144781 ns
[2022-07-11T06:42:10.557+0000][7][safepoint   ] Safepoint "Cleanup", Time since last: 1254005631 ns, Reaching safepoint: 171460 ns, At safepoint: 12362 ns, Total: 183822 ns
[2022-07-11T06:42:11.557+0000][7][safepoint   ] Safepoint "Cleanup", Time since last: 1000190047 ns, Reaching safepoint: 82971 ns, At safepoint: 10057 ns, Total: 93028 ns
[2022-07-11T06:42:13.558+0000][7][safepoint   ] Safepoint "Cleanup", Time since last: 2000270155 ns, Reaching safepoint: 146456 ns, At safepoint: 10826 ns, Total: 157282 ns
[2022-07-11T06:42:14.558+0000][7][safepoint   ] Safepoint "Cleanup", Time since last: 1000173275 ns, Reaching safepoint: 69981 ns, At safepoint: 8102 ns, Total: 78083 ns
[2022-07-11T06:42:15.558+0000][7][safepoint   ] Safepoint "Cleanup", Time since last: 1000153856 ns, Reaching safepoint: 85905 ns, At safepoint: 12781 ns, Total: 98686 ns
[2022-07-11T06:42:16.559+0000][7][safepoint   ] Safepoint "Cleanup", Time since last: 1000199599 ns, Reaching safepoint: 94914 ns, At safepoint: 12920 ns, Total: 107834 ns
[2022-07-11T06:42:17.843+0000][7][safepoint   ] Safepoint "Cleanup", Time since last: 1284505912 ns, Reaching safepoint: 195346 ns, At safepoint: 11663 ns, Total: 207009 ns
[2022-07-11T06:42:19.844+0000][7][safepoint   ] Safepoint "Cleanup", Time since last: 2000270673 ns, Reaching safepoint: 107276 ns, At safepoint: 10615 ns, Total: 117891 ns
[2022-07-11T06:42:20.844+0000][7][safepoint   ] Safepoint "Cleanup", Time since last: 1000204824 ns, Reaching safepoint: 142965 ns, At safepoint: 17111 ns, Total: 160076 ns
[2022-07-11T06:42:22.111+0000][7][safepoint   ] Safepoint "Cleanup", Time since last: 1267027598 ns, Reaching safepoint: 50705 ns, At safepoint: 12571 ns, Total: 63276 ns
[2022-07-11T06:42:23.111+0000][7][safepoint   ] Safepoint "Cleanup", Time since last: 1000141121 ns, Reaching safepoint: 53917 ns, At safepoint: 11315 ns, Total: 65232 ns
[2022-07-11T06:42:24.112+0000][7][safepoint   ] Safepoint "Cleanup", Time since last: 1000142724 ns, Reaching safepoint: 51892 ns, At safepoint: 12501 ns, Total: 64393 ns
[2022-07-11T06:42:25.112+0000][7][safepoint   ] Safepoint "Cleanup", Time since last: 1000156760 ns, Reaching safepoint: 66558 ns, At safepoint: 9498 ns, Total: 76056 ns
[2022-07-11T06:42:28.112+0000][7][safepoint   ] Safepoint "Cleanup", Time since last: 3000370386 ns, Reaching safepoint: 79619 ns, At safepoint: 41625 ns, Total: 121244 ns
[2022-07-11T06:42:29.113+0000][7][safepoint   ] Safepoint "Cleanup", Time since last: 1000157026 ns, Reaching safepoint: 75219 ns, At safepoint: 22070 ns, Total: 97289 ns
[2022-07-11T06:42:30.113+0000][7][safepoint   ] Safepoint "Cleanup", Time since last: 1000180070 ns, Reaching safepoint: 78781 ns, At safepoint: 12781 ns, Total: 91562 ns
[2022-07-11T06:42:31.113+0000][7][safepoint   ] Safepoint "Cleanup", Time since last: 1000188587 ns, Reaching safepoint: 68654 ns, At safepoint: 12502 ns, Total: 81156 ns
[2022-07-11T06:42:34.114+0000][7][safepoint   ] Safepoint "Cleanup", Time since last: 3000358316 ns, Reaching safepoint: 228520 ns, At safepoint: 16273 ns, Total: 244793 ns
[2022-07-11T06:42:35.114+0000][7][safepoint   ] Safepoint "Cleanup", Time since last: 1000175305 ns, Reaching safepoint: 82552 ns, At safepoint: 12362 ns, Total: 94914 ns
[2022-07-11T06:42:36.114+0000][7][safepoint   ] Safepoint "Cleanup", Time since last: 1000110769 ns, Reaching safepoint: 89956 ns, At safepoint: 19765 ns, Total: 109721 ns
[2022-07-11T06:42:39.115+0000][7][safepoint   ] Safepoint "Cleanup", Time since last: 3000370282 ns, Reaching safepoint: 80247 ns, At safepoint: 19905 ns, Total: 100152 ns
[2022-07-11T06:42:40.116+0000][7][safepoint   ] Safepoint "Cleanup", Time since last: 1001036570 ns, Reaching safepoint: 114330 ns, At safepoint: 12083 ns, Total: 126413 ns
[2022-07-11T06:42:41.116+0000][7][safepoint   ] Safepoint "Cleanup", Time since last: 1000190861 ns, Reaching safepoint: 93517 ns, At safepoint: 13131 ns, Total: 106648 ns
[2022-07-11T06:42:42.116+0000][7][safepoint   ] Safepoint "Cleanup", Time since last: 1000187855 ns, Reaching safepoint: 94914 ns, At safepoint: 12850 ns, Total: 107764 ns
[2022-07-11T06:42:43.117+0000][7][safepoint   ] Safepoint "Cleanup", Time since last: 1000194278 ns, Reaching safepoint: 100222 ns, At safepoint: 12222 ns, Total: 112444 ns
[2022-07-11T06:42:46.117+0000][7][safepoint   ] Safepoint "Cleanup", Time since last: 3000370148 ns, Reaching safepoint: 83180 ns, At safepoint: 12991 ns, Total: 96171 ns
[2022-07-11T06:42:47.117+0000][7][safepoint   ] Safepoint "Cleanup", Time since last: 1000182741 ns, Reaching safepoint: 69911 ns, At safepoint: 9987 ns, Total: 79898 ns
[2022-07-11T06:42:49.118+0000][7][safepoint   ] Safepoint "Cleanup", Time since last: 2000257779 ns, Reaching safepoint: 142476 ns, At safepoint: 21860 ns, Total: 164336 ns
[2022-07-11T06:42:52.118+0000][7][safepoint   ] Safepoint "Cleanup", Time since last: 3000369185 ns, Reaching safepoint: 56781 ns, At safepoint: 8451 ns, Total: 65232 ns
[2022-07-11T06:42:53.119+0000][7][safepoint   ] Safepoint "Cleanup", Time since last: 1000174342 ns, Reaching safepoint: 94006 ns, At safepoint: 11734 ns, Total: 105740 ns
[2022-07-11T06:42:54.119+0000][7][safepoint   ] Safepoint "Cleanup", Time since last: 1000185933 ns, Reaching safepoint: 115517 ns, At safepoint: 12711 ns, Total: 128228 ns
[2022-07-11T06:42:55.119+0000][7][safepoint   ] Safepoint "Cleanup", Time since last: 1000175663 ns, Reaching safepoint: 60063 ns, At safepoint: 8172 ns, Total: 68235 ns
[2022-07-11T06:42:58.120+0000][7][safepoint   ] Safepoint "Cleanup", Time since last: 3000338610 ns, Reaching safepoint: 48121 ns, At safepoint: 7543 ns, Total: 55664 ns
[2022-07-11T06:42:59.120+0000][7][safepoint   ] Safepoint "Cleanup", Time since last: 1000139962 ns, Reaching safepoint: 50914 ns, At safepoint: 8172 ns, Total: 59086 ns
[2022-07-11T06:43:01.120+0000][7][safepoint   ] Safepoint "Cleanup", Time since last: 2000240106 ns, Reaching safepoint: 68654 ns, At safepoint: 13968 ns, Total: 82622 ns
[2022-07-11T06:43:04.121+0000][7][safepoint   ] Safepoint "Cleanup", Time since last: 3000417617 ns, Reaching safepoint: 86534 ns, At safepoint: 12780 ns, Total: 99314 ns
[2022-07-11T06:43:05.121+0000][7][safepoint   ] Safepoint "Cleanup", Time since last: 1000181710 ns, Reaching safepoint: 72565 ns, At safepoint: 12851 ns, Total: 85416 ns
[2022-07-11T06:43:10.121+0000][7][safepoint   ] Safepoint "Cleanup", Time since last: 5000539045 ns, Reaching safepoint: 70470 ns, At safepoint: 12432 ns, Total: 82902 ns
[2022-07-11T06:43:11.122+0000][7][safepoint   ] Safepoint "Cleanup", Time since last: 1000179387 ns, Reaching safepoint: 87790 ns, At safepoint: 18997 ns, Total: 106787 ns
[2022-07-11T06:43:14.122+0000][7][safepoint   ] Safepoint "Cleanup", Time since last: 3000360050 ns, Reaching safepoint: 70610 ns, At safepoint: 11873 ns, Total: 82483 ns
[2022-07-11T06:43:15.122+0000][7][safepoint   ] Safepoint "Cleanup", Time since last: 1000176861 ns, Reaching safepoint: 60553 ns, At safepoint: 13269 ns, Total: 73822 ns
[2022-07-11T06:43:16.123+0000][7][safepoint   ] Safepoint "Cleanup", Time since last: 1000173088 ns, Reaching safepoint: 57269 ns, At safepoint: 9010 ns, Total: 66279 ns
[2022-07-11T06:43:17.123+0000][7][safepoint   ] Safepoint "Cleanup", Time since last: 1000172595 ns, Reaching safepoint: 75010 ns, At safepoint: 11803 ns, Total: 86813 ns
[2022-07-11T06:43:19.123+0000][7][safepoint   ] Safepoint "Cleanup", Time since last: 2000277995 ns, Reaching safepoint: 51124 ns, At safepoint: 8521 ns, Total: 59645 ns
[2022-07-11T06:43:22.124+0000][7][safepoint   ] Safepoint "Cleanup", Time since last: 3000320730 ns, Reaching safepoint: 133816 ns, At safepoint: 12501 ns, Total: 146317 ns
[2022-07-11T06:43:23.124+0000][7][safepoint   ] Safepoint "Cleanup", Time since last: 1000195906 ns, Reaching safepoint: 104971 ns, At safepoint: 12920 ns, Total: 117891 ns
[2022-07-11T06:43:24.124+0000][7][safepoint   ] Safepoint "Cleanup", Time since last: 1000182982 ns, Reaching safepoint: 119359 ns, At safepoint: 19136 ns, Total: 138495 ns
[2022-07-11T06:43:25.125+0000][7][safepoint   ] Safepoint "Cleanup", Time since last: 1000161538 ns, Reaching safepoint: 60622 ns, At safepoint: 11035 ns, Total: 71657 ns
[2022-07-11T06:43:39.126+0000][7][safepoint   ] Safepoint "Cleanup", Time since last: 14001299314 ns, Reaching safepoint: 87721 ns, At safepoint: 21790 ns, Total: 109511 ns
[2022-07-11T06:43:40.126+0000][7][safepoint   ] Safepoint "Cleanup", Time since last: 1000190760 ns, Reaching safepoint: 64393 ns, At safepoint: 12572 ns, Total: 76965 ns
[2022-07-11T06:43:41.127+0000][7][safepoint   ] Safepoint "Cleanup", Time since last: 1000210312 ns, Reaching safepoint: 98755 ns, At safepoint: 14876 ns, Total: 113631 ns
[2022-07-11T06:43:42.127+0000][7][safepoint   ] Safepoint "Cleanup", Time since last: 1000194456 ns, Reaching safepoint: 75358 ns, At safepoint: 13410 ns, Total: 88768 ns
[2022-07-11T06:43:46.103+0000][7][gc,start    ] GC(23) Pause Young (Normal) (G1 Evacuation Pause)
[2022-07-11T06:43:46.103+0000][7][gc,task     ] GC(23) Using 4 workers of 4 for evacuation
[2022-07-11T06:43:46.103+0000][7][gc,age      ] GC(23) Desired survivor size 20971520 bytes, new threshold 15 (max threshold 15)
[2022-07-11T06:43:46.126+0000][7][gc,phases   ] GC(23)   Pre Evacuate Collection Set: 0.1ms
[2022-07-11T06:43:46.126+0000][7][gc,phases   ] GC(23)   Merge Heap Roots: 0.1ms
[2022-07-11T06:43:46.126+0000][7][gc,phases   ] GC(23)   Evacuate Collection Set: 19.8ms
[2022-07-11T06:43:46.126+0000][7][gc,phases   ] GC(23)   Post Evacuate Collection Set: 2.1ms
[2022-07-11T06:43:46.126+0000][7][gc,phases   ] GC(23)   Other: 0.2ms
[2022-07-11T06:43:46.126+0000][7][gc,age      ] GC(23) Age table with threshold 15 (max threshold 15)
[2022-07-11T06:43:46.126+0000][7][gc,age      ] GC(23) - age   1:    2462656 bytes,    2462656 total
[2022-07-11T06:43:46.126+0000][7][gc,age      ] GC(23) - age   2:     149584 bytes,    2612240 total
[2022-07-11T06:43:46.126+0000][7][gc,age      ] GC(23) - age   3:    1901512 bytes,    4513752 total
[2022-07-11T06:43:46.126+0000][7][gc,age      ] GC(23) - age   4:      45328 bytes,    4559080 total
[2022-07-11T06:43:46.126+0000][7][gc,age      ] GC(23) - age   5:      46184 bytes,    4605264 total
[2022-07-11T06:43:46.126+0000][7][gc,age      ] GC(23) - age   6:    7358880 bytes,   11964144 total
[2022-07-11T06:43:46.126+0000][7][gc,age      ] GC(23) - age   7:    8862352 bytes,   20826496 total
[2022-07-11T06:43:46.126+0000][7][gc,heap     ] GC(23) Eden regions: 71->0(70)
[2022-07-11T06:43:46.126+0000][7][gc,heap     ] GC(23) Survivor regions: 5->6(10)
[2022-07-11T06:43:46.126+0000][7][gc,heap     ] GC(23) Old regions: 16->16
[2022-07-11T06:43:46.126+0000][7][gc,heap     ] GC(23) Archive regions: 2->2
[2022-07-11T06:43:46.126+0000][7][gc,heap     ] GC(23) Humongous regions: 0->0
[2022-07-11T06:43:46.126+0000][7][gc,metaspace] GC(23) Metaspace: 124244K(127488K)->124244K(127488K) NonClass: 107716K(109376K)->107716K(109376K) Class: 16527K(18112K)->16527K(18112K)
[2022-07-11T06:43:46.126+0000][7][gc          ] GC(23) Pause Young (Normal) (G1 Evacuation Pause) 371M->88M(512M) 22.787ms
[2022-07-11T06:43:46.126+0000][7][gc,cpu      ] GC(23) User=0.07s Sys=0.02s Real=0.03s
[2022-07-11T06:43:46.126+0000][7][safepoint   ] Safepoint "G1CollectForAllocation", Time since last: 3976187586 ns, Reaching safepoint: 153580 ns, At safepoint: 22899357 ns, Total: 23052937 ns
[2022-07-11T06:43:47.127+0000][7][safepoint   ] Safepoint "Cleanup", Time since last: 1000176981 ns, Reaching safepoint: 162940 ns, At safepoint: 20184 ns, Total: 183124 ns
[2022-07-11T06:43:49.127+0000][7][safepoint   ] Safepoint "Cleanup", Time since last: 2000278946 ns, Reaching safepoint: 93238 ns, At safepoint: 9079 ns, Total: 102317 ns
[2022-07-11T06:43:52.127+0000][7][safepoint   ] Safepoint "Cleanup", Time since last: 3000347650 ns, Reaching safepoint: 72355 ns, At safepoint: 11454 ns, Total: 83809 ns
[2022-07-11T06:43:53.128+0000][7][safepoint   ] Safepoint "Cleanup", Time since last: 1000167258 ns, Reaching safepoint: 116355 ns, At safepoint: 16762 ns, Total: 133117 ns
[2022-07-11T06:43:55.128+0000][7][safepoint   ] Safepoint "Cleanup", Time since last: 2000273745 ns, Reaching safepoint: 63486 ns, At safepoint: 12292 ns, Total: 75778 ns
[2022-07-11T06:43:58.129+0000][7][safepoint   ] Safepoint "Cleanup", Time since last: 3000530445 ns, Reaching safepoint: 70610 ns, At safepoint: 11803 ns, Total: 82413 ns
[2022-07-11T06:44:01.129+0000][7][safepoint   ] Safepoint "Cleanup", Time since last: 3000349184 ns, Reaching safepoint: 94006 ns, At safepoint: 12711 ns, Total: 106717 ns
[2022-07-11T06:44:04.129+0000][7][safepoint   ] Safepoint "Cleanup", Time since last: 3000347834 ns, Reaching safepoint: 63625 ns, At safepoint: 6146 ns, Total: 69771 ns
[2022-07-11T06:44:05.130+0000][7][safepoint   ] Safepoint "Cleanup", Time since last: 1000141035 ns, Reaching safepoint: 61111 ns, At safepoint: 17949 ns, Total: 79060 ns
[2022-07-11T06:44:10.130+0000][7][safepoint   ] Safepoint "Cleanup", Time since last: 5000563292 ns, Reaching safepoint: 96799 ns, At safepoint: 13061 ns, Total: 109860 ns
[2022-07-11T06:44:11.131+0000][7][safepoint   ] Safepoint "Cleanup", Time since last: 1000167350 ns, Reaching safepoint: 117472 ns, At safepoint: 18369 ns, Total: 135841 ns
[2022-07-11T06:44:13.131+0000][7][safepoint   ] Safepoint "Cleanup", Time since last: 2000282520 ns, Reaching safepoint: 81924 ns, At safepoint: 13060 ns, Total: 94984 ns
[2022-07-11T06:44:16.132+0000][7][safepoint   ] Safepoint "Cleanup", Time since last: 3000658952 ns, Reaching safepoint: 95683 ns, At safepoint: 12431 ns, Total: 108114 ns
[2022-07-11T06:44:17.132+0000][7][safepoint   ] Safepoint "Cleanup", Time since last: 1000194503 ns, Reaching safepoint: 76266 ns, At safepoint: 13759 ns, Total: 90025 ns
[2022-07-11T06:44:19.132+0000][7][safepoint   ] Safepoint "Cleanup", Time since last: 2000246173 ns, Reaching safepoint: 99244 ns, At safepoint: 12502 ns, Total: 111746 ns
[2022-07-11T06:44:20.133+0000][7][safepoint   ] Safepoint "Cleanup", Time since last: 1000187720 ns, Reaching safepoint: 69562 ns, At safepoint: 12851 ns, Total: 82413 ns
[2022-07-11T06:44:22.133+0000][7][safepoint   ] Safepoint "Cleanup", Time since last: 2000275979 ns, Reaching safepoint: 161333 ns, At safepoint: 15226 ns, Total: 176559 ns
[2022-07-11T06:44:23.134+0000][7][safepoint   ] Safepoint "Cleanup", Time since last: 1000180449 ns, Reaching safepoint: 175231 ns, At safepoint: 20394 ns, Total: 195625 ns
[2022-07-11T06:44:28.134+0000][7][safepoint   ] Safepoint "Cleanup", Time since last: 5000561385 ns, Reaching safepoint: 129695 ns, At safepoint: 13409 ns, Total: 143104 ns
[2022-07-11T06:44:29.135+0000][7][safepoint   ] Safepoint "Cleanup", Time since last: 1000394079 ns, Reaching safepoint: 110488 ns, At safepoint: 13270 ns, Total: 123758 ns
[2022-07-11T06:44:35.136+0000][7][safepoint   ] Safepoint "Cleanup", Time since last: 6000712257 ns, Reaching safepoint: 92539 ns, At safepoint: 21861 ns, Total: 114400 ns
[2022-07-11T06:44:37.136+0000][7][safepoint   ] Safepoint "Cleanup", Time since last: 2000300838 ns, Reaching safepoint: 68374 ns, At safepoint: 12851 ns, Total: 81225 ns
[2022-07-11T06:44:39.137+0000][7][safepoint   ] Safepoint "Cleanup", Time since last: 2000456364 ns, Reaching safepoint: 78711 ns, At safepoint: 9638 ns, Total: 88349 ns
[2022-07-11T06:44:40.137+0000][7][safepoint   ] Safepoint "Cleanup", Time since last: 1000174471 ns, Reaching safepoint: 90025 ns, At safepoint: 12572 ns, Total: 102597 ns
[2022-07-11T06:44:46.138+0000][7][safepoint   ] Safepoint "Cleanup", Time since last: 6000652590 ns, Reaching safepoint: 155536 ns, At safepoint: 17740 ns, Total: 173276 ns
[2022-07-11T06:44:49.138+0000][7][safepoint   ] Safepoint "Cleanup", Time since last: 3000350358 ns, Reaching safepoint: 105320 ns, At safepoint: 11594 ns, Total: 116914 ns
[2022-07-11T06:44:52.139+0000][7][safepoint   ] Safepoint "Cleanup", Time since last: 3000361441 ns, Reaching safepoint: 113212 ns, At safepoint: 12781 ns, Total: 125993 ns
[2022-07-11T06:44:53.139+0000][7][safepoint   ] Safepoint "Cleanup", Time since last: 1000198884 ns, Reaching safepoint: 111885 ns, At safepoint: 19067 ns, Total: 130952 ns
[2022-07-11T06:44:57.140+0000][7][safepoint   ] Safepoint "Cleanup", Time since last: 4000480667 ns, Reaching safepoint: 104972 ns, At safepoint: 12920 ns, Total: 117892 ns
[2022-07-11T06:44:58.140+0000][7][safepoint   ] Safepoint "Cleanup", Time since last: 1000177012 ns, Reaching safepoint: 86533 ns, At safepoint: 15644 ns, Total: 102177 ns
[2022-07-11T06:44:59.140+0000][7][safepoint   ] Safepoint "Cleanup", Time since last: 1000190419 ns, Reaching safepoint: 116495 ns, At safepoint: 22419 ns, Total: 138914 ns
[2022-07-11T06:45:00.140+0000][7][safepoint   ] Safepoint "Cleanup", Time since last: 1000236023 ns, Reaching safepoint: 112165 ns, At safepoint: 18507 ns, Total: 130672 ns
[2022-07-11T06:45:03.141+0000][7][safepoint   ] Safepoint "Cleanup", Time since last: 3000377706 ns, Reaching safepoint: 91143 ns, At safepoint: 12920 ns, Total: 104063 ns
[2022-07-11T06:45:04.141+0000][7][safepoint   ] Safepoint "Cleanup", Time since last: 1000187614 ns, Reaching safepoint: 91562 ns, At safepoint: 16831 ns, Total: 108393 ns
[2022-07-11T06:45:10.142+0000][7][safepoint   ] Safepoint "Cleanup", Time since last: 6000635627 ns, Reaching safepoint: 97359 ns, At safepoint: 12013 ns, Total: 109372 ns
[2022-07-11T06:45:11.142+0000][7][safepoint   ] Safepoint "Cleanup", Time since last: 1000198352 ns, Reaching safepoint: 82762 ns, At safepoint: 13340 ns, Total: 96102 ns
[2022-07-11T06:45:12.143+0000][7][safepoint   ] Safepoint "Cleanup", Time since last: 1000200655 ns, Reaching safepoint: 113771 ns, At safepoint: 22070 ns, Total: 135841 ns
[2022-07-11T06:45:13.143+0000][7][safepoint   ] Safepoint "Cleanup", Time since last: 1000200234 ns, Reaching safepoint: 80527 ns, At safepoint: 12361 ns, Total: 92888 ns
[2022-07-11T06:45:15.143+0000][7][safepoint   ] Safepoint "Cleanup", Time since last: 2000276005 ns, Reaching safepoint: 87720 ns, At safepoint: 11943 ns, Total: 99663 ns
[2022-07-11T06:45:16.144+0000][7][safepoint   ] Safepoint "Cleanup", Time since last: 1000182836 ns, Reaching safepoint: 85276 ns, At safepoint: 11594 ns, Total: 96870 ns
[2022-07-11T06:45:19.144+0000][7][safepoint   ] Safepoint "Cleanup", Time since last: 3000392262 ns, Reaching safepoint: 82412 ns, At safepoint: 12851 ns, Total: 95263 ns
[2022-07-11T06:45:23.145+0000][7][safepoint   ] Safepoint "Cleanup", Time since last: 4000485037 ns, Reaching safepoint: 83321 ns, At safepoint: 12571 ns, Total: 95892 ns
[2022-07-11T06:45:28.088+0000][7][gc,start    ] GC(24) Pause Young (Normal) (G1 Evacuation Pause)
[2022-07-11T06:45:28.088+0000][7][gc,task     ] GC(24) Using 4 workers of 4 for evacuation
[2022-07-11T06:45:28.088+0000][7][gc,age      ] GC(24) Desired survivor size 20971520 bytes, new threshold 15 (max threshold 15)
[2022-07-11T06:45:28.103+0000][7][gc,phases   ] GC(24)   Pre Evacuate Collection Set: 0.1ms
[2022-07-11T06:45:28.104+0000][7][gc,phases   ] GC(24)   Merge Heap Roots: 0.1ms
[2022-07-11T06:45:28.104+0000][7][gc,phases   ] GC(24)   Evacuate Collection Set: 13.2ms
[2022-07-11T06:45:28.104+0000][7][gc,phases   ] GC(24)   Post Evacuate Collection Set: 1.6ms
[2022-07-11T06:45:28.104+0000][7][gc,phases   ] GC(24)   Other: 0.1ms
[2022-07-11T06:45:28.104+0000][7][gc,age      ] GC(24) Age table with threshold 15 (max threshold 15)
[2022-07-11T06:45:28.104+0000][7][gc,age      ] GC(24) - age   1:    2121624 bytes,    2121624 total
[2022-07-11T06:45:28.104+0000][7][gc,age      ] GC(24) - age   2:     441040 bytes,    2562664 total
[2022-07-11T06:45:28.104+0000][7][gc,age      ] GC(24) - age   3:     128376 bytes,    2691040 total
[2022-07-11T06:45:28.104+0000][7][gc,age      ] GC(24) - age   4:    1833176 bytes,    4524216 total
[2022-07-11T06:45:28.104+0000][7][gc,age      ] GC(24) - age   5:      45264 bytes,    4569480 total
[2022-07-11T06:45:28.104+0000][7][gc,age      ] GC(24) - age   6:      45904 bytes,    4615384 total
[2022-07-11T06:45:28.104+0000][7][gc,age      ] GC(24) - age   7:    7358432 bytes,   11973816 total
[2022-07-11T06:45:28.104+0000][7][gc,age      ] GC(24) - age   8:    8823296 bytes,   20797112 total
[2022-07-11T06:45:28.104+0000][7][gc,heap     ] GC(24) Eden regions: 70->0(70)
[2022-07-11T06:45:28.104+0000][7][gc,heap     ] GC(24) Survivor regions: 6->6(10)
[2022-07-11T06:45:28.104+0000][7][gc,heap     ] GC(24) Old regions: 16->16
[2022-07-11T06:45:28.104+0000][7][gc,heap     ] GC(24) Archive regions: 2->2
[2022-07-11T06:45:28.104+0000][7][gc,heap     ] GC(24) Humongous regions: 0->0
[2022-07-11T06:45:28.104+0000][7][gc,metaspace] GC(24) Metaspace: 124732K(128000K)->124732K(128000K) NonClass: 108154K(109824K)->108154K(109824K) Class: 16577K(18176K)->16577K(18176K)
[2022-07-11T06:45:28.104+0000][7][gc          ] GC(24) Pause Young (Normal) (G1 Evacuation Pause) 368M->89M(512M) 15.510ms
[2022-07-11T06:45:28.104+0000][7][gc,cpu      ] GC(24) User=0.04s Sys=0.00s Real=0.01s
[2022-07-11T06:45:28.104+0000][7][safepoint   ] Safepoint "G1CollectForAllocation", Time since last: 4943485085 ns, Reaching safepoint: 61879 ns, At safepoint: 15592298 ns, Total: 15654177 ns
[2022-07-11T06:45:29.104+0000][7][safepoint   ] Safepoint "Cleanup", Time since last: 1000122605 ns, Reaching safepoint: 96031 ns, At safepoint: 12432 ns, Total: 108463 ns
[2022-07-11T06:45:34.105+0000][7][safepoint   ] Safepoint "Cleanup", Time since last: 5000548945 ns, Reaching safepoint: 77454 ns, At safepoint: 12432 ns, Total: 89886 ns
[2022-07-11T06:45:35.105+0000][7][safepoint   ] Safepoint "Cleanup", Time since last: 1000188381 ns, Reaching safepoint: 105949 ns, At safepoint: 12921 ns, Total: 118870 ns
[2022-07-11T06:45:41.106+0000][7][safepoint   ] Safepoint "Cleanup", Time since last: 6000612651 ns, Reaching safepoint: 54337 ns, At safepoint: 6565 ns, Total: 60902 ns
[2022-07-11T06:45:46.106+0000][7][safepoint   ] Safepoint "Cleanup", Time since last: 5000522484 ns, Reaching safepoint: 70540 ns, At safepoint: 16831 ns, Total: 87371 ns
[2022-07-11T06:45:47.107+0000][7][safepoint   ] Safepoint "Cleanup", Time since last: 1000173620 ns, Reaching safepoint: 83041 ns, At safepoint: 12780 ns, Total: 95821 ns
[2022-07-11T06:45:49.107+0000][7][safepoint   ] Safepoint "Cleanup", Time since last: 2000265867 ns, Reaching safepoint: 92610 ns, At safepoint: 12641 ns, Total: 105251 ns
[2022-07-11T06:45:50.107+0000][7][safepoint   ] Safepoint "Cleanup", Time since last: 1000174590 ns, Reaching safepoint: 95892 ns, At safepoint: 12292 ns, Total: 108184 ns
[2022-07-11T06:45:52.108+0000][7][safepoint   ] Safepoint "Cleanup", Time since last: 2000283804 ns, Reaching safepoint: 131371 ns, At safepoint: 11873 ns, Total: 143244 ns
[2022-07-11T06:45:53.108+0000][7][safepoint   ] Safepoint "Cleanup", Time since last: 1000183454 ns, Reaching safepoint: 110977 ns, At safepoint: 12362 ns, Total: 123339 ns
[2022-07-11T06:45:54.108+0000][7][safepoint   ] Safepoint "Cleanup", Time since last: 1000196302 ns, Reaching safepoint: 82972 ns, At safepoint: 12850 ns, Total: 95822 ns
[2022-07-11T06:45:59.109+0000][7][safepoint   ] Safepoint "Cleanup", Time since last: 5000598264 ns, Reaching safepoint: 121593 ns, At safepoint: 14876 ns, Total: 136469 ns
[2022-07-11T06:46:04.110+0000][7][safepoint   ] Safepoint "Cleanup", Time since last: 5000524040 ns, Reaching safepoint: 85765 ns, At safepoint: 22000 ns, Total: 107765 ns
[2022-07-11T06:46:05.110+0000][7][safepoint   ] Safepoint "Cleanup", Time since last: 1000180076 ns, Reaching safepoint: 75149 ns, At safepoint: 8521 ns, Total: 83670 ns
[2022-07-11T06:46:11.110+0000][7][safepoint   ] Safepoint "Cleanup", Time since last: 6000581261 ns, Reaching safepoint: 67467 ns, At safepoint: 8031 ns, Total: 75498 ns
[2022-07-11T06:46:17.111+0000][7][safepoint   ] Safepoint "Cleanup", Time since last: 6000575391 ns, Reaching safepoint: 90934 ns, At safepoint: 21650 ns, Total: 112584 ns
[2022-07-11T06:46:20.112+0000][7][safepoint   ] Safepoint "Cleanup", Time since last: 3000382513 ns, Reaching safepoint: 90095 ns, At safepoint: 12920 ns, Total: 103015 ns
[2022-07-11T06:46:22.113+0000][7][safepoint   ] Safepoint "Cleanup", Time since last: 2001467486 ns, Reaching safepoint: 177745 ns, At safepoint: 14807 ns, Total: 192552 ns
[2022-07-11T06:46:23.114+0000][7][safepoint   ] Safepoint "Cleanup", Time since last: 1000168795 ns, Reaching safepoint: 84508 ns, At safepoint: 24374 ns, Total: 108882 ns
[2022-07-11T06:46:24.114+0000][7][safepoint   ] Safepoint "Cleanup", Time since last: 1000191772 ns, Reaching safepoint: 95333 ns, At safepoint: 22907 ns, Total: 118240 ns
[2022-07-11T06:46:25.114+0000][7][safepoint   ] Safepoint "Cleanup", Time since last: 1000192189 ns, Reaching safepoint: 82971 ns, At safepoint: 10057 ns, Total: 93028 ns
[2022-07-11T06:46:29.115+0000][7][safepoint   ] Safepoint "Cleanup", Time since last: 4000442296 ns, Reaching safepoint: 127390 ns, At safepoint: 13270 ns, Total: 140660 ns
[2022-07-11T06:46:35.115+0000][7][safepoint   ] Safepoint "Cleanup", Time since last: 5999573236 ns, Reaching safepoint: 147364 ns, At safepoint: 10965 ns, Total: 158329 ns
[2022-07-11T06:46:40.115+0000][7][safepoint   ] Safepoint "Cleanup", Time since last: 5000559018 ns, Reaching safepoint: 76895 ns, At safepoint: 12223 ns, Total: 89118 ns
[2022-07-11T06:46:41.115+0000][7][safepoint   ] Safepoint "Cleanup", Time since last: 1000172182 ns, Reaching safepoint: 95403 ns, At safepoint: 15784 ns, Total: 111187 ns
[2022-07-11T06:46:45.116+0000][7][safepoint   ] Safepoint "Cleanup", Time since last: 4000443149 ns, Reaching safepoint: 85346 ns, At safepoint: 11384 ns, Total: 96730 ns
[2022-07-11T06:46:46.116+0000][7][safepoint   ] Safepoint "Cleanup", Time since last: 1000184465 ns, Reaching safepoint: 87022 ns, At safepoint: 12781 ns, Total: 99803 ns
[2022-07-11T06:46:49.117+0000][7][safepoint   ] Safepoint "Cleanup", Time since last: 3000366139 ns, Reaching safepoint: 99523 ns, At safepoint: 13410 ns, Total: 112933 ns
[2022-07-11T06:46:50.117+0000][7][safepoint   ] Safepoint "Cleanup", Time since last: 1000182641 ns, Reaching safepoint: 69143 ns, At safepoint: 12012 ns, Total: 81155 ns
[2022-07-11T06:46:52.117+0000][7][safepoint   ] Safepoint "Cleanup", Time since last: 2000263309 ns, Reaching safepoint: 61949 ns, At safepoint: 11454 ns, Total: 73403 ns
[2022-07-11T06:46:55.118+0000][7][safepoint   ] Safepoint "Cleanup", Time since last: 3000366524 ns, Reaching safepoint: 67118 ns, At safepoint: 10546 ns, Total: 77664 ns
[2022-07-11T06:46:58.118+0000][7][safepoint   ] Safepoint "Cleanup", Time since last: 3000345974 ns, Reaching safepoint: 91771 ns, At safepoint: 10057 ns, Total: 101828 ns
[2022-07-11T06:47:05.119+0000][7][safepoint   ] Safepoint "Cleanup", Time since last: 7000691528 ns, Reaching safepoint: 85415 ns, At safepoint: 12292 ns, Total: 97707 ns
[2022-07-11T06:47:07.119+0000][7][safepoint   ] Safepoint "Cleanup", Time since last: 2000280295 ns, Reaching safepoint: 91003 ns, At safepoint: 12431 ns, Total: 103434 ns
[2022-07-11T06:47:10.120+0000][7][safepoint   ] Safepoint "Cleanup", Time since last: 3000370213 ns, Reaching safepoint: 81085 ns, At safepoint: 11803 ns, Total: 92888 ns
[2022-07-11T06:47:10.147+0000][7][gc,start    ] GC(25) Pause Young (Normal) (G1 Evacuation Pause)
[2022-07-11T06:47:10.147+0000][7][gc,task     ] GC(25) Using 4 workers of 4 for evacuation
[2022-07-11T06:47:10.147+0000][7][gc,age      ] GC(25) Desired survivor size 20971520 bytes, new threshold 15 (max threshold 15)
[2022-07-11T06:47:10.167+0000][7][gc,phases   ] GC(25)   Pre Evacuate Collection Set: 0.2ms
[2022-07-11T06:47:10.167+0000][7][gc,phases   ] GC(25)   Merge Heap Roots: 0.1ms
[2022-07-11T06:47:10.167+0000][7][gc,phases   ] GC(25)   Evacuate Collection Set: 18.1ms
[2022-07-11T06:47:10.167+0000][7][gc,phases   ] GC(25)   Post Evacuate Collection Set: 1.9ms
[2022-07-11T06:47:10.167+0000][7][gc,phases   ] GC(25)   Other: 0.2ms
[2022-07-11T06:47:10.167+0000][7][gc,age      ] GC(25) Age table with threshold 15 (max threshold 15)
[2022-07-11T06:47:10.167+0000][7][gc,age      ] GC(25) - age   1:    1520816 bytes,    1520816 total
[2022-07-11T06:47:10.167+0000][7][gc,age      ] GC(25) - age   2:     226280 bytes,    1747096 total
[2022-07-11T06:47:10.167+0000][7][gc,age      ] GC(25) - age   3:     439088 bytes,    2186184 total
[2022-07-11T06:47:10.167+0000][7][gc,age      ] GC(25) - age   4:     128376 bytes,    2314560 total
[2022-07-11T06:47:10.167+0000][7][gc,age      ] GC(25) - age   5:    1833112 bytes,    4147672 total
[2022-07-11T06:47:10.167+0000][7][gc,age      ] GC(25) - age   6:      45264 bytes,    4192936 total
[2022-07-11T06:47:10.167+0000][7][gc,age      ] GC(25) - age   7:      45904 bytes,    4238840 total
[2022-07-11T06:47:10.167+0000][7][gc,age      ] GC(25) - age   8:    7358336 bytes,   11597176 total
[2022-07-11T06:47:10.167+0000][7][gc,age      ] GC(25) - age   9:    8823144 bytes,   20420320 total
[2022-07-11T06:47:10.167+0000][7][gc,heap     ] GC(25) Eden regions: 70->0(70)
[2022-07-11T06:47:10.168+0000][7][gc,heap     ] GC(25) Survivor regions: 6->6(10)
[2022-07-11T06:47:10.168+0000][7][gc,heap     ] GC(25) Old regions: 16->16
[2022-07-11T06:47:10.168+0000][7][gc,heap     ] GC(25) Archive regions: 2->2
[2022-07-11T06:47:10.168+0000][7][gc,heap     ] GC(25) Humongous regions: 0->0
[2022-07-11T06:47:10.168+0000][7][gc,metaspace] GC(25) Metaspace: 124929K(128192K)->124929K(128192K) NonClass: 108350K(110016K)->108350K(110016K) Class: 16579K(18176K)->16579K(18176K)
[2022-07-11T06:47:10.168+0000][7][gc          ] GC(25) Pause Young (Normal) (G1 Evacuation Pause) 369M->88M(512M) 21.009ms
[2022-07-11T06:47:10.168+0000][7][gc,cpu      ] GC(25) User=0.07s Sys=0.00s Real=0.02s
[2022-07-11T06:47:10.168+0000][7][safepoint   ] Safepoint "G1CollectForAllocation", Time since last: 26644782 ns, Reaching safepoint: 68095 ns, At safepoint: 21163796 ns, Total: 21231891 ns
[2022-07-11T06:47:16.168+0000][7][safepoint   ] Safepoint "Cleanup", Time since last: 6000588331 ns, Reaching safepoint: 88698 ns, At safepoint: 12851 ns, Total: 101549 ns
[2022-07-11T06:47:22.169+0000][7][safepoint   ] Safepoint "Cleanup", Time since last: 6000606216 ns, Reaching safepoint: 75218 ns, At safepoint: 18648 ns, Total: 93866 ns
[2022-07-11T06:47:28.170+0000][7][safepoint   ] Safepoint "Cleanup", Time since last: 6000637720 ns, Reaching safepoint: 121663 ns, At safepoint: 12501 ns, Total: 134164 ns
[2022-07-11T06:47:29.170+0000][7][safepoint   ] Safepoint "Cleanup", Time since last: 1000154564 ns, Reaching safepoint: 74451 ns, At safepoint: 8520 ns, Total: 82971 ns
[2022-07-11T06:47:34.171+0000][7][safepoint   ] Safepoint "Cleanup", Time since last: 5000491893 ns, Reaching safepoint: 44419 ns, At safepoint: 8171 ns, Total: 52590 ns
[2022-07-11T06:47:35.171+0000][7][safepoint   ] Safepoint "Cleanup", Time since last: 1000132903 ns, Reaching safepoint: 84368 ns, At safepoint: 14736 ns, Total: 99104 ns
[2022-07-11T06:47:37.171+0000][7][safepoint   ] Safepoint "Cleanup", Time since last: 2000231508 ns, Reaching safepoint: 93937 ns, At safepoint: 13479 ns, Total: 107416 ns
[2022-07-11T06:47:40.172+0000][7][safepoint   ] Safepoint "Cleanup", Time since last: 3000332059 ns, Reaching safepoint: 61111 ns, At safepoint: 9149 ns, Total: 70260 ns
[2022-07-11T06:47:42.172+0000][7][safepoint   ] Safepoint "Cleanup", Time since last: 2000283662 ns, Reaching safepoint: 88419 ns, At safepoint: 12991 ns, Total: 101410 ns
[2022-07-11T06:47:48.173+0000][7][safepoint   ] Safepoint "Cleanup", Time since last: 6000901580 ns, Reaching safepoint: 66349 ns, At safepoint: 13270 ns, Total: 79619 ns
[2022-07-11T06:47:49.173+0000][7][safepoint   ] Safepoint "Cleanup", Time since last: 1000170314 ns, Reaching safepoint: 101479 ns, At safepoint: 17530 ns, Total: 119009 ns
[2022-07-11T06:47:52.174+0000][7][safepoint   ] Safepoint "Cleanup", Time since last: 3000392061 ns, Reaching safepoint: 54336 ns, At safepoint: 11035 ns, Total: 65371 ns
[2022-07-11T06:47:53.174+0000][7][safepoint   ] Safepoint "Cleanup", Time since last: 1000161228 ns, Reaching safepoint: 119777 ns, At safepoint: 16971 ns, Total: 136748 ns
[2022-07-11T06:48:01.175+0000][7][safepoint   ] Safepoint "Cleanup", Time since last: 8000832790 ns, Reaching safepoint: 84438 ns, At safepoint: 6635 ns, Total: 91073 ns
[2022-07-11T06:48:05.176+0000][7][safepoint   ] Safepoint "Cleanup", Time since last: 4000422327 ns, Reaching safepoint: 69771 ns, At safepoint: 11733 ns, Total: 81504 ns
[2022-07-11T06:48:11.176+0000][7][safepoint   ] Safepoint "Cleanup", Time since last: 6000594051 ns, Reaching safepoint: 89606 ns, At safepoint: 14178 ns, Total: 103784 ns
[2022-07-11T06:48:12.177+0000][7][safepoint   ] Safepoint "Cleanup", Time since last: 1000237044 ns, Reaching safepoint: 106158 ns, At safepoint: 22489 ns, Total: 128647 ns
[2022-07-11T06:48:17.177+0000][7][safepoint   ] Safepoint "Cleanup", Time since last: 5000559628 ns, Reaching safepoint: 75917 ns, At safepoint: 12432 ns, Total: 88349 ns
[2022-07-11T06:48:18.178+0000][7][safepoint   ] Safepoint "Cleanup", Time since last: 1000194850 ns, Reaching safepoint: 81504 ns, At safepoint: 13061 ns, Total: 94565 ns
[2022-07-11T06:48:21.178+0000][7][safepoint   ] Safepoint "Cleanup", Time since last: 3000339957 ns, Reaching safepoint: 59155 ns, At safepoint: 18089 ns, Total: 77244 ns
[2022-07-11T06:48:22.178+0000][7][safepoint   ] Safepoint "Cleanup", Time since last: 1000189466 ns, Reaching safepoint: 85625 ns, At safepoint: 12781 ns, Total: 98406 ns
[2022-07-11T06:48:23.179+0000][7][safepoint   ] Safepoint "Cleanup", Time since last: 1000202804 ns, Reaching safepoint: 94216 ns, At safepoint: 20393 ns, Total: 114609 ns
[2022-07-11T06:48:25.179+0000][7][safepoint   ] Safepoint "Cleanup", Time since last: 2000311039 ns, Reaching safepoint: 83529 ns, At safepoint: 11385 ns, Total: 94914 ns
[2022-07-11T06:48:28.179+0000][7][safepoint   ] Safepoint "Cleanup", Time since last: 3000368139 ns, Reaching safepoint: 85486 ns, At safepoint: 12920 ns, Total: 98406 ns
[2022-07-11T06:48:29.180+0000][7][safepoint   ] Safepoint "Cleanup", Time since last: 1000184287 ns, Reaching safepoint: 121244 ns, At safepoint: 15226 ns, Total: 136470 ns
[2022-07-11T06:48:30.180+0000][7][safepoint   ] Safepoint "Cleanup", Time since last: 1000172482 ns, Reaching safepoint: 72495 ns, At safepoint: 13758 ns, Total: 86253 ns
[2022-07-11T06:48:31.180+0000][7][safepoint   ] Safepoint "Cleanup", Time since last: 1000190011 ns, Reaching safepoint: 79060 ns, At safepoint: 12362 ns, Total: 91422 ns
[2022-07-11T06:48:32.181+0000][7][safepoint   ] Safepoint "Cleanup", Time since last: 1000217596 ns, Reaching safepoint: 85206 ns, At safepoint: 19346 ns, Total: 104552 ns
[2022-07-11T06:48:33.181+0000][7][safepoint   ] Safepoint "Cleanup", Time since last: 1000190077 ns, Reaching safepoint: 95473 ns, At safepoint: 12502 ns, Total: 107975 ns
[2022-07-11T06:48:34.181+0000][7][safepoint   ] Safepoint "Cleanup", Time since last: 1000179459 ns, Reaching safepoint: 82133 ns, At safepoint: 11804 ns, Total: 93937 ns
[2022-07-11T06:48:35.181+0000][7][safepoint   ] Safepoint "Cleanup", Time since last: 1000196359 ns, Reaching safepoint: 82762 ns, At safepoint: 11454 ns, Total: 94216 ns
[2022-07-11T06:48:40.182+0000][7][safepoint   ] Safepoint "Cleanup", Time since last: 5000551835 ns, Reaching safepoint: 86952 ns, At safepoint: 12362 ns, Total: 99314 ns
[2022-07-11T06:48:47.183+0000][7][safepoint   ] Safepoint "Cleanup", Time since last: 7000752418 ns, Reaching safepoint: 55734 ns, At safepoint: 8171 ns, Total: 63905 ns
[2022-07-11T06:48:49.183+0000][7][safepoint   ] Safepoint "Cleanup", Time since last: 2000230787 ns, Reaching safepoint: 102457 ns, At safepoint: 12501 ns, Total: 114958 ns
[2022-07-11T06:48:52.160+0000][7][gc,start    ] GC(26) Pause Young (Normal) (G1 Evacuation Pause)
[2022-07-11T06:48:52.160+0000][7][gc,task     ] GC(26) Using 4 workers of 4 for evacuation
[2022-07-11T06:48:52.160+0000][7][gc,age      ] GC(26) Desired survivor size 20971520 bytes, new threshold 15 (max threshold 15)
[2022-07-11T06:48:52.183+0000][7][gc,phases   ] GC(26)   Pre Evacuate Collection Set: 0.1ms
[2022-07-11T06:48:52.183+0000][7][gc,phases   ] GC(26)   Merge Heap Roots: 0.2ms
[2022-07-11T06:48:52.183+0000][7][gc,phases   ] GC(26)   Evacuate Collection Set: 20.8ms
[2022-07-11T06:48:52.183+0000][7][gc,phases   ] GC(26)   Post Evacuate Collection Set: 2.0ms
[2022-07-11T06:48:52.183+0000][7][gc,phases   ] GC(26)   Other: 0.2ms
[2022-07-11T06:48:52.183+0000][7][gc,age      ] GC(26) Age table with threshold 15 (max threshold 15)
[2022-07-11T06:48:52.183+0000][7][gc,age      ] GC(26) - age   1:    1433944 bytes,    1433944 total
[2022-07-11T06:48:52.183+0000][7][gc,age      ] GC(26) - age   2:      12704 bytes,    1446648 total
[2022-07-11T06:48:52.183+0000][7][gc,age      ] GC(26) - age   3:     216680 bytes,    1663328 total
[2022-07-11T06:48:52.183+0000][7][gc,age      ] GC(26) - age   4:     438872 bytes,    2102200 total
[2022-07-11T06:48:52.183+0000][7][gc,age      ] GC(26) - age   5:     128376 bytes,    2230576 total
[2022-07-11T06:48:52.183+0000][7][gc,age      ] GC(26) - age   6:    1831512 bytes,    4062088 total
[2022-07-11T06:48:52.183+0000][7][gc,age      ] GC(26) - age   7:      45264 bytes,    4107352 total
[2022-07-11T06:48:52.183+0000][7][gc,age      ] GC(26) - age   8:      45904 bytes,    4153256 total
[2022-07-11T06:48:52.183+0000][7][gc,age      ] GC(26) - age   9:    7358200 bytes,   11511456 total
[2022-07-11T06:48:52.183+0000][7][gc,age      ] GC(26) - age  10:    8822520 bytes,   20333976 total
[2022-07-11T06:48:52.183+0000][7][gc,heap     ] GC(26) Eden regions: 70->0(70)
[2022-07-11T06:48:52.183+0000][7][gc,heap     ] GC(26) Survivor regions: 6->6(10)
[2022-07-11T06:48:52.183+0000][7][gc,heap     ] GC(26) Old regions: 16->16
[2022-07-11T06:48:52.183+0000][7][gc,heap     ] GC(26) Archive regions: 2->2
[2022-07-11T06:48:52.183+0000][7][gc,heap     ] GC(26) Humongous regions: 0->0
[2022-07-11T06:48:52.183+0000][7][gc,metaspace] GC(26) Metaspace: 125046K(128320K)->125046K(128320K) NonClass: 108466K(110144K)->108466K(110144K) Class: 16579K(18176K)->16579K(18176K)
[2022-07-11T06:48:52.183+0000][7][gc          ] GC(26) Pause Young (Normal) (G1 Evacuation Pause) 368M->88M(512M) 23.848ms
[2022-07-11T06:48:52.183+0000][7][gc,cpu      ] GC(26) User=0.08s Sys=0.00s Real=0.02s
[2022-07-11T06:48:52.183+0000][7][safepoint   ] Safepoint "G1CollectForAllocation", Time since last: 2976127461 ns, Reaching safepoint: 96101 ns, At safepoint: 23988024 ns, Total: 24084125 ns
[2022-07-11T06:48:53.184+0000][7][safepoint   ] Safepoint "Cleanup", Time since last: 1000133895 ns, Reaching safepoint: 83041 ns, At safepoint: 12851 ns, Total: 95892 ns
[2022-07-11T06:48:54.184+0000][7][safepoint   ] Safepoint "Cleanup", Time since last: 1000202407 ns, Reaching safepoint: 136050 ns, At safepoint: 12292 ns, Total: 148342 ns
[2022-07-11T06:48:55.184+0000][7][safepoint   ] Safepoint "Cleanup", Time since last: 1000207016 ns, Reaching safepoint: 98615 ns, At safepoint: 10826 ns, Total: 109441 ns
[2022-07-11T06:49:04.185+0000][7][safepoint   ] Safepoint "Cleanup", Time since last: 9000938585 ns, Reaching safepoint: 109581 ns, At safepoint: 12920 ns, Total: 122501 ns
[2022-07-11T06:49:05.186+0000][7][safepoint   ] Safepoint "Cleanup", Time since last: 1000169357 ns, Reaching safepoint: 81993 ns, At safepoint: 12781 ns, Total: 94774 ns
[2022-07-11T06:49:07.186+0000][7][safepoint   ] Safepoint "Cleanup", Time since last: 2000269496 ns, Reaching safepoint: 62228 ns, At safepoint: 8940 ns, Total: 71168 ns
[2022-07-11T06:49:10.187+0000][7][safepoint   ] Safepoint "Cleanup", Time since last: 3000382477 ns, Reaching safepoint: 84927 ns, At safepoint: 12432 ns, Total: 97359 ns
[2022-07-11T06:49:11.187+0000][7][safepoint   ] Safepoint "Cleanup", Time since last: 1000202242 ns, Reaching safepoint: 90165 ns, At safepoint: 11314 ns, Total: 101479 ns
[2022-07-11T06:49:28.189+0000][7][safepoint   ] Safepoint "Cleanup", Time since last: 17001663319 ns, Reaching safepoint: 98965 ns, At safepoint: 19555 ns, Total: 118520 ns
[2022-07-11T06:49:29.189+0000][7][safepoint   ] Safepoint "Cleanup", Time since last: 1000184199 ns, Reaching safepoint: 70679 ns, At safepoint: 8590 ns, Total: 79269 ns
[2022-07-11T06:49:38.190+0000][7][safepoint   ] Safepoint "Cleanup", Time since last: 9000823612 ns, Reaching safepoint: 120476 ns, At safepoint: 10546 ns, Total: 131022 ns
[2022-07-11T06:49:46.191+0000][7][safepoint   ] Safepoint "Cleanup", Time since last: 8000679346 ns, Reaching safepoint: 55035 ns, At safepoint: 8171 ns, Total: 63206 ns
[2022-07-11T06:49:47.191+0000][7][safepoint   ] Safepoint "Cleanup", Time since last: 1000171044 ns, Reaching safepoint: 91980 ns, At safepoint: 12921 ns, Total: 104901 ns
[2022-07-11T06:49:49.191+0000][7][safepoint   ] Safepoint "Cleanup", Time since last: 2000267633 ns, Reaching safepoint: 53498 ns, At safepoint: 11314 ns, Total: 64812 ns
[2022-07-11T06:49:52.192+0000][7][safepoint   ] Safepoint "Cleanup", Time since last: 3000350735 ns, Reaching safepoint: 70330 ns, At safepoint: 16762 ns, Total: 87092 ns
[2022-07-11T06:49:53.192+0000][7][safepoint   ] Safepoint "Cleanup", Time since last: 1000188426 ns, Reaching safepoint: 88908 ns, At safepoint: 22698 ns, Total: 111606 ns
[2022-07-11T06:49:54.192+0000][7][safepoint   ] Safepoint "Cleanup", Time since last: 1000197225 ns, Reaching safepoint: 77523 ns, At safepoint: 13759 ns, Total: 91282 ns
[2022-07-11T06:49:55.193+0000][7][safepoint   ] Safepoint "Cleanup", Time since last: 1000201833 ns, Reaching safepoint: 88838 ns, At safepoint: 12850 ns, Total: 101688 ns
[2022-07-11T06:49:57.193+0000][7][safepoint   ] Safepoint "Cleanup", Time since last: 2000274037 ns, Reaching safepoint: 80038 ns, At safepoint: 11105 ns, Total: 91143 ns
[2022-07-11T06:49:58.193+0000][7][safepoint   ] Safepoint "Cleanup", Time since last: 1000181785 ns, Reaching safepoint: 80596 ns, At safepoint: 12362 ns, Total: 92958 ns
[2022-07-11T06:49:59.193+0000][7][safepoint   ] Safepoint "Cleanup", Time since last: 1000187371 ns, Reaching safepoint: 105460 ns, At safepoint: 12362 ns, Total: 117822 ns
[2022-07-11T06:50:01.194+0000][7][safepoint   ] Safepoint "Cleanup", Time since last: 2000272140 ns, Reaching safepoint: 79060 ns, At safepoint: 12502 ns, Total: 91562 ns
[2022-07-11T06:50:05.194+0000][7][safepoint   ] Safepoint "Cleanup", Time since last: 4000457943 ns, Reaching safepoint: 75218 ns, At safepoint: 9569 ns, Total: 84787 ns
[2022-07-11T06:50:07.195+0000][7][safepoint   ] Safepoint "Cleanup", Time since last: 2000242861 ns, Reaching safepoint: 65162 ns, At safepoint: 9918 ns, Total: 75080 ns
[2022-07-11T06:50:09.195+0000][7][safepoint   ] Safepoint "Cleanup", Time since last: 2000249980 ns, Reaching safepoint: 81295 ns, At safepoint: 18508 ns, Total: 99803 ns
[2022-07-11T06:50:10.195+0000][7][safepoint   ] Safepoint "Cleanup", Time since last: 1000194480 ns, Reaching safepoint: 88978 ns, At safepoint: 12990 ns, Total: 101968 ns
[2022-07-11T06:50:13.626+0000][7][safepoint   ] Safepoint "Cleanup", Time since last: 3430621519 ns, Reaching safepoint: 56292 ns, At safepoint: 8521 ns, Total: 64813 ns
[2022-07-11T06:50:14.954+0000][7][safepoint   ] Safepoint "Cleanup", Time since last: 1327477328 ns, Reaching safepoint: 104063 ns, At safepoint: 12711 ns, Total: 116774 ns
[2022-07-11T06:50:16.954+0000][7][safepoint   ] Safepoint "Cleanup", Time since last: 2000245631 ns, Reaching safepoint: 73263 ns, At safepoint: 11943 ns, Total: 85206 ns
[2022-07-11T06:50:17.954+0000][7][safepoint   ] Safepoint "Cleanup", Time since last: 1000166394 ns, Reaching safepoint: 70889 ns, At safepoint: 11523 ns, Total: 82412 ns
