[2022-07-11T07:32:07.064+0000][9][gc,init] CardTable entry size: 512
[2022-07-11T07:32:07.064+0000][9][gc     ] Using G1
[2022-07-11T07:32:07.116+0000][9][gc,init] Version: 18.0.1.1+2-6 (release)
[2022-07-11T07:32:07.116+0000][9][gc,init] CPUs: 4 total, 4 available
[2022-07-11T07:32:07.116+0000][9][gc,init] Memory: 15931M
[2022-07-11T07:32:07.116+0000][9][gc,init] Large Page Support: Disabled
[2022-07-11T07:32:07.116+0000][9][gc,init] NUMA Support: Disabled
[2022-07-11T07:32:07.116+0000][9][gc,init] Compressed Oops: Enabled (32-bit)
[2022-07-11T07:32:07.116+0000][9][gc,init] Heap Region Size: 4M
[2022-07-11T07:32:07.116+0000][9][gc,init] Heap Min Capacity: 512M
[2022-07-11T07:32:07.116+0000][9][gc,init] Heap Initial Capacity: 512M
[2022-07-11T07:32:07.117+0000][9][gc,init] Heap Max Capacity: 512M
[2022-07-11T07:32:07.117+0000][9][gc,init] Pre-touch: Enabled
[2022-07-11T07:32:07.117+0000][9][gc,init] Parallel Workers: 4
[2022-07-11T07:32:07.117+0000][9][gc,init] Concurrent Workers: 1
[2022-07-11T07:32:07.117+0000][9][gc,init] Concurrent Refinement Workers: 4
[2022-07-11T07:32:07.117+0000][9][gc,init] Periodic GC: Disabled
[2022-07-11T07:32:07.117+0000][9][gc,metaspace] CDS archive(s) mapped at: [0x0000000800000000-0x0000000800baf000-0x0000000800baf000), size 12251136, SharedBaseAddress: 0x0000000800000000, ArchiveRelocationMode: 0.
[2022-07-11T07:32:07.117+0000][9][gc,metaspace] Compressed class space mapped at: 0x0000000800c00000-0x0000000840c00000, reserved size: 1073741824
[2022-07-11T07:32:07.117+0000][9][gc,metaspace] Narrow klass base: 0x0000000800000000, Narrow klass shift: 0, Narrow klass range: 0x100000000
[2022-07-11T07:32:08.136+0000][9][safepoint   ] Safepoint "Cleanup", Time since last: 1013498920 ns, Reaching safepoint: 1635401 ns, At safepoint: 12990 ns, Total: 1648391 ns
[2022-07-11T07:32:08.453+0000][9][gc,start    ] GC(0) Pause Young (Normal) (G1 Evacuation Pause)
[2022-07-11T07:32:08.453+0000][9][gc,task     ] GC(0) Using 4 workers of 4 for evacuation
[2022-07-11T07:32:08.453+0000][9][gc,age      ] GC(0) Desired survivor size 2097152 bytes, new threshold 15 (max threshold 15)
[2022-07-11T07:32:08.461+0000][9][gc,phases   ] GC(0)   Pre Evacuate Collection Set: 0.1ms
[2022-07-11T07:32:08.461+0000][9][gc,phases   ] GC(0)   Merge Heap Roots: 0.1ms
[2022-07-11T07:32:08.461+0000][9][gc,phases   ] GC(0)   Evacuate Collection Set: 7.0ms
[2022-07-11T07:32:08.461+0000][9][gc,phases   ] GC(0)   Post Evacuate Collection Set: 0.8ms
[2022-07-11T07:32:08.461+0000][9][gc,phases   ] GC(0)   Other: 0.1ms
[2022-07-11T07:32:08.461+0000][9][gc,age      ] GC(0) Age table with threshold 15 (max threshold 15)
[2022-07-11T07:32:08.461+0000][9][gc,age      ] GC(0) - age   1:    4175808 bytes,    4175808 total
[2022-07-11T07:32:08.461+0000][9][gc,heap     ] GC(0) Eden regions: 6->0(5)
[2022-07-11T07:32:08.461+0000][9][gc,heap     ] GC(0) Survivor regions: 0->1(1)
[2022-07-11T07:32:08.461+0000][9][gc,heap     ] GC(0) Old regions: 0->1
[2022-07-11T07:32:08.461+0000][9][gc,heap     ] GC(0) Archive regions: 2->2
[2022-07-11T07:32:08.461+0000][9][gc,heap     ] GC(0) Humongous regions: 0->0
[2022-07-11T07:32:08.461+0000][9][gc,metaspace] GC(0) Metaspace: 8471K(8704K)->8471K(8704K) NonClass: 7529K(7680K)->7529K(7680K) Class: 942K(1024K)->942K(1024K)
[2022-07-11T07:32:08.461+0000][9][gc          ] GC(0) Pause Young (Normal) (G1 Evacuation Pause) 27M->8M(512M) 8.328ms
[2022-07-11T07:32:08.461+0000][9][gc,cpu      ] GC(0) User=0.01s Sys=0.00s Real=0.00s
[2022-07-11T07:32:08.461+0000][9][safepoint   ] Safepoint "G1CollectForAllocation", Time since last: 314618931 ns, Reaching safepoint: 2563799 ns, At safepoint: 8386599 ns, Total: 10950398 ns
[2022-07-11T07:32:09.250+0000][9][gc,start    ] GC(1) Pause Young (Normal) (G1 Evacuation Pause)
[2022-07-11T07:32:09.251+0000][9][gc,task     ] GC(1) Using 4 workers of 4 for evacuation
[2022-07-11T07:32:09.251+0000][9][gc,age      ] GC(1) Desired survivor size 2097152 bytes, new threshold 1 (max threshold 15)
[2022-07-11T07:32:09.256+0000][9][gc,phases   ] GC(1)   Pre Evacuate Collection Set: 0.1ms
[2022-07-11T07:32:09.256+0000][9][gc,phases   ] GC(1)   Merge Heap Roots: 0.1ms
[2022-07-11T07:32:09.256+0000][9][gc,phases   ] GC(1)   Evacuate Collection Set: 5.0ms
[2022-07-11T07:32:09.256+0000][9][gc,phases   ] GC(1)   Post Evacuate Collection Set: 0.6ms
[2022-07-11T07:32:09.256+0000][9][gc,phases   ] GC(1)   Other: 0.1ms
[2022-07-11T07:32:09.256+0000][9][gc,age      ] GC(1) Age table with threshold 1 (max threshold 15)
[2022-07-11T07:32:09.256+0000][9][gc,age      ] GC(1) - age   1:    2105232 bytes,    2105232 total
[2022-07-11T07:32:09.256+0000][9][gc,heap     ] GC(1) Eden regions: 5->0(7)
[2022-07-11T07:32:09.256+0000][9][gc,heap     ] GC(1) Survivor regions: 1->1(1)
[2022-07-11T07:32:09.257+0000][9][gc,heap     ] GC(1) Old regions: 1->2
[2022-07-11T07:32:09.257+0000][9][gc,heap     ] GC(1) Archive regions: 2->2
[2022-07-11T07:32:09.257+0000][9][gc,heap     ] GC(1) Humongous regions: 0->0
[2022-07-11T07:32:09.257+0000][9][gc,metaspace] GC(1) Metaspace: 11805K(12096K)->11805K(12096K) NonClass: 10387K(10560K)->10387K(10560K) Class: 1418K(1536K)->1418K(1536K)
[2022-07-11T07:32:09.257+0000][9][gc          ] GC(1) Pause Young (Normal) (G1 Evacuation Pause) 28M->10M(512M) 6.131ms
[2022-07-11T07:32:09.257+0000][9][gc,cpu      ] GC(1) User=0.01s Sys=0.00s Real=0.01s
[2022-07-11T07:32:09.257+0000][9][safepoint   ] Safepoint "G1CollectForAllocation", Time since last: 789076380 ns, Reaching safepoint: 111397 ns, At safepoint: 6185414 ns, Total: 6296811 ns
[2022-07-11T07:32:11.205+0000][9][safepoint   ] Safepoint "Cleanup", Time since last: 1947994975 ns, Reaching safepoint: 87720 ns, At safepoint: 16064 ns, Total: 103784 ns
[2022-07-11T07:32:13.236+0000][9][safepoint   ] Safepoint "Cleanup", Time since last: 2031504498 ns, Reaching safepoint: 42393 ns, At safepoint: 7683 ns, Total: 50076 ns
[2022-07-11T07:32:14.030+0000][9][gc,start    ] GC(2) Pause Young (Normal) (G1 Evacuation Pause)
[2022-07-11T07:32:14.030+0000][9][gc,task     ] GC(2) Using 4 workers of 4 for evacuation
[2022-07-11T07:32:14.030+0000][9][gc,age      ] GC(2) Desired survivor size 2097152 bytes, new threshold 1 (max threshold 15)
[2022-07-11T07:32:14.036+0000][9][gc,phases   ] GC(2)   Pre Evacuate Collection Set: 0.0ms
[2022-07-11T07:32:14.036+0000][9][gc,phases   ] GC(2)   Merge Heap Roots: 0.1ms
[2022-07-11T07:32:14.036+0000][9][gc,phases   ] GC(2)   Evacuate Collection Set: 5.2ms
[2022-07-11T07:32:14.036+0000][9][gc,phases   ] GC(2)   Post Evacuate Collection Set: 0.7ms
[2022-07-11T07:32:14.036+0000][9][gc,phases   ] GC(2)   Other: 0.1ms
[2022-07-11T07:32:14.036+0000][9][gc,age      ] GC(2) Age table with threshold 1 (max threshold 15)
[2022-07-11T07:32:14.036+0000][9][gc,age      ] GC(2) - age   1:    1031920 bytes,    1031920 total
[2022-07-11T07:32:14.036+0000][9][gc,heap     ] GC(2) Eden regions: 7->0(36)
[2022-07-11T07:32:14.036+0000][9][gc,heap     ] GC(2) Survivor regions: 1->1(1)
[2022-07-11T07:32:14.036+0000][9][gc,heap     ] GC(2) Old regions: 2->2
[2022-07-11T07:32:14.036+0000][9][gc,heap     ] GC(2) Archive regions: 2->2
[2022-07-11T07:32:14.036+0000][9][gc,heap     ] GC(2) Humongous regions: 0->0
[2022-07-11T07:32:14.036+0000][9][gc,metaspace] GC(2) Metaspace: 14963K(15360K)->14963K(15360K) NonClass: 13214K(13440K)->13214K(13440K) Class: 1748K(1920K)->1748K(1920K)
[2022-07-11T07:32:14.036+0000][9][gc          ] GC(2) Pause Young (Normal) (G1 Evacuation Pause) 38M->11M(512M) 6.270ms
[2022-07-11T07:32:14.036+0000][9][gc,cpu      ] GC(2) User=0.01s Sys=0.00s Real=0.01s
[2022-07-11T07:32:14.036+0000][9][safepoint   ] Safepoint "G1CollectForAllocation", Time since last: 793272445 ns, Reaching safepoint: 96869 ns, At safepoint: 6319370 ns, Total: 6416239 ns
[2022-07-11T07:32:15.201+0000][9][safepoint   ] Safepoint "Cleanup", Time since last: 1165177489 ns, Reaching safepoint: 139194 ns, At safepoint: 8101 ns, Total: 147295 ns
[2022-07-11T07:32:16.202+0000][9][safepoint   ] Safepoint "Cleanup", Time since last: 1000124628 ns, Reaching safepoint: 136051 ns, At safepoint: 6286 ns, Total: 142337 ns
[2022-07-11T07:32:16.296+0000][9][gc,start    ] GC(3) Pause Young (Normal) (G1 Evacuation Pause)
[2022-07-11T07:32:16.296+0000][9][gc,task     ] GC(3) Using 4 workers of 4 for evacuation
[2022-07-11T07:32:16.296+0000][9][gc,age      ] GC(3) Desired survivor size 10485760 bytes, new threshold 15 (max threshold 15)
[2022-07-11T07:32:16.302+0000][9][gc,phases   ] GC(3)   Pre Evacuate Collection Set: 0.0ms
[2022-07-11T07:32:16.302+0000][9][gc,phases   ] GC(3)   Merge Heap Roots: 0.0ms
[2022-07-11T07:32:16.302+0000][9][gc,phases   ] GC(3)   Evacuate Collection Set: 2.7ms
[2022-07-11T07:32:16.302+0000][9][gc,phases   ] GC(3)   Post Evacuate Collection Set: 2.6ms
[2022-07-11T07:32:16.302+0000][9][gc,phases   ] GC(3)   Other: 0.1ms
[2022-07-11T07:32:16.302+0000][9][gc,age      ] GC(3) Age table with threshold 15 (max threshold 15)
[2022-07-11T07:32:16.302+0000][9][gc,age      ] GC(3) - age   1:    3058496 bytes,    3058496 total
[2022-07-11T07:32:16.302+0000][9][gc,age      ] GC(3) - age   2:     932912 bytes,    3991408 total
[2022-07-11T07:32:16.302+0000][9][gc,heap     ] GC(3) Eden regions: 36->0(75)
[2022-07-11T07:32:16.302+0000][9][gc,heap     ] GC(3) Survivor regions: 1->1(5)
[2022-07-11T07:32:16.302+0000][9][gc,heap     ] GC(3) Old regions: 2->2
[2022-07-11T07:32:16.302+0000][9][gc,heap     ] GC(3) Archive regions: 2->2
[2022-07-11T07:32:16.302+0000][9][gc,heap     ] GC(3) Humongous regions: 0->0
[2022-07-11T07:32:16.302+0000][9][gc,metaspace] GC(3) Metaspace: 20491K(20864K)->20491K(20864K) NonClass: 18203K(18432K)->18203K(18432K) Class: 2288K(2432K)->2288K(2432K)
[2022-07-11T07:32:16.302+0000][9][gc          ] GC(3) Pause Young (Normal) (G1 Evacuation Pause) 155M->14M(512M) 5.706ms
[2022-07-11T07:32:16.302+0000][9][gc,cpu      ] GC(3) User=0.01s Sys=0.00s Real=0.00s
[2022-07-11T07:32:16.302+0000][9][safepoint   ] Safepoint "G1CollectForAllocation", Time since last: 94533597 ns, Reaching safepoint: 140031 ns, At safepoint: 5750095 ns, Total: 5890126 ns
[2022-07-11T07:32:16.344+0000][9][gc,start    ] GC(4) Pause Young (Concurrent Start) (Metadata GC Threshold)
[2022-07-11T07:32:16.344+0000][9][gc,task     ] GC(4) Using 4 workers of 4 for evacuation
[2022-07-11T07:32:16.344+0000][9][gc,age      ] GC(4) Desired survivor size 20971520 bytes, new threshold 15 (max threshold 15)
[2022-07-11T07:32:16.351+0000][9][gc,phases   ] GC(4)   Pre Evacuate Collection Set: 0.1ms
[2022-07-11T07:32:16.351+0000][9][gc,phases   ] GC(4)   Merge Heap Roots: 0.1ms
[2022-07-11T07:32:16.351+0000][9][gc,phases   ] GC(4)   Evacuate Collection Set: 5.6ms
[2022-07-11T07:32:16.351+0000][9][gc,phases   ] GC(4)   Post Evacuate Collection Set: 0.5ms
[2022-07-11T07:32:16.351+0000][9][gc,phases   ] GC(4)   Other: 0.1ms
[2022-07-11T07:32:16.351+0000][9][gc,age      ] GC(4) Age table with threshold 15 (max threshold 15)
[2022-07-11T07:32:16.351+0000][9][gc,age      ] GC(4) - age   1:     150944 bytes,     150944 total
[2022-07-11T07:32:16.351+0000][9][gc,age      ] GC(4) - age   2:    3045352 bytes,    3196296 total
[2022-07-11T07:32:16.351+0000][9][gc,age      ] GC(4) - age   3:     932912 bytes,    4129208 total
[2022-07-11T07:32:16.351+0000][9][gc,heap     ] GC(4) Eden regions: 1->0(74)
[2022-07-11T07:32:16.351+0000][9][gc,heap     ] GC(4) Survivor regions: 1->2(10)
[2022-07-11T07:32:16.351+0000][9][gc,heap     ] GC(4) Old regions: 2->2
[2022-07-11T07:32:16.351+0000][9][gc,heap     ] GC(4) Archive regions: 2->2
[2022-07-11T07:32:16.351+0000][9][gc,heap     ] GC(4) Humongous regions: 0->0
[2022-07-11T07:32:16.351+0000][9][gc,metaspace] GC(4) Metaspace: 21051K(21504K)->21051K(21504K) NonClass: 18678K(18880K)->18678K(18880K) Class: 2372K(2624K)->2372K(2624K)
[2022-07-11T07:32:16.351+0000][9][gc          ] GC(4) Pause Young (Concurrent Start) (Metadata GC Threshold) 18M->14M(512M) 6.724ms
[2022-07-11T07:32:16.351+0000][9][gc,cpu      ] GC(4) User=0.01s Sys=0.00s Real=0.00s
[2022-07-11T07:32:16.351+0000][9][gc          ] GC(5) Concurrent Mark Cycle
[2022-07-11T07:32:16.351+0000][9][gc,marking  ] GC(5) Concurrent Clear Claimed Marks
[2022-07-11T07:32:16.351+0000][9][safepoint   ] Safepoint "CollectForMetadataAllocation", Time since last: 42139862 ns, Reaching safepoint: 42393 ns, At safepoint: 6821877 ns, Total: 6864270 ns
[2022-07-11T07:32:16.351+0000][9][gc,marking  ] GC(5) Concurrent Clear Claimed Marks 0.032ms
[2022-07-11T07:32:16.351+0000][9][gc,marking  ] GC(5) Concurrent Scan Root Regions
[2022-07-11T07:32:16.353+0000][9][gc,marking  ] GC(5) Concurrent Scan Root Regions 1.988ms
[2022-07-11T07:32:16.353+0000][9][gc,marking  ] GC(5) Concurrent Mark
[2022-07-11T07:32:16.353+0000][9][gc,marking  ] GC(5) Concurrent Mark From Roots
[2022-07-11T07:32:16.353+0000][9][gc,task     ] GC(5) Using 1 workers of 1 for marking
[2022-07-11T07:32:16.362+0000][9][gc,marking  ] GC(5) Concurrent Mark From Roots 8.862ms
[2022-07-11T07:32:16.362+0000][9][gc,marking  ] GC(5) Concurrent Preclean
[2022-07-11T07:32:16.362+0000][9][gc,marking  ] GC(5) Concurrent Preclean 0.053ms
[2022-07-11T07:32:16.363+0000][9][gc,start    ] GC(5) Pause Remark
[2022-07-11T07:32:16.367+0000][9][gc          ] GC(5) Pause Remark 16M->16M(512M) 3.474ms
[2022-07-11T07:32:16.367+0000][9][gc,cpu      ] GC(5) User=0.01s Sys=0.00s Real=0.01s
[2022-07-11T07:32:16.367+0000][9][safepoint   ] Safepoint "G1Concurrent", Time since last: 11731852 ns, Reaching safepoint: 365967 ns, At safepoint: 3554008 ns, Total: 3919975 ns
[2022-07-11T07:32:16.369+0000][9][gc,marking  ] GC(5) Concurrent Mark 16.214ms
[2022-07-11T07:32:16.369+0000][9][gc,marking  ] GC(5) Concurrent Rebuild Remembered Sets
[2022-07-11T07:32:16.372+0000][9][gc,marking  ] GC(5) Concurrent Rebuild Remembered Sets 2.942ms
[2022-07-11T07:32:16.376+0000][9][gc,start    ] GC(5) Pause Cleanup
[2022-07-11T07:32:16.376+0000][9][gc          ] GC(5) Pause Cleanup 18M->18M(512M) 0.080ms
[2022-07-11T07:32:16.376+0000][9][gc,cpu      ] GC(5) User=0.00s Sys=0.00s Real=0.00s
[2022-07-11T07:32:16.376+0000][9][safepoint   ] Safepoint "G1Concurrent", Time since last: 9305290 ns, Reaching safepoint: 118031 ns, At safepoint: 116496 ns, Total: 234527 ns
[2022-07-11T07:32:16.377+0000][9][gc,marking  ] GC(5) Concurrent Cleanup for Next Mark
[2022-07-11T07:32:16.378+0000][9][gc,marking  ] GC(5) Concurrent Cleanup for Next Mark 0.886ms
[2022-07-11T07:32:16.378+0000][9][gc          ] GC(5) Concurrent Mark Cycle 27.235ms
[2022-07-11T07:32:17.496+0000][9][safepoint   ] Safepoint "Cleanup", Time since last: 1118726405 ns, Reaching safepoint: 1024500 ns, At safepoint: 8591 ns, Total: 1033091 ns
[2022-07-11T07:32:18.496+0000][9][safepoint   ] Safepoint "Cleanup", Time since last: 1000135527 ns, Reaching safepoint: 86953 ns, At safepoint: 9009 ns, Total: 95962 ns
[2022-07-11T07:32:18.813+0000][9][gc,start    ] GC(6) Pause Young (Normal) (G1 Evacuation Pause)
[2022-07-11T07:32:18.813+0000][9][gc,task     ] GC(6) Using 4 workers of 4 for evacuation
[2022-07-11T07:32:18.813+0000][9][gc,age      ] GC(6) Desired survivor size 20971520 bytes, new threshold 15 (max threshold 15)
[2022-07-11T07:32:18.819+0000][9][gc,phases   ] GC(6)   Pre Evacuate Collection Set: 0.1ms
[2022-07-11T07:32:18.819+0000][9][gc,phases   ] GC(6)   Merge Heap Roots: 0.1ms
[2022-07-11T07:32:18.819+0000][9][gc,phases   ] GC(6)   Evacuate Collection Set: 5.1ms
[2022-07-11T07:32:18.819+0000][9][gc,phases   ] GC(6)   Post Evacuate Collection Set: 1.1ms
[2022-07-11T07:32:18.819+0000][9][gc,phases   ] GC(6)   Other: 0.1ms
[2022-07-11T07:32:18.819+0000][9][gc,age      ] GC(6) Age table with threshold 15 (max threshold 15)
[2022-07-11T07:32:18.819+0000][9][gc,age      ] GC(6) - age   1:    5916168 bytes,    5916168 total
[2022-07-11T07:32:18.820+0000][9][gc,age      ] GC(6) - age   2:     140784 bytes,    6056952 total
[2022-07-11T07:32:18.820+0000][9][gc,age      ] GC(6) - age   3:    3030264 bytes,    9087216 total
[2022-07-11T07:32:18.820+0000][9][gc,age      ] GC(6) - age   4:     929624 bytes,   10016840 total
[2022-07-11T07:32:18.820+0000][9][gc,heap     ] GC(6) Eden regions: 74->0(73)
[2022-07-11T07:32:18.820+0000][9][gc,heap     ] GC(6) Survivor regions: 2->3(10)
[2022-07-11T07:32:18.820+0000][9][gc,heap     ] GC(6) Old regions: 2->2
[2022-07-11T07:32:18.820+0000][9][gc,heap     ] GC(6) Archive regions: 2->2
[2022-07-11T07:32:18.820+0000][9][gc,heap     ] GC(6) Humongous regions: 0->0
[2022-07-11T07:32:18.820+0000][9][gc,metaspace] GC(6) Metaspace: 23665K(24256K)->23665K(24256K) NonClass: 20905K(21248K)->20905K(21248K) Class: 2759K(3008K)->2759K(3008K)
[2022-07-11T07:32:18.820+0000][9][gc          ] GC(6) Pause Young (Normal) (G1 Evacuation Pause) 310M->19M(512M) 6.621ms
[2022-07-11T07:32:18.820+0000][9][gc,cpu      ] GC(6) User=0.01s Sys=0.00s Real=0.00s
[2022-07-11T07:32:18.820+0000][9][safepoint   ] Safepoint "G1CollectForAllocation", Time since last: 316165360 ns, Reaching safepoint: 662792 ns, At safepoint: 6677655 ns, Total: 7340447 ns
[2022-07-11T07:32:20.347+0000][9][safepoint   ] Safepoint "Cleanup", Time since last: 1526195982 ns, Reaching safepoint: 1018704 ns, At safepoint: 10057 ns, Total: 1028761 ns
[2022-07-11T07:32:20.352+0000][9][gc,start    ] GC(7) Pause Young (Normal) (G1 Evacuation Pause)
[2022-07-11T07:32:20.352+0000][9][gc,task     ] GC(7) Using 4 workers of 4 for evacuation
[2022-07-11T07:32:20.352+0000][9][gc,age      ] GC(7) Desired survivor size 20971520 bytes, new threshold 15 (max threshold 15)
[2022-07-11T07:32:20.359+0000][9][gc,phases   ] GC(7)   Pre Evacuate Collection Set: 0.1ms
[2022-07-11T07:32:20.359+0000][9][gc,phases   ] GC(7)   Merge Heap Roots: 0.1ms
[2022-07-11T07:32:20.359+0000][9][gc,phases   ] GC(7)   Evacuate Collection Set: 5.7ms
[2022-07-11T07:32:20.359+0000][9][gc,phases   ] GC(7)   Post Evacuate Collection Set: 1.0ms
[2022-07-11T07:32:20.359+0000][9][gc,phases   ] GC(7)   Other: 0.1ms
[2022-07-11T07:32:20.359+0000][9][gc,age      ] GC(7) Age table with threshold 15 (max threshold 15)
[2022-07-11T07:32:20.359+0000][9][gc,age      ] GC(7) - age   1:    4179088 bytes,    4179088 total
[2022-07-11T07:32:20.359+0000][9][gc,age      ] GC(7) - age   2:    5743616 bytes,    9922704 total
[2022-07-11T07:32:20.359+0000][9][gc,age      ] GC(7) - age   3:     140560 bytes,   10063264 total
[2022-07-11T07:32:20.359+0000][9][gc,age      ] GC(7) - age   4:    3026312 bytes,   13089576 total
[2022-07-11T07:32:20.359+0000][9][gc,age      ] GC(7) - age   5:     909560 bytes,   13999136 total
[2022-07-11T07:32:20.359+0000][9][gc,heap     ] GC(7) Eden regions: 73->0(72)
[2022-07-11T07:32:20.359+0000][9][gc,heap     ] GC(7) Survivor regions: 3->4(10)
[2022-07-11T07:32:20.359+0000][9][gc,heap     ] GC(7) Old regions: 2->2
[2022-07-11T07:32:20.359+0000][9][gc,heap     ] GC(7) Archive regions: 2->2
[2022-07-11T07:32:20.359+0000][9][gc,heap     ] GC(7) Humongous regions: 0->0
[2022-07-11T07:32:20.359+0000][9][gc,metaspace] GC(7) Metaspace: 29392K(30080K)->29392K(30080K) NonClass: 25988K(26368K)->25988K(26368K) Class: 3403K(3712K)->3403K(3712K)
[2022-07-11T07:32:20.359+0000][9][gc          ] GC(7) Pause Young (Normal) (G1 Evacuation Pause) 311M->24M(512M) 7.169ms
[2022-07-11T07:32:20.359+0000][9][gc,cpu      ] GC(7) User=0.02s Sys=0.00s Real=0.00s
[2022-07-11T07:32:20.359+0000][9][safepoint   ] Safepoint "G1CollectForAllocation", Time since last: 4342794 ns, Reaching safepoint: 682209 ns, At safepoint: 7216829 ns, Total: 7899038 ns
[2022-07-11T07:32:21.359+0000][9][safepoint   ] Safepoint "Cleanup", Time since last: 1000113881 ns, Reaching safepoint: 181657 ns, At safepoint: 15575 ns, Total: 197232 ns
[2022-07-11T07:32:21.801+0000][9][gc,start    ] GC(8) Pause Young (Normal) (G1 Evacuation Pause)
[2022-07-11T07:32:21.801+0000][9][gc,task     ] GC(8) Using 4 workers of 4 for evacuation
[2022-07-11T07:32:21.801+0000][9][gc,age      ] GC(8) Desired survivor size 20971520 bytes, new threshold 15 (max threshold 15)
[2022-07-11T07:32:21.811+0000][9][gc,phases   ] GC(8)   Pre Evacuate Collection Set: 0.1ms
[2022-07-11T07:32:21.811+0000][9][gc,phases   ] GC(8)   Merge Heap Roots: 0.1ms
[2022-07-11T07:32:21.811+0000][9][gc,phases   ] GC(8)   Evacuate Collection Set: 8.4ms
[2022-07-11T07:32:21.811+0000][9][gc,phases   ] GC(8)   Post Evacuate Collection Set: 1.2ms
[2022-07-11T07:32:21.811+0000][9][gc,phases   ] GC(8)   Other: 0.1ms
[2022-07-11T07:32:21.811+0000][9][gc,age      ] GC(8) Age table with threshold 15 (max threshold 15)
[2022-07-11T07:32:21.811+0000][9][gc,age      ] GC(8) - age   1:    4550776 bytes,    4550776 total
[2022-07-11T07:32:21.811+0000][9][gc,age      ] GC(8) - age   2:    3173384 bytes,    7724160 total
[2022-07-11T07:32:21.811+0000][9][gc,age      ] GC(8) - age   3:    5741576 bytes,   13465736 total
[2022-07-11T07:32:21.811+0000][9][gc,age      ] GC(8) - age   4:     140272 bytes,   13606008 total
[2022-07-11T07:32:21.811+0000][9][gc,age      ] GC(8) - age   5:    3005032 bytes,   16611040 total
[2022-07-11T07:32:21.811+0000][9][gc,age      ] GC(8) - age   6:     907944 bytes,   17518984 total
[2022-07-11T07:32:21.811+0000][9][gc,heap     ] GC(8) Eden regions: 72->0(71)
[2022-07-11T07:32:21.811+0000][9][gc,heap     ] GC(8) Survivor regions: 4->5(10)
[2022-07-11T07:32:21.811+0000][9][gc,heap     ] GC(8) Old regions: 2->2
[2022-07-11T07:32:21.811+0000][9][gc,heap     ] GC(8) Archive regions: 2->2
[2022-07-11T07:32:21.811+0000][9][gc,heap     ] GC(8) Humongous regions: 0->0
[2022-07-11T07:32:21.811+0000][9][gc,metaspace] GC(8) Metaspace: 30957K(31616K)->30957K(31616K) NonClass: 27340K(27712K)->27340K(27712K) Class: 3617K(3904K)->3617K(3904K)
[2022-07-11T07:32:21.811+0000][9][gc          ] GC(8) Pause Young (Normal) (G1 Evacuation Pause) 312M->28M(512M) 10.119ms
[2022-07-11T07:32:21.811+0000][9][gc,cpu      ] GC(8) User=0.02s Sys=0.00s Real=0.01s
[2022-07-11T07:32:21.811+0000][9][safepoint   ] Safepoint "G1CollectForAllocation", Time since last: 441711516 ns, Reaching safepoint: 40298 ns, At safepoint: 10165244 ns, Total: 10205542 ns
[2022-07-11T07:32:23.192+0000][9][safepoint   ] Safepoint "Cleanup", Time since last: 1380449950 ns, Reaching safepoint: 237041 ns, At safepoint: 9010 ns, Total: 246051 ns
[2022-07-11T07:32:23.545+0000][9][gc,start    ] GC(9) Pause Young (Concurrent Start) (Metadata GC Threshold)
[2022-07-11T07:32:23.545+0000][9][gc,task     ] GC(9) Using 4 workers of 4 for evacuation
[2022-07-11T07:32:23.545+0000][9][gc,age      ] GC(9) Desired survivor size 20971520 bytes, new threshold 15 (max threshold 15)
[2022-07-11T07:32:23.553+0000][9][gc,phases   ] GC(9)   Pre Evacuate Collection Set: 0.1ms
[2022-07-11T07:32:23.553+0000][9][gc,phases   ] GC(9)   Merge Heap Roots: 0.0ms
[2022-07-11T07:32:23.553+0000][9][gc,phases   ] GC(9)   Evacuate Collection Set: 6.8ms
[2022-07-11T07:32:23.553+0000][9][gc,phases   ] GC(9)   Post Evacuate Collection Set: 0.9ms
[2022-07-11T07:32:23.553+0000][9][gc,phases   ] GC(9)   Other: 0.1ms
[2022-07-11T07:32:23.553+0000][9][gc,age      ] GC(9) Age table with threshold 15 (max threshold 15)
[2022-07-11T07:32:23.553+0000][9][gc,age      ] GC(9) - age   1:    1845544 bytes,    1845544 total
[2022-07-11T07:32:23.553+0000][9][gc,age      ] GC(9) - age   2:    2817688 bytes,    4663232 total
[2022-07-11T07:32:23.553+0000][9][gc,age      ] GC(9) - age   3:    3160720 bytes,    7823952 total
[2022-07-11T07:32:23.553+0000][9][gc,age      ] GC(9) - age   4:    5725512 bytes,   13549464 total
[2022-07-11T07:32:23.553+0000][9][gc,age      ] GC(9) - age   5:     140272 bytes,   13689736 total
[2022-07-11T07:32:23.553+0000][9][gc,age      ] GC(9) - age   6:    2937848 bytes,   16627584 total
[2022-07-11T07:32:23.553+0000][9][gc,age      ] GC(9) - age   7:     898408 bytes,   17525992 total
[2022-07-11T07:32:23.553+0000][9][gc,heap     ] GC(9) Eden regions: 33->0(71)
[2022-07-11T07:32:23.553+0000][9][gc,heap     ] GC(9) Survivor regions: 5->5(10)
[2022-07-11T07:32:23.553+0000][9][gc,heap     ] GC(9) Old regions: 2->2
[2022-07-11T07:32:23.553+0000][9][gc,heap     ] GC(9) Archive regions: 2->2
[2022-07-11T07:32:23.553+0000][9][gc,heap     ] GC(9) Humongous regions: 0->0
[2022-07-11T07:32:23.553+0000][9][gc,metaspace] GC(9) Metaspace: 35101K(35840K)->35101K(35840K) NonClass: 30959K(31360K)->30959K(31360K) Class: 4141K(4480K)->4141K(4480K)
[2022-07-11T07:32:23.553+0000][9][gc          ] GC(9) Pause Young (Concurrent Start) (Metadata GC Threshold) 160M->28M(512M) 8.345ms
[2022-07-11T07:32:23.553+0000][9][gc,cpu      ] GC(9) User=0.02s Sys=0.00s Real=0.01s
[2022-07-11T07:32:23.553+0000][9][gc          ] GC(10) Concurrent Mark Cycle
[2022-07-11T07:32:23.553+0000][9][gc,marking  ] GC(10) Concurrent Clear Claimed Marks
[2022-07-11T07:32:23.553+0000][9][safepoint   ] Safepoint "CollectForMetadataAllocation", Time since last: 352875003 ns, Reaching safepoint: 61041 ns, At safepoint: 8472155 ns, Total: 8533196 ns
[2022-07-11T07:32:23.553+0000][9][gc,marking  ] GC(10) Concurrent Clear Claimed Marks 0.056ms
[2022-07-11T07:32:23.553+0000][9][gc,marking  ] GC(10) Concurrent Scan Root Regions
[2022-07-11T07:32:23.558+0000][9][gc,marking  ] GC(10) Concurrent Scan Root Regions 4.591ms
[2022-07-11T07:32:23.558+0000][9][gc,marking  ] GC(10) Concurrent Mark
[2022-07-11T07:32:23.558+0000][9][gc,marking  ] GC(10) Concurrent Mark From Roots
[2022-07-11T07:32:23.558+0000][9][gc,task     ] GC(10) Using 1 workers of 1 for marking
[2022-07-11T07:32:23.564+0000][9][gc,marking  ] GC(10) Concurrent Mark From Roots 6.076ms
[2022-07-11T07:32:23.564+0000][9][gc,marking  ] GC(10) Concurrent Preclean
[2022-07-11T07:32:23.564+0000][9][gc,marking  ] GC(10) Concurrent Preclean 0.057ms
[2022-07-11T07:32:23.564+0000][9][gc,start    ] GC(10) Pause Remark
[2022-07-11T07:32:23.569+0000][9][gc          ] GC(10) Pause Remark 30M->30M(512M) 4.434ms
[2022-07-11T07:32:23.569+0000][9][gc,cpu      ] GC(10) User=0.00s Sys=0.00s Real=0.00s
[2022-07-11T07:32:23.569+0000][9][safepoint   ] Safepoint "G1Concurrent", Time since last: 10866309 ns, Reaching safepoint: 99524 ns, At safepoint: 4512159 ns, Total: 4611683 ns
[2022-07-11T07:32:23.569+0000][9][gc,marking  ] GC(10) Concurrent Mark 10.859ms
[2022-07-11T07:32:23.569+0000][9][gc,marking  ] GC(10) Concurrent Rebuild Remembered Sets
[2022-07-11T07:32:23.572+0000][9][gc,marking  ] GC(10) Concurrent Rebuild Remembered Sets 2.921ms
[2022-07-11T07:32:23.572+0000][9][gc,start    ] GC(10) Pause Cleanup
[2022-07-11T07:32:23.572+0000][9][gc          ] GC(10) Pause Cleanup 30M->30M(512M) 0.071ms
[2022-07-11T07:32:23.572+0000][9][gc,cpu      ] GC(10) User=0.00s Sys=0.00s Real=0.00s
[2022-07-11T07:32:23.572+0000][9][safepoint   ] Safepoint "G1Concurrent", Time since last: 3011412 ns, Reaching safepoint: 35759 ns, At safepoint: 108463 ns, Total: 144222 ns
[2022-07-11T07:32:23.572+0000][9][gc,marking  ] GC(10) Concurrent Cleanup for Next Mark
[2022-07-11T07:32:23.573+0000][9][gc,marking  ] GC(10) Concurrent Cleanup for Next Mark 0.782ms
[2022-07-11T07:32:23.573+0000][9][gc          ] GC(10) Concurrent Mark Cycle 19.554ms
[2022-07-11T07:32:24.573+0000][9][safepoint   ] Safepoint "Cleanup", Time since last: 1000680300 ns, Reaching safepoint: 321758 ns, At safepoint: 8660 ns, Total: 330418 ns
[2022-07-11T07:32:25.778+0000][9][safepoint   ] Safepoint "ICBufferFull", Time since last: 1205022323 ns, Reaching safepoint: 250451 ns, At safepoint: 8101 ns, Total: 258552 ns
[2022-07-11T07:32:26.779+0000][9][safepoint   ] Safepoint "Cleanup", Time since last: 1000140501 ns, Reaching safepoint: 170273 ns, At safepoint: 11943 ns, Total: 182216 ns
[2022-07-11T07:32:27.878+0000][9][gc,start    ] GC(11) Pause Young (Normal) (G1 Evacuation Pause)
[2022-07-11T07:32:27.878+0000][9][gc,task     ] GC(11) Using 4 workers of 4 for evacuation
[2022-07-11T07:32:27.878+0000][9][gc,age      ] GC(11) Desired survivor size 20971520 bytes, new threshold 15 (max threshold 15)
[2022-07-11T07:32:27.905+0000][9][gc,phases   ] GC(11)   Pre Evacuate Collection Set: 0.0ms
[2022-07-11T07:32:27.905+0000][9][gc,phases   ] GC(11)   Merge Heap Roots: 2.1ms
[2022-07-11T07:32:27.905+0000][9][gc,phases   ] GC(11)   Evacuate Collection Set: 24.0ms
[2022-07-11T07:32:27.906+0000][9][gc,phases   ] GC(11)   Post Evacuate Collection Set: 1.4ms
[2022-07-11T07:32:27.906+0000][9][gc,phases   ] GC(11)   Other: 0.1ms
[2022-07-11T07:32:27.906+0000][9][gc,age      ] GC(11) Age table with threshold 15 (max threshold 15)
[2022-07-11T07:32:27.906+0000][9][gc,age      ] GC(11) - age   1:   20003128 bytes,   20003128 total
[2022-07-11T07:32:27.906+0000][9][gc,age      ] GC(11) - age   2:    1713976 bytes,   21717104 total
[2022-07-11T07:32:27.906+0000][9][gc,age      ] GC(11) - age   3:    2804288 bytes,   24521392 total
[2022-07-11T07:32:27.906+0000][9][gc,age      ] GC(11) - age   4:    3149088 bytes,   27670480 total
[2022-07-11T07:32:27.906+0000][9][gc,age      ] GC(11) - age   5:    5710160 bytes,   33380640 total
[2022-07-11T07:32:27.906+0000][9][gc,age      ] GC(11) - age   6:     140144 bytes,   33520784 total
[2022-07-11T07:32:27.906+0000][9][gc,age      ] GC(11) - age   7:    2934616 bytes,   36455400 total
[2022-07-11T07:32:27.906+0000][9][gc,age      ] GC(11) - age   8:     890032 bytes,   37345432 total
[2022-07-11T07:32:27.906+0000][9][gc,heap     ] GC(11) Eden regions: 71->0(66)
[2022-07-11T07:32:27.906+0000][9][gc,heap     ] GC(11) Survivor regions: 5->10(10)
[2022-07-11T07:32:27.906+0000][9][gc,heap     ] GC(11) Old regions: 2->2
[2022-07-11T07:32:27.906+0000][9][gc,heap     ] GC(11) Archive regions: 2->2
[2022-07-11T07:32:27.906+0000][9][gc,heap     ] GC(11) Humongous regions: 0->0
[2022-07-11T07:32:27.906+0000][9][gc,metaspace] GC(11) Metaspace: 47231K(48448K)->47231K(48448K) NonClass: 41371K(42048K)->41371K(42048K) Class: 5859K(6400K)->5859K(6400K)
[2022-07-11T07:32:27.906+0000][9][gc          ] GC(11) Pause Young (Normal) (G1 Evacuation Pause) 312M->47M(512M) 28.166ms
[2022-07-11T07:32:27.906+0000][9][gc,cpu      ] GC(11) User=0.07s Sys=0.00s Real=0.03s
[2022-07-11T07:32:27.906+0000][9][safepoint   ] Safepoint "G1CollectForAllocation", Time since last: 1098237119 ns, Reaching safepoint: 684164 ns, At safepoint: 28250128 ns, Total: 28934292 ns
[2022-07-11T07:32:28.906+0000][9][safepoint   ] Safepoint "Cleanup", Time since last: 1000112429 ns, Reaching safepoint: 103015 ns, At safepoint: 7264 ns, Total: 110279 ns
[2022-07-11T07:32:30.008+0000][9][safepoint   ] Safepoint "Cleanup", Time since last: 1101346941 ns, Reaching safepoint: 964437 ns, At safepoint: 10406 ns, Total: 974843 ns
[2022-07-11T07:32:30.054+0000][9][gc,start    ] GC(12) Pause Young (Concurrent Start) (Metadata GC Threshold)
[2022-07-11T07:32:30.054+0000][9][gc,task     ] GC(12) Using 4 workers of 4 for evacuation
[2022-07-11T07:32:30.054+0000][9][gc,age      ] GC(12) Desired survivor size 20971520 bytes, new threshold 2 (max threshold 15)
[2022-07-11T07:32:30.097+0000][9][gc,phases   ] GC(12)   Pre Evacuate Collection Set: 0.1ms
[2022-07-11T07:32:30.097+0000][9][gc,phases   ] GC(12)   Merge Heap Roots: 0.1ms
[2022-07-11T07:32:30.097+0000][9][gc,phases   ] GC(12)   Evacuate Collection Set: 38.5ms
[2022-07-11T07:32:30.097+0000][9][gc,phases   ] GC(12)   Post Evacuate Collection Set: 3.8ms
[2022-07-11T07:32:30.097+0000][9][gc,phases   ] GC(12)   Other: 0.1ms
[2022-07-11T07:32:30.097+0000][9][gc,age      ] GC(12) Age table with threshold 2 (max threshold 15)
[2022-07-11T07:32:30.097+0000][9][gc,age      ] GC(12) - age   1:    4685080 bytes,    4685080 total
[2022-07-11T07:32:30.097+0000][9][gc,age      ] GC(12) - age   2:   19720544 bytes,   24405624 total
[2022-07-11T07:32:30.097+0000][9][gc,heap     ] GC(12) Eden regions: 30->0(69)
[2022-07-11T07:32:30.097+0000][9][gc,heap     ] GC(12) Survivor regions: 10->7(10)
[2022-07-11T07:32:30.097+0000][9][gc,heap     ] GC(12) Old regions: 2->6
[2022-07-11T07:32:30.097+0000][9][gc,heap     ] GC(12) Archive regions: 2->2
[2022-07-11T07:32:30.097+0000][9][gc,heap     ] GC(12) Humongous regions: 0->0
[2022-07-11T07:32:30.097+0000][9][gc,metaspace] GC(12) Metaspace: 58477K(59840K)->58477K(59840K) NonClass: 50922K(51648K)->50922K(51648K) Class: 7555K(8192K)->7555K(8192K)
[2022-07-11T07:32:30.097+0000][9][gc          ] GC(12) Pause Young (Concurrent Start) (Metadata GC Threshold) 165M->52M(512M) 42.802ms
[2022-07-11T07:32:30.097+0000][9][gc,cpu      ] GC(12) User=0.08s Sys=0.00s Real=0.04s
[2022-07-11T07:32:30.097+0000][9][gc          ] GC(13) Concurrent Mark Cycle
[2022-07-11T07:32:30.097+0000][9][gc,marking  ] GC(13) Concurrent Clear Claimed Marks
[2022-07-11T07:32:30.097+0000][9][safepoint   ] Safepoint "CollectForMetadataAllocation", Time since last: 45858068 ns, Reaching safepoint: 33664 ns, At safepoint: 42896104 ns, Total: 42929768 ns
[2022-07-11T07:32:30.097+0000][9][gc,marking  ] GC(13) Concurrent Clear Claimed Marks 0.098ms
[2022-07-11T07:32:30.097+0000][9][gc,marking  ] GC(13) Concurrent Scan Root Regions
[2022-07-11T07:32:30.119+0000][9][gc,marking  ] GC(13) Concurrent Scan Root Regions 21.273ms
[2022-07-11T07:32:30.119+0000][9][gc,marking  ] GC(13) Concurrent Mark
[2022-07-11T07:32:30.119+0000][9][gc,marking  ] GC(13) Concurrent Mark From Roots
[2022-07-11T07:32:30.119+0000][9][gc,task     ] GC(13) Using 1 workers of 1 for marking
[2022-07-11T07:32:30.125+0000][9][gc,marking  ] GC(13) Concurrent Mark From Roots 6.077ms
[2022-07-11T07:32:30.125+0000][9][gc,marking  ] GC(13) Concurrent Preclean
[2022-07-11T07:32:30.125+0000][9][gc,marking  ] GC(13) Concurrent Preclean 0.054ms
[2022-07-11T07:32:30.125+0000][9][gc,start    ] GC(13) Pause Remark
[2022-07-11T07:32:30.132+0000][9][gc          ] GC(13) Pause Remark 54M->54M(512M) 7.580ms
[2022-07-11T07:32:30.133+0000][9][gc,cpu      ] GC(13) User=0.01s Sys=0.00s Real=0.01s
[2022-07-11T07:32:30.133+0000][9][safepoint   ] Safepoint "G1Concurrent", Time since last: 27626796 ns, Reaching safepoint: 38622 ns, At safepoint: 7663952 ns, Total: 7702574 ns
[2022-07-11T07:32:30.133+0000][9][gc,marking  ] GC(13) Concurrent Mark 13.956ms
[2022-07-11T07:32:30.133+0000][9][gc,marking  ] GC(13) Concurrent Rebuild Remembered Sets
[2022-07-11T07:32:30.140+0000][9][gc,marking  ] GC(13) Concurrent Rebuild Remembered Sets 7.684ms
[2022-07-11T07:32:30.141+0000][9][gc,start    ] GC(13) Pause Cleanup
[2022-07-11T07:32:30.141+0000][9][gc          ] GC(13) Pause Cleanup 54M->54M(512M) 0.089ms
[2022-07-11T07:32:30.141+0000][9][gc,cpu      ] GC(13) User=0.00s Sys=0.00s Real=0.00s
[2022-07-11T07:32:30.141+0000][9][safepoint   ] Safepoint "G1Concurrent", Time since last: 8161291 ns, Reaching safepoint: 448730 ns, At safepoint: 130673 ns, Total: 579403 ns
[2022-07-11T07:32:30.141+0000][9][gc,marking  ] GC(13) Concurrent Cleanup for Next Mark
[2022-07-11T07:32:30.142+0000][9][gc,marking  ] GC(13) Concurrent Cleanup for Next Mark 0.889ms
[2022-07-11T07:32:30.142+0000][9][gc          ] GC(13) Concurrent Mark Cycle 45.113ms
[2022-07-11T07:32:31.144+0000][9][safepoint   ] Safepoint "Cleanup", Time since last: 1002655070 ns, Reaching safepoint: 466399 ns, At safepoint: 9568 ns, Total: 475967 ns
[2022-07-11T07:32:32.145+0000][9][safepoint   ] Safepoint "Cleanup", Time since last: 1000435729 ns, Reaching safepoint: 548602 ns, At safepoint: 17042 ns, Total: 565644 ns
[2022-07-11T07:32:33.495+0000][9][safepoint   ] Safepoint "ICBufferFull", Time since last: 1349518224 ns, Reaching safepoint: 273987 ns, At safepoint: 9638 ns, Total: 283625 ns
[2022-07-11T07:32:34.073+0000][9][gc,start    ] GC(14) Pause Young (Normal) (G1 Evacuation Pause)
[2022-07-11T07:32:34.073+0000][9][gc,task     ] GC(14) Using 4 workers of 4 for evacuation
[2022-07-11T07:32:34.073+0000][9][gc,age      ] GC(14) Desired survivor size 20971520 bytes, new threshold 2 (max threshold 15)
[2022-07-11T07:32:34.101+0000][9][gc,phases   ] GC(14)   Pre Evacuate Collection Set: 0.1ms
[2022-07-11T07:32:34.101+0000][9][gc,phases   ] GC(14)   Merge Heap Roots: 0.1ms
[2022-07-11T07:32:34.101+0000][9][gc,phases   ] GC(14)   Evacuate Collection Set: 23.6ms
[2022-07-11T07:32:34.101+0000][9][gc,phases   ] GC(14)   Post Evacuate Collection Set: 4.3ms
[2022-07-11T07:32:34.101+0000][9][gc,phases   ] GC(14)   Other: 0.1ms
[2022-07-11T07:32:34.101+0000][9][gc,age      ] GC(14) Age table with threshold 2 (max threshold 15)
[2022-07-11T07:32:34.101+0000][9][gc,age      ] GC(14) - age   1:    6391272 bytes,    6391272 total
[2022-07-11T07:32:34.101+0000][9][gc,age      ] GC(14) - age   2:    4456944 bytes,   10848216 total
[2022-07-11T07:32:34.101+0000][9][gc,heap     ] GC(14) Eden regions: 69->0(72)
[2022-07-11T07:32:34.101+0000][9][gc,heap     ] GC(14) Survivor regions: 7->4(10)
[2022-07-11T07:32:34.101+0000][9][gc,heap     ] GC(14) Old regions: 6->11
[2022-07-11T07:32:34.101+0000][9][gc,heap     ] GC(14) Archive regions: 2->2
[2022-07-11T07:32:34.101+0000][9][gc,heap     ] GC(14) Humongous regions: 0->0
[2022-07-11T07:32:34.101+0000][9][gc,metaspace] GC(14) Metaspace: 71556K(73088K)->71556K(73088K) NonClass: 62188K(63040K)->62188K(63040K) Class: 9367K(10048K)->9367K(10048K)
[2022-07-11T07:32:34.101+0000][9][gc          ] GC(14) Pause Young (Normal) (G1 Evacuation Pause) 328M->59M(512M) 28.463ms
[2022-07-11T07:32:34.101+0000][9][gc,cpu      ] GC(14) User=0.07s Sys=0.00s Real=0.02s
[2022-07-11T07:32:34.101+0000][9][safepoint   ] Safepoint "G1CollectForAllocation", Time since last: 577580557 ns, Reaching safepoint: 89746 ns, At safepoint: 28518040 ns, Total: 28607786 ns
[2022-07-11T07:32:35.103+0000][9][safepoint   ] Safepoint "Cleanup", Time since last: 1000103778 ns, Reaching safepoint: 1016050 ns, At safepoint: 21092 ns, Total: 1037142 ns
[2022-07-11T07:32:36.012+0000][9][safepoint   ] Safepoint "ICBufferFull", Time since last: 909747590 ns, Reaching safepoint: 129276 ns, At safepoint: 8172 ns, Total: 137448 ns
[2022-07-11T07:32:37.021+0000][9][safepoint   ] Safepoint "Cleanup", Time since last: 1008741738 ns, Reaching safepoint: 307790 ns, At safepoint: 9988 ns, Total: 317778 ns
[2022-07-11T07:32:37.657+0000][9][gc,start    ] GC(15) Pause Young (Concurrent Start) (Metadata GC Threshold)
[2022-07-11T07:32:37.657+0000][9][gc,task     ] GC(15) Using 4 workers of 4 for evacuation
[2022-07-11T07:32:37.658+0000][9][gc,age      ] GC(15) Desired survivor size 20971520 bytes, new threshold 15 (max threshold 15)
[2022-07-11T07:32:37.685+0000][9][gc,phases   ] GC(15)   Pre Evacuate Collection Set: 0.1ms
[2022-07-11T07:32:37.685+0000][9][gc,phases   ] GC(15)   Merge Heap Roots: 0.1ms
[2022-07-11T07:32:37.685+0000][9][gc,phases   ] GC(15)   Evacuate Collection Set: 22.4ms
[2022-07-11T07:32:37.685+0000][9][gc,phases   ] GC(15)   Post Evacuate Collection Set: 4.9ms
[2022-07-11T07:32:37.685+0000][9][gc,phases   ] GC(15)   Other: 0.1ms
[2022-07-11T07:32:37.685+0000][9][gc,age      ] GC(15) Age table with threshold 15 (max threshold 15)
[2022-07-11T07:32:37.685+0000][9][gc,age      ] GC(15) - age   1:   10818376 bytes,   10818376 total
[2022-07-11T07:32:37.685+0000][9][gc,age      ] GC(15) - age   2:    6149744 bytes,   16968120 total
[2022-07-11T07:32:37.685+0000][9][gc,age      ] GC(15) - age   3:    4350632 bytes,   21318752 total
[2022-07-11T07:32:37.685+0000][9][gc,heap     ] GC(15) Eden regions: 47->0(70)
[2022-07-11T07:32:37.685+0000][9][gc,heap     ] GC(15) Survivor regions: 4->6(10)
[2022-07-11T07:32:37.685+0000][9][gc,heap     ] GC(15) Old regions: 11->11
[2022-07-11T07:32:37.685+0000][9][gc,heap     ] GC(15) Archive regions: 2->2
[2022-07-11T07:32:37.685+0000][9][gc,heap     ] GC(15) Humongous regions: 0->0
[2022-07-11T07:32:37.685+0000][9][gc,metaspace] GC(15) Metaspace: 97324K(100096K)->97324K(100096K) NonClass: 84136K(85568K)->84136K(85568K) Class: 13188K(14528K)->13188K(14528K)
[2022-07-11T07:32:37.685+0000][9][gc          ] GC(15) Pause Young (Concurrent Start) (Metadata GC Threshold) 245M->67M(512M) 27.964ms
[2022-07-11T07:32:37.685+0000][9][gc,cpu      ] GC(15) User=0.05s Sys=0.00s Real=0.03s
[2022-07-11T07:32:37.685+0000][9][gc          ] GC(16) Concurrent Mark Cycle
[2022-07-11T07:32:37.685+0000][9][gc,marking  ] GC(16) Concurrent Clear Claimed Marks
[2022-07-11T07:32:37.686+0000][9][safepoint   ] Safepoint "CollectForMetadataAllocation", Time since last: 635624309 ns, Reaching safepoint: 304508 ns, At safepoint: 28107863 ns, Total: 28412371 ns
[2022-07-11T07:32:37.686+0000][9][gc,marking  ] GC(16) Concurrent Clear Claimed Marks 0.233ms
[2022-07-11T07:32:37.686+0000][9][gc,marking  ] GC(16) Concurrent Scan Root Regions
[2022-07-11T07:32:37.706+0000][9][gc,marking  ] GC(16) Concurrent Scan Root Regions 20.010ms
[2022-07-11T07:32:37.706+0000][9][gc,marking  ] GC(16) Concurrent Mark
[2022-07-11T07:32:37.706+0000][9][gc,marking  ] GC(16) Concurrent Mark From Roots
[2022-07-11T07:32:37.706+0000][9][gc,task     ] GC(16) Using 1 workers of 1 for marking
[2022-07-11T07:32:37.720+0000][9][safepoint   ] Safepoint "CollectForMetadataAllocation", Time since last: 33535779 ns, Reaching safepoint: 662653 ns, At safepoint: 44140 ns, Total: 706793 ns
[2022-07-11T07:32:37.765+0000][9][gc,marking  ] GC(16) Concurrent Mark From Roots 58.935ms
[2022-07-11T07:32:37.765+0000][9][gc,marking  ] GC(16) Concurrent Preclean
[2022-07-11T07:32:37.765+0000][9][gc,marking  ] GC(16) Concurrent Preclean 0.217ms
[2022-07-11T07:32:37.765+0000][9][gc,start    ] GC(16) Pause Remark
[2022-07-11T07:32:37.770+0000][9][gc          ] GC(16) Pause Remark 73M->73M(512M) 5.336ms
[2022-07-11T07:32:37.771+0000][9][gc,cpu      ] GC(16) User=0.02s Sys=0.00s Real=0.00s
[2022-07-11T07:32:37.771+0000][9][safepoint   ] Safepoint "G1Concurrent", Time since last: 45244025 ns, Reaching safepoint: 137238 ns, At safepoint: 5423726 ns, Total: 5560964 ns
[2022-07-11T07:32:37.771+0000][9][gc,marking  ] GC(16) Concurrent Mark 64.829ms
[2022-07-11T07:32:37.771+0000][9][gc,marking  ] GC(16) Concurrent Rebuild Remembered Sets
[2022-07-11T07:32:37.822+0000][9][gc,marking  ] GC(16) Concurrent Rebuild Remembered Sets 50.971ms
[2022-07-11T07:32:37.822+0000][9][gc,start    ] GC(16) Pause Cleanup
[2022-07-11T07:32:37.822+0000][9][gc          ] GC(16) Pause Cleanup 75M->75M(512M) 0.064ms
[2022-07-11T07:32:37.822+0000][9][gc,cpu      ] GC(16) User=0.00s Sys=0.00s Real=0.00s
[2022-07-11T07:32:37.822+0000][9][safepoint   ] Safepoint "G1Concurrent", Time since last: 51083936 ns, Reaching safepoint: 138984 ns, At safepoint: 101199 ns, Total: 240183 ns
[2022-07-11T07:32:37.822+0000][9][gc,marking  ] GC(16) Concurrent Cleanup for Next Mark
[2022-07-11T07:32:37.823+0000][9][gc,marking  ] GC(16) Concurrent Cleanup for Next Mark 0.877ms
[2022-07-11T07:32:37.823+0000][9][gc          ] GC(16) Concurrent Mark Cycle 137.438ms
[2022-07-11T07:32:38.057+0000][9][safepoint   ] Safepoint "ICBufferFull", Time since last: 234594433 ns, Reaching safepoint: 135771 ns, At safepoint: 10406 ns, Total: 146177 ns
[2022-07-11T07:32:39.108+0000][9][safepoint   ] Safepoint "Cleanup", Time since last: 1050864845 ns, Reaching safepoint: 131091 ns, At safepoint: 12292 ns, Total: 143383 ns
[2022-07-11T07:32:39.800+0000][9][safepoint   ] Safepoint "ICBufferFull", Time since last: 692262088 ns, Reaching safepoint: 134584 ns, At safepoint: 7473 ns, Total: 142057 ns
[2022-07-11T07:32:41.228+0000][9][safepoint   ] Safepoint "Cleanup", Time since last: 1427659698 ns, Reaching safepoint: 210431 ns, At safepoint: 9988 ns, Total: 220419 ns
[2022-07-11T07:32:42.615+0000][9][safepoint   ] Safepoint "Cleanup", Time since last: 1386953327 ns, Reaching safepoint: 127600 ns, At safepoint: 10406 ns, Total: 138006 ns
[2022-07-11T07:32:43.615+0000][9][safepoint   ] Safepoint "Cleanup", Time since last: 1000153589 ns, Reaching safepoint: 66140 ns, At safepoint: 8031 ns, Total: 74171 ns
[2022-07-11T07:32:44.615+0000][9][safepoint   ] Safepoint "Cleanup", Time since last: 1000141020 ns, Reaching safepoint: 75009 ns, At safepoint: 21860 ns, Total: 96869 ns
[2022-07-11T07:32:44.924+0000][9][safepoint   ] Safepoint "ICBufferFull", Time since last: 308736856 ns, Reaching safepoint: 202190 ns, At safepoint: 15714 ns, Total: 217904 ns
[2022-07-11T07:32:45.363+0000][9][safepoint   ] Safepoint "ICBufferFull", Time since last: 438410071 ns, Reaching safepoint: 199047 ns, At safepoint: 12432 ns, Total: 211479 ns
[2022-07-11T07:32:46.419+0000][9][safepoint   ] Safepoint "Cleanup", Time since last: 1055790476 ns, Reaching safepoint: 102876 ns, At safepoint: 13829 ns, Total: 116705 ns
[2022-07-11T07:32:47.853+0000][9][safepoint   ] Safepoint "Cleanup", Time since last: 1425393017 ns, Reaching safepoint: 8658980 ns, At safepoint: 19415 ns, Total: 8678395 ns
[2022-07-11T07:32:49.506+0000][9][safepoint   ] Safepoint "ICBufferFull", Time since last: 1652619423 ns, Reaching safepoint: 154558 ns, At safepoint: 10546 ns, Total: 165104 ns
[2022-07-11T07:32:50.352+0000][9][gc,start    ] GC(17) Pause Young (Normal) (G1 Evacuation Pause)
[2022-07-11T07:32:50.352+0000][9][gc,task     ] GC(17) Using 4 workers of 4 for evacuation
[2022-07-11T07:32:50.352+0000][9][gc,age      ] GC(17) Desired survivor size 20971520 bytes, new threshold 3 (max threshold 15)
[2022-07-11T07:32:50.393+0000][9][gc,phases   ] GC(17)   Pre Evacuate Collection Set: 0.1ms
[2022-07-11T07:32:50.393+0000][9][gc,phases   ] GC(17)   Merge Heap Roots: 0.1ms
[2022-07-11T07:32:50.393+0000][9][gc,phases   ] GC(17)   Evacuate Collection Set: 27.5ms
[2022-07-11T07:32:50.393+0000][9][gc,phases   ] GC(17)   Post Evacuate Collection Set: 13.1ms
[2022-07-11T07:32:50.393+0000][9][gc,phases   ] GC(17)   Other: 0.1ms
[2022-07-11T07:32:50.393+0000][9][gc,age      ] GC(17) Age table with threshold 3 (max threshold 15)
[2022-07-11T07:32:50.393+0000][9][gc,age      ] GC(17) - age   1:   10688192 bytes,   10688192 total
[2022-07-11T07:32:50.393+0000][9][gc,age      ] GC(17) - age   2:   10138960 bytes,   20827152 total
[2022-07-11T07:32:50.393+0000][9][gc,age      ] GC(17) - age   3:    6124568 bytes,   26951720 total
[2022-07-11T07:32:50.393+0000][9][gc,heap     ] GC(17) Eden regions: 70->0(69)
[2022-07-11T07:32:50.393+0000][9][gc,heap     ] GC(17) Survivor regions: 6->7(10)
[2022-07-11T07:32:50.393+0000][9][gc,heap     ] GC(17) Old regions: 11->12
[2022-07-11T07:32:50.393+0000][9][gc,heap     ] GC(17) Archive regions: 2->2
[2022-07-11T07:32:50.393+0000][9][gc,heap     ] GC(17) Humongous regions: 0->0
[2022-07-11T07:32:50.393+0000][9][gc,metaspace] GC(17) Metaspace: 111369K(114432K)->111369K(114432K) NonClass: 96187K(97792K)->96187K(97792K) Class: 15181K(16640K)->15181K(16640K)
[2022-07-11T07:32:50.393+0000][9][gc          ] GC(17) Pause Young (Normal) (G1 Evacuation Pause) 347M->78M(512M) 41.231ms
[2022-07-11T07:32:50.393+0000][9][gc,cpu      ] GC(17) User=0.06s Sys=0.01s Real=0.05s
[2022-07-11T07:32:50.393+0000][9][safepoint   ] Safepoint "G1CollectForAllocation", Time since last: 845849285 ns, Reaching safepoint: 83740 ns, At safepoint: 41301770 ns, Total: 41385510 ns
[2022-07-11T07:32:51.394+0000][9][safepoint   ] Safepoint "Cleanup", Time since last: 1000627474 ns, Reaching safepoint: 74870 ns, At safepoint: 8032 ns, Total: 82902 ns
[2022-07-11T07:32:52.394+0000][9][safepoint   ] Safepoint "Cleanup", Time since last: 1000123222 ns, Reaching safepoint: 56152 ns, At safepoint: 8381 ns, Total: 64533 ns
[2022-07-11T07:32:53.394+0000][9][safepoint   ] Safepoint "Cleanup", Time since last: 1000141522 ns, Reaching safepoint: 45606 ns, At safepoint: 8172 ns, Total: 53778 ns
[2022-07-11T07:32:54.394+0000][9][safepoint   ] Safepoint "Cleanup", Time since last: 1000151790 ns, Reaching safepoint: 47212 ns, At safepoint: 8102 ns, Total: 55314 ns
[2022-07-11T07:32:55.865+0000][9][safepoint   ] Safepoint "Cleanup", Time since last: 1470087411 ns, Reaching safepoint: 59924 ns, At safepoint: 8451 ns, Total: 68375 ns
[2022-07-11T07:32:56.496+0000][9][safepoint   ] Safepoint "ICBufferFull", Time since last: 631586880 ns, Reaching safepoint: 256666 ns, At safepoint: 8660 ns, Total: 265326 ns
[2022-07-11T07:32:56.919+0000][9][safepoint   ] Safepoint "ICBufferFull", Time since last: 422516600 ns, Reaching safepoint: 305415 ns, At safepoint: 9918 ns, Total: 315333 ns
[2022-07-11T07:32:57.919+0000][9][safepoint   ] Safepoint "Cleanup", Time since last: 1000143834 ns, Reaching safepoint: 132349 ns, At safepoint: 8381 ns, Total: 140730 ns
[2022-07-11T07:32:58.920+0000][9][safepoint   ] Safepoint "Cleanup", Time since last: 1000156686 ns, Reaching safepoint: 50635 ns, At safepoint: 10336 ns, Total: 60971 ns
[2022-07-11T07:32:59.920+0000][9][safepoint   ] Safepoint "Cleanup", Time since last: 1000132453 ns, Reaching safepoint: 75847 ns, At safepoint: 8661 ns, Total: 84508 ns
[2022-07-11T07:33:00.272+0000][9][safepoint   ] Safepoint "ICBufferFull", Time since last: 351917502 ns, Reaching safepoint: 206450 ns, At safepoint: 15645 ns, Total: 222095 ns
[2022-07-11T07:33:01.298+0000][9][safepoint   ] Safepoint "Cleanup", Time since last: 1026244886 ns, Reaching safepoint: 131930 ns, At safepoint: 7752 ns, Total: 139682 ns
[2022-07-11T07:33:02.299+0000][9][safepoint   ] Safepoint "Cleanup", Time since last: 1000131828 ns, Reaching safepoint: 68584 ns, At safepoint: 8101 ns, Total: 76685 ns
[2022-07-11T07:33:03.682+0000][9][safepoint   ] Safepoint "ICBufferFull", Time since last: 1383127542 ns, Reaching safepoint: 136330 ns, At safepoint: 10616 ns, Total: 146946 ns
[2022-07-11T07:33:04.682+0000][9][safepoint   ] Safepoint "Cleanup", Time since last: 1000147406 ns, Reaching safepoint: 119429 ns, At safepoint: 8101 ns, Total: 127530 ns
[2022-07-11T07:33:05.682+0000][9][safepoint   ] Safepoint "Cleanup", Time since last: 1000135325 ns, Reaching safepoint: 73054 ns, At safepoint: 14666 ns, Total: 87720 ns
[2022-07-11T07:33:06.397+0000][9][safepoint   ] Safepoint "ICBufferFull", Time since last: 714348763 ns, Reaching safepoint: 228450 ns, At safepoint: 10337 ns, Total: 238787 ns
[2022-07-11T07:33:07.397+0000][9][safepoint   ] Safepoint "Cleanup", Time since last: 1000127295 ns, Reaching safepoint: 104902 ns, At safepoint: 10127 ns, Total: 115029 ns
[2022-07-11T07:33:08.397+0000][9][safepoint   ] Safepoint "Cleanup", Time since last: 1000119475 ns, Reaching safepoint: 102107 ns, At safepoint: 8521 ns, Total: 110628 ns
[2022-07-11T07:33:09.398+0000][9][safepoint   ] Safepoint "Cleanup", Time since last: 1000128486 ns, Reaching safepoint: 105530 ns, At safepoint: 8660 ns, Total: 114190 ns
[2022-07-11T07:33:10.398+0000][9][safepoint   ] Safepoint "Cleanup", Time since last: 1000146087 ns, Reaching safepoint: 69492 ns, At safepoint: 16902 ns, Total: 86394 ns
[2022-07-11T07:33:11.398+0000][9][safepoint   ] Safepoint "Cleanup", Time since last: 1000163130 ns, Reaching safepoint: 91631 ns, At safepoint: 9848 ns, Total: 101479 ns
[2022-07-11T07:33:12.398+0000][9][safepoint   ] Safepoint "Cleanup", Time since last: 1000147906 ns, Reaching safepoint: 82483 ns, At safepoint: 9638 ns, Total: 92121 ns
[2022-07-11T07:33:13.399+0000][9][safepoint   ] Safepoint "Cleanup", Time since last: 1000134777 ns, Reaching safepoint: 60063 ns, At safepoint: 11873 ns, Total: 71936 ns
[2022-07-11T07:33:15.399+0000][9][safepoint   ] Safepoint "Cleanup", Time since last: 2000241553 ns, Reaching safepoint: 92051 ns, At safepoint: 10965 ns, Total: 103016 ns
[2022-07-11T07:33:16.399+0000][9][safepoint   ] Safepoint "Cleanup", Time since last: 1000155594 ns, Reaching safepoint: 109092 ns, At safepoint: 13898 ns, Total: 122990 ns
[2022-07-11T07:33:17.400+0000][9][safepoint   ] Safepoint "Cleanup", Time since last: 1000166142 ns, Reaching safepoint: 91771 ns, At safepoint: 14248 ns, Total: 106019 ns
[2022-07-11T07:33:18.400+0000][9][safepoint   ] Safepoint "Cleanup", Time since last: 1000169705 ns, Reaching safepoint: 86254 ns, At safepoint: 10127 ns, Total: 96381 ns
[2022-07-11T07:33:19.400+0000][9][safepoint   ] Safepoint "Cleanup", Time since last: 1000162373 ns, Reaching safepoint: 59016 ns, At safepoint: 10755 ns, Total: 69771 ns
[2022-07-11T07:33:20.400+0000][9][safepoint   ] Safepoint "Cleanup", Time since last: 1000163283 ns, Reaching safepoint: 89606 ns, At safepoint: 13409 ns, Total: 103015 ns
[2022-07-11T07:33:21.401+0000][9][safepoint   ] Safepoint "Cleanup", Time since last: 1000164751 ns, Reaching safepoint: 104412 ns, At safepoint: 13759 ns, Total: 118171 ns
[2022-07-11T07:33:22.401+0000][9][safepoint   ] Safepoint "Cleanup", Time since last: 1000156301 ns, Reaching safepoint: 72565 ns, At safepoint: 10965 ns, Total: 83530 ns
[2022-07-11T07:33:23.401+0000][9][safepoint   ] Safepoint "Cleanup", Time since last: 1000146734 ns, Reaching safepoint: 60064 ns, At safepoint: 9149 ns, Total: 69213 ns
[2022-07-11T07:33:24.401+0000][9][safepoint   ] Safepoint "Cleanup", Time since last: 1000148971 ns, Reaching safepoint: 66907 ns, At safepoint: 17251 ns, Total: 84158 ns
[2022-07-11T07:33:25.401+0000][9][safepoint   ] Safepoint "Cleanup", Time since last: 1000135144 ns, Reaching safepoint: 56292 ns, At safepoint: 12361 ns, Total: 68653 ns
[2022-07-11T07:33:26.402+0000][9][safepoint   ] Safepoint "Cleanup", Time since last: 1000146180 ns, Reaching safepoint: 61041 ns, At safepoint: 9010 ns, Total: 70051 ns
[2022-07-11T07:33:27.402+0000][9][safepoint   ] Safepoint "Cleanup", Time since last: 1000144854 ns, Reaching safepoint: 123060 ns, At safepoint: 10965 ns, Total: 134025 ns
[2022-07-11T07:33:28.402+0000][9][safepoint   ] Safepoint "Cleanup", Time since last: 1000249408 ns, Reaching safepoint: 62927 ns, At safepoint: 8031 ns, Total: 70958 ns
[2022-07-11T07:33:30.403+0000][9][safepoint   ] Safepoint "Cleanup", Time since last: 2000222039 ns, Reaching safepoint: 100571 ns, At safepoint: 10407 ns, Total: 110978 ns
[2022-07-11T07:33:33.404+0000][9][safepoint   ] Safepoint "Cleanup", Time since last: 3000699978 ns, Reaching safepoint: 564317 ns, At safepoint: 19486 ns, Total: 583803 ns
[2022-07-11T07:33:34.404+0000][9][safepoint   ] Safepoint "Cleanup", Time since last: 1000140533 ns, Reaching safepoint: 54895 ns, At safepoint: 7962 ns, Total: 62857 ns
[2022-07-11T07:33:35.404+0000][9][safepoint   ] Safepoint "Cleanup", Time since last: 1000138719 ns, Reaching safepoint: 56292 ns, At safepoint: 17739 ns, Total: 74031 ns
[2022-07-11T07:33:36.405+0000][9][safepoint   ] Safepoint "Cleanup", Time since last: 1000133273 ns, Reaching safepoint: 52800 ns, At safepoint: 10406 ns, Total: 63206 ns
[2022-07-11T07:33:39.137+0000][9][gc,start    ] GC(18) Pause Young (Normal) (G1 Evacuation Pause)
[2022-07-11T07:33:39.137+0000][9][gc,task     ] GC(18) Using 4 workers of 4 for evacuation
[2022-07-11T07:33:39.137+0000][9][gc,age      ] GC(18) Desired survivor size 20971520 bytes, new threshold 3 (max threshold 15)
[2022-07-11T07:33:39.163+0000][9][gc,phases   ] GC(18)   Pre Evacuate Collection Set: 0.1ms
[2022-07-11T07:33:39.163+0000][9][gc,phases   ] GC(18)   Merge Heap Roots: 0.1ms
[2022-07-11T07:33:39.163+0000][9][gc,phases   ] GC(18)   Evacuate Collection Set: 23.4ms
[2022-07-11T07:33:39.163+0000][9][gc,phases   ] GC(18)   Post Evacuate Collection Set: 1.8ms
[2022-07-11T07:33:39.163+0000][9][gc,phases   ] GC(18)   Other: 0.2ms
[2022-07-11T07:33:39.163+0000][9][gc,age      ] GC(18) Age table with threshold 3 (max threshold 15)
[2022-07-11T07:33:39.163+0000][9][gc,age      ] GC(18) - age   1:    9234592 bytes,    9234592 total
[2022-07-11T07:33:39.163+0000][9][gc,age      ] GC(18) - age   2:    9588976 bytes,   18823568 total
[2022-07-11T07:33:39.163+0000][9][gc,age      ] GC(18) - age   3:   10124616 bytes,   28948184 total
[2022-07-11T07:33:39.163+0000][9][gc,heap     ] GC(18) Eden regions: 69->0(68)
[2022-07-11T07:33:39.163+0000][9][gc,heap     ] GC(18) Survivor regions: 7->8(10)
[2022-07-11T07:33:39.163+0000][9][gc,heap     ] GC(18) Old regions: 12->14
[2022-07-11T07:33:39.163+0000][9][gc,heap     ] GC(18) Archive regions: 2->2
[2022-07-11T07:33:39.163+0000][9][gc,heap     ] GC(18) Humongous regions: 0->0
[2022-07-11T07:33:39.163+0000][9][gc,metaspace] GC(18) Metaspace: 118834K(121920K)->118834K(121920K) NonClass: 102717K(104320K)->102717K(104320K) Class: 16117K(17600K)->16117K(17600K)
[2022-07-11T07:33:39.163+0000][9][gc          ] GC(18) Pause Young (Normal) (G1 Evacuation Pause) 354M->87M(512M) 25.977ms
[2022-07-11T07:33:39.163+0000][9][gc,cpu      ] GC(18) User=0.07s Sys=0.00s Real=0.02s
[2022-07-11T07:33:39.163+0000][9][safepoint   ] Safepoint "G1CollectForAllocation", Time since last: 2732314148 ns, Reaching safepoint: 74241 ns, At safepoint: 26084706 ns, Total: 26158947 ns
[2022-07-11T07:33:40.920+0000][9][safepoint   ] Safepoint "Cleanup", Time since last: 1756334544 ns, Reaching safepoint: 171461 ns, At safepoint: 15365 ns, Total: 186826 ns
[2022-07-11T07:33:41.920+0000][9][safepoint   ] Safepoint "Cleanup", Time since last: 1000180981 ns, Reaching safepoint: 69701 ns, At safepoint: 12921 ns, Total: 82622 ns
[2022-07-11T07:33:43.136+0000][9][safepoint   ] Safepoint "Cleanup", Time since last: 1215850919 ns, Reaching safepoint: 79060 ns, At safepoint: 8381 ns, Total: 87441 ns
[2022-07-11T07:33:45.136+0000][9][safepoint   ] Safepoint "Cleanup", Time since last: 2000263773 ns, Reaching safepoint: 58108 ns, At safepoint: 12850 ns, Total: 70958 ns
[2022-07-11T07:33:46.136+0000][9][safepoint   ] Safepoint "Cleanup", Time since last: 1000186714 ns, Reaching safepoint: 91003 ns, At safepoint: 9568 ns, Total: 100571 ns
[2022-07-11T07:33:48.137+0000][9][safepoint   ] Safepoint "Cleanup", Time since last: 2000229767 ns, Reaching safepoint: 50984 ns, At safepoint: 10127 ns, Total: 61111 ns
[2022-07-11T07:33:49.137+0000][9][safepoint   ] Safepoint "Cleanup", Time since last: 1000153892 ns, Reaching safepoint: 59575 ns, At safepoint: 15225 ns, Total: 74800 ns
[2022-07-11T07:33:51.138+0000][9][safepoint   ] Safepoint "Cleanup", Time since last: 2000510397 ns, Reaching safepoint: 126412 ns, At safepoint: 11384 ns, Total: 137796 ns
[2022-07-11T07:33:52.138+0000][9][safepoint   ] Safepoint "Cleanup", Time since last: 1000136855 ns, Reaching safepoint: 138285 ns, At safepoint: 10407 ns, Total: 148692 ns
[2022-07-11T07:33:53.138+0000][9][safepoint   ] Safepoint "Cleanup", Time since last: 1000151731 ns, Reaching safepoint: 60972 ns, At safepoint: 9079 ns, Total: 70051 ns
[2022-07-11T07:33:54.138+0000][9][safepoint   ] Safepoint "Cleanup", Time since last: 1000144190 ns, Reaching safepoint: 69911 ns, At safepoint: 9499 ns, Total: 79410 ns
[2022-07-11T07:33:55.138+0000][9][safepoint   ] Safepoint "Cleanup", Time since last: 1000129035 ns, Reaching safepoint: 42115 ns, At safepoint: 8031 ns, Total: 50146 ns
[2022-07-11T07:33:57.139+0000][9][safepoint   ] Safepoint "Cleanup", Time since last: 2000211282 ns, Reaching safepoint: 48609 ns, At safepoint: 9080 ns, Total: 57689 ns
[2022-07-11T07:33:58.139+0000][9][safepoint   ] Safepoint "Cleanup", Time since last: 1000132741 ns, Reaching safepoint: 124666 ns, At safepoint: 9219 ns, Total: 133885 ns
[2022-07-11T07:33:59.139+0000][9][safepoint   ] Safepoint "Cleanup", Time since last: 1000146920 ns, Reaching safepoint: 50915 ns, At safepoint: 8520 ns, Total: 59435 ns
[2022-07-11T07:34:00.139+0000][9][safepoint   ] Safepoint "Cleanup", Time since last: 1000130439 ns, Reaching safepoint: 153301 ns, At safepoint: 13270 ns, Total: 166571 ns
[2022-07-11T07:34:01.140+0000][9][safepoint   ] Safepoint "Cleanup", Time since last: 1000136307 ns, Reaching safepoint: 55314 ns, At safepoint: 8660 ns, Total: 63974 ns
[2022-07-11T07:34:03.140+0000][9][safepoint   ] Safepoint "Cleanup", Time since last: 2000223169 ns, Reaching safepoint: 44279 ns, At safepoint: 10546 ns, Total: 54825 ns
[2022-07-11T07:34:04.140+0000][9][safepoint   ] Safepoint "Cleanup", Time since last: 1000126533 ns, Reaching safepoint: 65581 ns, At safepoint: 8590 ns, Total: 74171 ns
[2022-07-11T07:34:05.140+0000][9][safepoint   ] Safepoint "Cleanup", Time since last: 1000137638 ns, Reaching safepoint: 42045 ns, At safepoint: 7682 ns, Total: 49727 ns
[2022-07-11T07:34:06.141+0000][9][safepoint   ] Safepoint "Cleanup", Time since last: 1000129608 ns, Reaching safepoint: 84368 ns, At safepoint: 15714 ns, Total: 100082 ns
[2022-07-11T07:34:07.375+0000][9][safepoint   ] Safepoint "Cleanup", Time since last: 1234083417 ns, Reaching safepoint: 78711 ns, At safepoint: 8102 ns, Total: 86813 ns
[2022-07-11T07:34:08.375+0000][9][safepoint   ] Safepoint "Cleanup", Time since last: 1000135616 ns, Reaching safepoint: 53219 ns, At safepoint: 7613 ns, Total: 60832 ns
[2022-07-11T07:34:09.375+0000][9][safepoint   ] Safepoint "Cleanup", Time since last: 1000135199 ns, Reaching safepoint: 64812 ns, At safepoint: 8242 ns, Total: 73054 ns
[2022-07-11T07:34:10.375+0000][9][safepoint   ] Safepoint "Cleanup", Time since last: 1000134012 ns, Reaching safepoint: 115727 ns, At safepoint: 9219 ns, Total: 124946 ns
[2022-07-11T07:34:11.376+0000][9][safepoint   ] Safepoint "Cleanup", Time since last: 1000127449 ns, Reaching safepoint: 45746 ns, At safepoint: 8520 ns, Total: 54266 ns
[2022-07-11T07:34:12.376+0000][9][safepoint   ] Safepoint "Cleanup", Time since last: 1000102517 ns, Reaching safepoint: 57130 ns, At safepoint: 8241 ns, Total: 65371 ns
[2022-07-11T07:34:15.376+0000][9][safepoint   ] Safepoint "Cleanup", Time since last: 3000298128 ns, Reaching safepoint: 136958 ns, At safepoint: 9080 ns, Total: 146038 ns
[2022-07-11T07:34:16.376+0000][9][safepoint   ] Safepoint "Cleanup", Time since last: 1000141073 ns, Reaching safepoint: 90095 ns, At safepoint: 13200 ns, Total: 103295 ns
[2022-07-11T07:34:17.377+0000][9][safepoint   ] Safepoint "Cleanup", Time since last: 1000155532 ns, Reaching safepoint: 44000 ns, At safepoint: 8520 ns, Total: 52520 ns
[2022-07-11T07:34:18.377+0000][9][safepoint   ] Safepoint "Cleanup", Time since last: 1000151342 ns, Reaching safepoint: 90095 ns, At safepoint: 16762 ns, Total: 106857 ns
[2022-07-11T07:34:19.377+0000][9][safepoint   ] Safepoint "Cleanup", Time since last: 1000167547 ns, Reaching safepoint: 62717 ns, At safepoint: 11454 ns, Total: 74171 ns
[2022-07-11T07:34:20.377+0000][9][safepoint   ] Safepoint "Cleanup", Time since last: 1000152462 ns, Reaching safepoint: 56641 ns, At safepoint: 11384 ns, Total: 68025 ns
[2022-07-11T07:34:21.378+0000][9][safepoint   ] Safepoint "Cleanup", Time since last: 1000148482 ns, Reaching safepoint: 117403 ns, At safepoint: 12223 ns, Total: 129626 ns
[2022-07-11T07:34:22.378+0000][9][safepoint   ] Safepoint "Cleanup", Time since last: 1000159308 ns, Reaching safepoint: 62508 ns, At safepoint: 11035 ns, Total: 73543 ns
[2022-07-11T07:34:23.378+0000][9][safepoint   ] Safepoint "Cleanup", Time since last: 1000161335 ns, Reaching safepoint: 64463 ns, At safepoint: 9010 ns, Total: 73473 ns
[2022-07-11T07:34:25.378+0000][9][safepoint   ] Safepoint "Cleanup", Time since last: 2000241099 ns, Reaching safepoint: 72146 ns, At safepoint: 13688 ns, Total: 85834 ns
[2022-07-11T07:34:26.379+0000][9][safepoint   ] Safepoint "Cleanup", Time since last: 1000149675 ns, Reaching safepoint: 50565 ns, At safepoint: 8242 ns, Total: 58807 ns
[2022-07-11T07:34:27.379+0000][9][safepoint   ] Safepoint "Cleanup", Time since last: 1000128653 ns, Reaching safepoint: 58667 ns, At safepoint: 6635 ns, Total: 65302 ns
[2022-07-11T07:34:28.379+0000][9][safepoint   ] Safepoint "Cleanup", Time since last: 1000153099 ns, Reaching safepoint: 71028 ns, At safepoint: 8521 ns, Total: 79549 ns
[2022-07-11T07:34:30.379+0000][9][safepoint   ] Safepoint "Cleanup", Time since last: 2000234754 ns, Reaching safepoint: 67327 ns, At safepoint: 11314 ns, Total: 78641 ns
[2022-07-11T07:34:33.380+0000][9][safepoint   ] Safepoint "Cleanup", Time since last: 3000311247 ns, Reaching safepoint: 93028 ns, At safepoint: 15156 ns, Total: 108184 ns
[2022-07-11T07:34:34.380+0000][9][safepoint   ] Safepoint "Cleanup", Time since last: 1000174617 ns, Reaching safepoint: 68165 ns, At safepoint: 10406 ns, Total: 78571 ns
[2022-07-11T07:34:36.380+0000][9][safepoint   ] Safepoint "Cleanup", Time since last: 2000241332 ns, Reaching safepoint: 57619 ns, At safepoint: 11873 ns, Total: 69492 ns
[2022-07-11T07:34:37.381+0000][9][safepoint   ] Safepoint "Cleanup", Time since last: 1000153597 ns, Reaching safepoint: 59854 ns, At safepoint: 11943 ns, Total: 71797 ns
[2022-07-11T07:34:38.381+0000][9][safepoint   ] Safepoint "Cleanup", Time since last: 1000148710 ns, Reaching safepoint: 66279 ns, At safepoint: 10336 ns, Total: 76615 ns
[2022-07-11T07:34:39.381+0000][9][safepoint   ] Safepoint "Cleanup", Time since last: 1000151295 ns, Reaching safepoint: 84857 ns, At safepoint: 12362 ns, Total: 97219 ns
[2022-07-11T07:34:40.381+0000][9][safepoint   ] Safepoint "Cleanup", Time since last: 1000153671 ns, Reaching safepoint: 145758 ns, At safepoint: 15854 ns, Total: 161612 ns
[2022-07-11T07:34:41.382+0000][9][safepoint   ] Safepoint "Cleanup", Time since last: 1000133557 ns, Reaching safepoint: 44699 ns, At safepoint: 6285 ns, Total: 50984 ns
[2022-07-11T07:34:42.382+0000][9][safepoint   ] Safepoint "Cleanup", Time since last: 1000140962 ns, Reaching safepoint: 65720 ns, At safepoint: 8102 ns, Total: 73822 ns
[2022-07-11T07:34:43.382+0000][9][safepoint   ] Safepoint "Cleanup", Time since last: 1000135445 ns, Reaching safepoint: 58038 ns, At safepoint: 8241 ns, Total: 66279 ns
[2022-07-11T07:34:45.382+0000][9][safepoint   ] Safepoint "Cleanup", Time since last: 2000225426 ns, Reaching safepoint: 69073 ns, At safepoint: 9080 ns, Total: 78153 ns
[2022-07-11T07:34:48.383+0000][9][safepoint   ] Safepoint "Cleanup", Time since last: 3000305007 ns, Reaching safepoint: 63974 ns, At safepoint: 9848 ns, Total: 73822 ns
[2022-07-11T07:34:50.383+0000][9][safepoint   ] Safepoint "Cleanup", Time since last: 2000238496 ns, Reaching safepoint: 56223 ns, At safepoint: 11035 ns, Total: 67258 ns
[2022-07-11T07:34:51.383+0000][9][safepoint   ] Safepoint "Cleanup", Time since last: 1000158570 ns, Reaching safepoint: 62927 ns, At safepoint: 10476 ns, Total: 73403 ns
[2022-07-11T07:34:52.383+0000][9][safepoint   ] Safepoint "Cleanup", Time since last: 1000132870 ns, Reaching safepoint: 59784 ns, At safepoint: 9917 ns, Total: 69701 ns
[2022-07-11T07:34:53.384+0000][9][safepoint   ] Safepoint "Cleanup", Time since last: 1000141601 ns, Reaching safepoint: 57340 ns, At safepoint: 11733 ns, Total: 69073 ns
[2022-07-11T07:34:54.384+0000][9][safepoint   ] Safepoint "Cleanup", Time since last: 1000154173 ns, Reaching safepoint: 70121 ns, At safepoint: 12362 ns, Total: 82483 ns
[2022-07-11T07:34:55.384+0000][9][safepoint   ] Safepoint "Cleanup", Time since last: 1000177431 ns, Reaching safepoint: 56292 ns, At safepoint: 13759 ns, Total: 70051 ns
[2022-07-11T07:34:56.384+0000][9][safepoint   ] Safepoint "Cleanup", Time since last: 1000152010 ns, Reaching safepoint: 66209 ns, At safepoint: 10407 ns, Total: 76616 ns
[2022-07-11T07:34:57.385+0000][9][safepoint   ] Safepoint "Cleanup", Time since last: 1000134062 ns, Reaching safepoint: 80387 ns, At safepoint: 8730 ns, Total: 89117 ns
[2022-07-11T07:34:58.385+0000][9][safepoint   ] Safepoint "Cleanup", Time since last: 1000138812 ns, Reaching safepoint: 54825 ns, At safepoint: 9988 ns, Total: 64813 ns
[2022-07-11T07:35:00.385+0000][9][safepoint   ] Safepoint "Cleanup", Time since last: 2000220776 ns, Reaching safepoint: 84787 ns, At safepoint: 22419 ns, Total: 107206 ns
[2022-07-11T07:35:03.385+0000][9][safepoint   ] Safepoint "Cleanup", Time since last: 3000314200 ns, Reaching safepoint: 57200 ns, At safepoint: 14736 ns, Total: 71936 ns
[2022-07-11T07:35:04.386+0000][9][safepoint   ] Safepoint "Cleanup", Time since last: 1000136234 ns, Reaching safepoint: 74381 ns, At safepoint: 16622 ns, Total: 91003 ns
[2022-07-11T07:35:05.386+0000][9][safepoint   ] Safepoint "Cleanup", Time since last: 1000159282 ns, Reaching safepoint: 68235 ns, At safepoint: 8660 ns, Total: 76895 ns
[2022-07-11T07:35:06.386+0000][9][safepoint   ] Safepoint "Cleanup", Time since last: 1000131486 ns, Reaching safepoint: 52102 ns, At safepoint: 8451 ns, Total: 60553 ns
[2022-07-11T07:35:09.388+0000][9][safepoint   ] Safepoint "Cleanup", Time since last: 3000324622 ns, Reaching safepoint: 1442710 ns, At safepoint: 10057 ns, Total: 1452767 ns
[2022-07-11T07:35:10.388+0000][9][safepoint   ] Safepoint "Cleanup", Time since last: 1000134423 ns, Reaching safepoint: 83880 ns, At safepoint: 12920 ns, Total: 96800 ns
[2022-07-11T07:35:11.388+0000][9][safepoint   ] Safepoint "Cleanup", Time since last: 1000156983 ns, Reaching safepoint: 109441 ns, At safepoint: 14038 ns, Total: 123479 ns
[2022-07-11T07:35:12.389+0000][9][safepoint   ] Safepoint "Cleanup", Time since last: 1000139244 ns, Reaching safepoint: 63835 ns, At safepoint: 8102 ns, Total: 71937 ns
[2022-07-11T07:35:13.389+0000][9][safepoint   ] Safepoint "Cleanup", Time since last: 1000146159 ns, Reaching safepoint: 56641 ns, At safepoint: 11943 ns, Total: 68584 ns
[2022-07-11T07:35:15.389+0000][9][safepoint   ] Safepoint "Cleanup", Time since last: 2000251115 ns, Reaching safepoint: 84228 ns, At safepoint: 13829 ns, Total: 98057 ns
[2022-07-11T07:35:15.816+0000][9][gc,start    ] GC(19) Pause Young (Normal) (G1 Evacuation Pause)
[2022-07-11T07:35:15.816+0000][9][gc,task     ] GC(19) Using 4 workers of 4 for evacuation
[2022-07-11T07:35:15.816+0000][9][gc,age      ] GC(19) Desired survivor size 20971520 bytes, new threshold 3 (max threshold 15)
[2022-07-11T07:35:15.836+0000][9][gc,phases   ] GC(19)   Pre Evacuate Collection Set: 0.1ms
[2022-07-11T07:35:15.836+0000][9][gc,phases   ] GC(19)   Merge Heap Roots: 0.1ms
[2022-07-11T07:35:15.836+0000][9][gc,phases   ] GC(19)   Evacuate Collection Set: 18.6ms
[2022-07-11T07:35:15.836+0000][9][gc,phases   ] GC(19)   Post Evacuate Collection Set: 1.4ms
[2022-07-11T07:35:15.836+0000][9][gc,phases   ] GC(19)   Other: 0.2ms
[2022-07-11T07:35:15.836+0000][9][gc,age      ] GC(19) Age table with threshold 3 (max threshold 15)
[2022-07-11T07:35:15.836+0000][9][gc,age      ] GC(19) - age   1:     923536 bytes,     923536 total
[2022-07-11T07:35:15.836+0000][9][gc,age      ] GC(19) - age   2:    8500496 bytes,    9424032 total
[2022-07-11T07:35:15.836+0000][9][gc,age      ] GC(19) - age   3:    9588688 bytes,   19012720 total
[2022-07-11T07:35:15.836+0000][9][gc,heap     ] GC(19) Eden regions: 68->0(71)
[2022-07-11T07:35:15.836+0000][9][gc,heap     ] GC(19) Survivor regions: 8->5(10)
[2022-07-11T07:35:15.836+0000][9][gc,heap     ] GC(19) Old regions: 14->16
[2022-07-11T07:35:15.836+0000][9][gc,heap     ] GC(19) Archive regions: 2->2
[2022-07-11T07:35:15.836+0000][9][gc,heap     ] GC(19) Humongous regions: 0->0
[2022-07-11T07:35:15.836+0000][9][gc,metaspace] GC(19) Metaspace: 120062K(123200K)->120062K(123200K) NonClass: 103941K(105600K)->103941K(105600K) Class: 16120K(17600K)->16120K(17600K)
[2022-07-11T07:35:15.836+0000][9][gc          ] GC(19) Pause Young (Normal) (G1 Evacuation Pause) 359M->87M(512M) 20.700ms
[2022-07-11T07:35:15.836+0000][9][gc,cpu      ] GC(19) User=0.06s Sys=0.01s Real=0.02s
[2022-07-11T07:35:15.836+0000][9][safepoint   ] Safepoint "G1CollectForAllocation", Time since last: 426467655 ns, Reaching safepoint: 50775 ns, At safepoint: 20768885 ns, Total: 20819660 ns
[2022-07-11T07:35:16.837+0000][9][safepoint   ] Safepoint "Cleanup", Time since last: 1000106493 ns, Reaching safepoint: 50844 ns, At safepoint: 8591 ns, Total: 59435 ns
[2022-07-11T07:35:17.837+0000][9][safepoint   ] Safepoint "Cleanup", Time since last: 1000146791 ns, Reaching safepoint: 90515 ns, At safepoint: 14876 ns, Total: 105391 ns
[2022-07-11T07:35:18.837+0000][9][safepoint   ] Safepoint "Cleanup", Time since last: 1000162856 ns, Reaching safepoint: 81574 ns, At safepoint: 14737 ns, Total: 96311 ns
[2022-07-11T07:35:20.837+0000][9][safepoint   ] Safepoint "Cleanup", Time since last: 2000232127 ns, Reaching safepoint: 61600 ns, At safepoint: 11035 ns, Total: 72635 ns
[2022-07-11T07:35:21.838+0000][9][safepoint   ] Safepoint "Cleanup", Time since last: 1000140230 ns, Reaching safepoint: 96731 ns, At safepoint: 14317 ns, Total: 111048 ns
[2022-07-11T07:35:22.838+0000][9][safepoint   ] Safepoint "Cleanup", Time since last: 1000172218 ns, Reaching safepoint: 72007 ns, At safepoint: 10476 ns, Total: 82483 ns
[2022-07-11T07:35:24.838+0000][9][safepoint   ] Safepoint "Cleanup", Time since last: 2000231576 ns, Reaching safepoint: 73892 ns, At safepoint: 10895 ns, Total: 84787 ns
[2022-07-11T07:35:27.353+0000][9][safepoint   ] Safepoint "Cleanup", Time since last: 2514338136 ns, Reaching safepoint: 64393 ns, At safepoint: 13759 ns, Total: 78152 ns
[2022-07-11T07:35:28.353+0000][9][safepoint   ] Safepoint "Cleanup", Time since last: 1000128852 ns, Reaching safepoint: 134374 ns, At safepoint: 9708 ns, Total: 144082 ns
[2022-07-11T07:35:30.353+0000][9][safepoint   ] Safepoint "Cleanup", Time since last: 2000215382 ns, Reaching safepoint: 51054 ns, At safepoint: 8590 ns, Total: 59644 ns
[2022-07-11T07:35:33.354+0000][9][safepoint   ] Safepoint "Cleanup", Time since last: 3000304712 ns, Reaching safepoint: 67187 ns, At safepoint: 8101 ns, Total: 75288 ns
[2022-07-11T07:35:34.354+0000][9][safepoint   ] Safepoint "Cleanup", Time since last: 1000132489 ns, Reaching safepoint: 106368 ns, At safepoint: 8940 ns, Total: 115308 ns
[2022-07-11T07:35:35.354+0000][9][safepoint   ] Safepoint "Cleanup", Time since last: 1000148343 ns, Reaching safepoint: 64184 ns, At safepoint: 10336 ns, Total: 74520 ns
[2022-07-11T07:35:36.354+0000][9][safepoint   ] Safepoint "Cleanup", Time since last: 1000158192 ns, Reaching safepoint: 53009 ns, At safepoint: 9429 ns, Total: 62438 ns
[2022-07-11T07:35:37.355+0000][9][safepoint   ] Safepoint "Cleanup", Time since last: 1000145970 ns, Reaching safepoint: 70191 ns, At safepoint: 10895 ns, Total: 81086 ns
[2022-07-11T07:35:38.355+0000][9][safepoint   ] Safepoint "Cleanup", Time since last: 1000149533 ns, Reaching safepoint: 53638 ns, At safepoint: 10127 ns, Total: 63765 ns
[2022-07-11T07:35:39.355+0000][9][safepoint   ] Safepoint "Cleanup", Time since last: 1000134308 ns, Reaching safepoint: 88838 ns, At safepoint: 9848 ns, Total: 98686 ns
[2022-07-11T07:35:40.355+0000][9][safepoint   ] Safepoint "Cleanup", Time since last: 1000148277 ns, Reaching safepoint: 74241 ns, At safepoint: 10058 ns, Total: 84299 ns
[2022-07-11T07:35:42.356+0000][9][safepoint   ] Safepoint "Cleanup", Time since last: 2000221757 ns, Reaching safepoint: 81086 ns, At safepoint: 9568 ns, Total: 90654 ns
[2022-07-11T07:35:45.356+0000][9][safepoint   ] Safepoint "Cleanup", Time since last: 3000298524 ns, Reaching safepoint: 103016 ns, At safepoint: 10756 ns, Total: 113772 ns
[2022-07-11T07:35:48.356+0000][9][safepoint   ] Safepoint "Cleanup", Time since last: 3000304887 ns, Reaching safepoint: 60622 ns, At safepoint: 8451 ns, Total: 69073 ns
[2022-07-11T07:35:49.357+0000][9][safepoint   ] Safepoint "Cleanup", Time since last: 1000143815 ns, Reaching safepoint: 81504 ns, At safepoint: 14388 ns, Total: 95892 ns
[2022-07-11T07:35:51.357+0000][9][safepoint   ] Safepoint "Cleanup", Time since last: 2000233225 ns, Reaching safepoint: 52940 ns, At safepoint: 8171 ns, Total: 61111 ns
[2022-07-11T07:35:52.357+0000][9][safepoint   ] Safepoint "Cleanup", Time since last: 1000149684 ns, Reaching safepoint: 74520 ns, At safepoint: 10896 ns, Total: 85416 ns
[2022-07-11T07:35:53.357+0000][9][safepoint   ] Safepoint "Cleanup", Time since last: 1000167633 ns, Reaching safepoint: 74311 ns, At safepoint: 26121 ns, Total: 100432 ns
[2022-07-11T07:35:54.358+0000][9][safepoint   ] Safepoint "Cleanup", Time since last: 1000150104 ns, Reaching safepoint: 62857 ns, At safepoint: 11943 ns, Total: 74800 ns
[2022-07-11T07:35:57.358+0000][9][safepoint   ] Safepoint "Cleanup", Time since last: 3000316153 ns, Reaching safepoint: 72565 ns, At safepoint: 9498 ns, Total: 82063 ns
[2022-07-11T07:35:58.358+0000][9][safepoint   ] Safepoint "Cleanup", Time since last: 1000145009 ns, Reaching safepoint: 65302 ns, At safepoint: 7962 ns, Total: 73264 ns
[2022-07-11T07:36:00.358+0000][9][safepoint   ] Safepoint "Cleanup", Time since last: 2000207537 ns, Reaching safepoint: 67816 ns, At safepoint: 6635 ns, Total: 74451 ns
[2022-07-11T07:36:03.359+0000][9][safepoint   ] Safepoint "Cleanup", Time since last: 3000287042 ns, Reaching safepoint: 96800 ns, At safepoint: 10406 ns, Total: 107206 ns
[2022-07-11T07:36:04.359+0000][9][safepoint   ] Safepoint "Cleanup", Time since last: 1000145852 ns, Reaching safepoint: 75289 ns, At safepoint: 11524 ns, Total: 86813 ns
[2022-07-11T07:36:06.359+0000][9][safepoint   ] Safepoint "Cleanup", Time since last: 2000236041 ns, Reaching safepoint: 53010 ns, At safepoint: 8032 ns, Total: 61042 ns
[2022-07-11T07:36:09.360+0000][9][safepoint   ] Safepoint "Cleanup", Time since last: 3000315271 ns, Reaching safepoint: 50006 ns, At safepoint: 8241 ns, Total: 58247 ns
[2022-07-11T07:36:10.360+0000][9][safepoint   ] Safepoint "Cleanup", Time since last: 1000137824 ns, Reaching safepoint: 64883 ns, At safepoint: 7962 ns, Total: 72845 ns
[2022-07-11T07:36:12.360+0000][9][safepoint   ] Safepoint "Cleanup", Time since last: 2000236679 ns, Reaching safepoint: 60343 ns, At safepoint: 6704 ns, Total: 67047 ns
[2022-07-11T07:36:13.361+0000][9][safepoint   ] Safepoint "Cleanup", Time since last: 1000135312 ns, Reaching safepoint: 63346 ns, At safepoint: 8172 ns, Total: 71518 ns
[2022-07-11T07:36:15.361+0000][9][safepoint   ] Safepoint "Cleanup", Time since last: 2000231934 ns, Reaching safepoint: 82831 ns, At safepoint: 9708 ns, Total: 92539 ns
[2022-07-11T07:36:18.361+0000][9][safepoint   ] Safepoint "Cleanup", Time since last: 3000314243 ns, Reaching safepoint: 65162 ns, At safepoint: 10476 ns, Total: 75638 ns
[2022-07-11T07:36:21.362+0000][9][safepoint   ] Safepoint "Cleanup", Time since last: 3000320675 ns, Reaching safepoint: 76546 ns, At safepoint: 11105 ns, Total: 87651 ns
[2022-07-11T07:36:22.362+0000][9][safepoint   ] Safepoint "Cleanup", Time since last: 1000152010 ns, Reaching safepoint: 55244 ns, At safepoint: 8242 ns, Total: 63486 ns
[2022-07-11T07:36:23.362+0000][9][safepoint   ] Safepoint "Cleanup", Time since last: 1000142652 ns, Reaching safepoint: 57758 ns, At safepoint: 8521 ns, Total: 66279 ns
[2022-07-11T07:36:24.362+0000][9][safepoint   ] Safepoint "Cleanup", Time since last: 1000163186 ns, Reaching safepoint: 68096 ns, At safepoint: 12571 ns, Total: 80667 ns
[2022-07-11T07:36:27.363+0000][9][safepoint   ] Safepoint "Cleanup", Time since last: 3000306509 ns, Reaching safepoint: 82133 ns, At safepoint: 8521 ns, Total: 90654 ns
[2022-07-11T07:36:28.363+0000][9][safepoint   ] Safepoint "Cleanup", Time since last: 1000145589 ns, Reaching safepoint: 56012 ns, At safepoint: 8661 ns, Total: 64673 ns
[2022-07-11T07:36:30.363+0000][9][safepoint   ] Safepoint "Cleanup", Time since last: 2000225040 ns, Reaching safepoint: 55594 ns, At safepoint: 10406 ns, Total: 66000 ns
[2022-07-11T07:36:33.364+0000][9][safepoint   ] Safepoint "Cleanup", Time since last: 3000332013 ns, Reaching safepoint: 111886 ns, At safepoint: 9987 ns, Total: 121873 ns
[2022-07-11T07:36:34.364+0000][9][safepoint   ] Safepoint "Cleanup", Time since last: 1000146990 ns, Reaching safepoint: 66838 ns, At safepoint: 29054 ns, Total: 95892 ns
[2022-07-11T07:36:36.364+0000][9][safepoint   ] Safepoint "Cleanup", Time since last: 2000230635 ns, Reaching safepoint: 71029 ns, At safepoint: 11524 ns, Total: 82553 ns
[2022-07-11T07:36:38.364+0000][9][safepoint   ] Safepoint "Cleanup", Time since last: 2000234409 ns, Reaching safepoint: 48191 ns, At safepoint: 8520 ns, Total: 56711 ns
[2022-07-11T07:36:39.365+0000][9][safepoint   ] Safepoint "Cleanup", Time since last: 1000141825 ns, Reaching safepoint: 67257 ns, At safepoint: 9219 ns, Total: 76476 ns
[2022-07-11T07:36:40.365+0000][9][safepoint   ] Safepoint "Cleanup", Time since last: 1000138333 ns, Reaching safepoint: 70470 ns, At safepoint: 11105 ns, Total: 81575 ns
[2022-07-11T07:36:43.365+0000][9][safepoint   ] Safepoint "Cleanup", Time since last: 3000302769 ns, Reaching safepoint: 61600 ns, At safepoint: 8521 ns, Total: 70121 ns
[2022-07-11T07:36:46.366+0000][9][safepoint   ] Safepoint "Cleanup", Time since last: 3000303682 ns, Reaching safepoint: 71937 ns, At safepoint: 9079 ns, Total: 81016 ns
[2022-07-11T07:36:47.366+0000][9][safepoint   ] Safepoint "Cleanup", Time since last: 1000149373 ns, Reaching safepoint: 87301 ns, At safepoint: 10407 ns, Total: 97708 ns
[2022-07-11T07:36:48.366+0000][9][safepoint   ] Safepoint "Cleanup", Time since last: 1000154960 ns, Reaching safepoint: 53219 ns, At safepoint: 8521 ns, Total: 61740 ns
[2022-07-11T07:36:49.366+0000][9][safepoint   ] Safepoint "Cleanup", Time since last: 1000138199 ns, Reaching safepoint: 60133 ns, At safepoint: 8172 ns, Total: 68305 ns
[2022-07-11T07:36:51.367+0000][9][safepoint   ] Safepoint "Cleanup", Time since last: 2000235124 ns, Reaching safepoint: 79619 ns, At safepoint: 12083 ns, Total: 91702 ns
[2022-07-11T07:36:52.367+0000][9][safepoint   ] Safepoint "Cleanup", Time since last: 1000154334 ns, Reaching safepoint: 72914 ns, At safepoint: 8102 ns, Total: 81016 ns
[2022-07-11T07:36:53.367+0000][9][safepoint   ] Safepoint "Cleanup", Time since last: 1000137643 ns, Reaching safepoint: 67047 ns, At safepoint: 8102 ns, Total: 75149 ns
[2022-07-11T07:36:56.368+0000][9][safepoint   ] Safepoint "Cleanup", Time since last: 3000344977 ns, Reaching safepoint: 53289 ns, At safepoint: 9638 ns, Total: 62927 ns
[2022-07-11T07:36:57.368+0000][9][safepoint   ] Safepoint "Cleanup", Time since last: 1000139531 ns, Reaching safepoint: 68375 ns, At safepoint: 9568 ns, Total: 77943 ns
[2022-07-11T07:36:58.368+0000][9][safepoint   ] Safepoint "Cleanup", Time since last: 1000147354 ns, Reaching safepoint: 65232 ns, At safepoint: 14038 ns, Total: 79270 ns
[2022-07-11T07:37:00.368+0000][9][safepoint   ] Safepoint "Cleanup", Time since last: 2000232970 ns, Reaching safepoint: 79200 ns, At safepoint: 8660 ns, Total: 87860 ns
[2022-07-11T07:37:03.150+0000][9][gc,start    ] GC(20) Pause Young (Normal) (G1 Evacuation Pause)
[2022-07-11T07:37:03.150+0000][9][gc,task     ] GC(20) Using 4 workers of 4 for evacuation
[2022-07-11T07:37:03.150+0000][9][gc,age      ] GC(20) Desired survivor size 20971520 bytes, new threshold 15 (max threshold 15)
[2022-07-11T07:37:03.164+0000][9][gc,phases   ] GC(20)   Pre Evacuate Collection Set: 0.1ms
[2022-07-11T07:37:03.164+0000][9][gc,phases   ] GC(20)   Merge Heap Roots: 0.1ms
[2022-07-11T07:37:03.164+0000][9][gc,phases   ] GC(20)   Evacuate Collection Set: 9.6ms
[2022-07-11T07:37:03.164+0000][9][gc,phases   ] GC(20)   Post Evacuate Collection Set: 4.5ms
[2022-07-11T07:37:03.164+0000][9][gc,phases   ] GC(20)   Other: 0.1ms
[2022-07-11T07:37:03.164+0000][9][gc,age      ] GC(20) Age table with threshold 15 (max threshold 15)
[2022-07-11T07:37:03.164+0000][9][gc,age      ] GC(20) - age   1:     946272 bytes,     946272 total
[2022-07-11T07:37:03.164+0000][9][gc,age      ] GC(20) - age   2:     165088 bytes,    1111360 total
[2022-07-11T07:37:03.164+0000][9][gc,age      ] GC(20) - age   3:    8499704 bytes,    9611064 total
[2022-07-11T07:37:03.164+0000][9][gc,age      ] GC(20) - age   4:    9588392 bytes,   19199456 total
[2022-07-11T07:37:03.164+0000][9][gc,heap     ] GC(20) Eden regions: 71->0(70)
[2022-07-11T07:37:03.164+0000][9][gc,heap     ] GC(20) Survivor regions: 5->6(10)
[2022-07-11T07:37:03.164+0000][9][gc,heap     ] GC(20) Old regions: 16->16
[2022-07-11T07:37:03.164+0000][9][gc,heap     ] GC(20) Archive regions: 2->2
[2022-07-11T07:37:03.164+0000][9][gc,heap     ] GC(20) Humongous regions: 0->0
[2022-07-11T07:37:03.164+0000][9][gc,metaspace] GC(20) Metaspace: 120803K(123904K)->120803K(123904K) NonClass: 104679K(106304K)->104679K(106304K) Class: 16123K(17600K)->16123K(17600K)
[2022-07-11T07:37:03.164+0000][9][gc          ] GC(20) Pause Young (Normal) (G1 Evacuation Pause) 371M->88M(512M) 14.600ms
[2022-07-11T07:37:03.164+0000][9][gc,cpu      ] GC(20) User=0.03s Sys=0.01s Real=0.02s
[2022-07-11T07:37:03.164+0000][9][safepoint   ] Safepoint "G1CollectForAllocation", Time since last: 2781445767 ns, Reaching safepoint: 60203 ns, At safepoint: 14668468 ns, Total: 14728671 ns
[2022-07-11T07:37:04.165+0000][9][safepoint   ] Safepoint "Cleanup", Time since last: 1000109294 ns, Reaching safepoint: 96939 ns, At safepoint: 9988 ns, Total: 106927 ns
[2022-07-11T07:37:09.165+0000][9][safepoint   ] Safepoint "Cleanup", Time since last: 5000473634 ns, Reaching safepoint: 63346 ns, At safepoint: 9079 ns, Total: 72425 ns
[2022-07-11T07:37:10.166+0000][9][safepoint   ] Safepoint "Cleanup", Time since last: 1000142821 ns, Reaching safepoint: 156933 ns, At safepoint: 11734 ns, Total: 168667 ns
[2022-07-11T07:37:11.166+0000][9][safepoint   ] Safepoint "Cleanup", Time since last: 1000167755 ns, Reaching safepoint: 61530 ns, At safepoint: 10616 ns, Total: 72146 ns
[2022-07-11T07:37:12.166+0000][9][safepoint   ] Safepoint "Cleanup", Time since last: 1000146663 ns, Reaching safepoint: 53708 ns, At safepoint: 8521 ns, Total: 62229 ns
[2022-07-11T07:37:16.166+0000][9][safepoint   ] Safepoint "Cleanup", Time since last: 4000389707 ns, Reaching safepoint: 75499 ns, At safepoint: 8520 ns, Total: 84019 ns
[2022-07-11T07:37:18.167+0000][9][safepoint   ] Safepoint "Cleanup", Time since last: 2000231803 ns, Reaching safepoint: 53988 ns, At safepoint: 9917 ns, Total: 63905 ns
[2022-07-11T07:37:21.167+0000][9][safepoint   ] Safepoint "Cleanup", Time since last: 3000287960 ns, Reaching safepoint: 44419 ns, At safepoint: 11384 ns, Total: 55803 ns
[2022-07-11T07:37:23.167+0000][9][safepoint   ] Safepoint "Cleanup", Time since last: 2000222659 ns, Reaching safepoint: 45537 ns, At safepoint: 8171 ns, Total: 53708 ns
[2022-07-11T07:37:26.168+0000][9][safepoint   ] Safepoint "Cleanup", Time since last: 3000302635 ns, Reaching safepoint: 49447 ns, At safepoint: 8032 ns, Total: 57479 ns
[2022-07-11T07:37:27.168+0000][9][safepoint   ] Safepoint "Cleanup", Time since last: 1000495249 ns, Reaching safepoint: 45537 ns, At safepoint: 12920 ns, Total: 58457 ns
[2022-07-11T07:37:28.169+0000][9][safepoint   ] Safepoint "Cleanup", Time since last: 1000146812 ns, Reaching safepoint: 74521 ns, At safepoint: 10476 ns, Total: 84997 ns
[2022-07-11T07:37:30.169+0000][9][safepoint   ] Safepoint "Cleanup", Time since last: 2000232305 ns, Reaching safepoint: 50635 ns, At safepoint: 8450 ns, Total: 59085 ns
[2022-07-11T07:37:33.169+0000][9][safepoint   ] Safepoint "Cleanup", Time since last: 3000312144 ns, Reaching safepoint: 43302 ns, At safepoint: 7682 ns, Total: 50984 ns
[2022-07-11T07:37:34.169+0000][9][safepoint   ] Safepoint "Cleanup", Time since last: 1000148003 ns, Reaching safepoint: 88698 ns, At safepoint: 13759 ns, Total: 102457 ns
[2022-07-11T07:37:35.170+0000][9][safepoint   ] Safepoint "Cleanup", Time since last: 1000154917 ns, Reaching safepoint: 82064 ns, At safepoint: 9498 ns, Total: 91562 ns
[2022-07-11T07:37:38.170+0000][9][safepoint   ] Safepoint "Cleanup", Time since last: 3000297206 ns, Reaching safepoint: 53917 ns, At safepoint: 8102 ns, Total: 62019 ns
[2022-07-11T07:37:39.170+0000][9][safepoint   ] Safepoint "Cleanup", Time since last: 1000133198 ns, Reaching safepoint: 73054 ns, At safepoint: 8940 ns, Total: 81994 ns
[2022-07-11T07:37:40.171+0000][9][safepoint   ] Safepoint "Cleanup", Time since last: 1000146539 ns, Reaching safepoint: 79479 ns, At safepoint: 9498 ns, Total: 88977 ns
[2022-07-11T07:37:41.171+0000][9][safepoint   ] Safepoint "Cleanup", Time since last: 1000162952 ns, Reaching safepoint: 62508 ns, At safepoint: 10895 ns, Total: 73403 ns
[2022-07-11T07:37:42.171+0000][9][safepoint   ] Safepoint "Cleanup", Time since last: 1000145772 ns, Reaching safepoint: 58108 ns, At safepoint: 8730 ns, Total: 66838 ns
[2022-07-11T07:37:43.171+0000][9][safepoint   ] Safepoint "Cleanup", Time since last: 1000139207 ns, Reaching safepoint: 64114 ns, At safepoint: 7962 ns, Total: 72076 ns
[2022-07-11T07:37:44.171+0000][9][safepoint   ] Safepoint "Cleanup", Time since last: 1000139417 ns, Reaching safepoint: 44210 ns, At safepoint: 8101 ns, Total: 52311 ns
[2022-07-11T07:37:46.172+0000][9][safepoint   ] Safepoint "Cleanup", Time since last: 2000205363 ns, Reaching safepoint: 51333 ns, At safepoint: 8241 ns, Total: 59574 ns
[2022-07-11T07:37:48.172+0000][9][safepoint   ] Safepoint "Cleanup", Time since last: 2000227155 ns, Reaching safepoint: 64813 ns, At safepoint: 8591 ns, Total: 73404 ns
[2022-07-11T07:37:52.172+0000][9][safepoint   ] Safepoint "Cleanup", Time since last: 4000372950 ns, Reaching safepoint: 59645 ns, At safepoint: 9428 ns, Total: 69073 ns
[2022-07-11T07:37:54.173+0000][9][safepoint   ] Safepoint "Cleanup", Time since last: 2000217174 ns, Reaching safepoint: 50495 ns, At safepoint: 8730 ns, Total: 59225 ns
[2022-07-11T07:37:55.173+0000][9][safepoint   ] Safepoint "Cleanup", Time since last: 1000134883 ns, Reaching safepoint: 52800 ns, At safepoint: 8032 ns, Total: 60832 ns
[2022-07-11T07:37:58.173+0000][9][safepoint   ] Safepoint "Cleanup", Time since last: 3000290740 ns, Reaching safepoint: 64184 ns, At safepoint: 11803 ns, Total: 75987 ns
[2022-07-11T07:37:59.173+0000][9][safepoint   ] Safepoint "Cleanup", Time since last: 1000143615 ns, Reaching safepoint: 57758 ns, At safepoint: 9429 ns, Total: 67187 ns
[2022-07-11T07:38:00.177+0000][9][safepoint   ] Safepoint "Cleanup", Time since last: 1002125918 ns, Reaching safepoint: 1269992 ns, At safepoint: 28076 ns, Total: 1298068 ns
[2022-07-11T07:38:01.177+0000][9][safepoint   ] Safepoint "Cleanup", Time since last: 1000144943 ns, Reaching safepoint: 63625 ns, At safepoint: 8661 ns, Total: 72286 ns
[2022-07-11T07:38:03.177+0000][9][safepoint   ] Safepoint "Cleanup", Time since last: 2000215645 ns, Reaching safepoint: 54337 ns, At safepoint: 8660 ns, Total: 62997 ns
[2022-07-11T07:38:04.178+0000][9][safepoint   ] Safepoint "Cleanup", Time since last: 1000133560 ns, Reaching safepoint: 52940 ns, At safepoint: 8660 ns, Total: 61600 ns
[2022-07-11T07:38:05.178+0000][9][safepoint   ] Safepoint "Cleanup", Time since last: 1000132652 ns, Reaching safepoint: 47562 ns, At safepoint: 7753 ns, Total: 55315 ns
[2022-07-11T07:38:07.178+0000][9][safepoint   ] Safepoint "Cleanup", Time since last: 2000214601 ns, Reaching safepoint: 60902 ns, At safepoint: 16273 ns, Total: 77175 ns
[2022-07-11T07:38:08.178+0000][9][safepoint   ] Safepoint "Cleanup", Time since last: 1000153676 ns, Reaching safepoint: 51333 ns, At safepoint: 9219 ns, Total: 60552 ns
[2022-07-11T07:38:09.178+0000][9][safepoint   ] Safepoint "Cleanup", Time since last: 1000138381 ns, Reaching safepoint: 50496 ns, At safepoint: 7682 ns, Total: 58178 ns
[2022-07-11T07:38:10.179+0000][9][safepoint   ] Safepoint "Cleanup", Time since last: 1000133074 ns, Reaching safepoint: 62089 ns, At safepoint: 8101 ns, Total: 70190 ns
[2022-07-11T07:38:11.179+0000][9][safepoint   ] Safepoint "Cleanup", Time since last: 1000137824 ns, Reaching safepoint: 57689 ns, At safepoint: 9149 ns, Total: 66838 ns
[2022-07-11T07:38:12.179+0000][9][safepoint   ] Safepoint "Cleanup", Time since last: 1000133214 ns, Reaching safepoint: 53778 ns, At safepoint: 6285 ns, Total: 60063 ns
[2022-07-11T07:38:13.179+0000][9][safepoint   ] Safepoint "Cleanup", Time since last: 1000133565 ns, Reaching safepoint: 48399 ns, At safepoint: 10058 ns, Total: 58457 ns
[2022-07-11T07:38:15.179+0000][9][safepoint   ] Safepoint "Cleanup", Time since last: 2000207973 ns, Reaching safepoint: 41067 ns, At safepoint: 10546 ns, Total: 51613 ns
[2022-07-11T07:38:16.180+0000][9][safepoint   ] Safepoint "Cleanup", Time since last: 1000149838 ns, Reaching safepoint: 56711 ns, At safepoint: 9150 ns, Total: 65861 ns
[2022-07-11T07:38:17.180+0000][9][safepoint   ] Safepoint "Cleanup", Time since last: 1000146765 ns, Reaching safepoint: 91772 ns, At safepoint: 8032 ns, Total: 99804 ns
[2022-07-11T07:38:18.180+0000][9][safepoint   ] Safepoint "Cleanup", Time since last: 1000133705 ns, Reaching safepoint: 59365 ns, At safepoint: 10546 ns, Total: 69911 ns
[2022-07-11T07:38:19.180+0000][9][safepoint   ] Safepoint "Cleanup", Time since last: 1000134754 ns, Reaching safepoint: 63416 ns, At safepoint: 8102 ns, Total: 71518 ns
[2022-07-11T07:38:21.181+0000][9][safepoint   ] Safepoint "Cleanup", Time since last: 2000215103 ns, Reaching safepoint: 62368 ns, At safepoint: 10965 ns, Total: 73333 ns
[2022-07-11T07:38:22.181+0000][9][safepoint   ] Safepoint "Cleanup", Time since last: 1000150679 ns, Reaching safepoint: 45955 ns, At safepoint: 7683 ns, Total: 53638 ns
[2022-07-11T07:38:28.181+0000][9][safepoint   ] Safepoint "Cleanup", Time since last: 6000513042 ns, Reaching safepoint: 53918 ns, At safepoint: 8101 ns, Total: 62019 ns
[2022-07-11T07:38:31.182+0000][9][safepoint   ] Safepoint "Cleanup", Time since last: 3000296790 ns, Reaching safepoint: 105391 ns, At safepoint: 11943 ns, Total: 117334 ns
[2022-07-11T07:38:33.182+0000][9][safepoint   ] Safepoint "Cleanup", Time since last: 2000238370 ns, Reaching safepoint: 50565 ns, At safepoint: 9498 ns, Total: 60063 ns
[2022-07-11T07:38:33.216+0000][9][gc,start    ] GC(21) Pause Young (Normal) (G1 Evacuation Pause)
[2022-07-11T07:38:33.216+0000][9][gc,task     ] GC(21) Using 4 workers of 4 for evacuation
[2022-07-11T07:38:33.216+0000][9][gc,age      ] GC(21) Desired survivor size 20971520 bytes, new threshold 15 (max threshold 15)
[2022-07-11T07:38:33.228+0000][9][gc,phases   ] GC(21)   Pre Evacuate Collection Set: 0.1ms
[2022-07-11T07:38:33.228+0000][9][gc,phases   ] GC(21)   Merge Heap Roots: 0.1ms
[2022-07-11T07:38:33.228+0000][9][gc,phases   ] GC(21)   Evacuate Collection Set: 10.2ms
[2022-07-11T07:38:33.228+0000][9][gc,phases   ] GC(21)   Post Evacuate Collection Set: 1.5ms
[2022-07-11T07:38:33.228+0000][9][gc,phases   ] GC(21)   Other: 0.1ms
[2022-07-11T07:38:33.228+0000][9][gc,age      ] GC(21) Age table with threshold 15 (max threshold 15)
[2022-07-11T07:38:33.228+0000][9][gc,age      ] GC(21) - age   1:    1933840 bytes,    1933840 total
[2022-07-11T07:38:33.228+0000][9][gc,age      ] GC(21) - age   2:      39616 bytes,    1973456 total
[2022-07-11T07:38:33.228+0000][9][gc,age      ] GC(21) - age   3:     134616 bytes,    2108072 total
[2022-07-11T07:38:33.228+0000][9][gc,age      ] GC(21) - age   4:    8162024 bytes,   10270096 total
[2022-07-11T07:38:33.228+0000][9][gc,age      ] GC(21) - age   5:    9449048 bytes,   19719144 total
[2022-07-11T07:38:33.228+0000][9][gc,heap     ] GC(21) Eden regions: 70->0(70)
[2022-07-11T07:38:33.228+0000][9][gc,heap     ] GC(21) Survivor regions: 6->6(10)
[2022-07-11T07:38:33.228+0000][9][gc,heap     ] GC(21) Old regions: 16->16
[2022-07-11T07:38:33.228+0000][9][gc,heap     ] GC(21) Archive regions: 2->2
[2022-07-11T07:38:33.228+0000][9][gc,heap     ] GC(21) Humongous regions: 0->0
[2022-07-11T07:38:33.228+0000][9][gc,metaspace] GC(21) Metaspace: 121430K(124544K)->121430K(124544K) NonClass: 105302K(106944K)->105302K(106944K) Class: 16127K(17600K)->16127K(17600K)
[2022-07-11T07:38:33.228+0000][9][gc          ] GC(21) Pause Young (Normal) (G1 Evacuation Pause) 368M->87M(512M) 12.169ms
[2022-07-11T07:38:33.228+0000][9][gc,cpu      ] GC(21) User=0.03s Sys=0.00s Real=0.01s
[2022-07-11T07:38:33.228+0000][9][safepoint   ] Safepoint "G1CollectForAllocation", Time since last: 33923200 ns, Reaching safepoint: 47771 ns, At safepoint: 12235550 ns, Total: 12283321 ns
[2022-07-11T07:38:34.229+0000][9][safepoint   ] Safepoint "Cleanup", Time since last: 1000101097 ns, Reaching safepoint: 67257 ns, At safepoint: 17670 ns, Total: 84927 ns
[2022-07-11T07:38:35.229+0000][9][safepoint   ] Safepoint "Cleanup", Time since last: 1000158297 ns, Reaching safepoint: 49029 ns, At safepoint: 8101 ns, Total: 57130 ns
[2022-07-11T07:38:39.229+0000][9][safepoint   ] Safepoint "Cleanup", Time since last: 4000391123 ns, Reaching safepoint: 43861 ns, At safepoint: 8171 ns, Total: 52032 ns
[2022-07-11T07:38:40.229+0000][9][safepoint   ] Safepoint "Cleanup", Time since last: 1000121702 ns, Reaching safepoint: 70051 ns, At safepoint: 10337 ns, Total: 80388 ns
[2022-07-11T07:38:45.230+0000][9][safepoint   ] Safepoint "Cleanup", Time since last: 5000472048 ns, Reaching safepoint: 49517 ns, At safepoint: 7683 ns, Total: 57200 ns
[2022-07-11T07:38:46.230+0000][9][safepoint   ] Safepoint "Cleanup", Time since last: 1000133927 ns, Reaching safepoint: 78571 ns, At safepoint: 12921 ns, Total: 91492 ns
[2022-07-11T07:38:51.232+0000][9][safepoint   ] Safepoint "Cleanup", Time since last: 5001803932 ns, Reaching safepoint: 56361 ns, At safepoint: 8521 ns, Total: 64882 ns
[2022-07-11T07:38:52.232+0000][9][safepoint   ] Safepoint "Cleanup", Time since last: 1000139447 ns, Reaching safepoint: 64184 ns, At safepoint: 9079 ns, Total: 73263 ns
[2022-07-11T07:38:56.233+0000][9][safepoint   ] Safepoint "Cleanup", Time since last: 4000402324 ns, Reaching safepoint: 67677 ns, At safepoint: 10476 ns, Total: 78153 ns
[2022-07-11T07:38:57.233+0000][9][safepoint   ] Safepoint "Cleanup", Time since last: 1000146293 ns, Reaching safepoint: 137168 ns, At safepoint: 19206 ns, Total: 156374 ns
[2022-07-11T07:38:58.233+0000][9][safepoint   ] Safepoint "Cleanup", Time since last: 1000124294 ns, Reaching safepoint: 50285 ns, At safepoint: 8521 ns, Total: 58806 ns
[2022-07-11T07:39:00.234+0000][9][safepoint   ] Safepoint "Cleanup", Time since last: 2000228683 ns, Reaching safepoint: 104762 ns, At safepoint: 10337 ns, Total: 115099 ns
[2022-07-11T07:39:04.234+0000][9][safepoint   ] Safepoint "Cleanup", Time since last: 4000381384 ns, Reaching safepoint: 61111 ns, At safepoint: 12012 ns, Total: 73123 ns
[2022-07-11T07:39:10.235+0000][9][safepoint   ] Safepoint "Cleanup", Time since last: 6000576347 ns, Reaching safepoint: 66559 ns, At safepoint: 14178 ns, Total: 80737 ns
[2022-07-11T07:39:11.235+0000][9][safepoint   ] Safepoint "Cleanup", Time since last: 1000139034 ns, Reaching safepoint: 60553 ns, At safepoint: 9917 ns, Total: 70470 ns
[2022-07-11T07:39:12.235+0000][9][safepoint   ] Safepoint "Cleanup", Time since last: 1000133029 ns, Reaching safepoint: 46724 ns, At safepoint: 8101 ns, Total: 54825 ns
[2022-07-11T07:39:15.235+0000][9][safepoint   ] Safepoint "Cleanup", Time since last: 3000297819 ns, Reaching safepoint: 49238 ns, At safepoint: 8450 ns, Total: 57688 ns
[2022-07-11T07:39:16.236+0000][9][safepoint   ] Safepoint "Cleanup", Time since last: 1000132053 ns, Reaching safepoint: 64114 ns, At safepoint: 9009 ns, Total: 73123 ns
[2022-07-11T07:39:18.236+0000][9][safepoint   ] Safepoint "Cleanup", Time since last: 2000233935 ns, Reaching safepoint: 84438 ns, At safepoint: 9149 ns, Total: 93587 ns
[2022-07-11T07:39:22.152+0000][9][safepoint   ] Safepoint "Cleanup", Time since last: 3915484536 ns, Reaching safepoint: 128368 ns, At safepoint: 9988 ns, Total: 138356 ns
[2022-07-11T07:39:23.152+0000][9][safepoint   ] Safepoint "Cleanup", Time since last: 1000157337 ns, Reaching safepoint: 51613 ns, At safepoint: 9009 ns, Total: 60622 ns
[2022-07-11T07:39:25.152+0000][9][safepoint   ] Safepoint "Cleanup", Time since last: 2000241272 ns, Reaching safepoint: 40648 ns, At safepoint: 7962 ns, Total: 48610 ns
[2022-07-11T07:39:27.152+0000][9][safepoint   ] Safepoint "Cleanup", Time since last: 2000218715 ns, Reaching safepoint: 52451 ns, At safepoint: 12361 ns, Total: 64812 ns
[2022-07-11T07:39:28.153+0000][9][safepoint   ] Safepoint "Cleanup", Time since last: 1000144419 ns, Reaching safepoint: 56501 ns, At safepoint: 8102 ns, Total: 64603 ns
[2022-07-11T07:39:31.153+0000][9][safepoint   ] Safepoint "Cleanup", Time since last: 3000286660 ns, Reaching safepoint: 75219 ns, At safepoint: 13200 ns, Total: 88419 ns
[2022-07-11T07:39:32.153+0000][9][safepoint   ] Safepoint "Cleanup", Time since last: 1000124584 ns, Reaching safepoint: 56712 ns, At safepoint: 11523 ns, Total: 68235 ns
[2022-07-11T07:39:34.153+0000][9][safepoint   ] Safepoint "Cleanup", Time since last: 2000218371 ns, Reaching safepoint: 52590 ns, At safepoint: 7473 ns, Total: 60063 ns
[2022-07-11T07:39:36.154+0000][9][safepoint   ] Safepoint "Cleanup", Time since last: 2000220676 ns, Reaching safepoint: 52521 ns, At safepoint: 8451 ns, Total: 60972 ns
[2022-07-11T07:39:37.206+0000][9][safepoint   ] Safepoint "Cleanup", Time since last: 1052379077 ns, Reaching safepoint: 67606 ns, At safepoint: 10826 ns, Total: 78432 ns
[2022-07-11T07:39:39.172+0000][9][safepoint   ] Safepoint "Cleanup", Time since last: 1965536139 ns, Reaching safepoint: 35829 ns, At safepoint: 5796 ns, Total: 41625 ns
[2022-07-11T07:39:40.172+0000][9][safepoint   ] Safepoint "Cleanup", Time since last: 1000127940 ns, Reaching safepoint: 109232 ns, At safepoint: 10406 ns, Total: 119638 ns
[2022-07-11T07:39:45.172+0000][9][safepoint   ] Safepoint "Cleanup", Time since last: 5000463563 ns, Reaching safepoint: 45327 ns, At safepoint: 8172 ns, Total: 53499 ns
[2022-07-11T07:39:46.173+0000][9][safepoint   ] Safepoint "Cleanup", Time since last: 1000136811 ns, Reaching safepoint: 54336 ns, At safepoint: 8521 ns, Total: 62857 ns
[2022-07-11T07:39:52.173+0000][9][safepoint   ] Safepoint "Cleanup", Time since last: 6000539833 ns, Reaching safepoint: 59226 ns, At safepoint: 10336 ns, Total: 69562 ns
[2022-07-11T07:39:54.174+0000][9][safepoint   ] Safepoint "Cleanup", Time since last: 2000224459 ns, Reaching safepoint: 61041 ns, At safepoint: 9150 ns, Total: 70191 ns
[2022-07-11T07:39:58.174+0000][9][safepoint   ] Safepoint "Cleanup", Time since last: 4000395702 ns, Reaching safepoint: 78991 ns, At safepoint: 11104 ns, Total: 90095 ns
[2022-07-11T07:40:00.174+0000][9][safepoint   ] Safepoint "Cleanup", Time since last: 2000228514 ns, Reaching safepoint: 68304 ns, At safepoint: 8521 ns, Total: 76825 ns
[2022-07-11T07:40:01.175+0000][9][safepoint   ] Safepoint "Cleanup", Time since last: 1000137584 ns, Reaching safepoint: 82343 ns, At safepoint: 15924 ns, Total: 98267 ns
[2022-07-11T07:40:03.175+0000][9][safepoint   ] Safepoint "Cleanup", Time since last: 2000218178 ns, Reaching safepoint: 54197 ns, At safepoint: 12083 ns, Total: 66280 ns
[2022-07-11T07:40:04.175+0000][9][safepoint   ] Safepoint "Cleanup", Time since last: 1000130810 ns, Reaching safepoint: 59155 ns, At safepoint: 8032 ns, Total: 67187 ns
[2022-07-11T07:40:06.175+0000][9][safepoint   ] Safepoint "Cleanup", Time since last: 2000209101 ns, Reaching safepoint: 58387 ns, At safepoint: 12572 ns, Total: 70959 ns
[2022-07-11T07:40:10.176+0000][9][safepoint   ] Safepoint "Cleanup", Time since last: 4000398440 ns, Reaching safepoint: 83530 ns, At safepoint: 11873 ns, Total: 95403 ns
[2022-07-11T07:40:11.176+0000][9][safepoint   ] Safepoint "Cleanup", Time since last: 1000168597 ns, Reaching safepoint: 49587 ns, At safepoint: 8521 ns, Total: 58108 ns
[2022-07-11T07:40:12.176+0000][9][safepoint   ] Safepoint "Cleanup", Time since last: 1000152672 ns, Reaching safepoint: 57480 ns, At safepoint: 8451 ns, Total: 65931 ns
[2022-07-11T07:40:15.229+0000][9][gc,start    ] GC(22) Pause Young (Normal) (G1 Evacuation Pause)
[2022-07-11T07:40:15.229+0000][9][gc,task     ] GC(22) Using 4 workers of 4 for evacuation
[2022-07-11T07:40:15.229+0000][9][gc,age      ] GC(22) Desired survivor size 20971520 bytes, new threshold 15 (max threshold 15)
[2022-07-11T07:40:15.238+0000][9][gc,phases   ] GC(22)   Pre Evacuate Collection Set: 0.1ms
[2022-07-11T07:40:15.238+0000][9][gc,phases   ] GC(22)   Merge Heap Roots: 0.1ms
[2022-07-11T07:40:15.238+0000][9][gc,phases   ] GC(22)   Evacuate Collection Set: 7.7ms
[2022-07-11T07:40:15.238+0000][9][gc,phases   ] GC(22)   Post Evacuate Collection Set: 1.2ms
[2022-07-11T07:40:15.238+0000][9][gc,phases   ] GC(22)   Other: 0.1ms
[2022-07-11T07:40:15.238+0000][9][gc,age      ] GC(22) Age table with threshold 15 (max threshold 15)
[2022-07-11T07:40:15.238+0000][9][gc,age      ] GC(22) - age   1:     543696 bytes,     543696 total
[2022-07-11T07:40:15.238+0000][9][gc,age      ] GC(22) - age   2:     293848 bytes,     837544 total
[2022-07-11T07:40:15.238+0000][9][gc,age      ] GC(22) - age   3:      37712 bytes,     875256 total
[2022-07-11T07:40:15.238+0000][9][gc,age      ] GC(22) - age   4:     106816 bytes,     982072 total
[2022-07-11T07:40:15.238+0000][9][gc,age      ] GC(22) - age   5:    8161824 bytes,    9143896 total
[2022-07-11T07:40:15.238+0000][9][gc,age      ] GC(22) - age   6:    9419096 bytes,   18562992 total
[2022-07-11T07:40:15.238+0000][9][gc,heap     ] GC(22) Eden regions: 70->0(71)
[2022-07-11T07:40:15.238+0000][9][gc,heap     ] GC(22) Survivor regions: 6->5(10)
[2022-07-11T07:40:15.238+0000][9][gc,heap     ] GC(22) Old regions: 16->16
[2022-07-11T07:40:15.238+0000][9][gc,heap     ] GC(22) Archive regions: 2->2
[2022-07-11T07:40:15.238+0000][9][gc,heap     ] GC(22) Humongous regions: 0->0
[2022-07-11T07:40:15.238+0000][9][gc,metaspace] GC(22) Metaspace: 121830K(124864K)->121830K(124864K) NonClass: 105703K(107264K)->105703K(107264K) Class: 16127K(17600K)->16127K(17600K)
[2022-07-11T07:40:15.238+0000][9][gc          ] GC(22) Pause Young (Normal) (G1 Evacuation Pause) 367M->86M(512M) 9.382ms
[2022-07-11T07:40:15.238+0000][9][gc,cpu      ] GC(22) User=0.03s Sys=0.00s Real=0.01s
[2022-07-11T07:40:15.238+0000][9][safepoint   ] Safepoint "G1CollectForAllocation", Time since last: 3052268810 ns, Reaching safepoint: 40857 ns, At safepoint: 9445814 ns, Total: 9486671 ns
[2022-07-11T07:40:16.238+0000][9][safepoint   ] Safepoint "Cleanup", Time since last: 1000107976 ns, Reaching safepoint: 48190 ns, At safepoint: 8032 ns, Total: 56222 ns
[2022-07-11T07:40:21.239+0000][9][safepoint   ] Safepoint "Cleanup", Time since last: 5000455165 ns, Reaching safepoint: 37155 ns, At safepoint: 8032 ns, Total: 45187 ns
[2022-07-11T07:40:24.241+0000][9][safepoint   ] Safepoint "Cleanup", Time since last: 3001783474 ns, Reaching safepoint: 138356 ns, At safepoint: 10127 ns, Total: 148483 ns
[2022-07-11T07:40:25.241+0000][9][safepoint   ] Safepoint "Cleanup", Time since last: 1000135984 ns, Reaching safepoint: 53708 ns, At safepoint: 9010 ns, Total: 62718 ns
[2022-07-11T07:40:27.241+0000][9][safepoint   ] Safepoint "Cleanup", Time since last: 2000212744 ns, Reaching safepoint: 132209 ns, At safepoint: 12851 ns, Total: 145060 ns
[2022-07-11T07:40:28.241+0000][9][safepoint   ] Safepoint "Cleanup", Time since last: 1000143668 ns, Reaching safepoint: 87162 ns, At safepoint: 18158 ns, Total: 105320 ns
[2022-07-11T07:40:30.242+0000][9][safepoint   ] Safepoint "Cleanup", Time since last: 2000244733 ns, Reaching safepoint: 52800 ns, At safepoint: 12572 ns, Total: 65372 ns
[2022-07-11T07:40:33.242+0000][9][safepoint   ] Safepoint "Cleanup", Time since last: 3000308295 ns, Reaching safepoint: 57130 ns, At safepoint: 9499 ns, Total: 66629 ns
[2022-07-11T07:40:34.242+0000][9][safepoint   ] Safepoint "Cleanup", Time since last: 1000142970 ns, Reaching safepoint: 71029 ns, At safepoint: 11524 ns, Total: 82553 ns
[2022-07-11T07:40:39.243+0000][9][safepoint   ] Safepoint "Cleanup", Time since last: 5000479353 ns, Reaching safepoint: 136610 ns, At safepoint: 10476 ns, Total: 147086 ns
[2022-07-11T07:40:40.243+0000][9][safepoint   ] Safepoint "Cleanup", Time since last: 1000135639 ns, Reaching safepoint: 54825 ns, At safepoint: 8102 ns, Total: 62927 ns
[2022-07-11T07:40:45.244+0000][9][safepoint   ] Safepoint "Cleanup", Time since last: 5000494237 ns, Reaching safepoint: 61391 ns, At safepoint: 8171 ns, Total: 69562 ns
[2022-07-11T07:40:46.244+0000][9][safepoint   ] Safepoint "Cleanup", Time since last: 1000144790 ns, Reaching safepoint: 55244 ns, At safepoint: 7683 ns, Total: 62927 ns
[2022-07-11T07:40:48.244+0000][9][safepoint   ] Safepoint "Cleanup", Time since last: 2000225745 ns, Reaching safepoint: 59505 ns, At safepoint: 8590 ns, Total: 68095 ns
[2022-07-11T07:40:49.244+0000][9][safepoint   ] Safepoint "Cleanup", Time since last: 1000136829 ns, Reaching safepoint: 79759 ns, At safepoint: 8380 ns, Total: 88139 ns
[2022-07-11T07:40:51.245+0000][9][safepoint   ] Safepoint "Cleanup", Time since last: 2000202071 ns, Reaching safepoint: 52451 ns, At safepoint: 9568 ns, Total: 62019 ns
[2022-07-11T07:40:57.245+0000][9][safepoint   ] Safepoint "Cleanup", Time since last: 6000569621 ns, Reaching safepoint: 46863 ns, At safepoint: 8102 ns, Total: 54965 ns
[2022-07-11T07:40:58.246+0000][9][safepoint   ] Safepoint "Cleanup", Time since last: 1000131593 ns, Reaching safepoint: 104831 ns, At safepoint: 9638 ns, Total: 114469 ns
[2022-07-11T07:41:00.246+0000][9][safepoint   ] Safepoint "Cleanup", Time since last: 2000223377 ns, Reaching safepoint: 57968 ns, At safepoint: 8102 ns, Total: 66070 ns
[2022-07-11T07:41:03.246+0000][9][safepoint   ] Safepoint "Cleanup", Time since last: 3000284361 ns, Reaching safepoint: 49797 ns, At safepoint: 8171 ns, Total: 57968 ns
[2022-07-11T07:41:09.247+0000][9][safepoint   ] Safepoint "Cleanup", Time since last: 6000533600 ns, Reaching safepoint: 55244 ns, At safepoint: 10127 ns, Total: 65371 ns
[2022-07-11T07:41:10.247+0000][9][safepoint   ] Safepoint "Cleanup", Time since last: 1000140256 ns, Reaching safepoint: 59504 ns, At safepoint: 8102 ns, Total: 67606 ns
[2022-07-11T07:41:11.247+0000][9][safepoint   ] Safepoint "Cleanup", Time since last: 1000134040 ns, Reaching safepoint: 50146 ns, At safepoint: 6076 ns, Total: 56222 ns
[2022-07-11T07:41:15.248+0000][9][safepoint   ] Safepoint "Cleanup", Time since last: 4000383909 ns, Reaching safepoint: 54266 ns, At safepoint: 10756 ns, Total: 65022 ns
[2022-07-11T07:41:16.248+0000][9][safepoint   ] Safepoint "Cleanup", Time since last: 1000121749 ns, Reaching safepoint: 78711 ns, At safepoint: 8660 ns, Total: 87371 ns
[2022-07-11T07:41:18.248+0000][9][safepoint   ] Safepoint "Cleanup", Time since last: 2000230509 ns, Reaching safepoint: 60133 ns, At safepoint: 8520 ns, Total: 68653 ns
[2022-07-11T07:41:21.249+0000][9][safepoint   ] Safepoint "Cleanup", Time since last: 3000280114 ns, Reaching safepoint: 68654 ns, At safepoint: 8101 ns, Total: 76755 ns
[2022-07-11T07:41:26.249+0000][9][safepoint   ] Safepoint "Cleanup", Time since last: 5000457548 ns, Reaching safepoint: 42743 ns, At safepoint: 8520 ns, Total: 51263 ns
[2022-07-11T07:41:27.256+0000][9][safepoint   ] Safepoint "Cleanup", Time since last: 1000137815 ns, Reaching safepoint: 6839899 ns, At safepoint: 23397 ns, Total: 6863296 ns
[2022-07-11T07:41:28.256+0000][9][safepoint   ] Safepoint "Cleanup", Time since last: 1000147034 ns, Reaching safepoint: 88279 ns, At safepoint: 8660 ns, Total: 96939 ns
[2022-07-11T07:41:30.257+0000][9][safepoint   ] Safepoint "Cleanup", Time since last: 2000229885 ns, Reaching safepoint: 66489 ns, At safepoint: 14317 ns, Total: 80806 ns
[2022-07-11T07:41:31.257+0000][9][safepoint   ] Safepoint "Cleanup", Time since last: 1000151714 ns, Reaching safepoint: 48680 ns, At safepoint: 8520 ns, Total: 57200 ns
[2022-07-11T07:41:33.257+0000][9][safepoint   ] Safepoint "Cleanup", Time since last: 2000212147 ns, Reaching safepoint: 56292 ns, At safepoint: 10825 ns, Total: 67117 ns
[2022-07-11T07:41:39.258+0000][9][safepoint   ] Safepoint "Cleanup", Time since last: 6000559828 ns, Reaching safepoint: 50286 ns, At safepoint: 8590 ns, Total: 58876 ns
[2022-07-11T07:41:40.258+0000][9][safepoint   ] Safepoint "Cleanup", Time since last: 1000126503 ns, Reaching safepoint: 44350 ns, At safepoint: 10825 ns, Total: 55175 ns
[2022-07-11T07:41:46.258+0000][9][safepoint   ] Safepoint "Cleanup", Time since last: 6000489995 ns, Reaching safepoint: 77524 ns, At safepoint: 9917 ns, Total: 87441 ns
[2022-07-11T07:41:48.259+0000][9][safepoint   ] Safepoint "Cleanup", Time since last: 2000198743 ns, Reaching safepoint: 64184 ns, At safepoint: 9149 ns, Total: 73333 ns
[2022-07-11T07:41:53.259+0000][9][safepoint   ] Safepoint "Cleanup", Time since last: 5000411200 ns, Reaching safepoint: 60483 ns, At safepoint: 8101 ns, Total: 68584 ns
[2022-07-11T07:41:54.259+0000][9][safepoint   ] Safepoint "Cleanup", Time since last: 1000126437 ns, Reaching safepoint: 44419 ns, At safepoint: 8660 ns, Total: 53079 ns
[2022-07-11T07:41:55.260+0000][9][safepoint   ] Safepoint "Cleanup", Time since last: 1000131255 ns, Reaching safepoint: 37226 ns, At safepoint: 8939 ns, Total: 46165 ns
[2022-07-11T07:41:57.260+0000][9][safepoint   ] Safepoint "Cleanup", Time since last: 2000218791 ns, Reaching safepoint: 72495 ns, At safepoint: 8171 ns, Total: 80666 ns
[2022-07-11T07:41:58.260+0000][9][safepoint   ] Safepoint "Cleanup", Time since last: 1000153186 ns, Reaching safepoint: 67537 ns, At safepoint: 13828 ns, Total: 81365 ns
[2022-07-11T07:42:00.260+0000][9][safepoint   ] Safepoint "Cleanup", Time since last: 2000237789 ns, Reaching safepoint: 98266 ns, At safepoint: 10058 ns, Total: 108324 ns
[2022-07-11T07:42:03.220+0000][9][gc,start    ] GC(23) Pause Young (Normal) (G1 Evacuation Pause)
[2022-07-11T07:42:03.220+0000][9][gc,task     ] GC(23) Using 4 workers of 4 for evacuation
[2022-07-11T07:42:03.220+0000][9][gc,age      ] GC(23) Desired survivor size 20971520 bytes, new threshold 15 (max threshold 15)
[2022-07-11T07:42:03.236+0000][9][gc,phases   ] GC(23)   Pre Evacuate Collection Set: 0.1ms
[2022-07-11T07:42:03.236+0000][9][gc,phases   ] GC(23)   Merge Heap Roots: 0.1ms
[2022-07-11T07:42:03.236+0000][9][gc,phases   ] GC(23)   Evacuate Collection Set: 13.9ms
[2022-07-11T07:42:03.236+0000][9][gc,phases   ] GC(23)   Post Evacuate Collection Set: 1.4ms
[2022-07-11T07:42:03.236+0000][9][gc,phases   ] GC(23)   Other: 0.1ms
[2022-07-11T07:42:03.236+0000][9][gc,age      ] GC(23) Age table with threshold 15 (max threshold 15)
[2022-07-11T07:42:03.236+0000][9][gc,age      ] GC(23) - age   1:     745072 bytes,     745072 total
[2022-07-11T07:42:03.236+0000][9][gc,age      ] GC(23) - age   2:      60488 bytes,     805560 total
[2022-07-11T07:42:03.236+0000][9][gc,age      ] GC(23) - age   3:     292536 bytes,    1098096 total
[2022-07-11T07:42:03.236+0000][9][gc,age      ] GC(23) - age   4:      37520 bytes,    1135616 total
[2022-07-11T07:42:03.236+0000][9][gc,age      ] GC(23) - age   5:     106688 bytes,    1242304 total
[2022-07-11T07:42:03.236+0000][9][gc,age      ] GC(23) - age   6:    8050024 bytes,    9292328 total
[2022-07-11T07:42:03.236+0000][9][gc,age      ] GC(23) - age   7:    9192344 bytes,   18484672 total
[2022-07-11T07:42:03.236+0000][9][gc,heap     ] GC(23) Eden regions: 71->0(71)
[2022-07-11T07:42:03.236+0000][9][gc,heap     ] GC(23) Survivor regions: 5->5(10)
[2022-07-11T07:42:03.236+0000][9][gc,heap     ] GC(23) Old regions: 16->16
[2022-07-11T07:42:03.236+0000][9][gc,heap     ] GC(23) Archive regions: 2->2
[2022-07-11T07:42:03.236+0000][9][gc,heap     ] GC(23) Humongous regions: 0->0
[2022-07-11T07:42:03.236+0000][9][gc,metaspace] GC(23) Metaspace: 122121K(125248K)->122121K(125248K) NonClass: 105994K(107648K)->105994K(107648K) Class: 16127K(17600K)->16127K(17600K)
[2022-07-11T07:42:03.236+0000][9][gc          ] GC(23) Pause Young (Normal) (G1 Evacuation Pause) 370M->87M(512M) 15.795ms
[2022-07-11T07:42:03.236+0000][9][gc,cpu      ] GC(23) User=0.04s Sys=0.00s Real=0.02s
[2022-07-11T07:42:03.236+0000][9][safepoint   ] Safepoint "G1CollectForAllocation", Time since last: 2959351095 ns, Reaching safepoint: 64463 ns, At safepoint: 15891320 ns, Total: 15955783 ns
[2022-07-11T07:42:04.236+0000][9][safepoint   ] Safepoint "Cleanup", Time since last: 1000127485 ns, Reaching safepoint: 82483 ns, At safepoint: 18019 ns, Total: 100502 ns
[2022-07-11T07:42:05.236+0000][9][safepoint   ] Safepoint "Cleanup", Time since last: 1000136076 ns, Reaching safepoint: 86323 ns, At safepoint: 18439 ns, Total: 104762 ns
[2022-07-11T07:42:09.237+0000][9][safepoint   ] Safepoint "Cleanup", Time since last: 4000386884 ns, Reaching safepoint: 157003 ns, At safepoint: 10546 ns, Total: 167549 ns
[2022-07-11T07:42:10.237+0000][9][safepoint   ] Safepoint "Cleanup", Time since last: 1000134191 ns, Reaching safepoint: 79619 ns, At safepoint: 14457 ns, Total: 94076 ns
[2022-07-11T07:42:12.237+0000][9][safepoint   ] Safepoint "Cleanup", Time since last: 2000237444 ns, Reaching safepoint: 53498 ns, At safepoint: 8940 ns, Total: 62438 ns
[2022-07-11T07:42:16.238+0000][9][safepoint   ] Safepoint "Cleanup", Time since last: 4000375086 ns, Reaching safepoint: 80876 ns, At safepoint: 22908 ns, Total: 103784 ns
[2022-07-11T07:42:17.238+0000][9][safepoint   ] Safepoint "Cleanup", Time since last: 1000155983 ns, Reaching safepoint: 157562 ns, At safepoint: 22070 ns, Total: 179632 ns
[2022-07-11T07:42:19.239+0000][9][safepoint   ] Safepoint "Cleanup", Time since last: 2000242893 ns, Reaching safepoint: 163638 ns, At safepoint: 16623 ns, Total: 180261 ns
[2022-07-11T07:42:20.239+0000][9][safepoint   ] Safepoint "Cleanup", Time since last: 1000119316 ns, Reaching safepoint: 134864 ns, At safepoint: 11454 ns, Total: 146318 ns
[2022-07-11T07:42:22.239+0000][9][safepoint   ] Safepoint "Cleanup", Time since last: 2000201688 ns, Reaching safepoint: 142825 ns, At safepoint: 13340 ns, Total: 156165 ns
[2022-07-11T07:42:23.240+0000][9][safepoint   ] Safepoint "Cleanup", Time since last: 1000139571 ns, Reaching safepoint: 145340 ns, At safepoint: 12362 ns, Total: 157702 ns
[2022-07-11T07:42:24.240+0000][9][safepoint   ] Safepoint "Cleanup", Time since last: 1000146276 ns, Reaching safepoint: 153930 ns, At safepoint: 15854 ns, Total: 169784 ns
[2022-07-11T07:42:29.240+0000][9][safepoint   ] Safepoint "Cleanup", Time since last: 5000406133 ns, Reaching safepoint: 74661 ns, At safepoint: 14736 ns, Total: 89397 ns
[2022-07-11T07:42:30.241+0000][9][safepoint   ] Safepoint "Cleanup", Time since last: 1000146976 ns, Reaching safepoint: 73054 ns, At safepoint: 10546 ns, Total: 83600 ns
[2022-07-11T07:42:31.241+0000][9][safepoint   ] Safepoint "Cleanup", Time since last: 1000114988 ns, Reaching safepoint: 57200 ns, At safepoint: 10057 ns, Total: 67257 ns
[2022-07-11T07:42:32.241+0000][9][safepoint   ] Safepoint "Cleanup", Time since last: 1000124697 ns, Reaching safepoint: 55873 ns, At safepoint: 13759 ns, Total: 69632 ns
[2022-07-11T07:42:33.241+0000][9][safepoint   ] Safepoint "Cleanup", Time since last: 1000124068 ns, Reaching safepoint: 131022 ns, At safepoint: 8730 ns, Total: 139752 ns
[2022-07-11T07:42:34.241+0000][9][safepoint   ] Safepoint "Cleanup", Time since last: 1000125954 ns, Reaching safepoint: 63486 ns, At safepoint: 11244 ns, Total: 74730 ns
[2022-07-11T07:42:35.242+0000][9][safepoint   ] Safepoint "Cleanup", Time since last: 1000133777 ns, Reaching safepoint: 159727 ns, At safepoint: 11174 ns, Total: 170901 ns
[2022-07-11T07:42:39.242+0000][9][safepoint   ] Safepoint "Cleanup", Time since last: 4000357222 ns, Reaching safepoint: 55105 ns, At safepoint: 8521 ns, Total: 63626 ns
[2022-07-11T07:42:40.242+0000][9][safepoint   ] Safepoint "Cleanup", Time since last: 1000133009 ns, Reaching safepoint: 77733 ns, At safepoint: 14317 ns, Total: 92050 ns
[2022-07-11T07:42:41.243+0000][9][safepoint   ] Safepoint "Cleanup", Time since last: 1000146838 ns, Reaching safepoint: 48679 ns, At safepoint: 8940 ns, Total: 57619 ns
[2022-07-11T07:42:42.243+0000][9][safepoint   ] Safepoint "Cleanup", Time since last: 1000143765 ns, Reaching safepoint: 134095 ns, At safepoint: 11873 ns, Total: 145968 ns
[2022-07-11T07:42:43.243+0000][9][safepoint   ] Safepoint "Cleanup", Time since last: 1000146489 ns, Reaching safepoint: 45676 ns, At safepoint: 13340 ns, Total: 59016 ns
[2022-07-11T07:42:46.243+0000][9][safepoint   ] Safepoint "Cleanup", Time since last: 3000285816 ns, Reaching safepoint: 67886 ns, At safepoint: 8451 ns, Total: 76337 ns
[2022-07-11T07:42:47.244+0000][9][safepoint   ] Safepoint "Cleanup", Time since last: 1000133708 ns, Reaching safepoint: 142546 ns, At safepoint: 13689 ns, Total: 156235 ns
[2022-07-11T07:42:48.244+0000][9][safepoint   ] Safepoint "Cleanup", Time since last: 1000144185 ns, Reaching safepoint: 73892 ns, At safepoint: 21511 ns, Total: 95403 ns
[2022-07-11T07:42:51.244+0000][9][safepoint   ] Safepoint "Cleanup", Time since last: 3000303210 ns, Reaching safepoint: 55733 ns, At safepoint: 8660 ns, Total: 64393 ns
[2022-07-11T07:42:52.245+0000][9][safepoint   ] Safepoint "Cleanup", Time since last: 1000141392 ns, Reaching safepoint: 56851 ns, At safepoint: 15644 ns, Total: 72495 ns
[2022-07-11T07:42:55.245+0000][9][safepoint   ] Safepoint "Cleanup", Time since last: 3000283237 ns, Reaching safepoint: 59086 ns, At safepoint: 9079 ns, Total: 68165 ns
[2022-07-11T07:42:58.245+0000][9][safepoint   ] Safepoint "Cleanup", Time since last: 3000295879 ns, Reaching safepoint: 55314 ns, At safepoint: 8661 ns, Total: 63975 ns
[2022-07-11T07:43:00.246+0000][9][safepoint   ] Safepoint "Cleanup", Time since last: 2000219579 ns, Reaching safepoint: 72146 ns, At safepoint: 8032 ns, Total: 80178 ns
[2022-07-11T07:43:03.246+0000][9][safepoint   ] Safepoint "Cleanup", Time since last: 3000300840 ns, Reaching safepoint: 53918 ns, At safepoint: 8101 ns, Total: 62019 ns
[2022-07-11T07:43:04.246+0000][9][safepoint   ] Safepoint "Cleanup", Time since last: 1000118765 ns, Reaching safepoint: 58038 ns, At safepoint: 8451 ns, Total: 66489 ns
[2022-07-11T07:43:06.246+0000][9][safepoint   ] Safepoint "Cleanup", Time since last: 2000233549 ns, Reaching safepoint: 92261 ns, At safepoint: 16831 ns, Total: 109092 ns
[2022-07-11T07:43:10.247+0000][9][safepoint   ] Safepoint "Cleanup", Time since last: 4000368415 ns, Reaching safepoint: 76476 ns, At safepoint: 10477 ns, Total: 86953 ns
[2022-07-11T07:43:12.247+0000][9][safepoint   ] Safepoint "Cleanup", Time since last: 2000236205 ns, Reaching safepoint: 50216 ns, At safepoint: 8241 ns, Total: 58457 ns
[2022-07-11T07:43:15.248+0000][9][safepoint   ] Safepoint "Cleanup", Time since last: 3000274375 ns, Reaching safepoint: 95613 ns, At safepoint: 12921 ns, Total: 108534 ns
[2022-07-11T07:43:16.248+0000][9][safepoint   ] Safepoint "Cleanup", Time since last: 1000139299 ns, Reaching safepoint: 64324 ns, At safepoint: 10895 ns, Total: 75219 ns
[2022-07-11T07:43:18.248+0000][9][safepoint   ] Safepoint "Cleanup", Time since last: 2000242004 ns, Reaching safepoint: 79060 ns, At safepoint: 20324 ns, Total: 99384 ns
[2022-07-11T07:43:21.248+0000][9][safepoint   ] Safepoint "Cleanup", Time since last: 3000312232 ns, Reaching safepoint: 53498 ns, At safepoint: 8591 ns, Total: 62089 ns
[2022-07-11T07:43:25.249+0000][9][safepoint   ] Safepoint "Cleanup", Time since last: 4000361997 ns, Reaching safepoint: 49238 ns, At safepoint: 8521 ns, Total: 57759 ns
[2022-07-11T07:43:27.249+0000][9][safepoint   ] Safepoint "Cleanup", Time since last: 2000223289 ns, Reaching safepoint: 123479 ns, At safepoint: 11384 ns, Total: 134863 ns
[2022-07-11T07:43:28.249+0000][9][safepoint   ] Safepoint "Cleanup", Time since last: 1000116533 ns, Reaching safepoint: 54965 ns, At safepoint: 9848 ns, Total: 64813 ns
[2022-07-11T07:43:30.250+0000][9][safepoint   ] Safepoint "Cleanup", Time since last: 2000228807 ns, Reaching safepoint: 61949 ns, At safepoint: 12082 ns, Total: 74031 ns
[2022-07-11T07:43:33.250+0000][9][safepoint   ] Safepoint "Cleanup", Time since last: 3000287583 ns, Reaching safepoint: 43720 ns, At safepoint: 11454 ns, Total: 55174 ns
[2022-07-11T07:43:34.250+0000][9][safepoint   ] Safepoint "Cleanup", Time since last: 1000126592 ns, Reaching safepoint: 58247 ns, At safepoint: 8032 ns, Total: 66279 ns
[2022-07-11T07:43:35.250+0000][9][safepoint   ] Safepoint "Cleanup", Time since last: 1000144680 ns, Reaching safepoint: 47981 ns, At safepoint: 16343 ns, Total: 64324 ns
[2022-07-11T07:43:37.189+0000][9][gc,start    ] GC(24) Pause Young (Normal) (G1 Evacuation Pause)
[2022-07-11T07:43:37.189+0000][9][gc,task     ] GC(24) Using 4 workers of 4 for evacuation
[2022-07-11T07:43:37.189+0000][9][gc,age      ] GC(24) Desired survivor size 20971520 bytes, new threshold 15 (max threshold 15)
[2022-07-11T07:43:37.204+0000][9][gc,phases   ] GC(24)   Pre Evacuate Collection Set: 0.1ms
[2022-07-11T07:43:37.204+0000][9][gc,phases   ] GC(24)   Merge Heap Roots: 0.1ms
[2022-07-11T07:43:37.204+0000][9][gc,phases   ] GC(24)   Evacuate Collection Set: 12.8ms
[2022-07-11T07:43:37.204+0000][9][gc,phases   ] GC(24)   Post Evacuate Collection Set: 1.3ms
[2022-07-11T07:43:37.204+0000][9][gc,phases   ] GC(24)   Other: 0.1ms
[2022-07-11T07:43:37.204+0000][9][gc,age      ] GC(24) Age table with threshold 15 (max threshold 15)
[2022-07-11T07:43:37.204+0000][9][gc,age      ] GC(24) - age   1:     411656 bytes,     411656 total
[2022-07-11T07:43:37.204+0000][9][gc,age      ] GC(24) - age   2:      11056 bytes,     422712 total
[2022-07-11T07:43:37.204+0000][9][gc,age      ] GC(24) - age   3:      59640 bytes,     482352 total
[2022-07-11T07:43:37.204+0000][9][gc,age      ] GC(24) - age   4:     284880 bytes,     767232 total
[2022-07-11T07:43:37.204+0000][9][gc,age      ] GC(24) - age   5:      37456 bytes,     804688 total
[2022-07-11T07:43:37.204+0000][9][gc,age      ] GC(24) - age   6:     105360 bytes,     910048 total
[2022-07-11T07:43:37.204+0000][9][gc,age      ] GC(24) - age   7:    8049288 bytes,    8959336 total
[2022-07-11T07:43:37.204+0000][9][gc,age      ] GC(24) - age   8:    9189544 bytes,   18148880 total
[2022-07-11T07:43:37.204+0000][9][gc,heap     ] GC(24) Eden regions: 71->0(71)
[2022-07-11T07:43:37.204+0000][9][gc,heap     ] GC(24) Survivor regions: 5->5(10)
[2022-07-11T07:43:37.204+0000][9][gc,heap     ] GC(24) Old regions: 16->16
[2022-07-11T07:43:37.204+0000][9][gc,heap     ] GC(24) Archive regions: 2->2
[2022-07-11T07:43:37.204+0000][9][gc,heap     ] GC(24) Humongous regions: 0->0
[2022-07-11T07:43:37.204+0000][9][gc,metaspace] GC(24) Metaspace: 122583K(125696K)->122583K(125696K) NonClass: 106399K(108032K)->106399K(108032K) Class: 16184K(17664K)->16184K(17664K)
[2022-07-11T07:43:37.204+0000][9][gc          ] GC(24) Pause Young (Normal) (G1 Evacuation Pause) 371M->85M(512M) 14.825ms
[2022-07-11T07:43:37.204+0000][9][gc,cpu      ] GC(24) User=0.04s Sys=0.00s Real=0.02s
[2022-07-11T07:43:37.204+0000][9][safepoint   ] Safepoint "G1CollectForAllocation", Time since last: 1938582628 ns, Reaching safepoint: 109092 ns, At safepoint: 14914520 ns, Total: 15023612 ns
[2022-07-11T07:43:38.204+0000][9][safepoint   ] Safepoint "Cleanup", Time since last: 1000117931 ns, Reaching safepoint: 48680 ns, At safepoint: 8171 ns, Total: 56851 ns
[2022-07-11T07:43:39.204+0000][9][safepoint   ] Safepoint "Cleanup", Time since last: 1000139932 ns, Reaching safepoint: 50565 ns, At safepoint: 11873 ns, Total: 62438 ns
[2022-07-11T07:43:40.205+0000][9][safepoint   ] Safepoint "Cleanup", Time since last: 1000139792 ns, Reaching safepoint: 64742 ns, At safepoint: 9080 ns, Total: 73822 ns
[2022-07-11T07:43:41.205+0000][9][safepoint   ] Safepoint "Cleanup", Time since last: 1000139582 ns, Reaching safepoint: 58178 ns, At safepoint: 10965 ns, Total: 69143 ns
[2022-07-11T07:43:43.205+0000][9][safepoint   ] Safepoint "Cleanup", Time since last: 2000223991 ns, Reaching safepoint: 50565 ns, At safepoint: 10965 ns, Total: 61530 ns
[2022-07-11T07:43:45.205+0000][9][safepoint   ] Safepoint "Cleanup", Time since last: 2000216169 ns, Reaching safepoint: 62508 ns, At safepoint: 8521 ns, Total: 71029 ns
[2022-07-11T07:43:46.206+0000][9][safepoint   ] Safepoint "Cleanup", Time since last: 1000131761 ns, Reaching safepoint: 50914 ns, At safepoint: 8102 ns, Total: 59016 ns
[2022-07-11T07:43:58.207+0000][9][safepoint   ] Safepoint "Cleanup", Time since last: 12001030458 ns, Reaching safepoint: 49028 ns, At safepoint: 8661 ns, Total: 57689 ns
[2022-07-11T07:44:00.207+0000][9][safepoint   ] Safepoint "Cleanup", Time since last: 2000238113 ns, Reaching safepoint: 64813 ns, At safepoint: 8591 ns, Total: 73404 ns
[2022-07-11T07:44:03.207+0000][9][safepoint   ] Safepoint "Cleanup", Time since last: 3000293681 ns, Reaching safepoint: 56222 ns, At safepoint: 12083 ns, Total: 68305 ns
[2022-07-11T07:44:04.208+0000][9][safepoint   ] Safepoint "Cleanup", Time since last: 1000143918 ns, Reaching safepoint: 59644 ns, At safepoint: 9010 ns, Total: 68654 ns
[2022-07-11T07:44:09.208+0000][9][safepoint   ] Safepoint "Cleanup", Time since last: 5000449020 ns, Reaching safepoint: 91981 ns, At safepoint: 11105 ns, Total: 103086 ns
[2022-07-11T07:44:10.208+0000][9][safepoint   ] Safepoint "Cleanup", Time since last: 1000119820 ns, Reaching safepoint: 49657 ns, At safepoint: 6635 ns, Total: 56292 ns
[2022-07-11T07:44:18.209+0000][9][safepoint   ] Safepoint "Cleanup", Time since last: 8000680860 ns, Reaching safepoint: 54057 ns, At safepoint: 7752 ns, Total: 61809 ns
[2022-07-11T07:44:22.210+0000][9][safepoint   ] Safepoint "Cleanup", Time since last: 4000396572 ns, Reaching safepoint: 83461 ns, At safepoint: 14177 ns, Total: 97638 ns
[2022-07-11T07:44:24.210+0000][9][safepoint   ] Safepoint "Cleanup", Time since last: 2000245427 ns, Reaching safepoint: 62508 ns, At safepoint: 13758 ns, Total: 76266 ns
[2022-07-11T07:44:26.210+0000][9][safepoint   ] Safepoint "Cleanup", Time since last: 2000228314 ns, Reaching safepoint: 53428 ns, At safepoint: 10965 ns, Total: 64393 ns
[2022-07-11T07:44:28.211+0000][9][safepoint   ] Safepoint "Cleanup", Time since last: 2000238020 ns, Reaching safepoint: 82413 ns, At safepoint: 11035 ns, Total: 93448 ns
[2022-07-11T07:44:29.631+0000][9][safepoint   ] Safepoint "Cleanup", Time since last: 1420848814 ns, Reaching safepoint: 81155 ns, At safepoint: 8451 ns, Total: 89606 ns
[2022-07-11T07:44:33.632+0000][9][safepoint   ] Safepoint "Cleanup", Time since last: 4000370991 ns, Reaching safepoint: 68374 ns, At safepoint: 10756 ns, Total: 79130 ns
[2022-07-11T07:44:36.632+0000][9][safepoint   ] Safepoint "Cleanup", Time since last: 3000288261 ns, Reaching safepoint: 159378 ns, At safepoint: 18228 ns, Total: 177606 ns
[2022-07-11T07:44:39.633+0000][9][safepoint   ] Safepoint "Cleanup", Time since last: 3000323876 ns, Reaching safepoint: 63835 ns, At safepoint: 8591 ns, Total: 72426 ns
[2022-07-11T07:44:40.633+0000][9][safepoint   ] Safepoint "Cleanup", Time since last: 1000133287 ns, Reaching safepoint: 58387 ns, At safepoint: 8660 ns, Total: 67047 ns
[2022-07-11T07:44:42.633+0000][9][safepoint   ] Safepoint "Cleanup", Time since last: 2000210980 ns, Reaching safepoint: 51403 ns, At safepoint: 9847 ns, Total: 61250 ns
[2022-07-11T07:44:45.634+0000][9][safepoint   ] Safepoint "Cleanup", Time since last: 3000289647 ns, Reaching safepoint: 74521 ns, At safepoint: 10057 ns, Total: 84578 ns
[2022-07-11T07:44:51.634+0000][9][safepoint   ] Safepoint "Cleanup", Time since last: 6000535841 ns, Reaching safepoint: 81016 ns, At safepoint: 11105 ns, Total: 92121 ns
[2022-07-11T07:44:53.635+0000][9][safepoint   ] Safepoint "Cleanup", Time since last: 2000233459 ns, Reaching safepoint: 57828 ns, At safepoint: 8381 ns, Total: 66209 ns
[2022-07-11T07:44:57.635+0000][9][safepoint   ] Safepoint "Cleanup", Time since last: 4000383663 ns, Reaching safepoint: 64324 ns, At safepoint: 8032 ns, Total: 72356 ns
[2022-07-11T07:45:00.635+0000][9][safepoint   ] Safepoint "Cleanup", Time since last: 3000285647 ns, Reaching safepoint: 67257 ns, At safepoint: 8242 ns, Total: 75499 ns
[2022-07-11T07:45:03.636+0000][9][safepoint   ] Safepoint "Cleanup", Time since last: 3000318120 ns, Reaching safepoint: 66000 ns, At safepoint: 11733 ns, Total: 77733 ns
[2022-07-11T07:45:09.636+0000][9][safepoint   ] Safepoint "Cleanup", Time since last: 6000547882 ns, Reaching safepoint: 51961 ns, At safepoint: 8591 ns, Total: 60552 ns
[2022-07-11T07:45:10.639+0000][9][safepoint   ] Safepoint "Cleanup", Time since last: 1000135021 ns, Reaching safepoint: 2831503 ns, At safepoint: 24025 ns, Total: 2855528 ns
[2022-07-11T07:45:11.640+0000][9][safepoint   ] Safepoint "Cleanup", Time since last: 1000157370 ns, Reaching safepoint: 49518 ns, At safepoint: 7612 ns, Total: 57130 ns
[2022-07-11T07:45:15.641+0000][9][safepoint   ] Safepoint "Cleanup", Time since last: 4000397394 ns, Reaching safepoint: 1438659 ns, At safepoint: 24165 ns, Total: 1462824 ns
[2022-07-11T07:45:16.642+0000][9][safepoint   ] Safepoint "Cleanup", Time since last: 1000146194 ns, Reaching safepoint: 57689 ns, At safepoint: 7682 ns, Total: 65371 ns
[2022-07-11T07:45:21.249+0000][9][gc,start    ] GC(25) Pause Young (Normal) (G1 Evacuation Pause)
[2022-07-11T07:45:21.249+0000][9][gc,task     ] GC(25) Using 4 workers of 4 for evacuation
[2022-07-11T07:45:21.249+0000][9][gc,age      ] GC(25) Desired survivor size 20971520 bytes, new threshold 15 (max threshold 15)
[2022-07-11T07:45:21.264+0000][9][gc,phases   ] GC(25)   Pre Evacuate Collection Set: 0.1ms
[2022-07-11T07:45:21.264+0000][9][gc,phases   ] GC(25)   Merge Heap Roots: 0.1ms
[2022-07-11T07:45:21.264+0000][9][gc,phases   ] GC(25)   Evacuate Collection Set: 13.5ms
[2022-07-11T07:45:21.264+0000][9][gc,phases   ] GC(25)   Post Evacuate Collection Set: 1.6ms
[2022-07-11T07:45:21.264+0000][9][gc,phases   ] GC(25)   Other: 0.1ms
[2022-07-11T07:45:21.264+0000][9][gc,age      ] GC(25) Age table with threshold 15 (max threshold 15)
[2022-07-11T07:45:21.264+0000][9][gc,age      ] GC(25) - age   1:     509304 bytes,     509304 total
[2022-07-11T07:45:21.264+0000][9][gc,age      ] GC(25) - age   2:     104768 bytes,     614072 total
[2022-07-11T07:45:21.264+0000][9][gc,age      ] GC(25) - age   3:       9920 bytes,     623992 total
[2022-07-11T07:45:21.264+0000][9][gc,age      ] GC(25) - age   4:      59536 bytes,     683528 total
[2022-07-11T07:45:21.264+0000][9][gc,age      ] GC(25) - age   5:     284880 bytes,     968408 total
[2022-07-11T07:45:21.264+0000][9][gc,age      ] GC(25) - age   6:      37456 bytes,    1005864 total
[2022-07-11T07:45:21.264+0000][9][gc,age      ] GC(25) - age   7:     105360 bytes,    1111224 total
[2022-07-11T07:45:21.264+0000][9][gc,age      ] GC(25) - age   8:    8049288 bytes,    9160512 total
[2022-07-11T07:45:21.264+0000][9][gc,age      ] GC(25) - age   9:    9189296 bytes,   18349808 total
[2022-07-11T07:45:21.264+0000][9][gc,heap     ] GC(25) Eden regions: 71->0(71)
[2022-07-11T07:45:21.264+0000][9][gc,heap     ] GC(25) Survivor regions: 5->5(10)
[2022-07-11T07:45:21.264+0000][9][gc,heap     ] GC(25) Old regions: 16->16
[2022-07-11T07:45:21.264+0000][9][gc,heap     ] GC(25) Archive regions: 2->2
[2022-07-11T07:45:21.264+0000][9][gc,heap     ] GC(25) Humongous regions: 0->0
[2022-07-11T07:45:21.264+0000][9][gc,metaspace] GC(25) Metaspace: 122710K(125824K)->122710K(125824K) NonClass: 106526K(108160K)->106526K(108160K) Class: 16184K(17664K)->16184K(17664K)
[2022-07-11T07:45:21.264+0000][9][gc          ] GC(25) Pause Young (Normal) (G1 Evacuation Pause) 369M->86M(512M) 15.601ms
[2022-07-11T07:45:21.264+0000][9][gc,cpu      ] GC(25) User=0.02s Sys=0.01s Real=0.02s
[2022-07-11T07:45:21.264+0000][9][safepoint   ] Safepoint "G1CollectForAllocation", Time since last: 4606944968 ns, Reaching safepoint: 39669 ns, At safepoint: 15670276 ns, Total: 15709945 ns
[2022-07-11T07:45:28.265+0000][9][safepoint   ] Safepoint "Cleanup", Time since last: 7000562938 ns, Reaching safepoint: 53917 ns, At safepoint: 8521 ns, Total: 62438 ns
[2022-07-11T07:45:33.266+0000][9][safepoint   ] Safepoint "Cleanup", Time since last: 5000491803 ns, Reaching safepoint: 70889 ns, At safepoint: 7962 ns, Total: 78851 ns
[2022-07-11T07:45:34.266+0000][9][safepoint   ] Safepoint "Cleanup", Time since last: 1000120485 ns, Reaching safepoint: 60134 ns, At safepoint: 7543 ns, Total: 67677 ns
[2022-07-11T07:45:35.266+0000][9][safepoint   ] Safepoint "Cleanup", Time since last: 1000128656 ns, Reaching safepoint: 73263 ns, At safepoint: 21023 ns, Total: 94286 ns
[2022-07-11T07:45:39.266+0000][9][safepoint   ] Safepoint "Cleanup", Time since last: 4000355942 ns, Reaching safepoint: 38971 ns, At safepoint: 8172 ns, Total: 47143 ns
[2022-07-11T07:45:40.267+0000][9][safepoint   ] Safepoint "Cleanup", Time since last: 1000136337 ns, Reaching safepoint: 66977 ns, At safepoint: 8381 ns, Total: 75358 ns
[2022-07-11T07:45:45.273+0000][9][safepoint   ] Safepoint "Cleanup", Time since last: 5005818502 ns, Reaching safepoint: 282159 ns, At safepoint: 15714 ns, Total: 297873 ns
[2022-07-11T07:45:48.273+0000][9][safepoint   ] Safepoint "Cleanup", Time since last: 3000295092 ns, Reaching safepoint: 53708 ns, At safepoint: 8730 ns, Total: 62438 ns
[2022-07-11T07:45:51.273+0000][9][safepoint   ] Safepoint "Cleanup", Time since last: 3000316880 ns, Reaching safepoint: 79479 ns, At safepoint: 7683 ns, Total: 87162 ns
[2022-07-11T07:45:54.274+0000][9][safepoint   ] Safepoint "Cleanup", Time since last: 3000291175 ns, Reaching safepoint: 50984 ns, At safepoint: 8590 ns, Total: 59574 ns
[2022-07-11T07:45:57.274+0000][9][safepoint   ] Safepoint "Cleanup", Time since last: 3000308073 ns, Reaching safepoint: 81226 ns, At safepoint: 8520 ns, Total: 89746 ns
[2022-07-11T07:46:00.275+0000][9][safepoint   ] Safepoint "Cleanup", Time since last: 3000292007 ns, Reaching safepoint: 57340 ns, At safepoint: 8381 ns, Total: 65721 ns
[2022-07-11T07:46:03.275+0000][9][safepoint   ] Safepoint "Cleanup", Time since last: 3000310860 ns, Reaching safepoint: 84927 ns, At safepoint: 8660 ns, Total: 93587 ns
[2022-07-11T07:46:10.276+0000][9][safepoint   ] Safepoint "Cleanup", Time since last: 7000628972 ns, Reaching safepoint: 57619 ns, At safepoint: 8730 ns, Total: 66349 ns
[2022-07-11T07:46:11.276+0000][9][safepoint   ] Safepoint "Cleanup", Time since last: 1000135349 ns, Reaching safepoint: 82482 ns, At safepoint: 11035 ns, Total: 93517 ns
[2022-07-11T07:46:15.276+0000][9][safepoint   ] Safepoint "Cleanup", Time since last: 4000382501 ns, Reaching safepoint: 40438 ns, At safepoint: 7682 ns, Total: 48120 ns
[2022-07-11T07:46:16.276+0000][9][safepoint   ] Safepoint "Cleanup", Time since last: 1000131576 ns, Reaching safepoint: 57200 ns, At safepoint: 8660 ns, Total: 65860 ns
[2022-07-11T07:46:18.277+0000][9][safepoint   ] Safepoint "Cleanup", Time since last: 2000208533 ns, Reaching safepoint: 51054 ns, At safepoint: 9569 ns, Total: 60623 ns
[2022-07-11T07:46:26.278+0000][9][safepoint   ] Safepoint "Cleanup", Time since last: 8000698558 ns, Reaching safepoint: 50216 ns, At safepoint: 8660 ns, Total: 58876 ns
[2022-07-11T07:46:27.278+0000][9][safepoint   ] Safepoint "Cleanup", Time since last: 1000138556 ns, Reaching safepoint: 49727 ns, At safepoint: 9847 ns, Total: 59574 ns
[2022-07-11T07:46:28.278+0000][9][safepoint   ] Safepoint "Cleanup", Time since last: 1000145051 ns, Reaching safepoint: 62927 ns, At safepoint: 10965 ns, Total: 73892 ns
[2022-07-11T07:46:31.278+0000][9][safepoint   ] Safepoint "Cleanup", Time since last: 3000301264 ns, Reaching safepoint: 54965 ns, At safepoint: 9428 ns, Total: 64393 ns
[2022-07-11T07:46:39.279+0000][9][safepoint   ] Safepoint "Cleanup", Time since last: 8000734143 ns, Reaching safepoint: 54826 ns, At safepoint: 8590 ns, Total: 63416 ns
[2022-07-11T07:46:40.279+0000][9][safepoint   ] Safepoint "Cleanup", Time since last: 1000142672 ns, Reaching safepoint: 72845 ns, At safepoint: 9079 ns, Total: 81924 ns
[2022-07-11T07:46:43.280+0000][9][safepoint   ] Safepoint "Cleanup", Time since last: 3000308446 ns, Reaching safepoint: 91631 ns, At safepoint: 11384 ns, Total: 103015 ns
[2022-07-11T07:46:51.280+0000][9][safepoint   ] Safepoint "Cleanup", Time since last: 8000696328 ns, Reaching safepoint: 43512 ns, At safepoint: 8031 ns, Total: 51543 ns
[2022-07-11T07:46:52.281+0000][9][safepoint   ] Safepoint "Cleanup", Time since last: 1000140084 ns, Reaching safepoint: 61600 ns, At safepoint: 12991 ns, Total: 74591 ns
[2022-07-11T07:46:57.281+0000][9][safepoint   ] Safepoint "Cleanup", Time since last: 5000462117 ns, Reaching safepoint: 44000 ns, At safepoint: 9917 ns, Total: 53917 ns
[2022-07-11T07:46:58.281+0000][9][safepoint   ] Safepoint "Cleanup", Time since last: 1000133796 ns, Reaching safepoint: 66908 ns, At safepoint: 10057 ns, Total: 76965 ns
[2022-07-11T07:46:59.282+0000][9][safepoint   ] Safepoint "Cleanup", Time since last: 1000155308 ns, Reaching safepoint: 57130 ns, At safepoint: 8241 ns, Total: 65371 ns
[2022-07-11T07:47:00.282+0000][9][safepoint   ] Safepoint "Cleanup", Time since last: 1000138335 ns, Reaching safepoint: 58178 ns, At safepoint: 8032 ns, Total: 66210 ns
[2022-07-11T07:47:03.913+0000][9][gc,start    ] GC(26) Pause Young (Normal) (G1 Evacuation Pause)
[2022-07-11T07:47:03.913+0000][9][gc,task     ] GC(26) Using 4 workers of 4 for evacuation
[2022-07-11T07:47:03.913+0000][9][gc,age      ] GC(26) Desired survivor size 20971520 bytes, new threshold 15 (max threshold 15)
[2022-07-11T07:47:03.924+0000][9][gc,phases   ] GC(26)   Pre Evacuate Collection Set: 0.1ms
[2022-07-11T07:47:03.924+0000][9][gc,phases   ] GC(26)   Merge Heap Roots: 0.1ms
[2022-07-11T07:47:03.924+0000][9][gc,phases   ] GC(26)   Evacuate Collection Set: 9.3ms
[2022-07-11T07:47:03.924+0000][9][gc,phases   ] GC(26)   Post Evacuate Collection Set: 1.6ms
[2022-07-11T07:47:03.924+0000][9][gc,phases   ] GC(26)   Other: 0.1ms
[2022-07-11T07:47:03.924+0000][9][gc,age      ] GC(26) Age table with threshold 15 (max threshold 15)
[2022-07-11T07:47:03.924+0000][9][gc,age      ] GC(26) - age   1:     542144 bytes,     542144 total
[2022-07-11T07:47:03.924+0000][9][gc,age      ] GC(26) - age   2:       5088 bytes,     547232 total
[2022-07-11T07:47:03.924+0000][9][gc,age      ] GC(26) - age   3:     103832 bytes,     651064 total
[2022-07-11T07:47:03.924+0000][9][gc,age      ] GC(26) - age   4:       9832 bytes,     660896 total
[2022-07-11T07:47:03.924+0000][9][gc,age      ] GC(26) - age   5:      59536 bytes,     720432 total
[2022-07-11T07:47:03.925+0000][9][gc,age      ] GC(26) - age   6:     284880 bytes,    1005312 total
[2022-07-11T07:47:03.925+0000][9][gc,age      ] GC(26) - age   7:      37456 bytes,    1042768 total
[2022-07-11T07:47:03.925+0000][9][gc,age      ] GC(26) - age   8:     105360 bytes,    1148128 total
[2022-07-11T07:47:03.925+0000][9][gc,age      ] GC(26) - age   9:    8040856 bytes,    9188984 total
[2022-07-11T07:47:03.925+0000][9][gc,age      ] GC(26) - age  10:    9189296 bytes,   18378280 total
[2022-07-11T07:47:03.925+0000][9][gc,heap     ] GC(26) Eden regions: 71->0(71)
[2022-07-11T07:47:03.925+0000][9][gc,heap     ] GC(26) Survivor regions: 5->5(10)
[2022-07-11T07:47:03.925+0000][9][gc,heap     ] GC(26) Old regions: 16->16
[2022-07-11T07:47:03.925+0000][9][gc,heap     ] GC(26) Archive regions: 2->2
[2022-07-11T07:47:03.925+0000][9][gc,heap     ] GC(26) Humongous regions: 0->0
[2022-07-11T07:47:03.925+0000][9][gc,metaspace] GC(26) Metaspace: 122817K(125888K)->122817K(125888K) NonClass: 106633K(108224K)->106633K(108224K) Class: 16184K(17664K)->16184K(17664K)
[2022-07-11T07:47:03.925+0000][9][gc          ] GC(26) Pause Young (Normal) (G1 Evacuation Pause) 370M->87M(512M) 11.331ms
[2022-07-11T07:47:03.925+0000][9][gc,cpu      ] GC(26) User=0.04s Sys=0.00s Real=0.01s
[2022-07-11T07:47:03.925+0000][9][safepoint   ] Safepoint "G1CollectForAllocation", Time since last: 3631386040 ns, Reaching safepoint: 37575 ns, At safepoint: 11400951 ns, Total: 11438526 ns
[2022-07-11T07:47:09.925+0000][9][safepoint   ] Safepoint "Cleanup", Time since last: 6000526749 ns, Reaching safepoint: 62508 ns, At safepoint: 10336 ns, Total: 72844 ns
[2022-07-11T07:47:10.925+0000][9][safepoint   ] Safepoint "Cleanup", Time since last: 1000148879 ns, Reaching safepoint: 52380 ns, At safepoint: 11524 ns, Total: 63904 ns
[2022-07-11T07:47:12.926+0000][9][safepoint   ] Safepoint "Cleanup", Time since last: 2000239857 ns, Reaching safepoint: 90165 ns, At safepoint: 9988 ns, Total: 100153 ns
[2022-07-11T07:47:15.926+0000][9][safepoint   ] Safepoint "Cleanup", Time since last: 3000314351 ns, Reaching safepoint: 50216 ns, At safepoint: 8521 ns, Total: 58737 ns
[2022-07-11T07:47:17.926+0000][9][safepoint   ] Safepoint "Cleanup", Time since last: 2000228679 ns, Reaching safepoint: 49238 ns, At safepoint: 9429 ns, Total: 58667 ns
[2022-07-11T07:47:27.927+0000][9][safepoint   ] Safepoint "Cleanup", Time since last: 10000877075 ns, Reaching safepoint: 96800 ns, At safepoint: 14666 ns, Total: 111466 ns
[2022-07-11T07:47:33.928+0000][9][safepoint   ] Safepoint "Cleanup", Time since last: 6000541582 ns, Reaching safepoint: 56851 ns, At safepoint: 7962 ns, Total: 64813 ns
[2022-07-11T07:47:34.928+0000][9][safepoint   ] Safepoint "Cleanup", Time since last: 1000134483 ns, Reaching safepoint: 46864 ns, At safepoint: 8451 ns, Total: 55315 ns
[2022-07-11T07:47:39.929+0000][9][safepoint   ] Safepoint "Cleanup", Time since last: 5000453182 ns, Reaching safepoint: 60483 ns, At safepoint: 8241 ns, Total: 68724 ns
[2022-07-11T07:47:45.929+0000][9][safepoint   ] Safepoint "Cleanup", Time since last: 6000548964 ns, Reaching safepoint: 90794 ns, At safepoint: 8521 ns, Total: 99315 ns
[2022-07-11T07:47:52.930+0000][9][safepoint   ] Safepoint "Cleanup", Time since last: 7000732810 ns, Reaching safepoint: 62578 ns, At safepoint: 15714 ns, Total: 78292 ns
[2022-07-11T07:47:53.930+0000][9][safepoint   ] Safepoint "Cleanup", Time since last: 1000171494 ns, Reaching safepoint: 67886 ns, At safepoint: 10825 ns, Total: 78711 ns
[2022-07-11T07:47:57.931+0000][9][safepoint   ] Safepoint "Cleanup", Time since last: 4000450749 ns, Reaching safepoint: 56152 ns, At safepoint: 8730 ns, Total: 64882 ns
[2022-07-11T07:47:58.931+0000][9][safepoint   ] Safepoint "Cleanup", Time since last: 1000144814 ns, Reaching safepoint: 69142 ns, At safepoint: 8661 ns, Total: 77803 ns
[2022-07-11T07:48:00.932+0000][9][safepoint   ] Safepoint "Cleanup", Time since last: 2000229492 ns, Reaching safepoint: 66210 ns, At safepoint: 10895 ns, Total: 77105 ns
[2022-07-11T07:48:03.932+0000][9][safepoint   ] Safepoint "Cleanup", Time since last: 3000379751 ns, Reaching safepoint: 64394 ns, At safepoint: 8102 ns, Total: 72496 ns
[2022-07-11T07:48:09.933+0000][9][safepoint   ] Safepoint "Cleanup", Time since last: 6000552555 ns, Reaching safepoint: 69981 ns, At safepoint: 10965 ns, Total: 80946 ns
[2022-07-11T07:48:15.933+0000][9][safepoint   ] Safepoint "Cleanup", Time since last: 6000570216 ns, Reaching safepoint: 80317 ns, At safepoint: 14248 ns, Total: 94565 ns
[2022-07-11T07:48:16.934+0000][9][safepoint   ] Safepoint "Cleanup", Time since last: 1000156751 ns, Reaching safepoint: 56711 ns, At safepoint: 8521 ns, Total: 65232 ns
[2022-07-11T07:48:17.934+0000][9][safepoint   ] Safepoint "Cleanup", Time since last: 1000185037 ns, Reaching safepoint: 80666 ns, At safepoint: 14248 ns, Total: 94914 ns
[2022-07-11T07:48:30.935+0000][9][safepoint   ] Safepoint "Cleanup", Time since last: 13001191195 ns, Reaching safepoint: 63485 ns, At safepoint: 16762 ns, Total: 80247 ns
[2022-07-11T07:48:32.935+0000][9][safepoint   ] Safepoint "Cleanup", Time since last: 2000236111 ns, Reaching safepoint: 56431 ns, At safepoint: 9010 ns, Total: 65441 ns
[2022-07-11T07:48:33.936+0000][9][safepoint   ] Safepoint "Cleanup", Time since last: 1000145782 ns, Reaching safepoint: 66698 ns, At safepoint: 10546 ns, Total: 77244 ns
[2022-07-11T07:48:39.936+0000][9][safepoint   ] Safepoint "Cleanup", Time since last: 6000595600 ns, Reaching safepoint: 58667 ns, At safepoint: 9987 ns, Total: 68654 ns
[2022-07-11T07:48:40.936+0000][9][safepoint   ] Safepoint "Cleanup", Time since last: 1000137120 ns, Reaching safepoint: 64603 ns, At safepoint: 10476 ns, Total: 75079 ns
[2022-07-11T07:48:42.937+0000][9][safepoint   ] Safepoint "Cleanup", Time since last: 2000248956 ns, Reaching safepoint: 64184 ns, At safepoint: 10406 ns, Total: 74590 ns
[2022-07-11T07:48:48.301+0000][9][gc,start    ] GC(27) Pause Young (Normal) (G1 Evacuation Pause)
[2022-07-11T07:48:48.301+0000][9][gc,task     ] GC(27) Using 4 workers of 4 for evacuation
[2022-07-11T07:48:48.301+0000][9][gc,age      ] GC(27) Desired survivor size 20971520 bytes, new threshold 15 (max threshold 15)
[2022-07-11T07:48:48.319+0000][9][gc,phases   ] GC(27)   Pre Evacuate Collection Set: 0.1ms
[2022-07-11T07:48:48.319+0000][9][gc,phases   ] GC(27)   Merge Heap Roots: 0.1ms
[2022-07-11T07:48:48.319+0000][9][gc,phases   ] GC(27)   Evacuate Collection Set: 16.9ms
[2022-07-11T07:48:48.319+0000][9][gc,phases   ] GC(27)   Post Evacuate Collection Set: 1.5ms
[2022-07-11T07:48:48.320+0000][9][gc,phases   ] GC(27)   Other: 0.1ms
[2022-07-11T07:48:48.320+0000][9][gc,age      ] GC(27) Age table with threshold 15 (max threshold 15)
[2022-07-11T07:48:48.320+0000][9][gc,age      ] GC(27) - age   1:    1064512 bytes,    1064512 total
[2022-07-11T07:48:48.320+0000][9][gc,age      ] GC(27) - age   2:      17080 bytes,    1081592 total
[2022-07-11T07:48:48.320+0000][9][gc,age      ] GC(27) - age   3:       4296 bytes,    1085888 total
[2022-07-11T07:48:48.320+0000][9][gc,age      ] GC(27) - age   4:      97624 bytes,    1183512 total
[2022-07-11T07:48:48.320+0000][9][gc,age      ] GC(27) - age   5:       9832 bytes,    1193344 total
[2022-07-11T07:48:48.320+0000][9][gc,age      ] GC(27) - age   6:      59536 bytes,    1252880 total
[2022-07-11T07:48:48.320+0000][9][gc,age      ] GC(27) - age   7:     284880 bytes,    1537760 total
[2022-07-11T07:48:48.320+0000][9][gc,age      ] GC(27) - age   8:      37456 bytes,    1575216 total
[2022-07-11T07:48:48.320+0000][9][gc,age      ] GC(27) - age   9:     105360 bytes,    1680576 total
[2022-07-11T07:48:48.320+0000][9][gc,age      ] GC(27) - age  10:    8040856 bytes,    9721432 total
[2022-07-11T07:48:48.320+0000][9][gc,age      ] GC(27) - age  11:    9189088 bytes,   18910520 total
[2022-07-11T07:48:48.320+0000][9][gc,heap     ] GC(27) Eden regions: 71->0(71)
[2022-07-11T07:48:48.320+0000][9][gc,heap     ] GC(27) Survivor regions: 5->5(10)
[2022-07-11T07:48:48.320+0000][9][gc,heap     ] GC(27) Old regions: 16->16
[2022-07-11T07:48:48.320+0000][9][gc,heap     ] GC(27) Archive regions: 2->2
[2022-07-11T07:48:48.320+0000][9][gc,heap     ] GC(27) Humongous regions: 0->0
[2022-07-11T07:48:48.320+0000][9][gc,metaspace] GC(27) Metaspace: 122962K(126016K)->122962K(126016K) NonClass: 106776K(108352K)->106776K(108352K) Class: 16186K(17664K)->16186K(17664K)
[2022-07-11T07:48:48.320+0000][9][gc          ] GC(27) Pause Young (Normal) (G1 Evacuation Pause) 371M->87M(512M) 19.102ms
[2022-07-11T07:48:48.320+0000][9][gc,cpu      ] GC(27) User=0.06s Sys=0.00s Real=0.02s
[2022-07-11T07:48:48.320+0000][9][safepoint   ] Safepoint "G1CollectForAllocation", Time since last: 5363805957 ns, Reaching safepoint: 66629 ns, At safepoint: 19197117 ns, Total: 19263746 ns
[2022-07-11T07:48:49.320+0000][9][safepoint   ] Safepoint "Cleanup", Time since last: 1000129574 ns, Reaching safepoint: 63416 ns, At safepoint: 8660 ns, Total: 72076 ns
[2022-07-11T07:48:50.320+0000][9][safepoint   ] Safepoint "Cleanup", Time since last: 1000132997 ns, Reaching safepoint: 55035 ns, At safepoint: 10057 ns, Total: 65092 ns
[2022-07-11T07:48:51.320+0000][9][safepoint   ] Safepoint "Cleanup", Time since last: 1000134114 ns, Reaching safepoint: 65721 ns, At safepoint: 8590 ns, Total: 74311 ns
[2022-07-11T07:48:52.321+0000][9][safepoint   ] Safepoint "Cleanup", Time since last: 1000138514 ns, Reaching safepoint: 83879 ns, At safepoint: 12991 ns, Total: 96870 ns
[2022-07-11T07:48:54.321+0000][9][safepoint   ] Safepoint "Cleanup", Time since last: 2000252931 ns, Reaching safepoint: 64882 ns, At safepoint: 10896 ns, Total: 75778 ns
[2022-07-11T07:48:56.321+0000][9][safepoint   ] Safepoint "Cleanup", Time since last: 2000239590 ns, Reaching safepoint: 61530 ns, At safepoint: 13480 ns, Total: 75010 ns
[2022-07-11T07:48:57.322+0000][9][safepoint   ] Safepoint "Cleanup", Time since last: 1000149547 ns, Reaching safepoint: 64463 ns, At safepoint: 8172 ns, Total: 72635 ns
[2022-07-11T07:48:58.322+0000][9][safepoint   ] Safepoint "Cleanup", Time since last: 1000146614 ns, Reaching safepoint: 64882 ns, At safepoint: 10616 ns, Total: 75498 ns
[2022-07-11T07:48:59.322+0000][9][safepoint   ] Safepoint "Cleanup", Time since last: 1000158905 ns, Reaching safepoint: 56712 ns, At safepoint: 10057 ns, Total: 66769 ns
[2022-07-11T07:49:00.322+0000][9][safepoint   ] Safepoint "Cleanup", Time since last: 1000152270 ns, Reaching safepoint: 64603 ns, At safepoint: 9080 ns, Total: 73683 ns
[2022-07-11T07:49:03.323+0000][9][safepoint   ] Safepoint "Cleanup", Time since last: 3000321527 ns, Reaching safepoint: 64812 ns, At safepoint: 8032 ns, Total: 72844 ns
[2022-07-11T07:49:04.323+0000][9][safepoint   ] Safepoint "Cleanup", Time since last: 1000128593 ns, Reaching safepoint: 58807 ns, At safepoint: 8031 ns, Total: 66838 ns
[2022-07-11T07:49:09.323+0000][9][safepoint   ] Safepoint "Cleanup", Time since last: 5000463680 ns, Reaching safepoint: 54337 ns, At safepoint: 8521 ns, Total: 62858 ns
[2022-07-11T07:49:15.324+0000][9][safepoint   ] Safepoint "Cleanup", Time since last: 6000592194 ns, Reaching safepoint: 108464 ns, At safepoint: 10406 ns, Total: 118870 ns
[2022-07-11T07:49:21.325+0000][9][safepoint   ] Safepoint "Cleanup", Time since last: 6000572351 ns, Reaching safepoint: 49099 ns, At safepoint: 7962 ns, Total: 57061 ns
[2022-07-11T07:49:22.325+0000][9][safepoint   ] Safepoint "Cleanup", Time since last: 1000135712 ns, Reaching safepoint: 55803 ns, At safepoint: 9569 ns, Total: 65372 ns
[2022-07-11T07:49:24.325+0000][9][safepoint   ] Safepoint "Cleanup", Time since last: 2000218624 ns, Reaching safepoint: 54407 ns, At safepoint: 9987 ns, Total: 64394 ns
[2022-07-11T07:49:27.326+0000][9][safepoint   ] Safepoint "Cleanup", Time since last: 3000323884 ns, Reaching safepoint: 56223 ns, At safepoint: 11593 ns, Total: 67816 ns
[2022-07-11T07:49:28.326+0000][9][safepoint   ] Safepoint "Cleanup", Time since last: 1000156245 ns, Reaching safepoint: 60063 ns, At safepoint: 11524 ns, Total: 71587 ns
[2022-07-11T07:49:30.326+0000][9][safepoint   ] Safepoint "Cleanup", Time since last: 2000248444 ns, Reaching safepoint: 65372 ns, At safepoint: 10406 ns, Total: 75778 ns
[2022-07-11T07:49:39.327+0000][9][safepoint   ] Safepoint "Cleanup", Time since last: 9000834118 ns, Reaching safepoint: 80247 ns, At safepoint: 9359 ns, Total: 89606 ns
[2022-07-11T07:49:41.327+0000][9][safepoint   ] Safepoint "Cleanup", Time since last: 2000218268 ns, Reaching safepoint: 93028 ns, At safepoint: 13130 ns, Total: 106158 ns
[2022-07-11T07:49:45.328+0000][9][safepoint   ] Safepoint "Cleanup", Time since last: 4000338406 ns, Reaching safepoint: 56292 ns, At safepoint: 8590 ns, Total: 64882 ns
[2022-07-11T07:49:46.328+0000][9][safepoint   ] Safepoint "Cleanup", Time since last: 1000140457 ns, Reaching safepoint: 87720 ns, At safepoint: 16832 ns, Total: 104552 ns
[2022-07-11T07:49:48.328+0000][9][safepoint   ] Safepoint "Cleanup", Time since last: 2000224341 ns, Reaching safepoint: 76197 ns, At safepoint: 13409 ns, Total: 89606 ns
[2022-07-11T07:49:52.419+0000][9][safepoint   ] Safepoint "Cleanup", Time since last: 4090836208 ns, Reaching safepoint: 144083 ns, At safepoint: 15086 ns, Total: 159169 ns
[2022-07-11T07:49:57.420+0000][9][safepoint   ] Safepoint "Cleanup", Time since last: 5000473751 ns, Reaching safepoint: 53917 ns, At safepoint: 8940 ns, Total: 62857 ns
[2022-07-11T07:50:06.421+0000][9][safepoint   ] Safepoint "Cleanup", Time since last: 9000835949 ns, Reaching safepoint: 90514 ns, At safepoint: 15924 ns, Total: 106438 ns
[2022-07-11T07:50:09.421+0000][9][safepoint   ] Safepoint "Cleanup", Time since last: 3000326161 ns, Reaching safepoint: 66698 ns, At safepoint: 10406 ns, Total: 77104 ns
[2022-07-11T07:50:10.421+0000][9][safepoint   ] Safepoint "Cleanup", Time since last: 1000161893 ns, Reaching safepoint: 81644 ns, At safepoint: 13270 ns, Total: 94914 ns
[2022-07-11T07:50:13.422+0000][9][safepoint   ] Safepoint "Cleanup", Time since last: 3000320012 ns, Reaching safepoint: 77105 ns, At safepoint: 8451 ns, Total: 85556 ns
[2022-07-11T07:50:15.422+0000][9][safepoint   ] Safepoint "Cleanup", Time since last: 2000192690 ns, Reaching safepoint: 65302 ns, At safepoint: 10616 ns, Total: 75918 ns
[2022-07-11T07:50:21.423+0000][9][safepoint   ] Safepoint "Cleanup", Time since last: 6000576880 ns, Reaching safepoint: 72355 ns, At safepoint: 7613 ns, Total: 79968 ns
[2022-07-11T07:50:28.423+0000][9][safepoint   ] Safepoint "Cleanup", Time since last: 7000575682 ns, Reaching safepoint: 82831 ns, At safepoint: 8521 ns, Total: 91352 ns
[2022-07-11T07:50:33.244+0000][9][gc,start    ] GC(28) Pause Young (Normal) (G1 Evacuation Pause)
[2022-07-11T07:50:33.244+0000][9][gc,task     ] GC(28) Using 4 workers of 4 for evacuation
[2022-07-11T07:50:33.244+0000][9][gc,age      ] GC(28) Desired survivor size 20971520 bytes, new threshold 15 (max threshold 15)
[2022-07-11T07:50:33.255+0000][9][gc,phases   ] GC(28)   Pre Evacuate Collection Set: 0.1ms
[2022-07-11T07:50:33.255+0000][9][gc,phases   ] GC(28)   Merge Heap Roots: 0.1ms
[2022-07-11T07:50:33.255+0000][9][gc,phases   ] GC(28)   Evacuate Collection Set: 9.6ms
[2022-07-11T07:50:33.255+0000][9][gc,phases   ] GC(28)   Post Evacuate Collection Set: 1.1ms
[2022-07-11T07:50:33.255+0000][9][gc,phases   ] GC(28)   Other: 0.1ms
[2022-07-11T07:50:33.255+0000][9][gc,age      ] GC(28) Age table with threshold 15 (max threshold 15)
[2022-07-11T07:50:33.255+0000][9][gc,age      ] GC(28) - age   1:    1376264 bytes,    1376264 total
[2022-07-11T07:50:33.255+0000][9][gc,age      ] GC(28) - age   2:      15984 bytes,    1392248 total
[2022-07-11T07:50:33.255+0000][9][gc,age      ] GC(28) - age   3:       7952 bytes,    1400200 total
[2022-07-11T07:50:33.255+0000][9][gc,age      ] GC(28) - age   4:       4232 bytes,    1404432 total
[2022-07-11T07:50:33.255+0000][9][gc,age      ] GC(28) - age   5:      97624 bytes,    1502056 total
[2022-07-11T07:50:33.255+0000][9][gc,age      ] GC(28) - age   6:       9832 bytes,    1511888 total
[2022-07-11T07:50:33.255+0000][9][gc,age      ] GC(28) - age   7:      59536 bytes,    1571424 total
[2022-07-11T07:50:33.255+0000][9][gc,age      ] GC(28) - age   8:     284880 bytes,    1856304 total
[2022-07-11T07:50:33.255+0000][9][gc,age      ] GC(28) - age   9:      37456 bytes,    1893760 total
[2022-07-11T07:50:33.255+0000][9][gc,age      ] GC(28) - age  10:     105360 bytes,    1999120 total
[2022-07-11T07:50:33.255+0000][9][gc,age      ] GC(28) - age  11:    8040856 bytes,   10039976 total
[2022-07-11T07:50:33.255+0000][9][gc,age      ] GC(28) - age  12:    9189088 bytes,   19229064 total
[2022-07-11T07:50:33.255+0000][9][gc,heap     ] GC(28) Eden regions: 71->0(70)
[2022-07-11T07:50:33.255+0000][9][gc,heap     ] GC(28) Survivor regions: 5->6(10)
[2022-07-11T07:50:33.255+0000][9][gc,heap     ] GC(28) Old regions: 16->16
[2022-07-11T07:50:33.255+0000][9][gc,heap     ] GC(28) Archive regions: 2->2
[2022-07-11T07:50:33.255+0000][9][gc,heap     ] GC(28) Humongous regions: 0->0
[2022-07-11T07:50:33.255+0000][9][gc,metaspace] GC(28) Metaspace: 123033K(126144K)->123033K(126144K) NonClass: 106847K(108480K)->106847K(108480K) Class: 16186K(17664K)->16186K(17664K)
[2022-07-11T07:50:33.255+0000][9][gc          ] GC(28) Pause Young (Normal) (G1 Evacuation Pause) 371M->87M(512M) 11.212ms
[2022-07-11T07:50:33.255+0000][9][gc,cpu      ] GC(28) User=0.03s Sys=0.00s Real=0.01s
[2022-07-11T07:50:33.255+0000][9][safepoint   ] Safepoint "G1CollectForAllocation", Time since last: 4820427658 ns, Reaching safepoint: 55733 ns, At safepoint: 11276354 ns, Total: 11332087 ns
[2022-07-11T07:50:34.416+0000][9][safepoint   ] Safepoint "Cleanup", Time since last: 1160457334 ns, Reaching safepoint: 69073 ns, At safepoint: 11105 ns, Total: 80178 ns
[2022-07-11T07:50:35.416+0000][9][safepoint   ] Safepoint "Cleanup", Time since last: 1000162446 ns, Reaching safepoint: 59155 ns, At safepoint: 9569 ns, Total: 68724 ns
[2022-07-11T07:50:38.416+0000][9][safepoint   ] Safepoint "Cleanup", Time since last: 3000293526 ns, Reaching safepoint: 47423 ns, At safepoint: 8590 ns, Total: 56013 ns
[2022-07-11T07:50:45.446+0000][9][safepoint   ] Safepoint "Cleanup", Time since last: 7029564652 ns, Reaching safepoint: 80038 ns, At safepoint: 14388 ns, Total: 94426 ns
[2022-07-11T07:50:50.447+0000][9][safepoint   ] Safepoint "Cleanup", Time since last: 5000497302 ns, Reaching safepoint: 55523 ns, At safepoint: 7613 ns, Total: 63136 ns
[2022-07-11T07:50:51.447+0000][9][safepoint   ] Safepoint "Cleanup", Time since last: 1000160138 ns, Reaching safepoint: 82832 ns, At safepoint: 13758 ns, Total: 96590 ns
[2022-07-11T07:50:52.447+0000][9][safepoint   ] Safepoint "Cleanup", Time since last: 1000186748 ns, Reaching safepoint: 78780 ns, At safepoint: 14108 ns, Total: 92888 ns
[2022-07-11T07:50:54.447+0000][9][safepoint   ] Safepoint "Cleanup", Time since last: 2000256370 ns, Reaching safepoint: 51543 ns, At safepoint: 8451 ns, Total: 59994 ns
[2022-07-11T07:50:55.448+0000][9][safepoint   ] Safepoint "Cleanup", Time since last: 1000142747 ns, Reaching safepoint: 63415 ns, At safepoint: 9359 ns, Total: 72774 ns
[2022-07-11T07:50:57.448+0000][9][safepoint   ] Safepoint "Cleanup", Time since last: 2000225848 ns, Reaching safepoint: 75778 ns, At safepoint: 11035 ns, Total: 86813 ns
[2022-07-11T07:51:00.448+0000][9][safepoint   ] Safepoint "Cleanup", Time since last: 3000309228 ns, Reaching safepoint: 59086 ns, At safepoint: 9219 ns, Total: 68305 ns
[2022-07-11T07:51:04.449+0000][9][safepoint   ] Safepoint "Cleanup", Time since last: 4000388834 ns, Reaching safepoint: 91911 ns, At safepoint: 9289 ns, Total: 101200 ns
[2022-07-11T07:51:06.449+0000][9][safepoint   ] Safepoint "Cleanup", Time since last: 2000211877 ns, Reaching safepoint: 60133 ns, At safepoint: 9917 ns, Total: 70050 ns
[2022-07-11T07:51:09.450+0000][9][safepoint   ] Safepoint "Cleanup", Time since last: 3000315229 ns, Reaching safepoint: 88559 ns, At safepoint: 10127 ns, Total: 98686 ns
[2022-07-11T07:51:10.450+0000][9][safepoint   ] Safepoint "Cleanup", Time since last: 1000158039 ns, Reaching safepoint: 57270 ns, At safepoint: 11733 ns, Total: 69003 ns
[2022-07-11T07:51:11.450+0000][9][safepoint   ] Safepoint "Cleanup", Time since last: 1000155525 ns, Reaching safepoint: 71936 ns, At safepoint: 15365 ns, Total: 87301 ns
[2022-07-11T07:51:16.451+0000][9][safepoint   ] Safepoint "Cleanup", Time since last: 5000542324 ns, Reaching safepoint: 65861 ns, At safepoint: 12292 ns, Total: 78153 ns
[2022-07-11T07:51:21.451+0000][9][safepoint   ] Safepoint "Cleanup", Time since last: 5000522135 ns, Reaching safepoint: 45606 ns, At safepoint: 7543 ns, Total: 53149 ns
[2022-07-11T07:51:24.452+0000][9][safepoint   ] Safepoint "Cleanup", Time since last: 3000302580 ns, Reaching safepoint: 53638 ns, At safepoint: 10546 ns, Total: 64184 ns
[2022-07-11T07:51:27.452+0000][9][safepoint   ] Safepoint "Cleanup", Time since last: 3000321574 ns, Reaching safepoint: 85416 ns, At safepoint: 11943 ns, Total: 97359 ns
[2022-07-11T07:51:33.453+0000][9][safepoint   ] Safepoint "Cleanup", Time since last: 6000539430 ns, Reaching safepoint: 98127 ns, At safepoint: 13758 ns, Total: 111885 ns
[2022-07-11T07:51:35.453+0000][9][safepoint   ] Safepoint "Cleanup", Time since last: 2000215428 ns, Reaching safepoint: 68165 ns, At safepoint: 8730 ns, Total: 76895 ns
[2022-07-11T07:51:39.453+0000][9][safepoint   ] Safepoint "Cleanup", Time since last: 4000392091 ns, Reaching safepoint: 61670 ns, At safepoint: 12362 ns, Total: 74032 ns
[2022-07-11T07:51:45.454+0000][9][safepoint   ] Safepoint "Cleanup", Time since last: 6000566096 ns, Reaching safepoint: 48819 ns, At safepoint: 11314 ns, Total: 60133 ns
[2022-07-11T07:51:52.455+0000][9][safepoint   ] Safepoint "Cleanup", Time since last: 7000696464 ns, Reaching safepoint: 99873 ns, At safepoint: 11803 ns, Total: 111676 ns
[2022-07-11T07:51:54.455+0000][9][safepoint   ] Safepoint "Cleanup", Time since last: 2000224220 ns, Reaching safepoint: 50007 ns, At safepoint: 9568 ns, Total: 59575 ns
[2022-07-11T07:52:00.456+0000][9][safepoint   ] Safepoint "Cleanup", Time since last: 6000606309 ns, Reaching safepoint: 80597 ns, At safepoint: 13339 ns, Total: 93936 ns
[2022-07-11T07:52:03.456+0000][9][safepoint   ] Safepoint "Cleanup", Time since last: 3000318482 ns, Reaching safepoint: 52940 ns, At safepoint: 8940 ns, Total: 61880 ns
[2022-07-11T07:52:04.456+0000][9][safepoint   ] Safepoint "Cleanup", Time since last: 1000141826 ns, Reaching safepoint: 55174 ns, At safepoint: 11035 ns, Total: 66209 ns
[2022-07-11T07:52:09.191+0000][9][gc,start    ] GC(29) Pause Young (Normal) (G1 Evacuation Pause)
[2022-07-11T07:52:09.191+0000][9][gc,task     ] GC(29) Using 4 workers of 4 for evacuation
[2022-07-11T07:52:09.191+0000][9][gc,age      ] GC(29) Desired survivor size 20971520 bytes, new threshold 15 (max threshold 15)
[2022-07-11T07:52:09.203+0000][9][gc,phases   ] GC(29)   Pre Evacuate Collection Set: 0.1ms
[2022-07-11T07:52:09.203+0000][9][gc,phases   ] GC(29)   Merge Heap Roots: 0.1ms
[2022-07-11T07:52:09.203+0000][9][gc,phases   ] GC(29)   Evacuate Collection Set: 9.0ms
[2022-07-11T07:52:09.203+0000][9][gc,phases   ] GC(29)   Post Evacuate Collection Set: 2.4ms
[2022-07-11T07:52:09.203+0000][9][gc,phases   ] GC(29)   Other: 0.1ms
[2022-07-11T07:52:09.203+0000][9][gc,age      ] GC(29) Age table with threshold 15 (max threshold 15)
[2022-07-11T07:52:09.203+0000][9][gc,age      ] GC(29) - age   1:     554008 bytes,     554008 total
[2022-07-11T07:52:09.203+0000][9][gc,age      ] GC(29) - age   2:      14800 bytes,     568808 total
[2022-07-11T07:52:09.203+0000][9][gc,age      ] GC(29) - age   3:      14560 bytes,     583368 total
[2022-07-11T07:52:09.203+0000][9][gc,age      ] GC(29) - age   4:       7952 bytes,     591320 total
[2022-07-11T07:52:09.203+0000][9][gc,age      ] GC(29) - age   5:       4232 bytes,     595552 total
[2022-07-11T07:52:09.203+0000][9][gc,age      ] GC(29) - age   6:      81216 bytes,     676768 total
[2022-07-11T07:52:09.203+0000][9][gc,age      ] GC(29) - age   7:       9832 bytes,     686600 total
[2022-07-11T07:52:09.203+0000][9][gc,age      ] GC(29) - age   8:      59536 bytes,     746136 total
[2022-07-11T07:52:09.203+0000][9][gc,age      ] GC(29) - age   9:     284880 bytes,    1031016 total
[2022-07-11T07:52:09.203+0000][9][gc,age      ] GC(29) - age  10:      37456 bytes,    1068472 total
[2022-07-11T07:52:09.203+0000][9][gc,age      ] GC(29) - age  11:     105176 bytes,    1173648 total
[2022-07-11T07:52:09.203+0000][9][gc,age      ] GC(29) - age  12:    8040856 bytes,    9214504 total
[2022-07-11T07:52:09.203+0000][9][gc,age      ] GC(29) - age  13:    9189088 bytes,   18403592 total
[2022-07-11T07:52:09.203+0000][9][gc,heap     ] GC(29) Eden regions: 70->0(71)
[2022-07-11T07:52:09.203+0000][9][gc,heap     ] GC(29) Survivor regions: 6->5(10)
[2022-07-11T07:52:09.203+0000][9][gc,heap     ] GC(29) Old regions: 16->16
[2022-07-11T07:52:09.203+0000][9][gc,heap     ] GC(29) Archive regions: 2->2
[2022-07-11T07:52:09.203+0000][9][gc,heap     ] GC(29) Humongous regions: 0->0
[2022-07-11T07:52:09.203+0000][9][gc,metaspace] GC(29) Metaspace: 123098K(126208K)->123098K(126208K) NonClass: 106912K(108544K)->106912K(108544K) Class: 16186K(17664K)->16186K(17664K)
[2022-07-11T07:52:09.203+0000][9][gc          ] GC(29) Pause Young (Normal) (G1 Evacuation Pause) 367M->86M(512M) 11.964ms
[2022-07-11T07:52:09.203+0000][9][gc,cpu      ] GC(29) User=0.03s Sys=0.00s Real=0.01s
[2022-07-11T07:52:09.203+0000][9][safepoint   ] Safepoint "G1CollectForAllocation", Time since last: 4734900643 ns, Reaching safepoint: 37505 ns, At safepoint: 12030080 ns, Total: 12067585 ns
[2022-07-11T07:52:12.204+0000][9][safepoint   ] Safepoint "Cleanup", Time since last: 3000282230 ns, Reaching safepoint: 554330 ns, At safepoint: 9987 ns, Total: 564317 ns
[2022-07-11T07:52:13.204+0000][9][safepoint   ] Safepoint "Cleanup", Time since last: 1000137634 ns, Reaching safepoint: 45746 ns, At safepoint: 8451 ns, Total: 54197 ns
[2022-07-11T07:52:15.205+0000][9][safepoint   ] Safepoint "Cleanup", Time since last: 2000222258 ns, Reaching safepoint: 79339 ns, At safepoint: 9429 ns, Total: 88768 ns
[2022-07-11T07:52:18.205+0000][9][safepoint   ] Safepoint "Cleanup", Time since last: 3000313306 ns, Reaching safepoint: 87791 ns, At safepoint: 14806 ns, Total: 102597 ns
[2022-07-11T07:52:22.206+0000][9][safepoint   ] Safepoint "Cleanup", Time since last: 4000416017 ns, Reaching safepoint: 98266 ns, At safepoint: 10547 ns, Total: 108813 ns
[2022-07-11T07:52:28.206+0000][9][safepoint   ] Safepoint "Cleanup", Time since last: 6000547753 ns, Reaching safepoint: 57479 ns, At safepoint: 12432 ns, Total: 69911 ns
[2022-07-11T07:52:39.207+0000][9][safepoint   ] Safepoint "Cleanup", Time since last: 11001003676 ns, Reaching safepoint: 50844 ns, At safepoint: 8521 ns, Total: 59365 ns
[2022-07-11T07:52:40.208+0000][9][safepoint   ] Safepoint "Cleanup", Time since last: 1000165845 ns, Reaching safepoint: 76616 ns, At safepoint: 16413 ns, Total: 93029 ns
[2022-07-11T07:52:52.209+0000][9][safepoint   ] Safepoint "Cleanup", Time since last: 12001088343 ns, Reaching safepoint: 72285 ns, At safepoint: 7753 ns, Total: 80038 ns
[2022-07-11T07:52:54.209+0000][9][safepoint   ] Safepoint "Cleanup", Time since last: 2000198848 ns, Reaching safepoint: 55664 ns, At safepoint: 8730 ns, Total: 64394 ns
[2022-07-11T07:52:58.210+0000][9][safepoint   ] Safepoint "Cleanup", Time since last: 4000405936 ns, Reaching safepoint: 81784 ns, At safepoint: 14108 ns, Total: 95892 ns
[2022-07-11T07:53:00.210+0000][9][safepoint   ] Safepoint "Cleanup", Time since last: 2000244663 ns, Reaching safepoint: 56222 ns, At safepoint: 8381 ns, Total: 64603 ns
[2022-07-11T07:53:04.210+0000][9][safepoint   ] Safepoint "Cleanup", Time since last: 4000380022 ns, Reaching safepoint: 81085 ns, At safepoint: 13340 ns, Total: 94425 ns
[2022-07-11T07:53:06.211+0000][9][safepoint   ] Safepoint "Cleanup", Time since last: 2000249270 ns, Reaching safepoint: 52242 ns, At safepoint: 11523 ns, Total: 63765 ns
[2022-07-11T07:53:12.211+0000][9][safepoint   ] Safepoint "Cleanup", Time since last: 6000564893 ns, Reaching safepoint: 51753 ns, At safepoint: 8520 ns, Total: 60273 ns
[2022-07-11T07:53:16.212+0000][9][safepoint   ] Safepoint "Cleanup", Time since last: 4000403202 ns, Reaching safepoint: 62438 ns, At safepoint: 9079 ns, Total: 71517 ns
[2022-07-11T07:53:17.212+0000][9][safepoint   ] Safepoint "Cleanup", Time since last: 1000140977 ns, Reaching safepoint: 75149 ns, At safepoint: 8101 ns, Total: 83250 ns
[2022-07-11T07:53:21.212+0000][9][safepoint   ] Safepoint "Cleanup", Time since last: 4000427783 ns, Reaching safepoint: 103435 ns, At safepoint: 12013 ns, Total: 115448 ns
[2022-07-11T07:53:39.214+0000][9][safepoint   ] Safepoint "Cleanup", Time since last: 18001529867 ns, Reaching safepoint: 85765 ns, At safepoint: 8660 ns, Total: 94425 ns
[2022-07-11T07:53:40.214+0000][9][safepoint   ] Safepoint "Cleanup", Time since last: 1000118275 ns, Reaching safepoint: 123758 ns, At safepoint: 11105 ns, Total: 134863 ns
[2022-07-11T07:53:42.215+0000][9][safepoint   ] Safepoint "Cleanup", Time since last: 2000212453 ns, Reaching safepoint: 85905 ns, At safepoint: 21022 ns, Total: 106927 ns
[2022-07-11T07:53:46.215+0000][9][safepoint   ] Safepoint "Cleanup", Time since last: 4000415546 ns, Reaching safepoint: 110908 ns, At safepoint: 12432 ns, Total: 123340 ns
[2022-07-11T07:53:51.216+0000][9][safepoint   ] Safepoint "Cleanup", Time since last: 5000495125 ns, Reaching safepoint: 75428 ns, At safepoint: 9988 ns, Total: 85416 ns
[2022-07-11T07:53:51.322+0000][9][gc,start    ] GC(30) Pause Young (Normal) (G1 Evacuation Pause)
[2022-07-11T07:53:51.322+0000][9][gc,task     ] GC(30) Using 4 workers of 4 for evacuation
[2022-07-11T07:53:51.322+0000][9][gc,age      ] GC(30) Desired survivor size 20971520 bytes, new threshold 15 (max threshold 15)
[2022-07-11T07:53:51.334+0000][9][gc,phases   ] GC(30)   Pre Evacuate Collection Set: 0.1ms
[2022-07-11T07:53:51.334+0000][9][gc,phases   ] GC(30)   Merge Heap Roots: 0.1ms
[2022-07-11T07:53:51.334+0000][9][gc,phases   ] GC(30)   Evacuate Collection Set: 10.4ms
[2022-07-11T07:53:51.334+0000][9][gc,phases   ] GC(30)   Post Evacuate Collection Set: 1.3ms
[2022-07-11T07:53:51.334+0000][9][gc,phases   ] GC(30)   Other: 0.1ms
[2022-07-11T07:53:51.334+0000][9][gc,age      ] GC(30) Age table with threshold 15 (max threshold 15)
[2022-07-11T07:53:51.334+0000][9][gc,age      ] GC(30) - age   1:     626968 bytes,     626968 total
[2022-07-11T07:53:51.334+0000][9][gc,age      ] GC(30) - age   2:      11512 bytes,     638480 total
[2022-07-11T07:53:51.334+0000][9][gc,age      ] GC(30) - age   3:      12832 bytes,     651312 total
[2022-07-11T07:53:51.334+0000][9][gc,age      ] GC(30) - age   4:      14400 bytes,     665712 total
[2022-07-11T07:53:51.334+0000][9][gc,age      ] GC(30) - age   5:       7952 bytes,     673664 total
[2022-07-11T07:53:51.334+0000][9][gc,age      ] GC(30) - age   6:       4232 bytes,     677896 total
[2022-07-11T07:53:51.334+0000][9][gc,age      ] GC(30) - age   7:      79008 bytes,     756904 total
[2022-07-11T07:53:51.334+0000][9][gc,age      ] GC(30) - age   8:       9832 bytes,     766736 total
[2022-07-11T07:53:51.334+0000][9][gc,age      ] GC(30) - age   9:      59536 bytes,     826272 total
[2022-07-11T07:53:51.334+0000][9][gc,age      ] GC(30) - age  10:     284880 bytes,    1111152 total
[2022-07-11T07:53:51.334+0000][9][gc,age      ] GC(30) - age  11:      37456 bytes,    1148608 total
[2022-07-11T07:53:51.334+0000][9][gc,age      ] GC(30) - age  12:     105176 bytes,    1253784 total
[2022-07-11T07:53:51.334+0000][9][gc,age      ] GC(30) - age  13:    8040440 bytes,    9294224 total
[2022-07-11T07:53:51.334+0000][9][gc,age      ] GC(30) - age  14:    9188824 bytes,   18483048 total
[2022-07-11T07:53:51.334+0000][9][gc,heap     ] GC(30) Eden regions: 71->0(70)
[2022-07-11T07:53:51.334+0000][9][gc,heap     ] GC(30) Survivor regions: 5->6(10)
[2022-07-11T07:53:51.334+0000][9][gc,heap     ] GC(30) Old regions: 16->16
[2022-07-11T07:53:51.334+0000][9][gc,heap     ] GC(30) Archive regions: 2->2
[2022-07-11T07:53:51.334+0000][9][gc,heap     ] GC(30) Humongous regions: 0->0
[2022-07-11T07:53:51.334+0000][9][gc,metaspace] GC(30) Metaspace: 123162K(126272K)->123162K(126272K) NonClass: 106975K(108608K)->106975K(108608K) Class: 16186K(17664K)->16186K(17664K)
[2022-07-11T07:53:51.335+0000][9][gc          ] GC(30) Pause Young (Normal) (G1 Evacuation Pause) 370M->87M(512M) 12.280ms
[2022-07-11T07:53:51.335+0000][9][gc,cpu      ] GC(30) User=0.04s Sys=0.00s Real=0.02s
[2022-07-11T07:53:51.335+0000][9][safepoint   ] Safepoint "G1CollectForAllocation", Time since last: 106380536 ns, Reaching safepoint: 38273 ns, At safepoint: 12348486 ns, Total: 12386759 ns
[2022-07-11T07:53:53.335+0000][9][safepoint   ] Safepoint "Cleanup", Time since last: 2000203091 ns, Reaching safepoint: 224889 ns, At safepoint: 22209 ns, Total: 247098 ns
[2022-07-11T07:54:00.336+0000][9][safepoint   ] Safepoint "Cleanup", Time since last: 7000709175 ns, Reaching safepoint: 103155 ns, At safepoint: 13689 ns, Total: 116844 ns
[2022-07-11T07:54:04.336+0000][9][safepoint   ] Safepoint "Cleanup", Time since last: 4000370209 ns, Reaching safepoint: 60623 ns, At safepoint: 10895 ns, Total: 71518 ns
[2022-07-11T07:54:06.337+0000][9][safepoint   ] Safepoint "Cleanup", Time since last: 2000215729 ns, Reaching safepoint: 69073 ns, At safepoint: 17321 ns, Total: 86394 ns
[2022-07-11T07:54:10.337+0000][9][safepoint   ] Safepoint "Cleanup", Time since last: 4000397025 ns, Reaching safepoint: 52031 ns, At safepoint: 17670 ns, Total: 69701 ns
[2022-07-11T07:54:15.338+0000][9][safepoint   ] Safepoint "Cleanup", Time since last: 5000454880 ns, Reaching safepoint: 77803 ns, At safepoint: 9079 ns, Total: 86882 ns
[2022-07-11T07:54:20.338+0000][9][safepoint   ] Safepoint "Cleanup", Time since last: 5000501531 ns, Reaching safepoint: 97358 ns, At safepoint: 12502 ns, Total: 109860 ns
[2022-07-11T07:54:28.339+0000][9][safepoint   ] Safepoint "Cleanup", Time since last: 8000747169 ns, Reaching safepoint: 81435 ns, At safepoint: 8381 ns, Total: 89816 ns
[2022-07-11T07:54:31.339+0000][9][safepoint   ] Safepoint "Cleanup", Time since last: 3000304168 ns, Reaching safepoint: 84299 ns, At safepoint: 12571 ns, Total: 96870 ns
[2022-07-11T07:54:39.340+0000][9][safepoint   ] Safepoint "Cleanup", Time since last: 8000740593 ns, Reaching safepoint: 64324 ns, At safepoint: 10965 ns, Total: 75289 ns
[2022-07-11T07:54:40.340+0000][9][safepoint   ] Safepoint "Cleanup", Time since last: 1000141943 ns, Reaching safepoint: 67396 ns, At safepoint: 12292 ns, Total: 79688 ns
[2022-07-11T07:54:51.342+0000][9][safepoint   ] Safepoint "Cleanup", Time since last: 11000960377 ns, Reaching safepoint: 80457 ns, At safepoint: 9079 ns, Total: 89536 ns
[2022-07-11T07:55:00.342+0000][9][safepoint   ] Safepoint "Cleanup", Time since last: 9000812113 ns, Reaching safepoint: 97010 ns, At safepoint: 11384 ns, Total: 108394 ns
[2022-07-11T07:55:03.343+0000][9][safepoint   ] Safepoint "Cleanup", Time since last: 3000345362 ns, Reaching safepoint: 116425 ns, At safepoint: 22000 ns, Total: 138425 ns
[2022-07-11T07:55:04.343+0000][9][safepoint   ] Safepoint "Cleanup", Time since last: 1000153743 ns, Reaching safepoint: 70749 ns, At safepoint: 15645 ns, Total: 86394 ns
[2022-07-11T07:55:15.344+0000][9][safepoint   ] Safepoint "Cleanup", Time since last: 11000998268 ns, Reaching safepoint: 102317 ns, At safepoint: 10895 ns, Total: 113212 ns
[2022-07-11T07:55:22.345+0000][9][safepoint   ] Safepoint "Cleanup", Time since last: 7000655952 ns, Reaching safepoint: 86603 ns, At safepoint: 10966 ns, Total: 97569 ns
[2022-07-11T07:55:27.346+0000][9][safepoint   ] Safepoint "Cleanup", Time since last: 5000481933 ns, Reaching safepoint: 56851 ns, At safepoint: 7962 ns, Total: 64813 ns
[2022-07-11T07:55:33.290+0000][9][gc,start    ] GC(31) Pause Young (Normal) (G1 Evacuation Pause)
[2022-07-11T07:55:33.290+0000][9][gc,task     ] GC(31) Using 4 workers of 4 for evacuation
[2022-07-11T07:55:33.290+0000][9][gc,age      ] GC(31) Desired survivor size 20971520 bytes, new threshold 15 (max threshold 15)
[2022-07-11T07:55:33.306+0000][9][gc,phases   ] GC(31)   Pre Evacuate Collection Set: 0.1ms
[2022-07-11T07:55:33.306+0000][9][gc,phases   ] GC(31)   Merge Heap Roots: 0.1ms
[2022-07-11T07:55:33.306+0000][9][gc,phases   ] GC(31)   Evacuate Collection Set: 14.1ms
[2022-07-11T07:55:33.306+0000][9][gc,phases   ] GC(31)   Post Evacuate Collection Set: 1.6ms
[2022-07-11T07:55:33.306+0000][9][gc,phases   ] GC(31)   Other: 0.1ms
[2022-07-11T07:55:33.306+0000][9][gc,age      ] GC(31) Age table with threshold 15 (max threshold 15)
[2022-07-11T07:55:33.306+0000][9][gc,age      ] GC(31) - age   1:     627088 bytes,     627088 total
[2022-07-11T07:55:33.306+0000][9][gc,age      ] GC(31) - age   2:      23928 bytes,     651016 total
[2022-07-11T07:55:33.306+0000][9][gc,age      ] GC(31) - age   3:      10792 bytes,     661808 total
[2022-07-11T07:55:33.306+0000][9][gc,age      ] GC(31) - age   4:      12744 bytes,     674552 total
[2022-07-11T07:55:33.306+0000][9][gc,age      ] GC(31) - age   5:      14400 bytes,     688952 total
[2022-07-11T07:55:33.306+0000][9][gc,age      ] GC(31) - age   6:       7952 bytes,     696904 total
[2022-07-11T07:55:33.306+0000][9][gc,age      ] GC(31) - age   7:       4232 bytes,     701136 total
[2022-07-11T07:55:33.306+0000][9][gc,age      ] GC(31) - age   8:      79008 bytes,     780144 total
[2022-07-11T07:55:33.306+0000][9][gc,age      ] GC(31) - age   9:       9832 bytes,     789976 total
[2022-07-11T07:55:33.306+0000][9][gc,age      ] GC(31) - age  10:      59536 bytes,     849512 total
[2022-07-11T07:55:33.306+0000][9][gc,age      ] GC(31) - age  11:     284880 bytes,    1134392 total
[2022-07-11T07:55:33.306+0000][9][gc,age      ] GC(31) - age  12:      37456 bytes,    1171848 total
[2022-07-11T07:55:33.306+0000][9][gc,age      ] GC(31) - age  13:     105176 bytes,    1277024 total
[2022-07-11T07:55:33.306+0000][9][gc,age      ] GC(31) - age  14:    8040440 bytes,    9317464 total
[2022-07-11T07:55:33.306+0000][9][gc,age      ] GC(31) - age  15:    9188824 bytes,   18506288 total
[2022-07-11T07:55:33.306+0000][9][gc,heap     ] GC(31) Eden regions: 70->0(71)
[2022-07-11T07:55:33.306+0000][9][gc,heap     ] GC(31) Survivor regions: 6->5(10)
[2022-07-11T07:55:33.306+0000][9][gc,heap     ] GC(31) Old regions: 16->16
[2022-07-11T07:55:33.306+0000][9][gc,heap     ] GC(31) Archive regions: 2->2
[2022-07-11T07:55:33.306+0000][9][gc,heap     ] GC(31) Humongous regions: 0->0
[2022-07-11T07:55:33.306+0000][9][gc,metaspace] GC(31) Metaspace: 123225K(126336K)->123225K(126336K) NonClass: 107039K(108672K)->107039K(108672K) Class: 16186K(17664K)->16186K(17664K)
[2022-07-11T07:55:33.306+0000][9][gc          ] GC(31) Pause Young (Normal) (G1 Evacuation Pause) 367M->87M(512M) 16.260ms
[2022-07-11T07:55:33.306+0000][9][gc,cpu      ] GC(31) User=0.04s Sys=0.00s Real=0.02s
[2022-07-11T07:55:33.306+0000][9][safepoint   ] Safepoint "G1CollectForAllocation", Time since last: 5943951560 ns, Reaching safepoint: 74451 ns, At safepoint: 16339003 ns, Total: 16413454 ns
[2022-07-11T07:55:34.306+0000][9][safepoint   ] Safepoint "Cleanup", Time since last: 1000109181 ns, Reaching safepoint: 90584 ns, At safepoint: 10057 ns, Total: 100641 ns
[2022-07-11T07:55:39.307+0000][9][safepoint   ] Safepoint "Cleanup", Time since last: 5000523552 ns, Reaching safepoint: 91073 ns, At safepoint: 9568 ns, Total: 100641 ns
[2022-07-11T07:55:45.307+0000][9][safepoint   ] Safepoint "Cleanup", Time since last: 6000596830 ns, Reaching safepoint: 96102 ns, At safepoint: 8590 ns, Total: 104692 ns
[2022-07-11T07:55:52.308+0000][9][safepoint   ] Safepoint "Cleanup", Time since last: 7000612487 ns, Reaching safepoint: 56571 ns, At safepoint: 10826 ns, Total: 67397 ns
[2022-07-11T07:55:58.309+0000][9][safepoint   ] Safepoint "Cleanup", Time since last: 6000565951 ns, Reaching safepoint: 94845 ns, At safepoint: 9009 ns, Total: 103854 ns
[2022-07-11T07:56:00.309+0000][9][safepoint   ] Safepoint "Cleanup", Time since last: 2000222406 ns, Reaching safepoint: 95264 ns, At safepoint: 8171 ns, Total: 103435 ns
[2022-07-11T07:56:03.312+0000][9][safepoint   ] Safepoint "Cleanup", Time since last: 3002882185 ns, Reaching safepoint: 53777 ns, At safepoint: 9638 ns, Total: 63415 ns
[2022-07-11T07:56:04.312+0000][9][safepoint   ] Safepoint "Cleanup", Time since last: 1000149965 ns, Reaching safepoint: 64394 ns, At safepoint: 10615 ns, Total: 75009 ns
[2022-07-11T07:56:09.313+0000][9][safepoint   ] Safepoint "Cleanup", Time since last: 5000496647 ns, Reaching safepoint: 113701 ns, At safepoint: 14667 ns, Total: 128368 ns
[2022-07-11T07:56:10.313+0000][9][safepoint   ] Safepoint "Cleanup", Time since last: 1000146193 ns, Reaching safepoint: 95822 ns, At safepoint: 10406 ns, Total: 106228 ns
[2022-07-11T07:56:15.314+0000][9][safepoint   ] Safepoint "Cleanup", Time since last: 5000471012 ns, Reaching safepoint: 88698 ns, At safepoint: 8590 ns, Total: 97288 ns
[2022-07-11T07:56:21.314+0000][9][safepoint   ] Safepoint "Cleanup", Time since last: 6000557277 ns, Reaching safepoint: 45187 ns, At safepoint: 8591 ns, Total: 53778 ns
[2022-07-11T07:56:33.315+0000][9][safepoint   ] Safepoint "Cleanup", Time since last: 12001044770 ns, Reaching safepoint: 67816 ns, At safepoint: 8241 ns, Total: 76057 ns
[2022-07-11T07:56:42.316+0000][9][safepoint   ] Safepoint "Cleanup", Time since last: 9000748386 ns, Reaching safepoint: 119638 ns, At safepoint: 26190 ns, Total: 145828 ns
[2022-07-11T07:56:46.317+0000][9][safepoint   ] Safepoint "Cleanup", Time since last: 4000392064 ns, Reaching safepoint: 52450 ns, At safepoint: 11454 ns, Total: 63904 ns
[2022-07-11T07:56:51.317+0000][9][safepoint   ] Safepoint "Cleanup", Time since last: 5000496067 ns, Reaching safepoint: 91003 ns, At safepoint: 13270 ns, Total: 104273 ns
[2022-07-11T07:56:57.318+0000][9][safepoint   ] Safepoint "Cleanup", Time since last: 6000596435 ns, Reaching safepoint: 60273 ns, At safepoint: 9010 ns, Total: 69283 ns
[2022-07-11T07:57:00.318+0000][9][safepoint   ] Safepoint "Cleanup", Time since last: 3000309984 ns, Reaching safepoint: 60483 ns, At safepoint: 10406 ns, Total: 70889 ns
[2022-07-11T07:57:01.319+0000][9][safepoint   ] Safepoint "Cleanup", Time since last: 1000140949 ns, Reaching safepoint: 53708 ns, At safepoint: 8032 ns, Total: 61740 ns
[2022-07-11T07:57:03.319+0000][9][safepoint   ] Safepoint "Cleanup", Time since last: 2000227841 ns, Reaching safepoint: 64882 ns, At safepoint: 14108 ns, Total: 78990 ns
[2022-07-11T07:57:10.320+0000][9][safepoint   ] Safepoint "Cleanup", Time since last: 7000652241 ns, Reaching safepoint: 54197 ns, At safepoint: 11104 ns, Total: 65301 ns
[2022-07-11T07:57:12.320+0000][9][safepoint   ] Safepoint "Cleanup", Time since last: 2000201300 ns, Reaching safepoint: 58178 ns, At safepoint: 8101 ns, Total: 66279 ns
[2022-07-11T07:57:15.280+0000][9][gc,start    ] GC(32) Pause Young (Normal) (G1 Evacuation Pause)
[2022-07-11T07:57:15.280+0000][9][gc,task     ] GC(32) Using 4 workers of 4 for evacuation
[2022-07-11T07:57:15.280+0000][9][gc,age      ] GC(32) Desired survivor size 20971520 bytes, new threshold 15 (max threshold 15)
[2022-07-11T07:57:15.292+0000][9][gc,phases   ] GC(32)   Pre Evacuate Collection Set: 0.1ms
[2022-07-11T07:57:15.292+0000][9][gc,phases   ] GC(32)   Merge Heap Roots: 0.1ms
[2022-07-11T07:57:15.293+0000][9][gc,phases   ] GC(32)   Evacuate Collection Set: 11.2ms
[2022-07-11T07:57:15.293+0000][9][gc,phases   ] GC(32)   Post Evacuate Collection Set: 1.3ms
[2022-07-11T07:57:15.293+0000][9][gc,phases   ] GC(32)   Other: 0.1ms
[2022-07-11T07:57:15.293+0000][9][gc,age      ] GC(32) Age table with threshold 15 (max threshold 15)
[2022-07-11T07:57:15.293+0000][9][gc,age      ] GC(32) - age   1:    1137576 bytes,    1137576 total
[2022-07-11T07:57:15.293+0000][9][gc,age      ] GC(32) - age   2:       2728 bytes,    1140304 total
[2022-07-11T07:57:15.293+0000][9][gc,age      ] GC(32) - age   3:      22600 bytes,    1162904 total
[2022-07-11T07:57:15.293+0000][9][gc,age      ] GC(32) - age   4:      10792 bytes,    1173696 total
[2022-07-11T07:57:15.293+0000][9][gc,age      ] GC(32) - age   5:      12744 bytes,    1186440 total
[2022-07-11T07:57:15.293+0000][9][gc,age      ] GC(32) - age   6:      14400 bytes,    1200840 total
[2022-07-11T07:57:15.293+0000][9][gc,age      ] GC(32) - age   7:       7952 bytes,    1208792 total
[2022-07-11T07:57:15.293+0000][9][gc,age      ] GC(32) - age   8:       4232 bytes,    1213024 total
[2022-07-11T07:57:15.293+0000][9][gc,age      ] GC(32) - age   9:      78824 bytes,    1291848 total
[2022-07-11T07:57:15.293+0000][9][gc,age      ] GC(32) - age  10:       9832 bytes,    1301680 total
[2022-07-11T07:57:15.293+0000][9][gc,age      ] GC(32) - age  11:      59536 bytes,    1361216 total
[2022-07-11T07:57:15.293+0000][9][gc,age      ] GC(32) - age  12:     284880 bytes,    1646096 total
[2022-07-11T07:57:15.293+0000][9][gc,age      ] GC(32) - age  13:      37456 bytes,    1683552 total
[2022-07-11T07:57:15.293+0000][9][gc,age      ] GC(32) - age  14:     105176 bytes,    1788728 total
[2022-07-11T07:57:15.293+0000][9][gc,age      ] GC(32) - age  15:    8040440 bytes,    9829168 total
[2022-07-11T07:57:15.293+0000][9][gc,heap     ] GC(32) Eden regions: 71->0(73)
[2022-07-11T07:57:15.293+0000][9][gc,heap     ] GC(32) Survivor regions: 5->3(10)
[2022-07-11T07:57:15.293+0000][9][gc,heap     ] GC(32) Old regions: 16->19
[2022-07-11T07:57:15.293+0000][9][gc,heap     ] GC(32) Archive regions: 2->2
[2022-07-11T07:57:15.293+0000][9][gc,heap     ] GC(32) Humongous regions: 0->0
[2022-07-11T07:57:15.293+0000][9][gc,metaspace] GC(32) Metaspace: 123286K(126336K)->123286K(126336K) NonClass: 107100K(108672K)->107100K(108672K) Class: 16186K(17664K)->16186K(17664K)
[2022-07-11T07:57:15.293+0000][9][gc          ] GC(32) Pause Young (Normal) (G1 Evacuation Pause) 371M->88M(512M) 13.106ms
[2022-07-11T07:57:15.293+0000][9][gc,cpu      ] GC(32) User=0.03s Sys=0.00s Real=0.02s
[2022-07-11T07:57:15.293+0000][9][safepoint   ] Safepoint "G1CollectForAllocation", Time since last: 2959553301 ns, Reaching safepoint: 29333 ns, At safepoint: 13175546 ns, Total: 13204879 ns
[2022-07-11T07:57:16.293+0000][9][safepoint   ] Safepoint "Cleanup", Time since last: 1000111544 ns, Reaching safepoint: 80667 ns, At safepoint: 14248 ns, Total: 94915 ns
[2022-07-11T07:57:21.294+0000][9][safepoint   ] Safepoint "Cleanup", Time since last: 5000490464 ns, Reaching safepoint: 54267 ns, At safepoint: 9219 ns, Total: 63486 ns
[2022-07-11T07:57:22.294+0000][9][safepoint   ] Safepoint "Cleanup", Time since last: 1000134592 ns, Reaching safepoint: 94914 ns, At safepoint: 13689 ns, Total: 108603 ns
[2022-07-11T07:57:24.294+0000][9][safepoint   ] Safepoint "Cleanup", Time since last: 2000222459 ns, Reaching safepoint: 55733 ns, At safepoint: 10546 ns, Total: 66279 ns
[2022-07-11T07:57:27.296+0000][9][safepoint   ] Safepoint "Cleanup", Time since last: 3000302644 ns, Reaching safepoint: 1556342 ns, At safepoint: 14247 ns, Total: 1570589 ns
[2022-07-11T07:57:29.296+0000][9][safepoint   ] Safepoint "Cleanup", Time since last: 2000234122 ns, Reaching safepoint: 66838 ns, At safepoint: 10546 ns, Total: 77384 ns
[2022-07-11T07:57:36.297+0000][9][safepoint   ] Safepoint "Cleanup", Time since last: 7000632040 ns, Reaching safepoint: 57619 ns, At safepoint: 8660 ns, Total: 66279 ns
[2022-07-11T07:57:39.297+0000][9][safepoint   ] Safepoint "Cleanup", Time since last: 3000319333 ns, Reaching safepoint: 62927 ns, At safepoint: 10476 ns, Total: 73403 ns
[2022-07-11T07:57:40.298+0000][9][safepoint   ] Safepoint "Cleanup", Time since last: 1000144787 ns, Reaching safepoint: 58666 ns, At safepoint: 11943 ns, Total: 70609 ns
[2022-07-11T07:57:50.299+0000][9][safepoint   ] Safepoint "Cleanup", Time since last: 10000913648 ns, Reaching safepoint: 56641 ns, At safepoint: 8242 ns, Total: 64883 ns
[2022-07-11T07:57:57.299+0000][9][safepoint   ] Safepoint "Cleanup", Time since last: 7000639779 ns, Reaching safepoint: 93517 ns, At safepoint: 10406 ns, Total: 103923 ns
[2022-07-11T07:58:00.300+0000][9][safepoint   ] Safepoint "Cleanup", Time since last: 3000359905 ns, Reaching safepoint: 93727 ns, At safepoint: 15924 ns, Total: 109651 ns
[2022-07-11T07:58:01.300+0000][9][safepoint   ] Safepoint "Cleanup", Time since last: 1000186201 ns, Reaching safepoint: 81295 ns, At safepoint: 14806 ns, Total: 96101 ns
[2022-07-11T07:58:03.300+0000][9][safepoint   ] Safepoint "Cleanup", Time since last: 2000250668 ns, Reaching safepoint: 88140 ns, At safepoint: 10127 ns, Total: 98267 ns
[2022-07-11T07:58:04.301+0000][9][safepoint   ] Safepoint "Cleanup", Time since last: 1000169928 ns, Reaching safepoint: 100292 ns, At safepoint: 15225 ns, Total: 115517 ns
[2022-07-11T07:58:10.301+0000][9][safepoint   ] Safepoint "Cleanup", Time since last: 6000576421 ns, Reaching safepoint: 52381 ns, At safepoint: 10127 ns, Total: 62508 ns
[2022-07-11T07:58:18.302+0000][9][safepoint   ] Safepoint "Cleanup", Time since last: 8000792722 ns, Reaching safepoint: 72984 ns, At safepoint: 12781 ns, Total: 85765 ns
[2022-07-11T07:58:19.342+0000][9][safepoint   ] Safepoint "Cleanup", Time since last: 1040073426 ns, Reaching safepoint: 61949 ns, At safepoint: 9638 ns, Total: 71587 ns
[2022-07-11T07:58:20.343+0000][9][safepoint   ] Safepoint "Cleanup", Time since last: 1000133190 ns, Reaching safepoint: 64742 ns, At safepoint: 9150 ns, Total: 73892 ns
[2022-07-11T07:58:21.343+0000][9][safepoint   ] Safepoint "Cleanup", Time since last: 1000157424 ns, Reaching safepoint: 107416 ns, At safepoint: 17530 ns, Total: 124946 ns
[2022-07-11T07:58:42.345+0000][9][safepoint   ] Safepoint "Cleanup", Time since last: 21001893010 ns, Reaching safepoint: 81575 ns, At safepoint: 10476 ns, Total: 92051 ns
[2022-07-11T07:58:45.345+0000][9][safepoint   ] Safepoint "Cleanup", Time since last: 3000314147 ns, Reaching safepoint: 53289 ns, At safepoint: 8730 ns, Total: 62019 ns
[2022-07-11T07:58:48.196+0000][9][safepoint   ] Safepoint "Cleanup", Time since last: 2850873362 ns, Reaching safepoint: 37715 ns, At safepoint: 11244 ns, Total: 48959 ns
[2022-07-11T07:58:49.196+0000][9][safepoint   ] Safepoint "Cleanup", Time since last: 1000147365 ns, Reaching safepoint: 161683 ns, At safepoint: 16412 ns, Total: 178095 ns
[2022-07-11T07:58:52.197+0000][9][safepoint   ] Safepoint "Cleanup", Time since last: 3000325251 ns, Reaching safepoint: 71448 ns, At safepoint: 13270 ns, Total: 84718 ns
[2022-07-11T07:58:55.197+0000][9][safepoint   ] Safepoint "Cleanup", Time since last: 3000327624 ns, Reaching safepoint: 83321 ns, At safepoint: 9429 ns, Total: 92750 ns
[2022-07-11T07:58:57.302+0000][9][gc,start    ] GC(33) Pause Young (Normal) (G1 Evacuation Pause)
[2022-07-11T07:58:57.302+0000][9][gc,task     ] GC(33) Using 4 workers of 4 for evacuation
[2022-07-11T07:58:57.302+0000][9][gc,age      ] GC(33) Desired survivor size 20971520 bytes, new threshold 15 (max threshold 15)
[2022-07-11T07:58:57.316+0000][9][gc,phases   ] GC(33)   Pre Evacuate Collection Set: 0.1ms
[2022-07-11T07:58:57.316+0000][9][gc,phases   ] GC(33)   Merge Heap Roots: 0.1ms
[2022-07-11T07:58:57.316+0000][9][gc,phases   ] GC(33)   Evacuate Collection Set: 11.8ms
[2022-07-11T07:58:57.316+0000][9][gc,phases   ] GC(33)   Post Evacuate Collection Set: 1.6ms
[2022-07-11T07:58:57.316+0000][9][gc,phases   ] GC(33)   Other: 0.2ms
[2022-07-11T07:58:57.316+0000][9][gc,age      ] GC(33) Age table with threshold 15 (max threshold 15)
[2022-07-11T07:58:57.316+0000][9][gc,age      ] GC(33) - age   1:    1065824 bytes,    1065824 total
[2022-07-11T07:58:57.316+0000][9][gc,age      ] GC(33) - age   2:       7632 bytes,    1073456 total
[2022-07-11T07:58:57.316+0000][9][gc,age      ] GC(33) - age   3:       2064 bytes,    1075520 total
[2022-07-11T07:58:57.316+0000][9][gc,age      ] GC(33) - age   4:      22064 bytes,    1097584 total
[2022-07-11T07:58:57.316+0000][9][gc,age      ] GC(33) - age   5:      10792 bytes,    1108376 total
[2022-07-11T07:58:57.316+0000][9][gc,age      ] GC(33) - age   6:      12680 bytes,    1121056 total
[2022-07-11T07:58:57.316+0000][9][gc,age      ] GC(33) - age   7:      14400 bytes,    1135456 total
[2022-07-11T07:58:57.316+0000][9][gc,age      ] GC(33) - age   8:       7952 bytes,    1143408 total
[2022-07-11T07:58:57.316+0000][9][gc,age      ] GC(33) - age   9:       4232 bytes,    1147640 total
[2022-07-11T07:58:57.316+0000][9][gc,age      ] GC(33) - age  10:      78824 bytes,    1226464 total
[2022-07-11T07:58:57.316+0000][9][gc,age      ] GC(33) - age  11:       9800 bytes,    1236264 total
[2022-07-11T07:58:57.316+0000][9][gc,age      ] GC(33) - age  12:      59536 bytes,    1295800 total
[2022-07-11T07:58:57.316+0000][9][gc,age      ] GC(33) - age  13:     284880 bytes,    1580680 total
[2022-07-11T07:58:57.316+0000][9][gc,age      ] GC(33) - age  14:      37360 bytes,    1618040 total
[2022-07-11T07:58:57.316+0000][9][gc,age      ] GC(33) - age  15:     105176 bytes,    1723216 total
[2022-07-11T07:58:57.316+0000][9][gc,heap     ] GC(33) Eden regions: 73->0(75)
[2022-07-11T07:58:57.316+0000][9][gc,heap     ] GC(33) Survivor regions: 3->1(10)
[2022-07-11T07:58:57.316+0000][9][gc,heap     ] GC(33) Old regions: 19->21
[2022-07-11T07:58:57.316+0000][9][gc,heap     ] GC(33) Archive regions: 2->2
[2022-07-11T07:58:57.316+0000][9][gc,heap     ] GC(33) Humongous regions: 0->0
[2022-07-11T07:58:57.316+0000][9][gc,metaspace] GC(33) Metaspace: 123341K(126400K)->123341K(126400K) NonClass: 107154K(108736K)->107154K(108736K) Class: 16186K(17664K)->16186K(17664K)
[2022-07-11T07:58:57.316+0000][9][gc          ] GC(33) Pause Young (Normal) (G1 Evacuation Pause) 380M->86M(512M) 14.487ms
[2022-07-11T07:58:57.316+0000][9][gc,cpu      ] GC(33) User=0.04s Sys=0.01s Real=0.02s
[2022-07-11T07:58:57.316+0000][9][safepoint   ] Safepoint "G1CollectForAllocation", Time since last: 2104583098 ns, Reaching safepoint: 62508 ns, At safepoint: 14608198 ns, Total: 14670706 ns
[2022-07-11T07:58:58.317+0000][9][safepoint   ] Safepoint "Cleanup", Time since last: 1000133885 ns, Reaching safepoint: 62997 ns, At safepoint: 12991 ns, Total: 75988 ns
[2022-07-11T07:59:00.317+0000][9][safepoint   ] Safepoint "Cleanup", Time since last: 2000242627 ns, Reaching safepoint: 64393 ns, At safepoint: 10197 ns, Total: 74590 ns
[2022-07-11T07:59:10.318+0000][9][safepoint   ] Safepoint "Cleanup", Time since last: 10000939075 ns, Reaching safepoint: 64045 ns, At safepoint: 12431 ns, Total: 76476 ns
[2022-07-11T07:59:11.318+0000][9][safepoint   ] Safepoint "Cleanup", Time since last: 1000142335 ns, Reaching safepoint: 84508 ns, At safepoint: 14597 ns, Total: 99105 ns
[2022-07-11T07:59:24.320+0000][9][safepoint   ] Safepoint "Cleanup", Time since last: 13001172679 ns, Reaching safepoint: 53847 ns, At safepoint: 8870 ns, Total: 62717 ns
[2022-07-11T07:59:27.320+0000][9][safepoint   ] Safepoint "Cleanup", Time since last: 3000310157 ns, Reaching safepoint: 94565 ns, At safepoint: 8521 ns, Total: 103086 ns
[2022-07-11T07:59:33.321+0000][9][safepoint   ] Safepoint "Cleanup", Time since last: 6000535525 ns, Reaching safepoint: 57829 ns, At safepoint: 10266 ns, Total: 68095 ns
[2022-07-11T07:59:38.321+0000][9][safepoint   ] Safepoint "Cleanup", Time since last: 5000489990 ns, Reaching safepoint: 66349 ns, At safepoint: 11384 ns, Total: 77733 ns
[2022-07-11T07:59:40.321+0000][9][safepoint   ] Safepoint "Cleanup", Time since last: 2000251911 ns, Reaching safepoint: 65720 ns, At safepoint: 11454 ns, Total: 77174 ns
[2022-07-11T07:59:51.323+0000][9][safepoint   ] Safepoint "Cleanup", Time since last: 11001074534 ns, Reaching safepoint: 78292 ns, At safepoint: 10406 ns, Total: 88698 ns
[2022-07-11T07:59:58.323+0000][9][safepoint   ] Safepoint "Cleanup", Time since last: 7000646907 ns, Reaching safepoint: 63905 ns, At safepoint: 12013 ns, Total: 75918 ns
[2022-07-11T08:00:21.325+0000][9][safepoint   ] Safepoint "Cleanup", Time since last: 23002017863 ns, Reaching safepoint: 93448 ns, At safepoint: 21511 ns, Total: 114959 ns
[2022-07-11T08:00:46.040+0000][9][gc,start    ] GC(34) Pause Young (Normal) (G1 Evacuation Pause)
[2022-07-11T08:00:46.040+0000][9][gc,task     ] GC(34) Using 4 workers of 4 for evacuation
[2022-07-11T08:00:46.040+0000][9][gc,age      ] GC(34) Desired survivor size 20971520 bytes, new threshold 15 (max threshold 15)
[2022-07-11T08:00:46.046+0000][9][gc,phases   ] GC(34)   Pre Evacuate Collection Set: 0.1ms
[2022-07-11T08:00:46.046+0000][9][gc,phases   ] GC(34)   Merge Heap Roots: 0.1ms
[2022-07-11T08:00:46.046+0000][9][gc,phases   ] GC(34)   Evacuate Collection Set: 4.5ms
[2022-07-11T08:00:46.046+0000][9][gc,phases   ] GC(34)   Post Evacuate Collection Set: 1.0ms
[2022-07-11T08:00:46.046+0000][9][gc,phases   ] GC(34)   Other: 0.1ms
[2022-07-11T08:00:46.046+0000][9][gc,age      ] GC(34) Age table with threshold 15 (max threshold 15)
[2022-07-11T08:00:46.046+0000][9][gc,age      ] GC(34) - age   1:    1426112 bytes,    1426112 total
[2022-07-11T08:00:46.046+0000][9][gc,age      ] GC(34) - age   2:       5784 bytes,    1431896 total
[2022-07-11T08:00:46.046+0000][9][gc,age      ] GC(34) - age   3:       6584 bytes,    1438480 total
[2022-07-11T08:00:46.046+0000][9][gc,age      ] GC(34) - age   4:       1936 bytes,    1440416 total
[2022-07-11T08:00:46.046+0000][9][gc,age      ] GC(34) - age   5:      22064 bytes,    1462480 total
[2022-07-11T08:00:46.046+0000][9][gc,age      ] GC(34) - age   6:      10792 bytes,    1473272 total
[2022-07-11T08:00:46.046+0000][9][gc,age      ] GC(34) - age   7:      12680 bytes,    1485952 total
[2022-07-11T08:00:46.046+0000][9][gc,age      ] GC(34) - age   8:      14216 bytes,    1500168 total
[2022-07-11T08:00:46.046+0000][9][gc,age      ] GC(34) - age   9:       7952 bytes,    1508120 total
[2022-07-11T08:00:46.046+0000][9][gc,age      ] GC(34) - age  10:       4232 bytes,    1512352 total
[2022-07-11T08:00:46.046+0000][9][gc,age      ] GC(34) - age  11:      78824 bytes,    1591176 total
[2022-07-11T08:00:46.046+0000][9][gc,age      ] GC(34) - age  12:       9800 bytes,    1600976 total
[2022-07-11T08:00:46.046+0000][9][gc,age      ] GC(34) - age  13:      59536 bytes,    1660512 total
[2022-07-11T08:00:46.046+0000][9][gc,age      ] GC(34) - age  14:     284880 bytes,    1945392 total
[2022-07-11T08:00:46.046+0000][9][gc,age      ] GC(34) - age  15:      37360 bytes,    1982752 total
[2022-07-11T08:00:46.046+0000][9][gc,heap     ] GC(34) Eden regions: 75->0(75)
[2022-07-11T08:00:46.046+0000][9][gc,heap     ] GC(34) Survivor regions: 1->1(10)
[2022-07-11T08:00:46.046+0000][9][gc,heap     ] GC(34) Old regions: 21->21
[2022-07-11T08:00:46.046+0000][9][gc,heap     ] GC(34) Archive regions: 2->2
[2022-07-11T08:00:46.046+0000][9][gc,heap     ] GC(34) Humongous regions: 0->0
[2022-07-11T08:00:46.046+0000][9][gc,metaspace] GC(34) Metaspace: 123368K(126464K)->123368K(126464K) NonClass: 107181K(108800K)->107181K(108800K) Class: 16186K(17664K)->16186K(17664K)
[2022-07-11T08:00:46.046+0000][9][gc          ] GC(34) Pause Young (Normal) (G1 Evacuation Pause) 386M->87M(512M) 6.046ms
[2022-07-11T08:00:46.046+0000][9][gc,cpu      ] GC(34) User=0.01s Sys=0.00s Real=0.01s
[2022-07-11T08:00:46.046+0000][9][safepoint   ] Safepoint "G1CollectForAllocation", Time since last: 24714539710 ns, Reaching safepoint: 34292 ns, At safepoint: 6119977 ns, Total: 6154269 ns
[2022-07-11T08:00:52.047+0000][9][safepoint   ] Safepoint "Cleanup", Time since last: 6000581239 ns, Reaching safepoint: 72146 ns, At safepoint: 11315 ns, Total: 83461 ns
[2022-07-11T08:01:01.048+0000][9][safepoint   ] Safepoint "Cleanup", Time since last: 9000821395 ns, Reaching safepoint: 82413 ns, At safepoint: 10616 ns, Total: 93029 ns
[2022-07-11T08:01:28.052+0000][9][safepoint   ] Safepoint "Cleanup", Time since last: 27003961972 ns, Reaching safepoint: 123339 ns, At safepoint: 13480 ns, Total: 136819 ns
[2022-07-11T08:01:31.053+0000][9][safepoint   ] Safepoint "Cleanup", Time since last: 3000847771 ns, Reaching safepoint: 88209 ns, At safepoint: 12921 ns, Total: 101130 ns
[2022-07-11T08:01:40.055+0000][9][safepoint   ] Safepoint "Cleanup", Time since last: 9002036961 ns, Reaching safepoint: 91143 ns, At safepoint: 12990 ns, Total: 104133 ns
[2022-07-11T08:01:46.056+0000][9][safepoint   ] Safepoint "Cleanup", Time since last: 6000757012 ns, Reaching safepoint: 86044 ns, At safepoint: 13200 ns, Total: 99244 ns
[2022-07-11T08:01:52.057+0000][9][safepoint   ] Safepoint "Cleanup", Time since last: 6000687797 ns, Reaching safepoint: 93866 ns, At safepoint: 14318 ns, Total: 108184 ns
[2022-07-11T08:02:01.058+0000][9][safepoint   ] Safepoint "Cleanup", Time since last: 9001067345 ns, Reaching safepoint: 146038 ns, At safepoint: 29054 ns, Total: 175092 ns
[2022-07-11T08:02:13.059+0000][9][safepoint   ] Safepoint "Cleanup", Time since last: 12001388503 ns, Reaching safepoint: 129695 ns, At safepoint: 12990 ns, Total: 142685 ns
[2022-07-11T08:02:16.060+0000][9][safepoint   ] Safepoint "Cleanup", Time since last: 3000879961 ns, Reaching safepoint: 84996 ns, At safepoint: 13131 ns, Total: 98127 ns
[2022-07-11T08:02:22.061+0000][9][safepoint   ] Safepoint "Cleanup", Time since last: 6000715793 ns, Reaching safepoint: 133606 ns, At safepoint: 13270 ns, Total: 146876 ns
[2022-07-11T08:02:23.061+0000][9][safepoint   ] Safepoint "Cleanup", Time since last: 1000172285 ns, Reaching safepoint: 81295 ns, At safepoint: 13480 ns, Total: 94775 ns
[2022-07-11T08:02:28.062+0000][9][safepoint   ] Safepoint "Cleanup", Time since last: 5000658535 ns, Reaching safepoint: 138844 ns, At safepoint: 14667 ns, Total: 153511 ns
[2022-07-11T08:02:29.063+0000][9][safepoint   ] Safepoint "Cleanup", Time since last: 1000170678 ns, Reaching safepoint: 91981 ns, At safepoint: 19905 ns, Total: 111886 ns
[2022-07-11T08:02:31.063+0000][9][safepoint   ] Safepoint "Cleanup", Time since last: 2000321032 ns, Reaching safepoint: 94565 ns, At safepoint: 12921 ns, Total: 107486 ns
[2022-07-11T08:02:33.331+0000][9][gc,start    ] GC(35) Pause Young (Normal) (G1 Evacuation Pause)
[2022-07-11T08:02:33.331+0000][9][gc,task     ] GC(35) Using 4 workers of 4 for evacuation
[2022-07-11T08:02:33.331+0000][9][gc,age      ] GC(35) Desired survivor size 20971520 bytes, new threshold 15 (max threshold 15)
[2022-07-11T08:02:33.340+0000][9][gc,phases   ] GC(35)   Pre Evacuate Collection Set: 0.1ms
[2022-07-11T08:02:33.340+0000][9][gc,phases   ] GC(35)   Merge Heap Roots: 0.1ms
[2022-07-11T08:02:33.341+0000][9][gc,phases   ] GC(35)   Evacuate Collection Set: 7.4ms
[2022-07-11T08:02:33.341+0000][9][gc,phases   ] GC(35)   Post Evacuate Collection Set: 1.6ms
[2022-07-11T08:02:33.341+0000][9][gc,phases   ] GC(35)   Other: 0.2ms
[2022-07-11T08:02:33.341+0000][9][gc,age      ] GC(35) Age table with threshold 15 (max threshold 15)
[2022-07-11T08:02:33.341+0000][9][gc,age      ] GC(35) - age   1:    1707544 bytes,    1707544 total
[2022-07-11T08:02:33.341+0000][9][gc,age      ] GC(35) - age   2:       4608 bytes,    1712152 total
[2022-07-11T08:02:33.341+0000][9][gc,age      ] GC(35) - age   3:       4800 bytes,    1716952 total
[2022-07-11T08:02:33.341+0000][9][gc,age      ] GC(35) - age   4:       6304 bytes,    1723256 total
[2022-07-11T08:02:33.341+0000][9][gc,age      ] GC(35) - age   5:       1936 bytes,    1725192 total
[2022-07-11T08:02:33.341+0000][9][gc,age      ] GC(35) - age   6:       5784 bytes,    1730976 total
[2022-07-11T08:02:33.341+0000][9][gc,age      ] GC(35) - age   7:      10792 bytes,    1741768 total
[2022-07-11T08:02:33.341+0000][9][gc,age      ] GC(35) - age   8:       4664 bytes,    1746432 total
[2022-07-11T08:02:33.341+0000][9][gc,age      ] GC(35) - age   9:      14216 bytes,    1760648 total
[2022-07-11T08:02:33.341+0000][9][gc,age      ] GC(35) - age  10:       7952 bytes,    1768600 total
[2022-07-11T08:02:33.341+0000][9][gc,age      ] GC(35) - age  11:       4232 bytes,    1772832 total
[2022-07-11T08:02:33.341+0000][9][gc,age      ] GC(35) - age  12:      78824 bytes,    1851656 total
[2022-07-11T08:02:33.341+0000][9][gc,age      ] GC(35) - age  13:       9800 bytes,    1861456 total
[2022-07-11T08:02:33.341+0000][9][gc,age      ] GC(35) - age  14:      59536 bytes,    1920992 total
[2022-07-11T08:02:33.341+0000][9][gc,age      ] GC(35) - age  15:     284880 bytes,    2205872 total
[2022-07-11T08:02:33.341+0000][9][gc,heap     ] GC(35) Eden regions: 75->0(75)
[2022-07-11T08:02:33.341+0000][9][gc,heap     ] GC(35) Survivor regions: 1->1(10)
[2022-07-11T08:02:33.341+0000][9][gc,heap     ] GC(35) Old regions: 21->21
[2022-07-11T08:02:33.341+0000][9][gc,heap     ] GC(35) Archive regions: 2->2
[2022-07-11T08:02:33.341+0000][9][gc,heap     ] GC(35) Humongous regions: 0->0
[2022-07-11T08:02:33.341+0000][9][gc,metaspace] GC(35) Metaspace: 123392K(126464K)->123392K(126464K) NonClass: 107205K(108800K)->107205K(108800K) Class: 16186K(17664K)->16186K(17664K)
[2022-07-11T08:02:33.341+0000][9][gc          ] GC(35) Pause Young (Normal) (G1 Evacuation Pause) 387M->88M(512M) 9.990ms
[2022-07-11T08:02:33.341+0000][9][gc,cpu      ] GC(35) User=0.02s Sys=0.00s Real=0.01s
[2022-07-11T08:02:33.341+0000][9][safepoint   ] Safepoint "G1CollectForAllocation", Time since last: 2267869245 ns, Reaching safepoint: 71587 ns, At safepoint: 10109167 ns, Total: 10180754 ns
[2022-07-11T08:02:40.342+0000][9][safepoint   ] Safepoint "Cleanup", Time since last: 7000758447 ns, Reaching safepoint: 106787 ns, At safepoint: 29613 ns, Total: 136400 ns
[2022-07-11T08:02:52.344+0000][9][safepoint   ] Safepoint "Cleanup", Time since last: 12001771278 ns, Reaching safepoint: 94914 ns, At safepoint: 22000 ns, Total: 116914 ns
[2022-07-11T08:02:53.344+0000][9][safepoint   ] Safepoint "Cleanup", Time since last: 1000162645 ns, Reaching safepoint: 82832 ns, At safepoint: 10406 ns, Total: 93238 ns
[2022-07-11T08:02:58.345+0000][9][safepoint   ] Safepoint "Cleanup", Time since last: 5000795207 ns, Reaching safepoint: 81016 ns, At safepoint: 12432 ns, Total: 93448 ns
[2022-07-11T08:03:00.345+0000][9][safepoint   ] Safepoint "Cleanup", Time since last: 2000290649 ns, Reaching safepoint: 87999 ns, At safepoint: 20534 ns, Total: 108533 ns
[2022-07-11T08:03:10.347+0000][9][safepoint   ] Safepoint "Cleanup", Time since last: 10001607520 ns, Reaching safepoint: 132000 ns, At safepoint: 11594 ns, Total: 143594 ns
[2022-07-11T08:03:11.347+0000][9][safepoint   ] Safepoint "Cleanup", Time since last: 1000192955 ns, Reaching safepoint: 95892 ns, At safepoint: 13200 ns, Total: 109092 ns
[2022-07-11T08:03:15.348+0000][9][safepoint   ] Safepoint "Cleanup", Time since last: 4000716717 ns, Reaching safepoint: 74032 ns, At safepoint: 12292 ns, Total: 86324 ns
[2022-07-11T08:03:16.372+0000][9][safepoint   ] Safepoint "Cleanup", Time since last: 1023359007 ns, Reaching safepoint: 86044 ns, At safepoint: 13270 ns, Total: 99314 ns
[2022-07-11T08:03:43.375+0000][9][safepoint   ] Safepoint "Cleanup", Time since last: 27003390274 ns, Reaching safepoint: 135980 ns, At safepoint: 13899 ns, Total: 149879 ns
[2022-07-11T08:03:57.377+0000][9][safepoint   ] Safepoint "Cleanup", Time since last: 14002148141 ns, Reaching safepoint: 125365 ns, At safepoint: 12850 ns, Total: 138215 ns
[2022-07-11T08:04:00.379+0000][9][safepoint   ] Safepoint "Cleanup", Time since last: 3001078086 ns, Reaching safepoint: 102527 ns, At safepoint: 14387 ns, Total: 116914 ns
[2022-07-11T08:04:01.379+0000][9][safepoint   ] Safepoint "Cleanup", Time since last: 1000209017 ns, Reaching safepoint: 105111 ns, At safepoint: 13689 ns, Total: 118800 ns
[2022-07-11T08:04:03.380+0000][9][safepoint   ] Safepoint "Cleanup", Time since last: 2000793569 ns, Reaching safepoint: 79130 ns, At safepoint: 25213 ns, Total: 104343 ns
[2022-07-11T08:04:21.383+0000][9][safepoint   ] Safepoint "Cleanup", Time since last: 18003163755 ns, Reaching safepoint: 122991 ns, At safepoint: 12571 ns, Total: 135562 ns
[2022-07-11T08:04:21.427+0000][9][gc,start    ] GC(36) Pause Young (Normal) (G1 Evacuation Pause)
[2022-07-11T08:04:21.427+0000][9][gc,task     ] GC(36) Using 4 workers of 4 for evacuation
[2022-07-11T08:04:21.427+0000][9][gc,age      ] GC(36) Desired survivor size 20971520 bytes, new threshold 15 (max threshold 15)
[2022-07-11T08:04:21.432+0000][9][gc,phases   ] GC(36)   Pre Evacuate Collection Set: 0.1ms
[2022-07-11T08:04:21.432+0000][9][gc,phases   ] GC(36)   Merge Heap Roots: 0.1ms
[2022-07-11T08:04:21.432+0000][9][gc,phases   ] GC(36)   Evacuate Collection Set: 3.0ms
[2022-07-11T08:04:21.432+0000][9][gc,phases   ] GC(36)   Post Evacuate Collection Set: 1.5ms
[2022-07-11T08:04:21.432+0000][9][gc,phases   ] GC(36)   Other: 0.2ms
[2022-07-11T08:04:21.432+0000][9][gc,age      ] GC(36) Age table with threshold 15 (max threshold 15)
[2022-07-11T08:04:21.432+0000][9][gc,age      ] GC(36) - age   1:    1044744 bytes,    1044744 total
[2022-07-11T08:04:21.432+0000][9][gc,age      ] GC(36) - age   2:      18520 bytes,    1063264 total
[2022-07-11T08:04:21.432+0000][9][gc,age      ] GC(36) - age   3:       3208 bytes,    1066472 total
[2022-07-11T08:04:21.432+0000][9][gc,age      ] GC(36) - age   4:       4640 bytes,    1071112 total
[2022-07-11T08:04:21.432+0000][9][gc,age      ] GC(36) - age   5:       6120 bytes,    1077232 total
[2022-07-11T08:04:21.432+0000][9][gc,age      ] GC(36) - age   6:       1936 bytes,    1079168 total
[2022-07-11T08:04:21.432+0000][9][gc,age      ] GC(36) - age   7:       3600 bytes,    1082768 total
[2022-07-11T08:04:21.432+0000][9][gc,age      ] GC(36) - age   8:      10792 bytes,    1093560 total
[2022-07-11T08:04:21.432+0000][9][gc,age      ] GC(36) - age   9:       4664 bytes,    1098224 total
[2022-07-11T08:04:21.432+0000][9][gc,age      ] GC(36) - age  10:      13824 bytes,    1112048 total
[2022-07-11T08:04:21.432+0000][9][gc,age      ] GC(36) - age  11:       7952 bytes,    1120000 total
[2022-07-11T08:04:21.432+0000][9][gc,age      ] GC(36) - age  12:       4232 bytes,    1124232 total
[2022-07-11T08:04:21.432+0000][9][gc,age      ] GC(36) - age  13:      78824 bytes,    1203056 total
[2022-07-11T08:04:21.432+0000][9][gc,age      ] GC(36) - age  14:       9800 bytes,    1212856 total
[2022-07-11T08:04:21.432+0000][9][gc,age      ] GC(36) - age  15:      59536 bytes,    1272392 total
[2022-07-11T08:04:21.432+0000][9][gc,heap     ] GC(36) Eden regions: 75->0(75)
[2022-07-11T08:04:21.432+0000][9][gc,heap     ] GC(36) Survivor regions: 1->1(10)
[2022-07-11T08:04:21.432+0000][9][gc,heap     ] GC(36) Old regions: 21->21
[2022-07-11T08:04:21.432+0000][9][gc,heap     ] GC(36) Archive regions: 2->2
[2022-07-11T08:04:21.432+0000][9][gc,heap     ] GC(36) Humongous regions: 0->0
[2022-07-11T08:04:21.432+0000][9][gc,metaspace] GC(36) Metaspace: 123406K(126464K)->123406K(126464K) NonClass: 107220K(108800K)->107220K(108800K) Class: 16186K(17664K)->16186K(17664K)
[2022-07-11T08:04:21.432+0000][9][gc          ] GC(36) Pause Young (Normal) (G1 Evacuation Pause) 388M->87M(512M) 5.504ms
[2022-07-11T08:04:21.432+0000][9][gc,cpu      ] GC(36) User=0.01s Sys=0.00s Real=0.01s
[2022-07-11T08:04:21.432+0000][9][safepoint   ] Safepoint "G1CollectForAllocation", Time since last: 43427057 ns, Reaching safepoint: 62019 ns, At safepoint: 5620332 ns, Total: 5682351 ns
[2022-07-11T08:04:28.433+0000][9][safepoint   ] Safepoint "Cleanup", Time since last: 7000689340 ns, Reaching safepoint: 94914 ns, At safepoint: 22000 ns, Total: 116914 ns
[2022-07-11T08:04:33.434+0000][9][safepoint   ] Safepoint "Cleanup", Time since last: 5000570577 ns, Reaching safepoint: 89886 ns, At safepoint: 26190 ns, Total: 116076 ns
[2022-07-11T08:04:51.437+0000][9][safepoint   ] Safepoint "Cleanup", Time since last: 18002987035 ns, Reaching safepoint: 126483 ns, At safepoint: 11873 ns, Total: 138356 ns
[2022-07-11T08:04:52.437+0000][9][safepoint   ] Safepoint "Cleanup", Time since last: 1000210900 ns, Reaching safepoint: 118311 ns, At safepoint: 13759 ns, Total: 132070 ns
[2022-07-11T08:04:53.438+0000][9][safepoint   ] Safepoint "Cleanup", Time since last: 1000204685 ns, Reaching safepoint: 94704 ns, At safepoint: 27099 ns, Total: 121803 ns
[2022-07-11T08:04:57.438+0000][9][safepoint   ] Safepoint "Cleanup", Time since last: 4000448789 ns, Reaching safepoint: 55104 ns, At safepoint: 13340 ns, Total: 68444 ns
[2022-07-11T08:05:00.439+0000][9][safepoint   ] Safepoint "Cleanup", Time since last: 3000369329 ns, Reaching safepoint: 88769 ns, At safepoint: 12850 ns, Total: 101619 ns
[2022-07-11T08:05:04.439+0000][9][safepoint   ] Safepoint "Cleanup", Time since last: 4000521214 ns, Reaching safepoint: 94984 ns, At safepoint: 13270 ns, Total: 108254 ns
[2022-07-11T08:05:09.440+0000][9][safepoint   ] Safepoint "Cleanup", Time since last: 5000604722 ns, Reaching safepoint: 190317 ns, At safepoint: 13968 ns, Total: 204285 ns
[2022-07-11T08:05:22.443+0000][9][safepoint   ] Safepoint "Cleanup", Time since last: 13002658235 ns, Reaching safepoint: 80177 ns, At safepoint: 11315 ns, Total: 91492 ns
[2022-07-11T08:05:45.448+0000][9][safepoint   ] Safepoint "Cleanup", Time since last: 23005103431 ns, Reaching safepoint: 63346 ns, At safepoint: 8590 ns, Total: 71936 ns
[2022-07-11T08:05:51.449+0000][9][safepoint   ] Safepoint "Cleanup", Time since last: 6000846064 ns, Reaching safepoint: 87092 ns, At safepoint: 11384 ns, Total: 98476 ns
[2022-07-11T08:05:57.450+0000][9][safepoint   ] Safepoint "Cleanup", Time since last: 6000722583 ns, Reaching safepoint: 82343 ns, At safepoint: 12572 ns, Total: 94915 ns
[2022-07-11T08:06:00.450+0000][9][safepoint   ] Safepoint "Cleanup", Time since last: 3000446846 ns, Reaching safepoint: 87232 ns, At safepoint: 23397 ns, Total: 110629 ns
[2022-07-11T08:06:03.451+0000][9][safepoint   ] Safepoint "Cleanup", Time since last: 3000382662 ns, Reaching safepoint: 70889 ns, At safepoint: 10057 ns, Total: 80946 ns
[2022-07-11T08:06:10.014+0000][9][gc,start    ] GC(37) Pause Young (Normal) (G1 Evacuation Pause)
[2022-07-11T08:06:10.014+0000][9][gc,task     ] GC(37) Using 4 workers of 4 for evacuation
[2022-07-11T08:06:10.014+0000][9][gc,age      ] GC(37) Desired survivor size 20971520 bytes, new threshold 15 (max threshold 15)
[2022-07-11T08:06:10.020+0000][9][gc,phases   ] GC(37)   Pre Evacuate Collection Set: 0.2ms
[2022-07-11T08:06:10.020+0000][9][gc,phases   ] GC(37)   Merge Heap Roots: 0.1ms
[2022-07-11T08:06:10.020+0000][9][gc,phases   ] GC(37)   Evacuate Collection Set: 3.9ms
[2022-07-11T08:06:10.020+0000][9][gc,phases   ] GC(37)   Post Evacuate Collection Set: 1.2ms
[2022-07-11T08:06:10.020+0000][9][gc,phases   ] GC(37)   Other: 0.2ms
[2022-07-11T08:06:10.020+0000][9][gc,age      ] GC(37) Age table with threshold 15 (max threshold 15)
[2022-07-11T08:06:10.020+0000][9][gc,age      ] GC(37) - age   1:    1785152 bytes,    1785152 total
[2022-07-11T08:06:10.020+0000][9][gc,age      ] GC(37) - age   2:      24488 bytes,    1809640 total
[2022-07-11T08:06:10.020+0000][9][gc,age      ] GC(37) - age   3:       8912 bytes,    1818552 total
[2022-07-11T08:06:10.020+0000][9][gc,age      ] GC(37) - age   4:       2584 bytes,    1821136 total
[2022-07-11T08:06:10.020+0000][9][gc,age      ] GC(37) - age   5:       4456 bytes,    1825592 total
[2022-07-11T08:06:10.020+0000][9][gc,age      ] GC(37) - age   6:       6120 bytes,    1831712 total
[2022-07-11T08:06:10.020+0000][9][gc,age      ] GC(37) - age   7:       1936 bytes,    1833648 total
[2022-07-11T08:06:10.020+0000][9][gc,age      ] GC(37) - age   8:       3600 bytes,    1837248 total
[2022-07-11T08:06:10.020+0000][9][gc,age      ] GC(37) - age   9:      10792 bytes,    1848040 total
[2022-07-11T08:06:10.020+0000][9][gc,age      ] GC(37) - age  10:       4664 bytes,    1852704 total
[2022-07-11T08:06:10.020+0000][9][gc,age      ] GC(37) - age  11:      13824 bytes,    1866528 total
[2022-07-11T08:06:10.020+0000][9][gc,age      ] GC(37) - age  12:       7952 bytes,    1874480 total
[2022-07-11T08:06:10.020+0000][9][gc,age      ] GC(37) - age  13:       4232 bytes,    1878712 total
[2022-07-11T08:06:10.020+0000][9][gc,age      ] GC(37) - age  14:      78824 bytes,    1957536 total
[2022-07-11T08:06:10.020+0000][9][gc,age      ] GC(37) - age  15:       9800 bytes,    1967336 total
[2022-07-11T08:06:10.020+0000][9][gc,heap     ] GC(37) Eden regions: 75->0(75)
[2022-07-11T08:06:10.020+0000][9][gc,heap     ] GC(37) Survivor regions: 1->1(10)
[2022-07-11T08:06:10.020+0000][9][gc,heap     ] GC(37) Old regions: 21->21
[2022-07-11T08:06:10.020+0000][9][gc,heap     ] GC(37) Archive regions: 2->2
[2022-07-11T08:06:10.020+0000][9][gc,heap     ] GC(37) Humongous regions: 0->0
[2022-07-11T08:06:10.020+0000][9][gc,metaspace] GC(37) Metaspace: 123425K(126528K)->123425K(126528K) NonClass: 107238K(108864K)->107238K(108864K) Class: 16186K(17664K)->16186K(17664K)
[2022-07-11T08:06:10.020+0000][9][gc          ] GC(37) Pause Young (Normal) (G1 Evacuation Pause) 387M->88M(512M) 6.223ms
[2022-07-11T08:06:10.020+0000][9][gc,cpu      ] GC(37) User=0.02s Sys=0.01s Real=0.00s
[2022-07-11T08:06:10.020+0000][9][safepoint   ] Safepoint "G1CollectForAllocation", Time since last: 6563098002 ns, Reaching safepoint: 68165 ns, At safepoint: 6348287 ns, Total: 6416452 ns
[2022-07-11T08:06:11.020+0000][9][safepoint   ] Safepoint "Cleanup", Time since last: 1000134212 ns, Reaching safepoint: 75778 ns, At safepoint: 13270 ns, Total: 89048 ns
[2022-07-11T08:06:16.021+0000][9][safepoint   ] Safepoint "Cleanup", Time since last: 5000680349 ns, Reaching safepoint: 155885 ns, At safepoint: 16203 ns, Total: 172088 ns
[2022-07-11T08:06:29.024+0000][9][safepoint   ] Safepoint "Cleanup", Time since last: 13002438904 ns, Reaching safepoint: 112723 ns, At safepoint: 29543 ns, Total: 142266 ns
[2022-07-11T08:06:31.025+0000][9][safepoint   ] Safepoint "Cleanup", Time since last: 2000677972 ns, Reaching safepoint: 89117 ns, At safepoint: 11943 ns, Total: 101060 ns
[2022-07-11T08:06:40.026+0000][9][safepoint   ] Safepoint "Cleanup", Time since last: 9001094549 ns, Reaching safepoint: 120616 ns, At safepoint: 23327 ns, Total: 143943 ns
[2022-07-11T08:06:43.027+0000][9][safepoint   ] Safepoint "Cleanup", Time since last: 3001258956 ns, Reaching safepoint: 96870 ns, At safepoint: 13270 ns, Total: 110140 ns
[2022-07-11T08:06:52.029+0000][9][safepoint   ] Safepoint "Cleanup", Time since last: 9001579243 ns, Reaching safepoint: 132000 ns, At safepoint: 12781 ns, Total: 144781 ns
[2022-07-11T08:06:58.031+0000][9][safepoint   ] Safepoint "Cleanup", Time since last: 6001389067 ns, Reaching safepoint: 94984 ns, At safepoint: 21790 ns, Total: 116774 ns
[2022-07-11T08:07:01.031+0000][9][safepoint   ] Safepoint "Cleanup", Time since last: 3000893126 ns, Reaching safepoint: 78711 ns, At safepoint: 12712 ns, Total: 91423 ns
[2022-07-11T08:07:10.033+0000][9][safepoint   ] Safepoint "Cleanup", Time since last: 9001345410 ns, Reaching safepoint: 151136 ns, At safepoint: 18648 ns, Total: 169784 ns
[2022-07-11T08:07:23.036+0000][9][safepoint   ] Safepoint "Cleanup", Time since last: 13002467377 ns, Reaching safepoint: 127949 ns, At safepoint: 12432 ns, Total: 140381 ns
[2022-07-11T08:07:31.037+0000][9][safepoint   ] Safepoint "Cleanup", Time since last: 8001430077 ns, Reaching safepoint: 132629 ns, At safepoint: 23257 ns, Total: 155886 ns
[2022-07-11T08:07:34.038+0000][9][safepoint   ] Safepoint "Cleanup", Time since last: 3001122971 ns, Reaching safepoint: 121523 ns, At safepoint: 10616 ns, Total: 132139 ns
[2022-07-11T08:07:40.040+0000][9][safepoint   ] Safepoint "Cleanup", Time since last: 6001266977 ns, Reaching safepoint: 104552 ns, At safepoint: 13759 ns, Total: 118311 ns
[2022-07-11T08:07:46.041+0000][9][safepoint   ] Safepoint "Cleanup", Time since last: 6000749941 ns, Reaching safepoint: 92540 ns, At safepoint: 13200 ns, Total: 105740 ns
[2022-07-11T08:07:53.042+0000][9][safepoint   ] Safepoint "Cleanup", Time since last: 7001469559 ns, Reaching safepoint: 114539 ns, At safepoint: 22629 ns, Total: 137168 ns
[2022-07-11T08:08:01.044+0000][9][safepoint   ] Safepoint "Cleanup", Time since last: 8001981607 ns, Reaching safepoint: 132837 ns, At safepoint: 13131 ns, Total: 145968 ns
[2022-07-11T08:08:03.235+0000][9][gc,start    ] GC(38) Pause Young (Normal) (G1 Evacuation Pause)
[2022-07-11T08:08:03.235+0000][9][gc,task     ] GC(38) Using 4 workers of 4 for evacuation
[2022-07-11T08:08:03.235+0000][9][gc,age      ] GC(38) Desired survivor size 20971520 bytes, new threshold 15 (max threshold 15)
[2022-07-11T08:08:03.239+0000][9][gc,phases   ] GC(38)   Pre Evacuate Collection Set: 0.1ms
[2022-07-11T08:08:03.239+0000][9][gc,phases   ] GC(38)   Merge Heap Roots: 0.1ms
[2022-07-11T08:08:03.239+0000][9][gc,phases   ] GC(38)   Evacuate Collection Set: 2.7ms
[2022-07-11T08:08:03.239+0000][9][gc,phases   ] GC(38)   Post Evacuate Collection Set: 1.3ms
[2022-07-11T08:08:03.239+0000][9][gc,phases   ] GC(38)   Other: 0.2ms
[2022-07-11T08:08:03.239+0000][9][gc,age      ] GC(38) Age table with threshold 15 (max threshold 15)
[2022-07-11T08:08:03.239+0000][9][gc,age      ] GC(38) - age   1:     634112 bytes,     634112 total
[2022-07-11T08:08:03.239+0000][9][gc,age      ] GC(38) - age   2:      11216 bytes,     645328 total
[2022-07-11T08:08:03.239+0000][9][gc,age      ] GC(38) - age   3:      22848 bytes,     668176 total
[2022-07-11T08:08:03.240+0000][9][gc,age      ] GC(38) - age   4:       8624 bytes,     676800 total
[2022-07-11T08:08:03.240+0000][9][gc,age      ] GC(38) - age   5:       2584 bytes,     679384 total
[2022-07-11T08:08:03.240+0000][9][gc,age      ] GC(38) - age   6:       4424 bytes,     683808 total
[2022-07-11T08:08:03.240+0000][9][gc,age      ] GC(38) - age   7:       6120 bytes,     689928 total
[2022-07-11T08:08:03.240+0000][9][gc,age      ] GC(38) - age   8:       1936 bytes,     691864 total
[2022-07-11T08:08:03.240+0000][9][gc,age      ] GC(38) - age   9:       3600 bytes,     695464 total
[2022-07-11T08:08:03.240+0000][9][gc,age      ] GC(38) - age  10:      10792 bytes,     706256 total
[2022-07-11T08:08:03.240+0000][9][gc,age      ] GC(38) - age  11:       4664 bytes,     710920 total
[2022-07-11T08:08:03.240+0000][9][gc,age      ] GC(38) - age  12:      13824 bytes,     724744 total
[2022-07-11T08:08:03.240+0000][9][gc,age      ] GC(38) - age  13:       7952 bytes,     732696 total
[2022-07-11T08:08:03.240+0000][9][gc,age      ] GC(38) - age  14:       4232 bytes,     736928 total
[2022-07-11T08:08:03.240+0000][9][gc,age      ] GC(38) - age  15:      78824 bytes,     815752 total
[2022-07-11T08:08:03.240+0000][9][gc,heap     ] GC(38) Eden regions: 75->0(75)
[2022-07-11T08:08:03.240+0000][9][gc,heap     ] GC(38) Survivor regions: 1->1(10)
[2022-07-11T08:08:03.240+0000][9][gc,heap     ] GC(38) Old regions: 21->21
[2022-07-11T08:08:03.240+0000][9][gc,heap     ] GC(38) Archive regions: 2->2
[2022-07-11T08:08:03.240+0000][9][gc,heap     ] GC(38) Humongous regions: 0->0
[2022-07-11T08:08:03.240+0000][9][gc,metaspace] GC(38) Metaspace: 123450K(126528K)->123450K(126528K) NonClass: 107263K(108864K)->107263K(108864K) Class: 16186K(17664K)->16186K(17664K)
[2022-07-11T08:08:03.240+0000][9][gc          ] GC(38) Pause Young (Normal) (G1 Evacuation Pause) 388M->87M(512M) 4.846ms
[2022-07-11T08:08:03.240+0000][9][gc,cpu      ] GC(38) User=0.01s Sys=0.00s Real=0.00s
[2022-07-11T08:08:03.240+0000][9][safepoint   ] Safepoint "G1CollectForAllocation", Time since last: 2190388632 ns, Reaching safepoint: 76546 ns, At safepoint: 4961799 ns, Total: 5038345 ns
[2022-07-11T08:08:04.240+0000][9][safepoint   ] Safepoint "Cleanup", Time since last: 1000186660 ns, Reaching safepoint: 92190 ns, At safepoint: 9917 ns, Total: 102107 ns
[2022-07-11T08:08:10.241+0000][9][safepoint   ] Safepoint "Cleanup", Time since last: 6000615424 ns, Reaching safepoint: 96101 ns, At safepoint: 12641 ns, Total: 108742 ns
[2022-07-11T08:08:16.242+0000][9][safepoint   ] Safepoint "Cleanup", Time since last: 6001209562 ns, Reaching safepoint: 97009 ns, At safepoint: 13829 ns, Total: 110838 ns
[2022-07-11T08:08:17.243+0000][9][safepoint   ] Safepoint "Cleanup", Time since last: 1000247770 ns, Reaching safepoint: 76895 ns, At safepoint: 10896 ns, Total: 87791 ns
[2022-07-11T08:08:25.245+0000][9][safepoint   ] Safepoint "Cleanup", Time since last: 8002630566 ns, Reaching safepoint: 125784 ns, At safepoint: 17321 ns, Total: 143105 ns
[2022-07-11T08:08:26.246+0000][9][safepoint   ] Safepoint "Cleanup", Time since last: 1000163541 ns, Reaching safepoint: 73054 ns, At safepoint: 10616 ns, Total: 83670 ns
[2022-07-11T08:08:27.398+0000][9][safepoint   ] Safepoint "Cleanup", Time since last: 1152410821 ns, Reaching safepoint: 78712 ns, At safepoint: 17669 ns, Total: 96381 ns
[2022-07-11T08:08:34.400+0000][9][safepoint   ] Safepoint "Cleanup", Time since last: 7001322885 ns, Reaching safepoint: 106507 ns, At safepoint: 13480 ns, Total: 119987 ns
[2022-07-11T08:08:35.400+0000][9][safepoint   ] Safepoint "Cleanup", Time since last: 1000194201 ns, Reaching safepoint: 74242 ns, At safepoint: 11942 ns, Total: 86184 ns
[2022-07-11T08:08:52.402+0000][9][safepoint   ] Safepoint "Cleanup", Time since last: 17001802211 ns, Reaching safepoint: 82692 ns, At safepoint: 12781 ns, Total: 95473 ns
[2022-07-11T08:08:54.402+0000][9][safepoint   ] Safepoint "Cleanup", Time since last: 2000345310 ns, Reaching safepoint: 91981 ns, At safepoint: 12990 ns, Total: 104971 ns
[2022-07-11T08:09:00.893+0000][9][safepoint   ] Safepoint "Cleanup", Time since last: 6490553064 ns, Reaching safepoint: 196184 ns, At safepoint: 20324 ns, Total: 216508 ns
[2022-07-11T08:09:03.894+0000][9][safepoint   ] Safepoint "Cleanup", Time since last: 3000879498 ns, Reaching safepoint: 72355 ns, At safepoint: 12711 ns, Total: 85066 ns
[2022-07-11T08:09:15.527+0000][9][safepoint   ] Safepoint "Cleanup", Time since last: 11632687895 ns, Reaching safepoint: 86882 ns, At safepoint: 12292 ns, Total: 99174 ns
[2022-07-11T08:09:18.527+0000][9][safepoint   ] Safepoint "Cleanup", Time since last: 3000376640 ns, Reaching safepoint: 80387 ns, At safepoint: 12851 ns, Total: 93238 ns
[2022-07-11T08:09:20.527+0000][9][safepoint   ] Safepoint "Cleanup", Time since last: 2000266039 ns, Reaching safepoint: 82553 ns, At safepoint: 12850 ns, Total: 95403 ns
[2022-07-11T08:09:45.531+0000][9][safepoint   ] Safepoint "Cleanup", Time since last: 25003551208 ns, Reaching safepoint: 123270 ns, At safepoint: 21441 ns, Total: 144711 ns
[2022-07-11T08:09:45.698+0000][9][gc,start    ] GC(39) Pause Young (Normal) (G1 Evacuation Pause)
[2022-07-11T08:09:45.698+0000][9][gc,task     ] GC(39) Using 4 workers of 4 for evacuation
[2022-07-11T08:09:45.698+0000][9][gc,age      ] GC(39) Desired survivor size 20971520 bytes, new threshold 15 (max threshold 15)
[2022-07-11T08:09:45.703+0000][9][gc,phases   ] GC(39)   Pre Evacuate Collection Set: 0.1ms
[2022-07-11T08:09:45.703+0000][9][gc,phases   ] GC(39)   Merge Heap Roots: 0.1ms
[2022-07-11T08:09:45.703+0000][9][gc,phases   ] GC(39)   Evacuate Collection Set: 3.4ms
[2022-07-11T08:09:45.703+0000][9][gc,phases   ] GC(39)   Post Evacuate Collection Set: 1.4ms
[2022-07-11T08:09:45.703+0000][9][gc,phases   ] GC(39)   Other: 0.2ms
[2022-07-11T08:09:45.703+0000][9][gc,age      ] GC(39) Age table with threshold 15 (max threshold 15)
[2022-07-11T08:09:45.703+0000][9][gc,age      ] GC(39) - age   1:    1613880 bytes,    1613880 total
[2022-07-11T08:09:45.704+0000][9][gc,age      ] GC(39) - age   2:       5856 bytes,    1619736 total
[2022-07-11T08:09:45.704+0000][9][gc,age      ] GC(39) - age   3:       9560 bytes,    1629296 total
[2022-07-11T08:09:45.704+0000][9][gc,age      ] GC(39) - age   4:      22432 bytes,    1651728 total
[2022-07-11T08:09:45.704+0000][9][gc,age      ] GC(39) - age   5:       8496 bytes,    1660224 total
[2022-07-11T08:09:45.704+0000][9][gc,age      ] GC(39) - age   6:       2584 bytes,    1662808 total
[2022-07-11T08:09:45.704+0000][9][gc,age      ] GC(39) - age   7:       4424 bytes,    1667232 total
[2022-07-11T08:09:45.704+0000][9][gc,age      ] GC(39) - age   8:       6120 bytes,    1673352 total
[2022-07-11T08:09:45.704+0000][9][gc,age      ] GC(39) - age   9:       1936 bytes,    1675288 total
[2022-07-11T08:09:45.704+0000][9][gc,age      ] GC(39) - age  10:       3600 bytes,    1678888 total
[2022-07-11T08:09:45.704+0000][9][gc,age      ] GC(39) - age  11:      10792 bytes,    1689680 total
[2022-07-11T08:09:45.704+0000][9][gc,age      ] GC(39) - age  12:       4664 bytes,    1694344 total
[2022-07-11T08:09:45.704+0000][9][gc,age      ] GC(39) - age  13:      13824 bytes,    1708168 total
[2022-07-11T08:09:45.704+0000][9][gc,age      ] GC(39) - age  14:       7952 bytes,    1716120 total
[2022-07-11T08:09:45.704+0000][9][gc,age      ] GC(39) - age  15:       4232 bytes,    1720352 total
[2022-07-11T08:09:45.704+0000][9][gc,heap     ] GC(39) Eden regions: 75->0(75)
[2022-07-11T08:09:45.704+0000][9][gc,heap     ] GC(39) Survivor regions: 1->1(10)
[2022-07-11T08:09:45.704+0000][9][gc,heap     ] GC(39) Old regions: 21->21
[2022-07-11T08:09:45.704+0000][9][gc,heap     ] GC(39) Archive regions: 2->2
[2022-07-11T08:09:45.704+0000][9][gc,heap     ] GC(39) Humongous regions: 0->0
[2022-07-11T08:09:45.704+0000][9][gc,metaspace] GC(39) Metaspace: 123495K(126592K)->123495K(126592K) NonClass: 107306K(108928K)->107306K(108928K) Class: 16188K(17664K)->16188K(17664K)
[2022-07-11T08:09:45.704+0000][9][gc          ] GC(39) Pause Young (Normal) (G1 Evacuation Pause) 387M->88M(512M) 5.806ms
[2022-07-11T08:09:45.704+0000][9][gc,cpu      ] GC(39) User=0.01s Sys=0.00s Real=0.00s
[2022-07-11T08:09:45.704+0000][9][safepoint   ] Safepoint "G1CollectForAllocation", Time since last: 166771529 ns, Reaching safepoint: 45327 ns, At safepoint: 5956059 ns, Total: 6001386 ns
[2022-07-11T08:09:48.707+0000][9][safepoint   ] Safepoint "Cleanup", Time since last: 3002793562 ns, Reaching safepoint: 121175 ns, At safepoint: 74171 ns, Total: 195346 ns
[2022-07-11T08:09:51.707+0000][9][safepoint   ] Safepoint "Cleanup", Time since last: 3000418403 ns, Reaching safepoint: 94425 ns, At safepoint: 12013 ns, Total: 106438 ns
[2022-07-11T08:10:00.709+0000][9][safepoint   ] Safepoint "Cleanup", Time since last: 9001217073 ns, Reaching safepoint: 132908 ns, At safepoint: 13829 ns, Total: 146737 ns
[2022-07-11T08:10:13.710+0000][9][safepoint   ] Safepoint "Cleanup", Time since last: 13001334638 ns, Reaching safepoint: 100222 ns, At safepoint: 27587 ns, Total: 127809 ns
[2022-07-11T08:10:15.711+0000][9][safepoint   ] Safepoint "Cleanup", Time since last: 2000278958 ns, Reaching safepoint: 94355 ns, At safepoint: 14038 ns, Total: 108393 ns
[2022-07-11T08:10:18.711+0000][9][safepoint   ] Safepoint "Cleanup", Time since last: 3000338153 ns, Reaching safepoint: 56921 ns, At safepoint: 12851 ns, Total: 69772 ns
[2022-07-11T08:10:39.714+0000][9][safepoint   ] Safepoint "Cleanup", Time since last: 21002452135 ns, Reaching safepoint: 60553 ns, At safepoint: 6285 ns, Total: 66838 ns
[2022-07-11T08:11:00.716+0000][9][safepoint   ] Safepoint "Cleanup", Time since last: 21002406661 ns, Reaching safepoint: 63206 ns, At safepoint: 12013 ns, Total: 75219 ns
[2022-07-11T08:11:03.717+0000][9][safepoint   ] Safepoint "Cleanup", Time since last: 3000310423 ns, Reaching safepoint: 82902 ns, At safepoint: 21581 ns, Total: 104483 ns
[2022-07-11T08:11:09.717+0000][9][safepoint   ] Safepoint "Cleanup", Time since last: 6000607228 ns, Reaching safepoint: 75219 ns, At safepoint: 10616 ns, Total: 85835 ns
[2022-07-11T08:11:33.978+0000][9][gc,start    ] GC(40) Pause Young (Normal) (G1 Evacuation Pause)
[2022-07-11T08:11:33.978+0000][9][gc,task     ] GC(40) Using 4 workers of 4 for evacuation
[2022-07-11T08:11:33.978+0000][9][gc,age      ] GC(40) Desired survivor size 20971520 bytes, new threshold 15 (max threshold 15)
[2022-07-11T08:11:33.982+0000][9][gc,phases   ] GC(40)   Pre Evacuate Collection Set: 0.1ms
[2022-07-11T08:11:33.982+0000][9][gc,phases   ] GC(40)   Merge Heap Roots: 0.1ms
[2022-07-11T08:11:33.982+0000][9][gc,phases   ] GC(40)   Evacuate Collection Set: 2.0ms
[2022-07-11T08:11:33.982+0000][9][gc,phases   ] GC(40)   Post Evacuate Collection Set: 1.3ms
[2022-07-11T08:11:33.982+0000][9][gc,phases   ] GC(40)   Other: 0.2ms
[2022-07-11T08:11:33.982+0000][9][gc,age      ] GC(40) Age table with threshold 15 (max threshold 15)
[2022-07-11T08:11:33.982+0000][9][gc,age      ] GC(40) - age   1:     494616 bytes,     494616 total
[2022-07-11T08:11:33.982+0000][9][gc,age      ] GC(40) - age   2:       5616 bytes,     500232 total
[2022-07-11T08:11:33.982+0000][9][gc,age      ] GC(40) - age   3:       5128 bytes,     505360 total
[2022-07-11T08:11:33.982+0000][9][gc,age      ] GC(40) - age   4:       1288 bytes,     506648 total
[2022-07-11T08:11:33.982+0000][9][gc,age      ] GC(40) - age   5:       6152 bytes,     512800 total
[2022-07-11T08:11:33.982+0000][9][gc,age      ] GC(40) - age   6:       8496 bytes,     521296 total
[2022-07-11T08:11:33.982+0000][9][gc,age      ] GC(40) - age   7:       2584 bytes,     523880 total
[2022-07-11T08:11:33.982+0000][9][gc,age      ] GC(40) - age   8:       4424 bytes,     528304 total
[2022-07-11T08:11:33.982+0000][9][gc,age      ] GC(40) - age   9:       6120 bytes,     534424 total
[2022-07-11T08:11:33.982+0000][9][gc,age      ] GC(40) - age  10:       1752 bytes,     536176 total
[2022-07-11T08:11:33.982+0000][9][gc,age      ] GC(40) - age  11:       3600 bytes,     539776 total
[2022-07-11T08:11:33.982+0000][9][gc,age      ] GC(40) - age  12:      10792 bytes,     550568 total
[2022-07-11T08:11:33.982+0000][9][gc,age      ] GC(40) - age  13:       4664 bytes,     555232 total
[2022-07-11T08:11:33.982+0000][9][gc,age      ] GC(40) - age  14:      13824 bytes,     569056 total
[2022-07-11T08:11:33.982+0000][9][gc,age      ] GC(40) - age  15:       7952 bytes,     577008 total
[2022-07-11T08:11:33.982+0000][9][gc,heap     ] GC(40) Eden regions: 75->0(75)
[2022-07-11T08:11:33.982+0000][9][gc,heap     ] GC(40) Survivor regions: 1->1(10)
[2022-07-11T08:11:33.982+0000][9][gc,heap     ] GC(40) Old regions: 21->21
[2022-07-11T08:11:33.982+0000][9][gc,heap     ] GC(40) Archive regions: 2->2
[2022-07-11T08:11:33.982+0000][9][gc,heap     ] GC(40) Humongous regions: 0->0
[2022-07-11T08:11:33.982+0000][9][gc,metaspace] GC(40) Metaspace: 123504K(126592K)->123504K(126592K) NonClass: 107315K(108928K)->107315K(108928K) Class: 16188K(17664K)->16188K(17664K)
[2022-07-11T08:11:33.982+0000][9][gc          ] GC(40) Pause Young (Normal) (G1 Evacuation Pause) 388M->87M(512M) 4.262ms
[2022-07-11T08:11:33.982+0000][9][gc,cpu      ] GC(40) User=0.01s Sys=0.00s Real=0.00s
[2022-07-11T08:11:33.982+0000][9][safepoint   ] Safepoint "G1CollectForAllocation", Time since last: 24260483179 ns, Reaching safepoint: 110768 ns, At safepoint: 4384492 ns, Total: 4495260 ns
[2022-07-11T08:11:35.982+0000][9][safepoint   ] Safepoint "Cleanup", Time since last: 2000209043 ns, Reaching safepoint: 60552 ns, At safepoint: 12991 ns, Total: 73543 ns
[2022-07-11T08:11:54.985+0000][9][safepoint   ] Safepoint "Cleanup", Time since last: 19002220784 ns, Reaching safepoint: 74380 ns, At safepoint: 11454 ns, Total: 85834 ns
[2022-07-11T08:12:00.986+0000][9][safepoint   ] Safepoint "Cleanup", Time since last: 6000621960 ns, Reaching safepoint: 133396 ns, At safepoint: 20115 ns, Total: 153511 ns
[2022-07-11T08:12:03.986+0000][9][safepoint   ] Safepoint "Cleanup", Time since last: 3000345900 ns, Reaching safepoint: 54755 ns, At safepoint: 12013 ns, Total: 66768 ns
[2022-07-11T08:12:04.986+0000][9][safepoint   ] Safepoint "Cleanup", Time since last: 1000157880 ns, Reaching safepoint: 74311 ns, At safepoint: 12851 ns, Total: 87162 ns
[2022-07-11T08:12:09.987+0000][9][safepoint   ] Safepoint "Cleanup", Time since last: 5000560668 ns, Reaching safepoint: 80527 ns, At safepoint: 9150 ns, Total: 89677 ns
[2022-07-11T08:12:16.988+0000][9][safepoint   ] Safepoint "Cleanup", Time since last: 7000713627 ns, Reaching safepoint: 75988 ns, At safepoint: 12711 ns, Total: 88699 ns
[2022-07-11T08:12:22.988+0000][9][safepoint   ] Safepoint "Cleanup", Time since last: 6000624262 ns, Reaching safepoint: 82412 ns, At safepoint: 13969 ns, Total: 96381 ns
[2022-07-11T08:12:39.990+0000][9][safepoint   ] Safepoint "Cleanup", Time since last: 17001555595 ns, Reaching safepoint: 80876 ns, At safepoint: 12431 ns, Total: 93307 ns
[2022-07-11T08:12:42.990+0000][9][safepoint   ] Safepoint "Cleanup", Time since last: 3000366432 ns, Reaching safepoint: 75848 ns, At safepoint: 12850 ns, Total: 88698 ns
[2022-07-11T08:12:47.991+0000][9][safepoint   ] Safepoint "Cleanup", Time since last: 5000710266 ns, Reaching safepoint: 90514 ns, At safepoint: 13061 ns, Total: 103575 ns
[2022-07-11T08:12:51.992+0000][9][safepoint   ] Safepoint "Cleanup", Time since last: 4000466551 ns, Reaching safepoint: 75918 ns, At safepoint: 12780 ns, Total: 88698 ns
[2022-07-11T08:13:00.993+0000][9][safepoint   ] Safepoint "Cleanup", Time since last: 9000879991 ns, Reaching safepoint: 89677 ns, At safepoint: 19974 ns, Total: 109651 ns
[2022-07-11T08:13:03.993+0000][9][safepoint   ] Safepoint "Cleanup", Time since last: 3000387593 ns, Reaching safepoint: 114539 ns, At safepoint: 13340 ns, Total: 127879 ns
[2022-07-11T08:13:21.997+0000][9][safepoint   ] Safepoint "Cleanup", Time since last: 18003342230 ns, Reaching safepoint: 74032 ns, At safepoint: 11384 ns, Total: 85416 ns
[2022-07-11T08:13:27.281+0000][9][gc,start    ] GC(41) Pause Young (Normal) (G1 Evacuation Pause)
[2022-07-11T08:13:27.282+0000][9][gc,task     ] GC(41) Using 4 workers of 4 for evacuation
[2022-07-11T08:13:27.282+0000][9][gc,age      ] GC(41) Desired survivor size 20971520 bytes, new threshold 15 (max threshold 15)
[2022-07-11T08:13:27.286+0000][9][gc,phases   ] GC(41)   Pre Evacuate Collection Set: 0.1ms
[2022-07-11T08:13:27.286+0000][9][gc,phases   ] GC(41)   Merge Heap Roots: 0.1ms
[2022-07-11T08:13:27.286+0000][9][gc,phases   ] GC(41)   Evacuate Collection Set: 2.2ms
[2022-07-11T08:13:27.286+0000][9][gc,phases   ] GC(41)   Post Evacuate Collection Set: 1.4ms
[2022-07-11T08:13:27.286+0000][9][gc,phases   ] GC(41)   Other: 0.2ms
[2022-07-11T08:13:27.286+0000][9][gc,age      ] GC(41) Age table with threshold 15 (max threshold 15)
[2022-07-11T08:13:27.286+0000][9][gc,age      ] GC(41) - age   1:     929056 bytes,     929056 total
[2022-07-11T08:13:27.286+0000][9][gc,age      ] GC(41) - age   2:       3696 bytes,     932752 total
[2022-07-11T08:13:27.286+0000][9][gc,age      ] GC(41) - age   3:       3976 bytes,     936728 total
[2022-07-11T08:13:27.286+0000][9][gc,age      ] GC(41) - age   4:       4832 bytes,     941560 total
[2022-07-11T08:13:27.286+0000][9][gc,age      ] GC(41) - age   5:       1288 bytes,     942848 total
[2022-07-11T08:13:27.286+0000][9][gc,age      ] GC(41) - age   6:       3976 bytes,     946824 total
[2022-07-11T08:13:27.286+0000][9][gc,age      ] GC(41) - age   7:       8496 bytes,     955320 total
[2022-07-11T08:13:27.286+0000][9][gc,age      ] GC(41) - age   8:       2400 bytes,     957720 total
[2022-07-11T08:13:27.286+0000][9][gc,age      ] GC(41) - age   9:       4336 bytes,     962056 total
[2022-07-11T08:13:27.286+0000][9][gc,age      ] GC(41) - age  10:       6120 bytes,     968176 total
[2022-07-11T08:13:27.286+0000][9][gc,age      ] GC(41) - age  11:       1752 bytes,     969928 total
[2022-07-11T08:13:27.286+0000][9][gc,age      ] GC(41) - age  12:       3184 bytes,     973112 total
[2022-07-11T08:13:27.286+0000][9][gc,age      ] GC(41) - age  13:      10792 bytes,     983904 total
[2022-07-11T08:13:27.286+0000][9][gc,age      ] GC(41) - age  14:       4664 bytes,     988568 total
[2022-07-11T08:13:27.286+0000][9][gc,age      ] GC(41) - age  15:      13824 bytes,    1002392 total
[2022-07-11T08:13:27.286+0000][9][gc,heap     ] GC(41) Eden regions: 75->0(75)
[2022-07-11T08:13:27.286+0000][9][gc,heap     ] GC(41) Survivor regions: 1->1(10)
[2022-07-11T08:13:27.286+0000][9][gc,heap     ] GC(41) Old regions: 21->21
[2022-07-11T08:13:27.286+0000][9][gc,heap     ] GC(41) Archive regions: 2->2
[2022-07-11T08:13:27.286+0000][9][gc,heap     ] GC(41) Humongous regions: 0->0
[2022-07-11T08:13:27.286+0000][9][gc,metaspace] GC(41) Metaspace: 123549K(126592K)->123549K(126592K) NonClass: 107360K(108928K)->107360K(108928K) Class: 16188K(17664K)->16188K(17664K)
[2022-07-11T08:13:27.286+0000][9][gc          ] GC(41) Pause Young (Normal) (G1 Evacuation Pause) 387M->87M(512M) 4.516ms
[2022-07-11T08:13:27.286+0000][9][gc,cpu      ] GC(41) User=0.01s Sys=0.00s Real=0.01s
[2022-07-11T08:13:27.286+0000][9][safepoint   ] Safepoint "G1CollectForAllocation", Time since last: 5284588045 ns, Reaching safepoint: 70888 ns, At safepoint: 4662600 ns, Total: 4733488 ns
[2022-07-11T08:13:40.288+0000][9][safepoint   ] Safepoint "Cleanup", Time since last: 13001825995 ns, Reaching safepoint: 66279 ns, At safepoint: 16622 ns, Total: 82901 ns
[2022-07-11T08:14:00.290+0000][9][safepoint   ] Safepoint "Cleanup", Time since last: 20002263738 ns, Reaching safepoint: 134514 ns, At safepoint: 12851 ns, Total: 147365 ns
[2022-07-11T08:14:10.292+0000][9][safepoint   ] Safepoint "Cleanup", Time since last: 10001083955 ns, Reaching safepoint: 84438 ns, At safepoint: 11943 ns, Total: 96381 ns
[2022-07-11T08:14:16.293+0000][9][safepoint   ] Safepoint "Cleanup", Time since last: 6001003211 ns, Reaching safepoint: 98336 ns, At safepoint: 22349 ns, Total: 120685 ns
[2022-07-11T08:14:23.294+0000][9][safepoint   ] Safepoint "Cleanup", Time since last: 7001344980 ns, Reaching safepoint: 96800 ns, At safepoint: 13619 ns, Total: 110419 ns
[2022-07-11T08:14:28.295+0000][9][safepoint   ] Safepoint "Cleanup", Time since last: 5000913846 ns, Reaching safepoint: 158051 ns, At safepoint: 18019 ns, Total: 176070 ns
[2022-07-11T08:14:34.296+0000][9][safepoint   ] Safepoint "Cleanup", Time since last: 6000687876 ns, Reaching safepoint: 82133 ns, At safepoint: 13200 ns, Total: 95333 ns
[2022-07-11T08:14:40.297+0000][9][safepoint   ] Safepoint "Cleanup", Time since last: 6000663292 ns, Reaching safepoint: 72425 ns, At safepoint: 12083 ns, Total: 84508 ns
[2022-07-11T08:14:41.297+0000][9][safepoint   ] Safepoint "Cleanup", Time since last: 1000209071 ns, Reaching safepoint: 80178 ns, At safepoint: 13200 ns, Total: 93378 ns
[2022-07-11T08:15:00.301+0000][9][safepoint   ] Safepoint "Cleanup", Time since last: 19003402865 ns, Reaching safepoint: 110419 ns, At safepoint: 21372 ns, Total: 131791 ns
[2022-07-11T08:15:04.301+0000][9][safepoint   ] Safepoint "Cleanup", Time since last: 4000485471 ns, Reaching safepoint: 85416 ns, At safepoint: 11873 ns, Total: 97289 ns
[2022-07-11T08:15:09.410+0000][9][gc,start    ] GC(42) Pause Young (Normal) (G1 Evacuation Pause)
[2022-07-11T08:15:09.410+0000][9][gc,task     ] GC(42) Using 4 workers of 4 for evacuation
[2022-07-11T08:15:09.411+0000][9][gc,age      ] GC(42) Desired survivor size 20971520 bytes, new threshold 15 (max threshold 15)
[2022-07-11T08:15:09.415+0000][9][gc,phases   ] GC(42)   Pre Evacuate Collection Set: 0.1ms
[2022-07-11T08:15:09.415+0000][9][gc,phases   ] GC(42)   Merge Heap Roots: 0.1ms
[2022-07-11T08:15:09.415+0000][9][gc,phases   ] GC(42)   Evacuate Collection Set: 2.8ms
[2022-07-11T08:15:09.415+0000][9][gc,phases   ] GC(42)   Post Evacuate Collection Set: 1.4ms
[2022-07-11T08:15:09.415+0000][9][gc,phases   ] GC(42)   Other: 0.2ms
[2022-07-11T08:15:09.415+0000][9][gc,age      ] GC(42) Age table with threshold 15 (max threshold 15)
[2022-07-11T08:15:09.415+0000][9][gc,age      ] GC(42) - age   1:    1683896 bytes,    1683896 total
[2022-07-11T08:15:09.415+0000][9][gc,age      ] GC(42) - age   2:      28856 bytes,    1712752 total
[2022-07-11T08:15:09.415+0000][9][gc,age      ] GC(42) - age   3:       2608 bytes,    1715360 total
[2022-07-11T08:15:09.415+0000][9][gc,age      ] GC(42) - age   4:       3816 bytes,    1719176 total
[2022-07-11T08:15:09.415+0000][9][gc,age      ] GC(42) - age   5:       4832 bytes,    1724008 total
[2022-07-11T08:15:09.415+0000][9][gc,age      ] GC(42) - age   6:       1288 bytes,    1725296 total
[2022-07-11T08:15:09.415+0000][9][gc,age      ] GC(42) - age   7:       3976 bytes,    1729272 total
[2022-07-11T08:15:09.415+0000][9][gc,age      ] GC(42) - age   8:       8496 bytes,    1737768 total
[2022-07-11T08:15:09.415+0000][9][gc,age      ] GC(42) - age   9:       2400 bytes,    1740168 total
[2022-07-11T08:15:09.415+0000][9][gc,age      ] GC(42) - age  10:       4336 bytes,    1744504 total
[2022-07-11T08:15:09.415+0000][9][gc,age      ] GC(42) - age  11:       6120 bytes,    1750624 total
[2022-07-11T08:15:09.415+0000][9][gc,age      ] GC(42) - age  12:       1752 bytes,    1752376 total
[2022-07-11T08:15:09.415+0000][9][gc,age      ] GC(42) - age  13:       3184 bytes,    1755560 total
[2022-07-11T08:15:09.415+0000][9][gc,age      ] GC(42) - age  14:      10792 bytes,    1766352 total
[2022-07-11T08:15:09.415+0000][9][gc,age      ] GC(42) - age  15:       4664 bytes,    1771016 total
[2022-07-11T08:15:09.415+0000][9][gc,heap     ] GC(42) Eden regions: 75->0(75)
[2022-07-11T08:15:09.415+0000][9][gc,heap     ] GC(42) Survivor regions: 1->1(10)
[2022-07-11T08:15:09.415+0000][9][gc,heap     ] GC(42) Old regions: 21->21
[2022-07-11T08:15:09.415+0000][9][gc,heap     ] GC(42) Archive regions: 2->2
[2022-07-11T08:15:09.415+0000][9][gc,heap     ] GC(42) Humongous regions: 0->0
[2022-07-11T08:15:09.416+0000][9][gc,metaspace] GC(42) Metaspace: 123572K(126720K)->123572K(126720K) NonClass: 107383K(109056K)->107383K(109056K) Class: 16188K(17664K)->16188K(17664K)
[2022-07-11T08:15:09.416+0000][9][gc          ] GC(42) Pause Young (Normal) (G1 Evacuation Pause) 387M->88M(512M) 5.175ms
[2022-07-11T08:15:09.416+0000][9][gc,cpu      ] GC(42) User=0.02s Sys=0.00s Real=0.01s
[2022-07-11T08:15:09.416+0000][9][safepoint   ] Safepoint "G1CollectForAllocation", Time since last: 5109069457 ns, Reaching safepoint: 78152 ns, At safepoint: 5294453 ns, Total: 5372605 ns
[2022-07-11T08:15:10.416+0000][9][safepoint   ] Safepoint "Cleanup", Time since last: 1000135668 ns, Reaching safepoint: 98685 ns, At safepoint: 12851 ns, Total: 111536 ns
[2022-07-11T08:15:15.417+0000][9][safepoint   ] Safepoint "Cleanup", Time since last: 5000600256 ns, Reaching safepoint: 83531 ns, At safepoint: 11873 ns, Total: 95404 ns
[2022-07-11T08:15:16.417+0000][9][safepoint   ] Safepoint "Cleanup", Time since last: 1000203623 ns, Reaching safepoint: 90584 ns, At safepoint: 15644 ns, Total: 106228 ns
[2022-07-11T08:15:26.419+0000][9][safepoint   ] Safepoint "Cleanup", Time since last: 10001648892 ns, Reaching safepoint: 91841 ns, At safepoint: 12642 ns, Total: 104483 ns
[2022-07-11T08:15:39.421+0000][9][safepoint   ] Safepoint "Cleanup", Time since last: 13002209683 ns, Reaching safepoint: 92470 ns, At safepoint: 21581 ns, Total: 114051 ns
[2022-07-11T08:15:40.421+0000][9][safepoint   ] Safepoint "Cleanup", Time since last: 1000161229 ns, Reaching safepoint: 80807 ns, At safepoint: 12431 ns, Total: 93238 ns
[2022-07-11T08:15:41.422+0000][9][safepoint   ] Safepoint "Cleanup", Time since last: 1000181484 ns, Reaching safepoint: 79339 ns, At safepoint: 13899 ns, Total: 93238 ns
[2022-07-11T08:15:42.422+0000][9][safepoint   ] Safepoint "Cleanup", Time since last: 1000169470 ns, Reaching safepoint: 81645 ns, At safepoint: 9009 ns, Total: 90654 ns
[2022-07-11T08:16:00.424+0000][9][safepoint   ] Safepoint "Cleanup", Time since last: 18002263777 ns, Reaching safepoint: 102457 ns, At safepoint: 13968 ns, Total: 116425 ns
[2022-07-11T08:16:04.425+0000][9][safepoint   ] Safepoint "Cleanup", Time since last: 4001042313 ns, Reaching safepoint: 82063 ns, At safepoint: 13340 ns, Total: 95403 ns
[2022-07-11T08:16:06.426+0000][9][safepoint   ] Safepoint "Cleanup", Time since last: 2000294592 ns, Reaching safepoint: 103923 ns, At safepoint: 12642 ns, Total: 116565 ns
[2022-07-11T08:16:10.426+0000][9][safepoint   ] Safepoint "Cleanup", Time since last: 4000525278 ns, Reaching safepoint: 79549 ns, At safepoint: 12990 ns, Total: 92539 ns
[2022-07-11T08:16:22.429+0000][9][safepoint   ] Safepoint "Cleanup", Time since last: 12002207966 ns, Reaching safepoint: 89886 ns, At safepoint: 12781 ns, Total: 102667 ns
[2022-07-11T08:16:40.431+0000][9][safepoint   ] Safepoint "Cleanup", Time since last: 18001798138 ns, Reaching safepoint: 133536 ns, At safepoint: 38623 ns, Total: 172159 ns
[2022-07-11T08:16:45.432+0000][9][safepoint   ] Safepoint "Cleanup", Time since last: 5001038854 ns, Reaching safepoint: 127879 ns, At safepoint: 12781 ns, Total: 140660 ns
[2022-07-11T08:16:51.433+0000][9][safepoint   ] Safepoint "Cleanup", Time since last: 6001115086 ns, Reaching safepoint: 73124 ns, At safepoint: 13479 ns, Total: 86603 ns
[2022-07-11T08:17:00.275+0000][9][gc,start    ] GC(43) Pause Young (Normal) (G1 Evacuation Pause)
[2022-07-11T08:17:00.275+0000][9][gc,task     ] GC(43) Using 4 workers of 4 for evacuation
[2022-07-11T08:17:00.275+0000][9][gc,age      ] GC(43) Desired survivor size 20971520 bytes, new threshold 15 (max threshold 15)
[2022-07-11T08:17:00.278+0000][9][gc,phases   ] GC(43)   Pre Evacuate Collection Set: 0.1ms
[2022-07-11T08:17:00.278+0000][9][gc,phases   ] GC(43)   Merge Heap Roots: 0.1ms
[2022-07-11T08:17:00.278+0000][9][gc,phases   ] GC(43)   Evacuate Collection Set: 2.0ms
[2022-07-11T08:17:00.278+0000][9][gc,phases   ] GC(43)   Post Evacuate Collection Set: 1.3ms
[2022-07-11T08:17:00.278+0000][9][gc,phases   ] GC(43)   Other: 0.2ms
[2022-07-11T08:17:00.279+0000][9][gc,age      ] GC(43) Age table with threshold 15 (max threshold 15)
[2022-07-11T08:17:00.279+0000][9][gc,age      ] GC(43) - age   1:     728504 bytes,     728504 total
[2022-07-11T08:17:00.279+0000][9][gc,age      ] GC(43) - age   2:      11368 bytes,     739872 total
[2022-07-11T08:17:00.279+0000][9][gc,age      ] GC(43) - age   3:      27664 bytes,     767536 total
[2022-07-11T08:17:00.279+0000][9][gc,age      ] GC(43) - age   4:       2608 bytes,     770144 total
[2022-07-11T08:17:00.279+0000][9][gc,age      ] GC(43) - age   5:       3728 bytes,     773872 total
[2022-07-11T08:17:00.279+0000][9][gc,age      ] GC(43) - age   6:       4648 bytes,     778520 total
[2022-07-11T08:17:00.279+0000][9][gc,age      ] GC(43) - age   7:       1288 bytes,     779808 total
[2022-07-11T08:17:00.279+0000][9][gc,age      ] GC(43) - age   8:       3976 bytes,     783784 total
[2022-07-11T08:17:00.279+0000][9][gc,age      ] GC(43) - age   9:       8496 bytes,     792280 total
[2022-07-11T08:17:00.279+0000][9][gc,age      ] GC(43) - age  10:       2400 bytes,     794680 total
[2022-07-11T08:17:00.279+0000][9][gc,age      ] GC(43) - age  11:       4336 bytes,     799016 total
[2022-07-11T08:17:00.279+0000][9][gc,age      ] GC(43) - age  12:       6120 bytes,     805136 total
[2022-07-11T08:17:00.279+0000][9][gc,age      ] GC(43) - age  13:       1752 bytes,     806888 total
[2022-07-11T08:17:00.279+0000][9][gc,age      ] GC(43) - age  14:       3184 bytes,     810072 total
[2022-07-11T08:17:00.279+0000][9][gc,age      ] GC(43) - age  15:      10792 bytes,     820864 total
[2022-07-11T08:17:00.279+0000][9][gc,heap     ] GC(43) Eden regions: 75->0(75)
[2022-07-11T08:17:00.279+0000][9][gc,heap     ] GC(43) Survivor regions: 1->1(10)
[2022-07-11T08:17:00.279+0000][9][gc,heap     ] GC(43) Old regions: 21->21
[2022-07-11T08:17:00.279+0000][9][gc,heap     ] GC(43) Archive regions: 2->2
[2022-07-11T08:17:00.279+0000][9][gc,heap     ] GC(43) Humongous regions: 0->0
[2022-07-11T08:17:00.279+0000][9][gc,metaspace] GC(43) Metaspace: 123610K(126720K)->123610K(126720K) NonClass: 107419K(109056K)->107419K(109056K) Class: 16190K(17664K)->16190K(17664K)
[2022-07-11T08:17:00.279+0000][9][gc          ] GC(43) Pause Young (Normal) (G1 Evacuation Pause) 388M->87M(512M) 4.180ms
[2022-07-11T08:17:00.279+0000][9][gc,cpu      ] GC(43) User=0.01s Sys=0.00s Real=0.00s
[2022-07-11T08:17:00.279+0000][9][safepoint   ] Safepoint "G1CollectForAllocation", Time since last: 8841521035 ns, Reaching safepoint: 117752 ns, At safepoint: 4292721 ns, Total: 4410473 ns
[2022-07-11T08:17:04.280+0000][9][safepoint   ] Safepoint "Cleanup", Time since last: 4000507606 ns, Reaching safepoint: 100222 ns, At safepoint: 22349 ns, Total: 122571 ns
[2022-07-11T08:17:06.280+0000][9][safepoint   ] Safepoint "Cleanup", Time since last: 2000248984 ns, Reaching safepoint: 67188 ns, At safepoint: 39599 ns, Total: 106787 ns
[2022-07-11T08:17:22.282+0000][9][safepoint   ] Safepoint "Cleanup", Time since last: 16001624227 ns, Reaching safepoint: 77314 ns, At safepoint: 13689 ns, Total: 91003 ns
[2022-07-11T08:17:34.283+0000][9][safepoint   ] Safepoint "Cleanup", Time since last: 12001171654 ns, Reaching safepoint: 92051 ns, At safepoint: 7682 ns, Total: 99733 ns
[2022-07-11T08:17:38.206+0000][9][safepoint   ] Safepoint "Cleanup", Time since last: 3923020107 ns, Reaching safepoint: 44279 ns, At safepoint: 7752 ns, Total: 52031 ns
[2022-07-11T08:17:38.321+0000][9][safepoint   ] Safepoint "ICBufferFull", Time since last: 114491539 ns, Reaching safepoint: 194438 ns, At safepoint: 8660 ns, Total: 203098 ns
[2022-07-11T08:17:39.321+0000][9][safepoint   ] Safepoint "Cleanup", Time since last: 1000143628 ns, Reaching safepoint: 194159 ns, At safepoint: 11104 ns, Total: 205263 ns
[2022-07-11T08:17:40.321+0000][9][safepoint   ] Safepoint "Cleanup", Time since last: 1000144536 ns, Reaching safepoint: 75080 ns, At safepoint: 12920 ns, Total: 88000 ns
[2022-07-11T08:17:41.322+0000][9][safepoint   ] Safepoint "Cleanup", Time since last: 1000155571 ns, Reaching safepoint: 112584 ns, At safepoint: 12572 ns, Total: 125156 ns
[2022-07-11T08:17:42.322+0000][9][safepoint   ] Safepoint "Cleanup", Time since last: 1000164580 ns, Reaching safepoint: 119150 ns, At safepoint: 12361 ns, Total: 131511 ns
[2022-07-11T08:17:43.322+0000][9][safepoint   ] Safepoint "Cleanup", Time since last: 1000169959 ns, Reaching safepoint: 83809 ns, At safepoint: 13759 ns, Total: 97568 ns
[2022-07-11T08:17:44.322+0000][9][safepoint   ] Safepoint "Cleanup", Time since last: 1000174079 ns, Reaching safepoint: 99593 ns, At safepoint: 15645 ns, Total: 115238 ns
[2022-07-11T08:17:45.323+0000][9][safepoint   ] Safepoint "Cleanup", Time since last: 1000150123 ns, Reaching safepoint: 57270 ns, At safepoint: 8102 ns, Total: 65372 ns
[2022-07-11T08:17:46.323+0000][9][safepoint   ] Safepoint "Cleanup", Time since last: 1000131894 ns, Reaching safepoint: 75918 ns, At safepoint: 8590 ns, Total: 84508 ns
[2022-07-11T08:17:47.323+0000][9][safepoint   ] Safepoint "Cleanup", Time since last: 1000163603 ns, Reaching safepoint: 51054 ns, At safepoint: 9009 ns, Total: 60063 ns
[2022-07-11T08:17:48.323+0000][9][safepoint   ] Safepoint "Cleanup", Time since last: 1000145235 ns, Reaching safepoint: 62508 ns, At safepoint: 9009 ns, Total: 71517 ns
[2022-07-11T08:17:48.377+0000][9][gc,start    ] GC(44) Pause Young (Normal) (G1 Evacuation Pause)
[2022-07-11T08:17:48.377+0000][9][gc,task     ] GC(44) Using 4 workers of 4 for evacuation
[2022-07-11T08:17:48.377+0000][9][gc,age      ] GC(44) Desired survivor size 20971520 bytes, new threshold 15 (max threshold 15)
[2022-07-11T08:17:48.385+0000][9][gc,phases   ] GC(44)   Pre Evacuate Collection Set: 0.1ms
[2022-07-11T08:17:48.385+0000][9][gc,phases   ] GC(44)   Merge Heap Roots: 0.1ms
[2022-07-11T08:17:48.385+0000][9][gc,phases   ] GC(44)   Evacuate Collection Set: 6.8ms
[2022-07-11T08:17:48.385+0000][9][gc,phases   ] GC(44)   Post Evacuate Collection Set: 1.3ms
[2022-07-11T08:17:48.385+0000][9][gc,phases   ] GC(44)   Other: 0.1ms
[2022-07-11T08:17:48.385+0000][9][gc,age      ] GC(44) Age table with threshold 15 (max threshold 15)
[2022-07-11T08:17:48.385+0000][9][gc,age      ] GC(44) - age   1:   17048880 bytes,   17048880 total
[2022-07-11T08:17:48.385+0000][9][gc,age      ] GC(44) - age   2:      23944 bytes,   17072824 total
[2022-07-11T08:17:48.385+0000][9][gc,age      ] GC(44) - age   3:       9664 bytes,   17082488 total
[2022-07-11T08:17:48.385+0000][9][gc,age      ] GC(44) - age   4:      27496 bytes,   17109984 total
[2022-07-11T08:17:48.385+0000][9][gc,age      ] GC(44) - age   5:       2608 bytes,   17112592 total
[2022-07-11T08:17:48.385+0000][9][gc,age      ] GC(44) - age   6:       3728 bytes,   17116320 total
[2022-07-11T08:17:48.385+0000][9][gc,age      ] GC(44) - age   7:       4648 bytes,   17120968 total
[2022-07-11T08:17:48.385+0000][9][gc,age      ] GC(44) - age   8:       1288 bytes,   17122256 total
[2022-07-11T08:17:48.385+0000][9][gc,age      ] GC(44) - age   9:       3552 bytes,   17125808 total
[2022-07-11T08:17:48.385+0000][9][gc,age      ] GC(44) - age  10:       8496 bytes,   17134304 total
[2022-07-11T08:17:48.385+0000][9][gc,age      ] GC(44) - age  11:       2400 bytes,   17136704 total
[2022-07-11T08:17:48.385+0000][9][gc,age      ] GC(44) - age  12:       4336 bytes,   17141040 total
[2022-07-11T08:17:48.385+0000][9][gc,age      ] GC(44) - age  13:       6120 bytes,   17147160 total
[2022-07-11T08:17:48.386+0000][9][gc,age      ] GC(44) - age  14:       1752 bytes,   17148912 total
[2022-07-11T08:17:48.386+0000][9][gc,age      ] GC(44) - age  15:       3184 bytes,   17152096 total
[2022-07-11T08:17:48.386+0000][9][gc,heap     ] GC(44) Eden regions: 75->0(71)
[2022-07-11T08:17:48.386+0000][9][gc,heap     ] GC(44) Survivor regions: 1->5(10)
[2022-07-11T08:17:48.386+0000][9][gc,heap     ] GC(44) Old regions: 21->21
[2022-07-11T08:17:48.386+0000][9][gc,heap     ] GC(44) Archive regions: 2->2
[2022-07-11T08:17:48.386+0000][9][gc,heap     ] GC(44) Humongous regions: 0->0
[2022-07-11T08:17:48.386+0000][9][gc,metaspace] GC(44) Metaspace: 123823K(126976K)->123823K(126976K) NonClass: 107612K(109248K)->107612K(109248K) Class: 16211K(17728K)->16211K(17728K)
[2022-07-11T08:17:48.386+0000][9][gc          ] GC(44) Pause Young (Normal) (G1 Evacuation Pause) 387M->103M(512M) 8.715ms
[2022-07-11T08:17:48.386+0000][9][gc,cpu      ] GC(44) User=0.01s Sys=0.00s Real=0.01s
[2022-07-11T08:17:48.386+0000][9][safepoint   ] Safepoint "G1CollectForAllocation", Time since last: 53493131 ns, Reaching safepoint: 111537 ns, At safepoint: 8790983 ns, Total: 8902520 ns
[2022-07-11T08:17:51.386+0000][9][safepoint   ] Safepoint "Cleanup", Time since last: 3000238402 ns, Reaching safepoint: 69492 ns, At safepoint: 12362 ns, Total: 81854 ns
[2022-07-11T08:17:52.386+0000][9][safepoint   ] Safepoint "Cleanup", Time since last: 1000151240 ns, Reaching safepoint: 75289 ns, At safepoint: 14248 ns, Total: 89537 ns
[2022-07-11T08:17:53.386+0000][9][safepoint   ] Safepoint "Cleanup", Time since last: 1000174917 ns, Reaching safepoint: 94425 ns, At safepoint: 18089 ns, Total: 112514 ns
[2022-07-11T08:17:54.387+0000][9][safepoint   ] Safepoint "Cleanup", Time since last: 1000176942 ns, Reaching safepoint: 65372 ns, At safepoint: 7124 ns, Total: 72496 ns
[2022-07-11T08:17:55.387+0000][9][safepoint   ] Safepoint "Cleanup", Time since last: 1000151589 ns, Reaching safepoint: 66210 ns, At safepoint: 15225 ns, Total: 81435 ns
[2022-07-11T08:17:56.387+0000][9][safepoint   ] Safepoint "Cleanup", Time since last: 1000170936 ns, Reaching safepoint: 79200 ns, At safepoint: 22000 ns, Total: 101200 ns
[2022-07-11T08:17:57.387+0000][9][safepoint   ] Safepoint "Cleanup", Time since last: 1000126936 ns, Reaching safepoint: 76197 ns, At safepoint: 10546 ns, Total: 86743 ns
[2022-07-11T08:17:58.388+0000][9][safepoint   ] Safepoint "Cleanup", Time since last: 1000179666 ns, Reaching safepoint: 73124 ns, At safepoint: 18927 ns, Total: 92051 ns
[2022-07-11T08:18:00.388+0000][9][safepoint   ] Safepoint "Cleanup", Time since last: 2000253522 ns, Reaching safepoint: 65302 ns, At safepoint: 8241 ns, Total: 73543 ns
[2022-07-11T08:18:05.389+0000][9][safepoint   ] Safepoint "Cleanup", Time since last: 5000512318 ns, Reaching safepoint: 86673 ns, At safepoint: 12991 ns, Total: 99664 ns
[2022-07-11T08:18:08.389+0000][9][safepoint   ] Safepoint "Cleanup", Time since last: 3000370680 ns, Reaching safepoint: 91353 ns, At safepoint: 19765 ns, Total: 111118 ns
[2022-07-11T08:18:09.389+0000][9][safepoint   ] Safepoint "Cleanup", Time since last: 1000168840 ns, Reaching safepoint: 86324 ns, At safepoint: 12711 ns, Total: 99035 ns
[2022-07-11T08:18:10.390+0000][9][safepoint   ] Safepoint "Cleanup", Time since last: 1000170307 ns, Reaching safepoint: 113283 ns, At safepoint: 11943 ns, Total: 125226 ns
[2022-07-11T08:18:11.390+0000][9][safepoint   ] Safepoint "Cleanup", Time since last: 1000182529 ns, Reaching safepoint: 185219 ns, At safepoint: 17181 ns, Total: 202400 ns
[2022-07-11T08:18:12.390+0000][9][safepoint   ] Safepoint "Cleanup", Time since last: 1000172193 ns, Reaching safepoint: 62508 ns, At safepoint: 12222 ns, Total: 74730 ns
[2022-07-11T08:18:13.391+0000][9][safepoint   ] Safepoint "Cleanup", Time since last: 1000139577 ns, Reaching safepoint: 52870 ns, At safepoint: 6775 ns, Total: 59645 ns
[2022-07-11T08:18:16.391+0000][9][safepoint   ] Safepoint "Cleanup", Time since last: 3000315436 ns, Reaching safepoint: 103714 ns, At safepoint: 11663 ns, Total: 115377 ns
[2022-07-11T08:18:17.391+0000][9][safepoint   ] Safepoint "Cleanup", Time since last: 1000177222 ns, Reaching safepoint: 68165 ns, At safepoint: 12222 ns, Total: 80387 ns
[2022-07-11T08:18:17.638+0000][9][gc,start    ] GC(45) Pause Young (Normal) (G1 Evacuation Pause)
[2022-07-11T08:18:17.638+0000][9][gc,task     ] GC(45) Using 4 workers of 4 for evacuation
[2022-07-11T08:18:17.638+0000][9][gc,age      ] GC(45) Desired survivor size 20971520 bytes, new threshold 15 (max threshold 15)
[2022-07-11T08:18:17.653+0000][9][gc,phases   ] GC(45)   Pre Evacuate Collection Set: 0.1ms
[2022-07-11T08:18:17.654+0000][9][gc,phases   ] GC(45)   Merge Heap Roots: 0.1ms
[2022-07-11T08:18:17.654+0000][9][gc,phases   ] GC(45)   Evacuate Collection Set: 13.9ms
[2022-07-11T08:18:17.654+0000][9][gc,phases   ] GC(45)   Post Evacuate Collection Set: 1.5ms
[2022-07-11T08:18:17.654+0000][9][gc,phases   ] GC(45)   Other: 0.2ms
[2022-07-11T08:18:17.654+0000][9][gc,age      ] GC(45) Age table with threshold 15 (max threshold 15)
[2022-07-11T08:18:17.654+0000][9][gc,age      ] GC(45) - age   1:   25316096 bytes,   25316096 total
[2022-07-11T08:18:17.654+0000][9][gc,age      ] GC(45) - age   2:   11297528 bytes,   36613624 total
[2022-07-11T08:18:17.654+0000][9][gc,age      ] GC(45) - age   3:      23688 bytes,   36637312 total
[2022-07-11T08:18:17.654+0000][9][gc,age      ] GC(45) - age   4:       9664 bytes,   36646976 total
[2022-07-11T08:18:17.654+0000][9][gc,age      ] GC(45) - age   5:      27496 bytes,   36674472 total
[2022-07-11T08:18:17.654+0000][9][gc,age      ] GC(45) - age   6:       2608 bytes,   36677080 total
[2022-07-11T08:18:17.654+0000][9][gc,age      ] GC(45) - age   7:       3728 bytes,   36680808 total
[2022-07-11T08:18:17.654+0000][9][gc,age      ] GC(45) - age   8:       4648 bytes,   36685456 total
[2022-07-11T08:18:17.654+0000][9][gc,age      ] GC(45) - age   9:       1288 bytes,   36686744 total
[2022-07-11T08:18:17.654+0000][9][gc,age      ] GC(45) - age  10:       3552 bytes,   36690296 total
[2022-07-11T08:18:17.654+0000][9][gc,age      ] GC(45) - age  11:       8496 bytes,   36698792 total
[2022-07-11T08:18:17.654+0000][9][gc,age      ] GC(45) - age  12:       2400 bytes,   36701192 total
[2022-07-11T08:18:17.654+0000][9][gc,age      ] GC(45) - age  13:       4336 bytes,   36705528 total
[2022-07-11T08:18:17.654+0000][9][gc,age      ] GC(45) - age  14:       6120 bytes,   36711648 total
[2022-07-11T08:18:17.654+0000][9][gc,age      ] GC(45) - age  15:       1752 bytes,   36713400 total
[2022-07-11T08:18:17.654+0000][9][gc,heap     ] GC(45) Eden regions: 71->0(64)
[2022-07-11T08:18:17.654+0000][9][gc,heap     ] GC(45) Survivor regions: 5->10(10)
[2022-07-11T08:18:17.654+0000][9][gc,heap     ] GC(45) Old regions: 21->21
[2022-07-11T08:18:17.654+0000][9][gc,heap     ] GC(45) Archive regions: 2->2
[2022-07-11T08:18:17.654+0000][9][gc,heap     ] GC(45) Humongous regions: 1->1
[2022-07-11T08:18:17.654+0000][9][gc,metaspace] GC(45) Metaspace: 123897K(127040K)->123897K(127040K) NonClass: 107685K(109312K)->107685K(109312K) Class: 16211K(17728K)->16211K(17728K)
[2022-07-11T08:18:17.654+0000][9][gc          ] GC(45) Pause Young (Normal) (G1 Evacuation Pause) 390M->127M(512M) 16.274ms
[2022-07-11T08:18:17.654+0000][9][gc,cpu      ] GC(45) User=0.02s Sys=0.00s Real=0.02s
[2022-07-11T08:18:17.654+0000][9][safepoint   ] Safepoint "G1CollectForAllocation", Time since last: 246295456 ns, Reaching safepoint: 46165 ns, At safepoint: 16394457 ns, Total: 16440622 ns
[2022-07-11T08:18:18.654+0000][9][safepoint   ] Safepoint "Cleanup", Time since last: 1000128472 ns, Reaching safepoint: 92051 ns, At safepoint: 22628 ns, Total: 114679 ns
[2022-07-11T08:18:19.654+0000][9][safepoint   ] Safepoint "Cleanup", Time since last: 1000161158 ns, Reaching safepoint: 51892 ns, At safepoint: 12013 ns, Total: 63905 ns
[2022-07-11T08:18:20.655+0000][9][safepoint   ] Safepoint "Cleanup", Time since last: 1000131196 ns, Reaching safepoint: 58108 ns, At safepoint: 8241 ns, Total: 66349 ns
[2022-07-11T08:18:21.655+0000][9][safepoint   ] Safepoint "Cleanup", Time since last: 1000146492 ns, Reaching safepoint: 62857 ns, At safepoint: 10476 ns, Total: 73333 ns
[2022-07-11T08:18:22.655+0000][9][safepoint   ] Safepoint "Cleanup", Time since last: 1000130707 ns, Reaching safepoint: 54267 ns, At safepoint: 8171 ns, Total: 62438 ns
[2022-07-11T08:18:24.655+0000][9][safepoint   ] Safepoint "Cleanup", Time since last: 2000250799 ns, Reaching safepoint: 86254 ns, At safepoint: 12501 ns, Total: 98755 ns
[2022-07-11T08:18:28.155+0000][9][safepoint   ] Safepoint "Cleanup", Time since last: 3499261060 ns, Reaching safepoint: 63416 ns, At safepoint: 8102 ns, Total: 71518 ns
[2022-07-11T08:18:31.155+0000][9][safepoint   ] Safepoint "Cleanup", Time since last: 3000324375 ns, Reaching safepoint: 61530 ns, At safepoint: 8521 ns, Total: 70051 ns
[2022-07-11T08:18:33.155+0000][9][safepoint   ] Safepoint "Cleanup", Time since last: 2000198906 ns, Reaching safepoint: 52451 ns, At safepoint: 7613 ns, Total: 60064 ns
[2022-07-11T08:18:34.156+0000][9][safepoint   ] Safepoint "Cleanup", Time since last: 1000131196 ns, Reaching safepoint: 62997 ns, At safepoint: 8660 ns, Total: 71657 ns
[2022-07-11T08:18:40.156+0000][9][safepoint   ] Safepoint "Cleanup", Time since last: 6000563405 ns, Reaching safepoint: 48120 ns, At safepoint: 8032 ns, Total: 56152 ns
[2022-07-11T08:18:43.157+0000][9][safepoint   ] Safepoint "Cleanup", Time since last: 3000315435 ns, Reaching safepoint: 91353 ns, At safepoint: 12292 ns, Total: 103645 ns
[2022-07-11T08:18:46.429+0000][9][gc,start    ] GC(46) Pause Young (Normal) (G1 Evacuation Pause)
[2022-07-11T08:18:46.429+0000][9][gc,task     ] GC(46) Using 4 workers of 4 for evacuation
[2022-07-11T08:18:46.429+0000][9][gc,age      ] GC(46) Desired survivor size 20971520 bytes, new threshold 1 (max threshold 15)
[2022-07-11T08:18:46.438+0000][9][gc,phases   ] GC(46)   Pre Evacuate Collection Set: 0.1ms
[2022-07-11T08:18:46.438+0000][9][gc,phases   ] GC(46)   Merge Heap Roots: 0.1ms
[2022-07-11T08:18:46.438+0000][9][gc,phases   ] GC(46)   Evacuate Collection Set: 6.6ms
[2022-07-11T08:18:46.438+0000][9][gc,phases   ] GC(46)   Post Evacuate Collection Set: 1.4ms
[2022-07-11T08:18:46.438+0000][9][gc,phases   ] GC(46)   Other: 0.2ms
[2022-07-11T08:18:46.438+0000][9][gc,age      ] GC(46) Age table with threshold 1 (max threshold 15)
[2022-07-11T08:18:46.438+0000][9][gc,age      ] GC(46) - age   1:   26924096 bytes,   26924096 total
[2022-07-11T08:18:46.438+0000][9][gc,heap     ] GC(46) Eden regions: 64->0(57)
[2022-07-11T08:18:46.438+0000][9][gc,heap     ] GC(46) Survivor regions: 10->7(10)
[2022-07-11T08:18:46.438+0000][9][gc,heap     ] GC(46) Old regions: 21->26
[2022-07-11T08:18:46.438+0000][9][gc,heap     ] GC(46) Archive regions: 2->2
[2022-07-11T08:18:46.438+0000][9][gc,heap     ] GC(46) Humongous regions: 3->2
[2022-07-11T08:18:46.438+0000][9][gc,metaspace] GC(46) Metaspace: 123925K(127040K)->123925K(127040K) NonClass: 107713K(109312K)->107713K(109312K) Class: 16211K(17728K)->16211K(17728K)
[2022-07-11T08:18:46.438+0000][9][gc          ] GC(46) Pause Young (Normal) (G1 Evacuation Pause) 391M->141M(512M) 8.634ms
[2022-07-11T08:18:46.438+0000][9][gc,cpu      ] GC(46) User=0.03s Sys=0.01s Real=0.01s
[2022-07-11T08:18:46.438+0000][9][safepoint   ] Safepoint "G1CollectForAllocation", Time since last: 3272474838 ns, Reaching safepoint: 73264 ns, At safepoint: 8707802 ns, Total: 8781066 ns
[2022-07-11T08:18:49.574+0000][9][safepoint   ] Safepoint "Cleanup", Time since last: 3136418918 ns, Reaching safepoint: 40019 ns, At safepoint: 7613 ns, Total: 47632 ns
[2022-07-11T08:18:51.518+0000][9][safepoint   ] Safepoint "Cleanup", Time since last: 1943568438 ns, Reaching safepoint: 195695 ns, At safepoint: 13828 ns, Total: 209523 ns
[2022-07-11T08:18:51.934+0000][9][gc,start    ] GC(47) Pause Young (Normal) (G1 Evacuation Pause)
[2022-07-11T08:18:51.934+0000][9][gc,task     ] GC(47) Using 4 workers of 4 for evacuation
[2022-07-11T08:18:51.934+0000][9][gc,age      ] GC(47) Desired survivor size 16777216 bytes, new threshold 1 (max threshold 15)
[2022-07-11T08:18:51.940+0000][9][gc,phases   ] GC(47)   Pre Evacuate Collection Set: 0.1ms
[2022-07-11T08:18:51.940+0000][9][gc,phases   ] GC(47)   Merge Heap Roots: 0.1ms
[2022-07-11T08:18:51.940+0000][9][gc,phases   ] GC(47)   Evacuate Collection Set: 4.9ms
[2022-07-11T08:18:51.940+0000][9][gc,phases   ] GC(47)   Post Evacuate Collection Set: 1.1ms
[2022-07-11T08:18:51.940+0000][9][gc,phases   ] GC(47)   Other: 0.1ms
[2022-07-11T08:18:51.940+0000][9][gc,age      ] GC(47) Age table with threshold 1 (max threshold 15)
[2022-07-11T08:18:51.940+0000][9][gc,age      ] GC(47) - age   1:    1217336 bytes,    1217336 total
[2022-07-11T08:18:51.940+0000][9][gc,heap     ] GC(47) Eden regions: 57->0(57)
[2022-07-11T08:18:51.940+0000][9][gc,heap     ] GC(47) Survivor regions: 7->1(8)
[2022-07-11T08:18:51.940+0000][9][gc,heap     ] GC(47) Old regions: 26->35
[2022-07-11T08:18:51.940+0000][9][gc,heap     ] GC(47) Archive regions: 2->2
[2022-07-11T08:18:51.940+0000][9][gc,heap     ] GC(47) Humongous regions: 2->2
[2022-07-11T08:18:51.940+0000][9][gc,metaspace] GC(47) Metaspace: 124008K(127104K)->124008K(127104K) NonClass: 107792K(109376K)->107792K(109376K) Class: 16215K(17728K)->16215K(17728K)
[2022-07-11T08:18:51.941+0000][9][gc          ] GC(47) Pause Young (Normal) (G1 Evacuation Pause) 369M->149M(512M) 6.432ms
[2022-07-11T08:18:51.941+0000][9][gc,cpu      ] GC(47) User=0.02s Sys=0.00s Real=0.00s
[2022-07-11T08:18:51.941+0000][9][safepoint   ] Safepoint "G1CollectForAllocation", Time since last: 415902677 ns, Reaching safepoint: 39390 ns, At safepoint: 6496769 ns, Total: 6536159 ns
[2022-07-11T08:18:53.608+0000][9][safepoint   ] Safepoint "Cleanup", Time since last: 1667225826 ns, Reaching safepoint: 180470 ns, At safepoint: 11104 ns, Total: 191574 ns
[2022-07-11T08:18:54.608+0000][9][safepoint   ] Safepoint "Cleanup", Time since last: 1000162625 ns, Reaching safepoint: 83809 ns, At safepoint: 12991 ns, Total: 96800 ns
[2022-07-11T08:18:55.609+0000][9][safepoint   ] Safepoint "Cleanup", Time since last: 1000175684 ns, Reaching safepoint: 91143 ns, At safepoint: 12851 ns, Total: 103994 ns
[2022-07-11T08:18:57.609+0000][9][safepoint   ] Safepoint "Cleanup", Time since last: 2000252265 ns, Reaching safepoint: 77314 ns, At safepoint: 8102 ns, Total: 85416 ns
[2022-07-11T08:18:58.609+0000][9][safepoint   ] Safepoint "Cleanup", Time since last: 1000149284 ns, Reaching safepoint: 85067 ns, At safepoint: 13479 ns, Total: 98546 ns
[2022-07-11T08:19:00.609+0000][9][safepoint   ] Safepoint "Cleanup", Time since last: 2000262462 ns, Reaching safepoint: 65301 ns, At safepoint: 9080 ns, Total: 74381 ns
[2022-07-11T08:19:01.610+0000][9][safepoint   ] Safepoint "Cleanup", Time since last: 1000152218 ns, Reaching safepoint: 99803 ns, At safepoint: 16831 ns, Total: 116634 ns
[2022-07-11T08:19:03.610+0000][9][safepoint   ] Safepoint "Cleanup", Time since last: 2000241928 ns, Reaching safepoint: 70400 ns, At safepoint: 19416 ns, Total: 89816 ns
[2022-07-11T08:19:04.610+0000][9][safepoint   ] Safepoint "Cleanup", Time since last: 1000185672 ns, Reaching safepoint: 91353 ns, At safepoint: 13269 ns, Total: 104622 ns
[2022-07-11T08:19:05.611+0000][9][safepoint   ] Safepoint "Cleanup", Time since last: 1000170098 ns, Reaching safepoint: 103295 ns, At safepoint: 13200 ns, Total: 116495 ns
[2022-07-11T08:19:09.392+0000][9][gc,start    ] GC(48) Pause Young (Concurrent Start) (G1 Evacuation Pause)
[2022-07-11T08:19:09.392+0000][9][gc,task     ] GC(48) Using 4 workers of 4 for evacuation
[2022-07-11T08:19:09.392+0000][9][gc,age      ] GC(48) Desired survivor size 16777216 bytes, new threshold 15 (max threshold 15)
[2022-07-11T08:19:09.404+0000][9][gc,phases   ] GC(48)   Pre Evacuate Collection Set: 0.5ms
[2022-07-11T08:19:09.404+0000][9][gc,phases   ] GC(48)   Merge Heap Roots: 0.1ms
[2022-07-11T08:19:09.404+0000][9][gc,phases   ] GC(48)   Evacuate Collection Set: 10.1ms
[2022-07-11T08:19:09.404+0000][9][gc,phases   ] GC(48)   Post Evacuate Collection Set: 1.6ms
[2022-07-11T08:19:09.404+0000][9][gc,phases   ] GC(48)   Other: 0.2ms
[2022-07-11T08:19:09.404+0000][9][gc,age      ] GC(48) Age table with threshold 15 (max threshold 15)
[2022-07-11T08:19:09.404+0000][9][gc,age      ] GC(48) - age   1:    1248024 bytes,    1248024 total
[2022-07-11T08:19:09.404+0000][9][gc,age      ] GC(48) - age   2:      21024 bytes,    1269048 total
[2022-07-11T08:19:09.404+0000][9][gc,heap     ] GC(48) Eden regions: 57->0(59)
[2022-07-11T08:19:09.404+0000][9][gc,heap     ] GC(48) Survivor regions: 1->1(8)
[2022-07-11T08:19:09.404+0000][9][gc,heap     ] GC(48) Old regions: 35->35
[2022-07-11T08:19:09.405+0000][9][gc,heap     ] GC(48) Archive regions: 2->2
[2022-07-11T08:19:09.405+0000][9][gc,heap     ] GC(48) Humongous regions: 2->2
[2022-07-11T08:19:09.405+0000][9][gc,metaspace] GC(48) Metaspace: 124214K(127296K)->124214K(127296K) NonClass: 107972K(109568K)->107972K(109568K) Class: 16242K(17728K)->16242K(17728K)
[2022-07-11T08:19:09.405+0000][9][gc          ] GC(48) Pause Young (Concurrent Start) (G1 Evacuation Pause) 377M->149M(512M) 12.790ms
[2022-07-11T08:19:09.405+0000][9][gc          ] GC(49) Concurrent Mark Cycle
[2022-07-11T08:19:09.405+0000][9][gc,cpu      ] GC(48) User=0.02s Sys=0.00s Real=0.02s
[2022-07-11T08:19:09.405+0000][9][gc,marking  ] GC(49) Concurrent Clear Claimed Marks
[2022-07-11T08:19:09.405+0000][9][safepoint   ] Safepoint "G1CollectForAllocation", Time since last: 3781037597 ns, Reaching safepoint: 78641 ns, At safepoint: 12912034 ns, Total: 12990675 ns
[2022-07-11T08:19:09.405+0000][9][gc,marking  ] GC(49) Concurrent Clear Claimed Marks 0.308ms
[2022-07-11T08:19:09.405+0000][9][gc,marking  ] GC(49) Concurrent Scan Root Regions
[2022-07-11T08:19:09.409+0000][9][gc,marking  ] GC(49) Concurrent Scan Root Regions 3.646ms
[2022-07-11T08:19:09.409+0000][9][gc,marking  ] GC(49) Concurrent Mark
[2022-07-11T08:19:09.409+0000][9][gc,marking  ] GC(49) Concurrent Mark From Roots
[2022-07-11T08:19:09.409+0000][9][gc,task     ] GC(49) Using 1 workers of 1 for marking
[2022-07-11T08:19:09.532+0000][9][gc,marking  ] GC(49) Concurrent Mark From Roots 122.876ms
[2022-07-11T08:19:09.532+0000][9][gc,marking  ] GC(49) Concurrent Preclean
[2022-07-11T08:19:09.532+0000][9][gc,marking  ] GC(49) Concurrent Preclean 0.499ms
[2022-07-11T08:19:09.532+0000][9][gc,start    ] GC(49) Pause Remark
[2022-07-11T08:19:09.556+0000][9][gc          ] GC(49) Pause Remark 156M->132M(512M) 24.122ms
[2022-07-11T08:19:09.556+0000][9][gc,cpu      ] GC(49) User=0.06s Sys=0.00s Real=0.02s
[2022-07-11T08:19:09.556+0000][9][safepoint   ] Safepoint "G1Concurrent", Time since last: 127456721 ns, Reaching safepoint: 32407 ns, At safepoint: 24234551 ns, Total: 24266958 ns
[2022-07-11T08:19:09.556+0000][9][gc,marking  ] GC(49) Concurrent Mark 147.778ms
[2022-07-11T08:19:09.556+0000][9][gc,marking  ] GC(49) Concurrent Rebuild Remembered Sets
[2022-07-11T08:19:09.607+0000][9][gc,marking  ] GC(49) Concurrent Rebuild Remembered Sets 50.874ms
[2022-07-11T08:19:09.611+0000][9][gc,start    ] GC(49) Pause Cleanup
[2022-07-11T08:19:09.611+0000][9][gc          ] GC(49) Pause Cleanup 132M->132M(512M) 0.117ms
[2022-07-11T08:19:09.611+0000][9][gc,cpu      ] GC(49) User=0.00s Sys=0.00s Real=0.00s
[2022-07-11T08:19:09.611+0000][9][safepoint   ] Safepoint "G1Concurrent", Time since last: 51005248 ns, Reaching safepoint: 3201311 ns, At safepoint: 164826 ns, Total: 3366137 ns
[2022-07-11T08:19:09.611+0000][9][gc,marking  ] GC(49) Concurrent Cleanup for Next Mark
[2022-07-11T08:19:09.612+0000][9][gc,marking  ] GC(49) Concurrent Cleanup for Next Mark 0.819ms
[2022-07-11T08:19:09.612+0000][9][gc          ] GC(49) Concurrent Mark Cycle 207.041ms
[2022-07-11T08:19:10.611+0000][9][safepoint   ] Safepoint "Cleanup", Time since last: 1000131824 ns, Reaching safepoint: 184171 ns, At safepoint: 13479 ns, Total: 197650 ns
[2022-07-11T08:19:11.611+0000][9][safepoint   ] Safepoint "Cleanup", Time since last: 1000207183 ns, Reaching safepoint: 88769 ns, At safepoint: 13269 ns, Total: 102038 ns
[2022-07-11T08:19:13.612+0000][9][safepoint   ] Safepoint "Cleanup", Time since last: 2000268119 ns, Reaching safepoint: 69073 ns, At safepoint: 12781 ns, Total: 81854 ns
[2022-07-11T08:19:15.612+0000][9][safepoint   ] Safepoint "Cleanup", Time since last: 2000294099 ns, Reaching safepoint: 99244 ns, At safepoint: 12712 ns, Total: 111956 ns
[2022-07-11T08:19:20.613+0000][9][safepoint   ] Safepoint "Cleanup", Time since last: 5000530194 ns, Reaching safepoint: 73333 ns, At safepoint: 12851 ns, Total: 86184 ns
[2022-07-11T08:19:21.613+0000][9][safepoint   ] Safepoint "Cleanup", Time since last: 1000167234 ns, Reaching safepoint: 112025 ns, At safepoint: 21581 ns, Total: 133606 ns
[2022-07-11T08:19:24.614+0000][9][safepoint   ] Safepoint "Cleanup", Time since last: 3000355104 ns, Reaching safepoint: 77804 ns, At safepoint: 14806 ns, Total: 92610 ns
[2022-07-11T08:19:25.614+0000][9][safepoint   ] Safepoint "Cleanup", Time since last: 1000158084 ns, Reaching safepoint: 78642 ns, At safepoint: 12501 ns, Total: 91143 ns
[2022-07-11T08:19:27.614+0000][9][safepoint   ] Safepoint "Cleanup", Time since last: 2000267001 ns, Reaching safepoint: 88698 ns, At safepoint: 12222 ns, Total: 100920 ns
[2022-07-11T08:19:31.615+0000][9][safepoint   ] Safepoint "Cleanup", Time since last: 4000488326 ns, Reaching safepoint: 82901 ns, At safepoint: 13968 ns, Total: 96869 ns
[2022-07-11T08:19:33.615+0000][9][safepoint   ] Safepoint "Cleanup", Time since last: 2000267909 ns, Reaching safepoint: 112584 ns, At safepoint: 14597 ns, Total: 127181 ns
[2022-07-11T08:19:34.615+0000][9][safepoint   ] Safepoint "Cleanup", Time since last: 1000162973 ns, Reaching safepoint: 75499 ns, At safepoint: 16971 ns, Total: 92470 ns
[2022-07-11T08:19:35.616+0000][9][safepoint   ] Safepoint "Cleanup", Time since last: 1000170097 ns, Reaching safepoint: 133187 ns, At safepoint: 19346 ns, Total: 152533 ns
[2022-07-11T08:19:36.616+0000][9][safepoint   ] Safepoint "Cleanup", Time since last: 1000235818 ns, Reaching safepoint: 75778 ns, At safepoint: 12711 ns, Total: 88489 ns
[2022-07-11T08:19:38.617+0000][9][safepoint   ] Safepoint "Cleanup", Time since last: 2000499013 ns, Reaching safepoint: 90025 ns, At safepoint: 23188 ns, Total: 113213 ns
[2022-07-11T08:19:39.617+0000][9][safepoint   ] Safepoint "Cleanup", Time since last: 1000173240 ns, Reaching safepoint: 62088 ns, At safepoint: 11315 ns, Total: 73403 ns
[2022-07-11T08:19:40.617+0000][9][safepoint   ] Safepoint "Cleanup", Time since last: 1000136014 ns, Reaching safepoint: 53848 ns, At safepoint: 7193 ns, Total: 61041 ns
[2022-07-11T08:19:45.618+0000][9][safepoint   ] Safepoint "Cleanup", Time since last: 5000470759 ns, Reaching safepoint: 91213 ns, At safepoint: 8520 ns, Total: 99733 ns
[2022-07-11T08:19:48.618+0000][9][safepoint   ] Safepoint "Cleanup", Time since last: 3000297346 ns, Reaching safepoint: 129276 ns, At safepoint: 13270 ns, Total: 142546 ns
[2022-07-11T08:19:51.619+0000][9][safepoint   ] Safepoint "Cleanup", Time since last: 3000329053 ns, Reaching safepoint: 91492 ns, At safepoint: 19555 ns, Total: 111047 ns
[2022-07-11T08:20:00.620+0000][9][safepoint   ] Safepoint "Cleanup", Time since last: 9000936245 ns, Reaching safepoint: 104971 ns, At safepoint: 12781 ns, Total: 117752 ns
[2022-07-11T08:20:03.620+0000][9][safepoint   ] Safepoint "Cleanup", Time since last: 3000371936 ns, Reaching safepoint: 110698 ns, At safepoint: 12571 ns, Total: 123269 ns
[2022-07-11T08:20:09.621+0000][9][safepoint   ] Safepoint "Cleanup", Time since last: 6000620042 ns, Reaching safepoint: 115588 ns, At safepoint: 12781 ns, Total: 128369 ns
[2022-07-11T08:20:16.622+0000][9][safepoint   ] Safepoint "Cleanup", Time since last: 7000701859 ns, Reaching safepoint: 120686 ns, At safepoint: 13409 ns, Total: 134095 ns
[2022-07-11T08:20:18.622+0000][9][safepoint   ] Safepoint "Cleanup", Time since last: 2000259876 ns, Reaching safepoint: 128299 ns, At safepoint: 17390 ns, Total: 145689 ns
[2022-07-11T08:20:22.623+0000][9][safepoint   ] Safepoint "Cleanup", Time since last: 4000440553 ns, Reaching safepoint: 91142 ns, At safepoint: 19626 ns, Total: 110768 ns
[2022-07-11T08:20:27.623+0000][9][safepoint   ] Safepoint "Cleanup", Time since last: 5000518738 ns, Reaching safepoint: 72635 ns, At safepoint: 12502 ns, Total: 85137 ns
[2022-07-11T08:20:33.344+0000][9][gc,start    ] GC(50) Pause Young (Prepare Mixed) (G1 Evacuation Pause)
[2022-07-11T08:20:33.344+0000][9][gc,task     ] GC(50) Using 4 workers of 4 for evacuation
[2022-07-11T08:20:33.344+0000][9][gc,age      ] GC(50) Desired survivor size 16777216 bytes, new threshold 15 (max threshold 15)
[2022-07-11T08:20:33.348+0000][9][gc,phases   ] GC(50)   Pre Evacuate Collection Set: 0.1ms
[2022-07-11T08:20:33.348+0000][9][gc,phases   ] GC(50)   Merge Heap Roots: 0.1ms
[2022-07-11T08:20:33.348+0000][9][gc,phases   ] GC(50)   Evacuate Collection Set: 2.4ms
[2022-07-11T08:20:33.348+0000][9][gc,phases   ] GC(50)   Post Evacuate Collection Set: 1.0ms
[2022-07-11T08:20:33.348+0000][9][gc,phases   ] GC(50)   Other: 0.1ms
[2022-07-11T08:20:33.348+0000][9][gc,age      ] GC(50) Age table with threshold 15 (max threshold 15)
[2022-07-11T08:20:33.348+0000][9][gc,age      ] GC(50) - age   1:     950784 bytes,     950784 total
[2022-07-11T08:20:33.348+0000][9][gc,age      ] GC(50) - age   2:     140336 bytes,    1091120 total
[2022-07-11T08:20:33.348+0000][9][gc,age      ] GC(50) - age   3:      15200 bytes,    1106320 total
[2022-07-11T08:20:33.348+0000][9][gc,heap     ] GC(50) Eden regions: 59->0(5)
[2022-07-11T08:20:33.348+0000][9][gc,heap     ] GC(50) Survivor regions: 1->1(8)
[2022-07-11T08:20:33.348+0000][9][gc,heap     ] GC(50) Old regions: 31->31
[2022-07-11T08:20:33.348+0000][9][gc,heap     ] GC(50) Archive regions: 2->2
[2022-07-11T08:20:33.348+0000][9][gc,heap     ] GC(50) Humongous regions: 0->0
[2022-07-11T08:20:33.348+0000][9][gc,metaspace] GC(50) Metaspace: 121829K(127296K)->121829K(127296K) NonClass: 106139K(109568K)->106139K(109568K) Class: 15690K(17728K)->15690K(17728K)
[2022-07-11T08:20:33.348+0000][9][gc          ] GC(50) Pause Young (Prepare Mixed) (G1 Evacuation Pause) 361M->125M(512M) 4.011ms
[2022-07-11T08:20:33.348+0000][9][gc,cpu      ] GC(50) User=0.02s Sys=0.01s Real=0.00s
[2022-07-11T08:20:33.348+0000][9][safepoint   ] Safepoint "G1CollectForAllocation", Time since last: 5721133247 ns, Reaching safepoint: 58178 ns, At safepoint: 4082847 ns, Total: 4141025 ns
[2022-07-11T08:20:39.349+0000][9][safepoint   ] Safepoint "Cleanup", Time since last: 6000572130 ns, Reaching safepoint: 101549 ns, At safepoint: 16622 ns, Total: 118171 ns
[2022-07-11T08:20:39.373+0000][9][gc,start    ] GC(51) Pause Young (Mixed) (G1 Evacuation Pause)
[2022-07-11T08:20:39.373+0000][9][gc,task     ] GC(51) Using 4 workers of 4 for evacuation
[2022-07-11T08:20:39.373+0000][9][gc,age      ] GC(51) Desired survivor size 2097152 bytes, new threshold 15 (max threshold 15)
[2022-07-11T08:20:39.378+0000][9][gc,phases   ] GC(51)   Pre Evacuate Collection Set: 0.1ms
[2022-07-11T08:20:39.378+0000][9][gc,phases   ] GC(51)   Merge Heap Roots: 0.1ms
[2022-07-11T08:20:39.378+0000][9][gc,phases   ] GC(51)   Evacuate Collection Set: 1.9ms
[2022-07-11T08:20:39.378+0000][9][gc,phases   ] GC(51)   Post Evacuate Collection Set: 3.0ms
[2022-07-11T08:20:39.378+0000][9][gc,phases   ] GC(51)   Other: 0.2ms
[2022-07-11T08:20:39.378+0000][9][gc,age      ] GC(51) Age table with threshold 15 (max threshold 15)
[2022-07-11T08:20:39.378+0000][9][gc,age      ] GC(51) - age   1:     620632 bytes,     620632 total
[2022-07-11T08:20:39.378+0000][9][gc,age      ] GC(51) - age   2:     501736 bytes,    1122368 total
[2022-07-11T08:20:39.378+0000][9][gc,age      ] GC(51) - age   3:     137488 bytes,    1259856 total
[2022-07-11T08:20:39.378+0000][9][gc,age      ] GC(51) - age   4:      15200 bytes,    1275056 total
[2022-07-11T08:20:39.378+0000][9][gc,heap     ] GC(51) Eden regions: 5->0(70)
[2022-07-11T08:20:39.378+0000][9][gc,heap     ] GC(51) Survivor regions: 1->1(1)
[2022-07-11T08:20:39.378+0000][9][gc,heap     ] GC(51) Old regions: 31->27
[2022-07-11T08:20:39.378+0000][9][gc,heap     ] GC(51) Archive regions: 2->2
[2022-07-11T08:20:39.378+0000][9][gc,heap     ] GC(51) Humongous regions: 0->0
[2022-07-11T08:20:39.379+0000][9][gc,metaspace] GC(51) Metaspace: 121829K(127296K)->121829K(127296K) NonClass: 106139K(109568K)->106139K(109568K) Class: 15690K(17728K)->15690K(17728K)
[2022-07-11T08:20:39.379+0000][9][gc          ] GC(51) Pause Young (Mixed) (G1 Evacuation Pause) 145M->109M(512M) 5.623ms
[2022-07-11T08:20:39.379+0000][9][gc,cpu      ] GC(51) User=0.00s Sys=0.00s Real=0.00s
[2022-07-11T08:20:39.379+0000][9][safepoint   ] Safepoint "G1CollectForAllocation", Time since last: 23717448 ns, Reaching safepoint: 44349 ns, At safepoint: 5731798 ns, Total: 5776147 ns
[2022-07-11T08:20:40.379+0000][9][safepoint   ] Safepoint "Cleanup", Time since last: 1000136434 ns, Reaching safepoint: 78082 ns, At safepoint: 12292 ns, Total: 90374 ns
[2022-07-11T08:20:52.380+0000][9][safepoint   ] Safepoint "Cleanup", Time since last: 12001148659 ns, Reaching safepoint: 108883 ns, At safepoint: 13689 ns, Total: 122572 ns
[2022-07-11T08:21:16.383+0000][9][safepoint   ] Safepoint "Cleanup", Time since last: 24002463607 ns, Reaching safepoint: 102457 ns, At safepoint: 26330 ns, Total: 128787 ns
[2022-07-11T08:21:20.383+0000][9][safepoint   ] Safepoint "Cleanup", Time since last: 4000519193 ns, Reaching safepoint: 84019 ns, At safepoint: 12851 ns, Total: 96870 ns
[2022-07-11T08:21:22.384+0000][9][safepoint   ] Safepoint "Cleanup", Time since last: 2000277824 ns, Reaching safepoint: 94426 ns, At safepoint: 10895 ns, Total: 105321 ns
[2022-07-11T08:21:40.386+0000][9][safepoint   ] Safepoint "Cleanup", Time since last: 18001779939 ns, Reaching safepoint: 61600 ns, At safepoint: 13410 ns, Total: 75010 ns
[2022-07-11T08:21:46.386+0000][9][safepoint   ] Safepoint "Cleanup", Time since last: 6000621645 ns, Reaching safepoint: 74940 ns, At safepoint: 12850 ns, Total: 87790 ns
[2022-07-11T08:21:52.387+0000][9][safepoint   ] Safepoint "Cleanup", Time since last: 6000602928 ns, Reaching safepoint: 48120 ns, At safepoint: 8661 ns, Total: 56781 ns
[2022-07-11T08:21:53.387+0000][9][safepoint   ] Safepoint "Cleanup", Time since last: 1000160947 ns, Reaching safepoint: 86254 ns, At safepoint: 12501 ns, Total: 98755 ns
[2022-07-11T08:22:04.388+0000][9][safepoint   ] Safepoint "Cleanup", Time since last: 11001130323 ns, Reaching safepoint: 93937 ns, At safepoint: 9219 ns, Total: 103156 ns
[2022-07-11T08:22:10.389+0000][9][safepoint   ] Safepoint "Cleanup", Time since last: 6000543631 ns, Reaching safepoint: 76546 ns, At safepoint: 13410 ns, Total: 89956 ns
[2022-07-11T08:22:22.054+0000][9][gc,start    ] GC(52) Pause Young (Normal) (G1 Evacuation Pause)
[2022-07-11T08:22:22.054+0000][9][gc,task     ] GC(52) Using 4 workers of 4 for evacuation
[2022-07-11T08:22:22.054+0000][9][gc,age      ] GC(52) Desired survivor size 18874368 bytes, new threshold 15 (max threshold 15)
[2022-07-11T08:22:22.057+0000][9][gc,phases   ] GC(52)   Pre Evacuate Collection Set: 0.1ms
[2022-07-11T08:22:22.057+0000][9][gc,phases   ] GC(52)   Merge Heap Roots: 0.1ms
[2022-07-11T08:22:22.057+0000][9][gc,phases   ] GC(52)   Evacuate Collection Set: 2.1ms
[2022-07-11T08:22:22.057+0000][9][gc,phases   ] GC(52)   Post Evacuate Collection Set: 0.9ms
[2022-07-11T08:22:22.057+0000][9][gc,phases   ] GC(52)   Other: 0.2ms
[2022-07-11T08:22:22.057+0000][9][gc,age      ] GC(52) Age table with threshold 15 (max threshold 15)
[2022-07-11T08:22:22.057+0000][9][gc,age      ] GC(52) - age   1:     888112 bytes,     888112 total
[2022-07-11T08:22:22.057+0000][9][gc,age      ] GC(52) - age   2:        648 bytes,     888760 total
[2022-07-11T08:22:22.057+0000][9][gc,age      ] GC(52) - age   3:       4688 bytes,     893448 total
[2022-07-11T08:22:22.057+0000][9][gc,age      ] GC(52) - age   4:     136784 bytes,    1030232 total
[2022-07-11T08:22:22.057+0000][9][gc,age      ] GC(52) - age   5:      15200 bytes,    1045432 total
[2022-07-11T08:22:22.057+0000][9][gc,heap     ] GC(52) Eden regions: 70->0(71)
[2022-07-11T08:22:22.057+0000][9][gc,heap     ] GC(52) Survivor regions: 1->1(9)
[2022-07-11T08:22:22.057+0000][9][gc,heap     ] GC(52) Old regions: 27->27
[2022-07-11T08:22:22.057+0000][9][gc,heap     ] GC(52) Archive regions: 2->2
[2022-07-11T08:22:22.057+0000][9][gc,heap     ] GC(52) Humongous regions: 0->0
[2022-07-11T08:22:22.057+0000][9][gc,metaspace] GC(52) Metaspace: 121835K(127296K)->121835K(127296K) NonClass: 106145K(109568K)->106145K(109568K) Class: 15690K(17728K)->15690K(17728K)
[2022-07-11T08:22:22.057+0000][9][gc          ] GC(52) Pause Young (Normal) (G1 Evacuation Pause) 389M->109M(512M) 3.691ms
[2022-07-11T08:22:22.057+0000][9][gc,cpu      ] GC(52) User=0.00s Sys=0.00s Real=0.00s
[2022-07-11T08:22:22.057+0000][9][safepoint   ] Safepoint "G1CollectForAllocation", Time since last: 11664357005 ns, Reaching safepoint: 44838 ns, At safepoint: 3772403 ns, Total: 3817241 ns
[2022-07-11T08:22:25.058+0000][9][safepoint   ] Safepoint "Cleanup", Time since last: 3000307400 ns, Reaching safepoint: 74101 ns, At safepoint: 11035 ns, Total: 85136 ns
[2022-07-11T08:22:40.059+0000][9][safepoint   ] Safepoint "Cleanup", Time since last: 15001348497 ns, Reaching safepoint: 117403 ns, At safepoint: 18368 ns, Total: 135771 ns
[2022-07-11T08:22:43.060+0000][9][safepoint   ] Safepoint "Cleanup", Time since last: 3000366346 ns, Reaching safepoint: 82412 ns, At safepoint: 12851 ns, Total: 95263 ns
[2022-07-11T08:23:01.061+0000][9][safepoint   ] Safepoint "Cleanup", Time since last: 18001654009 ns, Reaching safepoint: 60063 ns, At safepoint: 8102 ns, Total: 68165 ns
[2022-07-11T08:23:03.596+0000][9][safepoint   ] Safepoint "Cleanup", Time since last: 2534477056 ns, Reaching safepoint: 111956 ns, At safepoint: 9638 ns, Total: 121594 ns
[2022-07-11T08:23:04.596+0000][9][safepoint   ] Safepoint "Cleanup", Time since last: 1000139435 ns, Reaching safepoint: 92121 ns, At safepoint: 12781 ns, Total: 104902 ns
[2022-07-11T08:23:09.597+0000][9][safepoint   ] Safepoint "Cleanup", Time since last: 5000508467 ns, Reaching safepoint: 114190 ns, At safepoint: 12292 ns, Total: 126482 ns
[2022-07-11T08:23:20.598+0000][9][safepoint   ] Safepoint "Cleanup", Time since last: 11001026885 ns, Reaching safepoint: 70888 ns, At safepoint: 8381 ns, Total: 79269 ns
[2022-07-11T08:23:28.599+0000][9][safepoint   ] Safepoint "Cleanup", Time since last: 8000782552 ns, Reaching safepoint: 49517 ns, At safepoint: 8661 ns, Total: 58178 ns
[2022-07-11T08:23:33.599+0000][9][safepoint   ] Safepoint "Cleanup", Time since last: 5000493660 ns, Reaching safepoint: 70470 ns, At safepoint: 20603 ns, Total: 91073 ns
[2022-07-11T08:23:34.600+0000][9][safepoint   ] Safepoint "Cleanup", Time since last: 1000164369 ns, Reaching safepoint: 89187 ns, At safepoint: 20952 ns, Total: 110139 ns
[2022-07-11T08:23:36.600+0000][9][safepoint   ] Safepoint "Cleanup", Time since last: 2000285646 ns, Reaching safepoint: 133886 ns, At safepoint: 14736 ns, Total: 148622 ns
[2022-07-11T08:23:39.601+0000][9][safepoint   ] Safepoint "Cleanup", Time since last: 3000704167 ns, Reaching safepoint: 87720 ns, At safepoint: 10826 ns, Total: 98546 ns
[2022-07-11T08:23:48.602+0000][9][safepoint   ] Safepoint "Cleanup", Time since last: 9000908996 ns, Reaching safepoint: 69561 ns, At safepoint: 12432 ns, Total: 81993 ns
[2022-07-11T08:23:51.602+0000][9][safepoint   ] Safepoint "Cleanup", Time since last: 3000337361 ns, Reaching safepoint: 89606 ns, At safepoint: 12222 ns, Total: 101828 ns
[2022-07-11T08:24:03.604+0000][9][safepoint   ] Safepoint "Cleanup", Time since last: 12001205708 ns, Reaching safepoint: 81644 ns, At safepoint: 49029 ns, Total: 130673 ns
[2022-07-11T08:24:04.323+0000][9][gc,start    ] GC(53) Pause Young (Normal) (G1 Evacuation Pause)
[2022-07-11T08:24:04.323+0000][9][gc,task     ] GC(53) Using 4 workers of 4 for evacuation
[2022-07-11T08:24:04.323+0000][9][gc,age      ] GC(53) Desired survivor size 18874368 bytes, new threshold 15 (max threshold 15)
[2022-07-11T08:24:04.326+0000][9][gc,phases   ] GC(53)   Pre Evacuate Collection Set: 0.1ms
[2022-07-11T08:24:04.326+0000][9][gc,phases   ] GC(53)   Merge Heap Roots: 0.1ms
[2022-07-11T08:24:04.326+0000][9][gc,phases   ] GC(53)   Evacuate Collection Set: 2.1ms
[2022-07-11T08:24:04.326+0000][9][gc,phases   ] GC(53)   Post Evacuate Collection Set: 1.2ms
[2022-07-11T08:24:04.326+0000][9][gc,phases   ] GC(53)   Other: 0.1ms
[2022-07-11T08:24:04.326+0000][9][gc,age      ] GC(53) Age table with threshold 15 (max threshold 15)
[2022-07-11T08:24:04.326+0000][9][gc,age      ] GC(53) - age   1:     975456 bytes,     975456 total
[2022-07-11T08:24:04.326+0000][9][gc,age      ] GC(53) - age   2:      10280 bytes,     985736 total
[2022-07-11T08:24:04.326+0000][9][gc,age      ] GC(53) - age   3:        272 bytes,     986008 total
[2022-07-11T08:24:04.327+0000][9][gc,age      ] GC(53) - age   4:       3864 bytes,     989872 total
[2022-07-11T08:24:04.327+0000][9][gc,age      ] GC(53) - age   5:     133920 bytes,    1123792 total
[2022-07-11T08:24:04.327+0000][9][gc,age      ] GC(53) - age   6:      14432 bytes,    1138224 total
[2022-07-11T08:24:04.327+0000][9][gc,heap     ] GC(53) Eden regions: 71->0(72)
[2022-07-11T08:24:04.327+0000][9][gc,heap     ] GC(53) Survivor regions: 1->1(9)
[2022-07-11T08:24:04.327+0000][9][gc,heap     ] GC(53) Old regions: 27->27
[2022-07-11T08:24:04.327+0000][9][gc,heap     ] GC(53) Archive regions: 2->2
[2022-07-11T08:24:04.327+0000][9][gc,heap     ] GC(53) Humongous regions: 0->0
[2022-07-11T08:24:04.327+0000][9][gc,metaspace] GC(53) Metaspace: 121916K(127296K)->121916K(127296K) NonClass: 106213K(109568K)->106213K(109568K) Class: 15702K(17728K)->15702K(17728K)
[2022-07-11T08:24:04.327+0000][9][gc          ] GC(53) Pause Young (Normal) (G1 Evacuation Pause) 393M->109M(512M) 4.121ms
[2022-07-11T08:24:04.327+0000][9][gc,cpu      ] GC(53) User=0.00s Sys=0.01s Real=0.01s
[2022-07-11T08:24:04.327+0000][9][safepoint   ] Safepoint "G1CollectForAllocation", Time since last: 718876789 ns, Reaching safepoint: 46445 ns, At safepoint: 4226790 ns, Total: 4273235 ns
[2022-07-11T08:24:09.327+0000][9][safepoint   ] Safepoint "Cleanup", Time since last: 5000496523 ns, Reaching safepoint: 116914 ns, At safepoint: 17181 ns, Total: 134095 ns
[2022-07-11T08:24:10.328+0000][9][safepoint   ] Safepoint "Cleanup", Time since last: 1000157874 ns, Reaching safepoint: 83390 ns, At safepoint: 12502 ns, Total: 95892 ns
[2022-07-11T08:24:17.328+0000][9][safepoint   ] Safepoint "Cleanup", Time since last: 7000718613 ns, Reaching safepoint: 63904 ns, At safepoint: 13480 ns, Total: 77384 ns
[2022-07-11T08:24:31.330+0000][9][safepoint   ] Safepoint "Cleanup", Time since last: 14001327155 ns, Reaching safepoint: 135841 ns, At safepoint: 12781 ns, Total: 148622 ns
[2022-07-11T08:24:40.309+0000][9][safepoint   ] Safepoint "Cleanup", Time since last: 8978466219 ns, Reaching safepoint: 113841 ns, At safepoint: 14736 ns, Total: 128577 ns
[2022-07-11T08:24:45.309+0000][9][safepoint   ] Safepoint "Cleanup", Time since last: 5000528859 ns, Reaching safepoint: 115727 ns, At safepoint: 12781 ns, Total: 128508 ns
[2022-07-11T08:24:57.395+0000][9][safepoint   ] Safepoint "Cleanup", Time since last: 12085758830 ns, Reaching safepoint: 73822 ns, At safepoint: 27378 ns, Total: 101200 ns
[2022-07-11T08:24:58.395+0000][9][safepoint   ] Safepoint "Cleanup", Time since last: 1000185670 ns, Reaching safepoint: 102178 ns, At safepoint: 12990 ns, Total: 115168 ns
[2022-07-11T08:25:00.396+0000][9][safepoint   ] Safepoint "Cleanup", Time since last: 2000269721 ns, Reaching safepoint: 105321 ns, At safepoint: 13270 ns, Total: 118591 ns
[2022-07-11T08:25:04.396+0000][9][safepoint   ] Safepoint "Cleanup", Time since last: 4000460172 ns, Reaching safepoint: 103715 ns, At safepoint: 15504 ns, Total: 119219 ns
[2022-07-11T08:25:15.398+0000][9][safepoint   ] Safepoint "Cleanup", Time since last: 11001058867 ns, Reaching safepoint: 137377 ns, At safepoint: 9010 ns, Total: 146387 ns
[2022-07-11T08:25:16.398+0000][9][safepoint   ] Safepoint "Cleanup", Time since last: 1000149422 ns, Reaching safepoint: 82692 ns, At safepoint: 12432 ns, Total: 95124 ns
[2022-07-11T08:25:27.399+0000][9][safepoint   ] Safepoint "Cleanup", Time since last: 11001052371 ns, Reaching safepoint: 80387 ns, At safepoint: 12921 ns, Total: 93308 ns
[2022-07-11T08:25:42.298+0000][9][gc,start    ] GC(54) Pause Young (Normal) (G1 Evacuation Pause)
[2022-07-11T08:25:42.298+0000][9][gc,task     ] GC(54) Using 4 workers of 4 for evacuation
[2022-07-11T08:25:42.298+0000][9][gc,age      ] GC(54) Desired survivor size 20971520 bytes, new threshold 15 (max threshold 15)
[2022-07-11T08:25:42.302+0000][9][gc,phases   ] GC(54)   Pre Evacuate Collection Set: 0.1ms
[2022-07-11T08:25:42.302+0000][9][gc,phases   ] GC(54)   Merge Heap Roots: 0.1ms
[2022-07-11T08:25:42.302+0000][9][gc,phases   ] GC(54)   Evacuate Collection Set: 2.5ms
[2022-07-11T08:25:42.302+0000][9][gc,phases   ] GC(54)   Post Evacuate Collection Set: 1.6ms
[2022-07-11T08:25:42.302+0000][9][gc,phases   ] GC(54)   Other: 0.2ms
[2022-07-11T08:25:42.302+0000][9][gc,age      ] GC(54) Age table with threshold 15 (max threshold 15)
[2022-07-11T08:25:42.302+0000][9][gc,age      ] GC(54) - age   1:     566848 bytes,     566848 total
[2022-07-11T08:25:42.302+0000][9][gc,age      ] GC(54) - age   2:      50336 bytes,     617184 total
[2022-07-11T08:25:42.302+0000][9][gc,age      ] GC(54) - age   3:       8768 bytes,     625952 total
[2022-07-11T08:25:42.302+0000][9][gc,age      ] GC(54) - age   4:        272 bytes,     626224 total
[2022-07-11T08:25:42.303+0000][9][gc,age      ] GC(54) - age   5:       3672 bytes,     629896 total
[2022-07-11T08:25:42.303+0000][9][gc,age      ] GC(54) - age   6:     133920 bytes,     763816 total
[2022-07-11T08:25:42.303+0000][9][gc,age      ] GC(54) - age   7:      14432 bytes,     778248 total
[2022-07-11T08:25:42.303+0000][9][gc,heap     ] GC(54) Eden regions: 72->0(73)
[2022-07-11T08:25:42.303+0000][9][gc,heap     ] GC(54) Survivor regions: 1->1(10)
[2022-07-11T08:25:42.303+0000][9][gc,heap     ] GC(54) Old regions: 27->27
[2022-07-11T08:25:42.303+0000][9][gc,heap     ] GC(54) Archive regions: 2->2
[2022-07-11T08:25:42.303+0000][9][gc,heap     ] GC(54) Humongous regions: 0->0
[2022-07-11T08:25:42.303+0000][9][gc,metaspace] GC(54) Metaspace: 121918K(127296K)->121918K(127296K) NonClass: 106215K(109568K)->106215K(109568K) Class: 15702K(17728K)->15702K(17728K)
[2022-07-11T08:25:42.303+0000][9][gc          ] GC(54) Pause Young (Normal) (G1 Evacuation Pause) 397M->109M(512M) 4.964ms
[2022-07-11T08:25:42.303+0000][9][gc,cpu      ] GC(54) User=0.01s Sys=0.00s Real=0.00s
[2022-07-11T08:25:42.303+0000][9][safepoint   ] Safepoint "G1CollectForAllocation", Time since last: 14898688817 ns, Reaching safepoint: 72076 ns, At safepoint: 5086885 ns, Total: 5158961 ns
[2022-07-11T08:25:46.303+0000][9][safepoint   ] Safepoint "Cleanup", Time since last: 4000374826 ns, Reaching safepoint: 117333 ns, At safepoint: 12432 ns, Total: 129765 ns
[2022-07-11T08:26:00.305+0000][9][safepoint   ] Safepoint "Cleanup", Time since last: 14001316046 ns, Reaching safepoint: 183193 ns, At safepoint: 16553 ns, Total: 199746 ns
[2022-07-11T08:26:01.305+0000][9][safepoint   ] Safepoint "Cleanup", Time since last: 1000182527 ns, Reaching safepoint: 73892 ns, At safepoint: 12990 ns, Total: 86882 ns
[2022-07-11T08:26:04.306+0000][9][safepoint   ] Safepoint "Cleanup", Time since last: 3000399169 ns, Reaching safepoint: 84647 ns, At safepoint: 10895 ns, Total: 95542 ns
[2022-07-11T08:26:10.307+0000][9][safepoint   ] Safepoint "Cleanup", Time since last: 6001026019 ns, Reaching safepoint: 79131 ns, At safepoint: 12361 ns, Total: 91492 ns
[2022-07-11T08:26:13.307+0000][9][safepoint   ] Safepoint "Cleanup", Time since last: 3000396096 ns, Reaching safepoint: 91422 ns, At safepoint: 12851 ns, Total: 104273 ns
[2022-07-11T08:26:28.310+0000][9][safepoint   ] Safepoint "Cleanup", Time since last: 15002376755 ns, Reaching safepoint: 53778 ns, At safepoint: 11104 ns, Total: 64882 ns
[2022-07-11T08:26:29.310+0000][9][safepoint   ] Safepoint "Cleanup", Time since last: 1000157385 ns, Reaching safepoint: 79549 ns, At safepoint: 12990 ns, Total: 92539 ns
[2022-07-11T08:26:40.312+0000][9][safepoint   ] Safepoint "Cleanup", Time since last: 11002408196 ns, Reaching safepoint: 92889 ns, At safepoint: 13409 ns, Total: 106298 ns
[2022-07-11T08:26:46.313+0000][9][safepoint   ] Safepoint "Cleanup", Time since last: 6000709568 ns, Reaching safepoint: 136051 ns, At safepoint: 16133 ns, Total: 152184 ns
[2022-07-11T08:26:57.315+0000][9][safepoint   ] Safepoint "Cleanup", Time since last: 11001247783 ns, Reaching safepoint: 90654 ns, At safepoint: 12921 ns, Total: 103575 ns
[2022-07-11T08:27:00.315+0000][9][safepoint   ] Safepoint "Cleanup", Time since last: 3000349441 ns, Reaching safepoint: 61041 ns, At safepoint: 11873 ns, Total: 72914 ns
[2022-07-11T08:27:16.317+0000][9][safepoint   ] Safepoint "Cleanup", Time since last: 16002006208 ns, Reaching safepoint: 53009 ns, At safepoint: 9010 ns, Total: 62019 ns
[2022-07-11T08:27:27.910+0000][9][gc,start    ] GC(55) Pause Young (Normal) (G1 Evacuation Pause)
[2022-07-11T08:27:27.910+0000][9][gc,task     ] GC(55) Using 4 workers of 4 for evacuation
[2022-07-11T08:27:27.910+0000][9][gc,age      ] GC(55) Desired survivor size 20971520 bytes, new threshold 15 (max threshold 15)
[2022-07-11T08:27:27.914+0000][9][gc,phases   ] GC(55)   Pre Evacuate Collection Set: 0.1ms
[2022-07-11T08:27:27.914+0000][9][gc,phases   ] GC(55)   Merge Heap Roots: 0.1ms
[2022-07-11T08:27:27.914+0000][9][gc,phases   ] GC(55)   Evacuate Collection Set: 2.1ms
[2022-07-11T08:27:27.914+0000][9][gc,phases   ] GC(55)   Post Evacuate Collection Set: 1.8ms
[2022-07-11T08:27:27.914+0000][9][gc,phases   ] GC(55)   Other: 0.2ms
[2022-07-11T08:27:27.914+0000][9][gc,age      ] GC(55) Age table with threshold 15 (max threshold 15)
[2022-07-11T08:27:27.914+0000][9][gc,age      ] GC(55) - age   1:     779440 bytes,     779440 total
[2022-07-11T08:27:27.914+0000][9][gc,age      ] GC(55) - age   2:       2088 bytes,     781528 total
[2022-07-11T08:27:27.914+0000][9][gc,age      ] GC(55) - age   3:      49144 bytes,     830672 total
[2022-07-11T08:27:27.914+0000][9][gc,age      ] GC(55) - age   4:       8640 bytes,     839312 total
[2022-07-11T08:27:27.914+0000][9][gc,age      ] GC(55) - age   5:        208 bytes,     839520 total
[2022-07-11T08:27:27.914+0000][9][gc,age      ] GC(55) - age   6:       3672 bytes,     843192 total
[2022-07-11T08:27:27.914+0000][9][gc,age      ] GC(55) - age   7:      84368 bytes,     927560 total
[2022-07-11T08:27:27.914+0000][9][gc,age      ] GC(55) - age   8:      14432 bytes,     941992 total
[2022-07-11T08:27:27.914+0000][9][gc,heap     ] GC(55) Eden regions: 73->0(74)
[2022-07-11T08:27:27.914+0000][9][gc,heap     ] GC(55) Survivor regions: 1->1(10)
[2022-07-11T08:27:27.914+0000][9][gc,heap     ] GC(55) Old regions: 27->27
[2022-07-11T08:27:27.914+0000][9][gc,heap     ] GC(55) Archive regions: 2->2
[2022-07-11T08:27:27.914+0000][9][gc,heap     ] GC(55) Humongous regions: 0->0
[2022-07-11T08:27:27.914+0000][9][gc,metaspace] GC(55) Metaspace: 121942K(127296K)->121942K(127296K) NonClass: 106238K(109568K)->106238K(109568K) Class: 15703K(17728K)->15703K(17728K)
[2022-07-11T08:27:27.914+0000][9][gc          ] GC(55) Pause Young (Normal) (G1 Evacuation Pause) 401M->109M(512M) 4.830ms
[2022-07-11T08:27:27.914+0000][9][gc,cpu      ] GC(55) User=0.01s Sys=0.00s Real=0.01s
[2022-07-11T08:27:27.914+0000][9][safepoint   ] Safepoint "G1CollectForAllocation", Time since last: 11592319691 ns, Reaching safepoint: 103226 ns, At safepoint: 4949367 ns, Total: 5052593 ns
[2022-07-11T08:27:36.916+0000][9][safepoint   ] Safepoint "Cleanup", Time since last: 9001514373 ns, Reaching safepoint: 105320 ns, At safepoint: 19486 ns, Total: 124806 ns
[2022-07-11T08:27:42.917+0000][9][safepoint   ] Safepoint "Cleanup", Time since last: 6000620938 ns, Reaching safepoint: 88000 ns, At safepoint: 12921 ns, Total: 100921 ns
[2022-07-11T08:27:45.917+0000][9][safepoint   ] Safepoint "Cleanup", Time since last: 3000400215 ns, Reaching safepoint: 84927 ns, At safepoint: 11873 ns, Total: 96800 ns
[2022-07-11T08:27:51.919+0000][9][safepoint   ] Safepoint "Cleanup", Time since last: 6001243573 ns, Reaching safepoint: 119149 ns, At safepoint: 9009 ns, Total: 128158 ns
[2022-07-11T08:27:52.919+0000][9][safepoint   ] Safepoint "Cleanup", Time since last: 1000194051 ns, Reaching safepoint: 91422 ns, At safepoint: 10057 ns, Total: 101479 ns
[2022-07-11T08:28:15.921+0000][9][safepoint   ] Safepoint "Cleanup", Time since last: 23002260928 ns, Reaching safepoint: 83669 ns, At safepoint: 12502 ns, Total: 96171 ns
[2022-07-11T08:28:30.923+0000][9][safepoint   ] Safepoint "Cleanup", Time since last: 15001865722 ns, Reaching safepoint: 88629 ns, At safepoint: 13479 ns, Total: 102108 ns
[2022-07-11T08:28:36.924+0000][9][safepoint   ] Safepoint "Cleanup", Time since last: 6000877534 ns, Reaching safepoint: 105530 ns, At safepoint: 28356 ns, Total: 133886 ns
[2022-07-11T08:28:45.925+0000][9][safepoint   ] Safepoint "Cleanup", Time since last: 9000882378 ns, Reaching safepoint: 85904 ns, At safepoint: 12851 ns, Total: 98755 ns
[2022-07-11T08:29:00.927+0000][9][safepoint   ] Safepoint "Cleanup", Time since last: 15001497588 ns, Reaching safepoint: 74381 ns, At safepoint: 12781 ns, Total: 87162 ns
[2022-07-11T08:29:03.927+0000][9][safepoint   ] Safepoint "Cleanup", Time since last: 3000334354 ns, Reaching safepoint: 52661 ns, At safepoint: 11523 ns, Total: 64184 ns
[2022-07-11T08:29:10.929+0000][9][safepoint   ] Safepoint "Cleanup", Time since last: 7001184657 ns, Reaching safepoint: 81505 ns, At safepoint: 12781 ns, Total: 94286 ns
[2022-07-11T08:29:12.929+0000][9][safepoint   ] Safepoint "Cleanup", Time since last: 2000252050 ns, Reaching safepoint: 54197 ns, At safepoint: 10895 ns, Total: 65092 ns
[2022-07-11T08:29:15.313+0000][9][gc,start    ] GC(56) Pause Young (Normal) (G1 Evacuation Pause)
[2022-07-11T08:29:15.313+0000][9][gc,task     ] GC(56) Using 4 workers of 4 for evacuation
[2022-07-11T08:29:15.313+0000][9][gc,age      ] GC(56) Desired survivor size 20971520 bytes, new threshold 15 (max threshold 15)
[2022-07-11T08:29:15.316+0000][9][gc,phases   ] GC(56)   Pre Evacuate Collection Set: 0.1ms
[2022-07-11T08:29:15.316+0000][9][gc,phases   ] GC(56)   Merge Heap Roots: 0.1ms
[2022-07-11T08:29:15.316+0000][9][gc,phases   ] GC(56)   Evacuate Collection Set: 2.0ms
[2022-07-11T08:29:15.316+0000][9][gc,phases   ] GC(56)   Post Evacuate Collection Set: 1.2ms
[2022-07-11T08:29:15.316+0000][9][gc,phases   ] GC(56)   Other: 0.1ms
[2022-07-11T08:29:15.316+0000][9][gc,age      ] GC(56) Age table with threshold 15 (max threshold 15)
[2022-07-11T08:29:15.316+0000][9][gc,age      ] GC(56) - age   1:    1078696 bytes,    1078696 total
[2022-07-11T08:29:15.316+0000][9][gc,age      ] GC(56) - age   2:       3864 bytes,    1082560 total
[2022-07-11T08:29:15.316+0000][9][gc,age      ] GC(56) - age   3:       1352 bytes,    1083912 total
[2022-07-11T08:29:15.316+0000][9][gc,age      ] GC(56) - age   4:      48896 bytes,    1132808 total
[2022-07-11T08:29:15.316+0000][9][gc,age      ] GC(56) - age   5:       8640 bytes,    1141448 total
[2022-07-11T08:29:15.316+0000][9][gc,age      ] GC(56) - age   6:        208 bytes,    1141656 total
[2022-07-11T08:29:15.316+0000][9][gc,age      ] GC(56) - age   7:       3672 bytes,    1145328 total
[2022-07-11T08:29:15.316+0000][9][gc,age      ] GC(56) - age   8:      84272 bytes,    1229600 total
[2022-07-11T08:29:15.316+0000][9][gc,age      ] GC(56) - age   9:      14432 bytes,    1244032 total
[2022-07-11T08:29:15.316+0000][9][gc,heap     ] GC(56) Eden regions: 74->0(75)
[2022-07-11T08:29:15.316+0000][9][gc,heap     ] GC(56) Survivor regions: 1->1(10)
[2022-07-11T08:29:15.317+0000][9][gc,heap     ] GC(56) Old regions: 27->27
[2022-07-11T08:29:15.317+0000][9][gc,heap     ] GC(56) Archive regions: 2->2
[2022-07-11T08:29:15.317+0000][9][gc,heap     ] GC(56) Humongous regions: 0->0
[2022-07-11T08:29:15.317+0000][9][gc,metaspace] GC(56) Metaspace: 121949K(127296K)->121949K(127296K) NonClass: 106245K(109568K)->106245K(109568K) Class: 15704K(17728K)->15704K(17728K)
[2022-07-11T08:29:15.317+0000][9][gc          ] GC(56) Pause Young (Normal) (G1 Evacuation Pause) 405M->109M(512M) 3.988ms
[2022-07-11T08:29:15.317+0000][9][gc,cpu      ] GC(56) User=0.00s Sys=0.00s Real=0.00s
[2022-07-11T08:29:15.317+0000][9][safepoint   ] Safepoint "G1CollectForAllocation", Time since last: 2383694206 ns, Reaching safepoint: 42044 ns, At safepoint: 4092765 ns, Total: 4134809 ns
[2022-07-11T08:29:18.317+0000][9][safepoint   ] Safepoint "Cleanup", Time since last: 3000331002 ns, Reaching safepoint: 52660 ns, At safepoint: 13549 ns, Total: 66209 ns
[2022-07-11T08:29:22.318+0000][9][safepoint   ] Safepoint "Cleanup", Time since last: 4000451440 ns, Reaching safepoint: 95403 ns, At safepoint: 22419 ns, Total: 117822 ns
[2022-07-11T08:29:40.320+0000][9][safepoint   ] Safepoint "Cleanup", Time since last: 18002251686 ns, Reaching safepoint: 108115 ns, At safepoint: 13479 ns, Total: 121594 ns
[2022-07-11T08:29:47.321+0000][9][safepoint   ] Safepoint "Cleanup", Time since last: 7000760231 ns, Reaching safepoint: 75289 ns, At safepoint: 12711 ns, Total: 88000 ns
[2022-07-11T08:30:00.322+0000][9][safepoint   ] Safepoint "Cleanup", Time since last: 13001306997 ns, Reaching safepoint: 128787 ns, At safepoint: 12851 ns, Total: 141638 ns
[2022-07-11T08:30:16.324+0000][9][safepoint   ] Safepoint "Cleanup", Time since last: 16001741014 ns, Reaching safepoint: 103365 ns, At safepoint: 13688 ns, Total: 117053 ns
[2022-07-11T08:30:57.393+0000][9][gc,start    ] GC(57) Pause Young (Normal) (G1 Evacuation Pause)
[2022-07-11T08:30:57.393+0000][9][gc,task     ] GC(57) Using 4 workers of 4 for evacuation
[2022-07-11T08:30:57.393+0000][9][gc,age      ] GC(57) Desired survivor size 20971520 bytes, new threshold 15 (max threshold 15)
[2022-07-11T08:30:57.397+0000][9][gc,phases   ] GC(57)   Pre Evacuate Collection Set: 0.1ms
[2022-07-11T08:30:57.397+0000][9][gc,phases   ] GC(57)   Merge Heap Roots: 0.1ms
[2022-07-11T08:30:57.397+0000][9][gc,phases   ] GC(57)   Evacuate Collection Set: 1.8ms
[2022-07-11T08:30:57.397+0000][9][gc,phases   ] GC(57)   Post Evacuate Collection Set: 1.2ms
[2022-07-11T08:30:57.397+0000][9][gc,phases   ] GC(57)   Other: 0.2ms
[2022-07-11T08:30:57.397+0000][9][gc,age      ] GC(57) Age table with threshold 15 (max threshold 15)
[2022-07-11T08:30:57.397+0000][9][gc,age      ] GC(57) - age   1:     589720 bytes,     589720 total
[2022-07-11T08:30:57.397+0000][9][gc,age      ] GC(57) - age   2:       5232 bytes,     594952 total
[2022-07-11T08:30:57.397+0000][9][gc,age      ] GC(57) - age   3:       2776 bytes,     597728 total
[2022-07-11T08:30:57.397+0000][9][gc,age      ] GC(57) - age   4:       1056 bytes,     598784 total
[2022-07-11T08:30:57.397+0000][9][gc,age      ] GC(57) - age   5:      43704 bytes,     642488 total
[2022-07-11T08:30:57.397+0000][9][gc,age      ] GC(57) - age   6:       8640 bytes,     651128 total
[2022-07-11T08:30:57.397+0000][9][gc,age      ] GC(57) - age   7:        208 bytes,     651336 total
[2022-07-11T08:30:57.397+0000][9][gc,age      ] GC(57) - age   8:       3672 bytes,     655008 total
[2022-07-11T08:30:57.397+0000][9][gc,age      ] GC(57) - age   9:      84272 bytes,     739280 total
[2022-07-11T08:30:57.397+0000][9][gc,age      ] GC(57) - age  10:      14432 bytes,     753712 total
[2022-07-11T08:30:57.397+0000][9][gc,heap     ] GC(57) Eden regions: 75->0(75)
[2022-07-11T08:30:57.397+0000][9][gc,heap     ] GC(57) Survivor regions: 1->1(10)
[2022-07-11T08:30:57.397+0000][9][gc,heap     ] GC(57) Old regions: 27->27
[2022-07-11T08:30:57.397+0000][9][gc,heap     ] GC(57) Archive regions: 2->2
[2022-07-11T08:30:57.397+0000][9][gc,heap     ] GC(57) Humongous regions: 0->0
[2022-07-11T08:30:57.397+0000][9][gc,metaspace] GC(57) Metaspace: 121954K(127296K)->121954K(127296K) NonClass: 106250K(109568K)->106250K(109568K) Class: 15704K(17728K)->15704K(17728K)
[2022-07-11T08:30:57.397+0000][9][gc          ] GC(57) Pause Young (Normal) (G1 Evacuation Pause) 409M->109M(512M) 3.869ms
[2022-07-11T08:30:57.397+0000][9][gc,cpu      ] GC(57) User=0.01s Sys=0.00s Real=0.00s
[2022-07-11T08:30:57.397+0000][9][safepoint   ] Safepoint "G1CollectForAllocation", Time since last: 41068769593 ns, Reaching safepoint: 67327 ns, At safepoint: 3981648 ns, Total: 4048975 ns
[2022-07-11T08:31:00.397+0000][9][safepoint   ] Safepoint "Cleanup", Time since last: 3000369483 ns, Reaching safepoint: 85276 ns, At safepoint: 12572 ns, Total: 97848 ns
[2022-07-11T08:31:33.401+0000][9][safepoint   ] Safepoint "Cleanup", Time since last: 33003389864 ns, Reaching safepoint: 165873 ns, At safepoint: 15434 ns, Total: 181307 ns
[2022-07-11T08:31:38.402+0000][9][safepoint   ] Safepoint "Cleanup", Time since last: 5000652124 ns, Reaching safepoint: 93727 ns, At safepoint: 11873 ns, Total: 105600 ns
[2022-07-11T08:31:40.402+0000][9][safepoint   ] Safepoint "Cleanup", Time since last: 2000252468 ns, Reaching safepoint: 115727 ns, At safepoint: 22349 ns, Total: 138076 ns
[2022-07-11T08:31:45.404+0000][9][safepoint   ] Safepoint "Cleanup", Time since last: 5001255901 ns, Reaching safepoint: 74101 ns, At safepoint: 12642 ns, Total: 86743 ns
[2022-07-11T08:32:00.405+0000][9][safepoint   ] Safepoint "Cleanup", Time since last: 15001448275 ns, Reaching safepoint: 122291 ns, At safepoint: 13759 ns, Total: 136050 ns
[2022-07-11T08:32:09.406+0000][9][safepoint   ] Safepoint "Cleanup", Time since last: 9000891454 ns, Reaching safepoint: 97149 ns, At safepoint: 18997 ns, Total: 116146 ns
[2022-07-11T08:32:10.406+0000][9][safepoint   ] Safepoint "Cleanup", Time since last: 1000159828 ns, Reaching safepoint: 82552 ns, At safepoint: 12362 ns, Total: 94914 ns
[2022-07-11T08:32:23.408+0000][9][safepoint   ] Safepoint "Cleanup", Time since last: 13001317260 ns, Reaching safepoint: 90584 ns, At safepoint: 10616 ns, Total: 101200 ns
[2022-07-11T08:32:34.409+0000][9][safepoint   ] Safepoint "Cleanup", Time since last: 11001136518 ns, Reaching safepoint: 96870 ns, At safepoint: 13479 ns, Total: 110349 ns
[2022-07-11T08:32:37.410+0000][9][safepoint   ] Safepoint "Cleanup", Time since last: 3000638302 ns, Reaching safepoint: 88280 ns, At safepoint: 12711 ns, Total: 100991 ns
[2022-07-11T08:32:40.410+0000][9][safepoint   ] Safepoint "Cleanup", Time since last: 3000411108 ns, Reaching safepoint: 97429 ns, At safepoint: 13200 ns, Total: 110629 ns
[2022-07-11T08:32:45.411+0000][9][safepoint   ] Safepoint "Cleanup", Time since last: 5000604700 ns, Reaching safepoint: 70400 ns, At safepoint: 12432 ns, Total: 82832 ns
[2022-07-11T08:32:51.403+0000][9][gc,start    ] GC(58) Pause Young (Normal) (G1 Evacuation Pause)
[2022-07-11T08:32:51.403+0000][9][gc,task     ] GC(58) Using 4 workers of 4 for evacuation
[2022-07-11T08:32:51.403+0000][9][gc,age      ] GC(58) Desired survivor size 20971520 bytes, new threshold 15 (max threshold 15)
[2022-07-11T08:32:51.408+0000][9][gc,phases   ] GC(58)   Pre Evacuate Collection Set: 0.1ms
[2022-07-11T08:32:51.408+0000][9][gc,phases   ] GC(58)   Merge Heap Roots: 0.1ms
[2022-07-11T08:32:51.408+0000][9][gc,phases   ] GC(58)   Evacuate Collection Set: 2.5ms
[2022-07-11T08:32:51.408+0000][9][gc,phases   ] GC(58)   Post Evacuate Collection Set: 1.4ms
[2022-07-11T08:32:51.408+0000][9][gc,phases   ] GC(58)   Other: 0.2ms
[2022-07-11T08:32:51.408+0000][9][gc,age      ] GC(58) Age table with threshold 15 (max threshold 15)
[2022-07-11T08:32:51.408+0000][9][gc,age      ] GC(58) - age   1:    1486112 bytes,    1486112 total
[2022-07-11T08:32:51.408+0000][9][gc,age      ] GC(58) - age   2:       1016 bytes,    1487128 total
[2022-07-11T08:32:51.408+0000][9][gc,age      ] GC(58) - age   3:       3800 bytes,    1490928 total
[2022-07-11T08:32:51.408+0000][9][gc,age      ] GC(58) - age   4:       2480 bytes,    1493408 total
[2022-07-11T08:32:51.408+0000][9][gc,age      ] GC(58) - age   5:       1056 bytes,    1494464 total
[2022-07-11T08:32:51.408+0000][9][gc,age      ] GC(58) - age   6:      40480 bytes,    1534944 total
[2022-07-11T08:32:51.408+0000][9][gc,age      ] GC(58) - age   7:       8640 bytes,    1543584 total
[2022-07-11T08:32:51.408+0000][9][gc,age      ] GC(58) - age   8:        208 bytes,    1543792 total
[2022-07-11T08:32:51.408+0000][9][gc,age      ] GC(58) - age   9:       3672 bytes,    1547464 total
[2022-07-11T08:32:51.408+0000][9][gc,age      ] GC(58) - age  10:      84272 bytes,    1631736 total
[2022-07-11T08:32:51.408+0000][9][gc,age      ] GC(58) - age  11:      14432 bytes,    1646168 total
[2022-07-11T08:32:51.408+0000][9][gc,heap     ] GC(58) Eden regions: 75->0(75)
[2022-07-11T08:32:51.408+0000][9][gc,heap     ] GC(58) Survivor regions: 1->1(10)
[2022-07-11T08:32:51.408+0000][9][gc,heap     ] GC(58) Old regions: 27->27
[2022-07-11T08:32:51.408+0000][9][gc,heap     ] GC(58) Archive regions: 2->2
[2022-07-11T08:32:51.408+0000][9][gc,heap     ] GC(58) Humongous regions: 0->0
[2022-07-11T08:32:51.408+0000][9][gc,metaspace] GC(58) Metaspace: 121981K(127296K)->121981K(127296K) NonClass: 106274K(109568K)->106274K(109568K) Class: 15706K(17728K)->15706K(17728K)
[2022-07-11T08:32:51.408+0000][9][gc          ] GC(58) Pause Young (Normal) (G1 Evacuation Pause) 409M->110M(512M) 4.917ms
[2022-07-11T08:32:51.408+0000][9][gc,cpu      ] GC(58) User=0.01s Sys=0.00s Real=0.01s
[2022-07-11T08:32:51.408+0000][9][safepoint   ] Safepoint "G1CollectForAllocation", Time since last: 5992281196 ns, Reaching safepoint: 42393 ns, At safepoint: 5034434 ns, Total: 5076827 ns
[2022-07-11T08:32:54.409+0000][9][safepoint   ] Safepoint "Cleanup", Time since last: 3000292449 ns, Reaching safepoint: 157422 ns, At safepoint: 15505 ns, Total: 172927 ns
[2022-07-11T08:32:55.409+0000][9][safepoint   ] Safepoint "Cleanup", Time since last: 1000155008 ns, Reaching safepoint: 69562 ns, At safepoint: 8660 ns, Total: 78222 ns
[2022-07-11T08:32:57.409+0000][9][safepoint   ] Safepoint "Cleanup", Time since last: 2000293326 ns, Reaching safepoint: 85206 ns, At safepoint: 12502 ns, Total: 97708 ns
[2022-07-11T08:33:00.410+0000][9][safepoint   ] Safepoint "Cleanup", Time since last: 3000350416 ns, Reaching safepoint: 75359 ns, At safepoint: 12920 ns, Total: 88279 ns
[2022-07-11T08:33:04.410+0000][9][safepoint   ] Safepoint "Cleanup", Time since last: 4000464848 ns, Reaching safepoint: 44908 ns, At safepoint: 6216 ns, Total: 51124 ns
[2022-07-11T08:33:06.411+0000][9][safepoint   ] Safepoint "Cleanup", Time since last: 2000197852 ns, Reaching safepoint: 46165 ns, At safepoint: 13409 ns, Total: 59574 ns
[2022-07-11T08:33:07.411+0000][9][safepoint   ] Safepoint "Cleanup", Time since last: 1000185599 ns, Reaching safepoint: 149181 ns, At safepoint: 12502 ns, Total: 161683 ns
[2022-07-11T08:33:09.411+0000][9][safepoint   ] Safepoint "Cleanup", Time since last: 2000250373 ns, Reaching safepoint: 79060 ns, At safepoint: 15365 ns, Total: 94425 ns
[2022-07-11T08:33:10.412+0000][9][safepoint   ] Safepoint "Cleanup", Time since last: 1000158990 ns, Reaching safepoint: 85346 ns, At safepoint: 10127 ns, Total: 95473 ns
[2022-07-11T08:33:12.412+0000][9][safepoint   ] Safepoint "Cleanup", Time since last: 2000245414 ns, Reaching safepoint: 61530 ns, At safepoint: 8660 ns, Total: 70190 ns
[2022-07-11T08:33:15.412+0000][9][safepoint   ] Safepoint "Cleanup", Time since last: 3000356702 ns, Reaching safepoint: 84299 ns, At safepoint: 13060 ns, Total: 97359 ns
[2022-07-11T08:33:16.413+0000][9][safepoint   ] Safepoint "Cleanup", Time since last: 1000177009 ns, Reaching safepoint: 86812 ns, At safepoint: 12432 ns, Total: 99244 ns
[2022-07-11T08:33:28.414+0000][9][safepoint   ] Safepoint "Cleanup", Time since last: 12001331406 ns, Reaching safepoint: 111257 ns, At safepoint: 15015 ns, Total: 126272 ns
[2022-07-11T08:33:31.415+0000][9][safepoint   ] Safepoint "Cleanup", Time since last: 3000583756 ns, Reaching safepoint: 76616 ns, At safepoint: 12711 ns, Total: 89327 ns
[2022-07-11T08:33:35.053+0000][9][safepoint   ] Safepoint "Cleanup", Time since last: 3637665450 ns, Reaching safepoint: 141638 ns, At safepoint: 22489 ns, Total: 164127 ns
[2022-07-11T08:33:40.053+0000][9][safepoint   ] Safepoint "Cleanup", Time since last: 5000557278 ns, Reaching safepoint: 93517 ns, At safepoint: 13410 ns, Total: 106927 ns
[2022-07-11T08:33:46.054+0000][9][safepoint   ] Safepoint "Cleanup", Time since last: 6000984458 ns, Reaching safepoint: 118799 ns, At safepoint: 26750 ns, Total: 145549 ns
[2022-07-11T08:33:58.056+0000][9][safepoint   ] Safepoint "Cleanup", Time since last: 12001507893 ns, Reaching safepoint: 100013 ns, At safepoint: 12781 ns, Total: 112794 ns
[2022-07-11T08:34:01.057+0000][9][safepoint   ] Safepoint "Cleanup", Time since last: 3000388200 ns, Reaching safepoint: 134934 ns, At safepoint: 13479 ns, Total: 148413 ns
[2022-07-11T08:34:04.057+0000][9][safepoint   ] Safepoint "Cleanup", Time since last: 3000376188 ns, Reaching safepoint: 63695 ns, At safepoint: 13619 ns, Total: 77314 ns
[2022-07-11T08:34:10.058+0000][9][safepoint   ] Safepoint "Cleanup", Time since last: 6000631620 ns, Reaching safepoint: 89816 ns, At safepoint: 13269 ns, Total: 103085 ns
[2022-07-11T08:34:13.058+0000][9][safepoint   ] Safepoint "Cleanup", Time since last: 3000415299 ns, Reaching safepoint: 86813 ns, At safepoint: 27727 ns, Total: 114540 ns
[2022-07-11T08:34:16.059+0000][9][safepoint   ] Safepoint "Cleanup", Time since last: 3000599260 ns, Reaching safepoint: 86324 ns, At safepoint: 10546 ns, Total: 96870 ns
[2022-07-11T08:34:18.059+0000][9][safepoint   ] Safepoint "Cleanup", Time since last: 2000332157 ns, Reaching safepoint: 83949 ns, At safepoint: 12851 ns, Total: 96800 ns
[2022-07-11T08:34:22.060+0000][9][safepoint   ] Safepoint "Cleanup", Time since last: 4000973919 ns, Reaching safepoint: 81365 ns, At safepoint: 12362 ns, Total: 93727 ns
[2022-07-11T08:34:27.460+0000][9][gc,start    ] GC(59) Pause Young (Normal) (G1 Evacuation Pause)
[2022-07-11T08:34:27.460+0000][9][gc,task     ] GC(59) Using 4 workers of 4 for evacuation
[2022-07-11T08:34:27.460+0000][9][gc,age      ] GC(59) Desired survivor size 20971520 bytes, new threshold 15 (max threshold 15)
[2022-07-11T08:34:27.465+0000][9][gc,phases   ] GC(59)   Pre Evacuate Collection Set: 0.1ms
[2022-07-11T08:34:27.465+0000][9][gc,phases   ] GC(59)   Merge Heap Roots: 0.1ms
[2022-07-11T08:34:27.465+0000][9][gc,phases   ] GC(59)   Evacuate Collection Set: 3.0ms
[2022-07-11T08:34:27.465+0000][9][gc,phases   ] GC(59)   Post Evacuate Collection Set: 2.0ms
[2022-07-11T08:34:27.465+0000][9][gc,phases   ] GC(59)   Other: 0.2ms
[2022-07-11T08:34:27.465+0000][9][gc,age      ] GC(59) Age table with threshold 15 (max threshold 15)
[2022-07-11T08:34:27.465+0000][9][gc,age      ] GC(59) - age   1:    1737720 bytes,    1737720 total
[2022-07-11T08:34:27.465+0000][9][gc,age      ] GC(59) - age   2:      12096 bytes,    1749816 total
[2022-07-11T08:34:27.465+0000][9][gc,age      ] GC(59) - age   3:        760 bytes,    1750576 total
[2022-07-11T08:34:27.465+0000][9][gc,age      ] GC(59) - age   4:       3704 bytes,    1754280 total
[2022-07-11T08:34:27.465+0000][9][gc,age      ] GC(59) - age   5:       2480 bytes,    1756760 total
[2022-07-11T08:34:27.465+0000][9][gc,age      ] GC(59) - age   6:       1056 bytes,    1757816 total
[2022-07-11T08:34:27.465+0000][9][gc,age      ] GC(59) - age   7:      40480 bytes,    1798296 total
[2022-07-11T08:34:27.465+0000][9][gc,age      ] GC(59) - age   8:        624 bytes,    1798920 total
[2022-07-11T08:34:27.465+0000][9][gc,age      ] GC(59) - age   9:        208 bytes,    1799128 total
[2022-07-11T08:34:27.466+0000][9][gc,age      ] GC(59) - age  10:       3672 bytes,    1802800 total
[2022-07-11T08:34:27.466+0000][9][gc,age      ] GC(59) - age  11:      84272 bytes,    1887072 total
[2022-07-11T08:34:27.466+0000][9][gc,age      ] GC(59) - age  12:      14432 bytes,    1901504 total
[2022-07-11T08:34:27.466+0000][9][gc,heap     ] GC(59) Eden regions: 75->0(75)
[2022-07-11T08:34:27.466+0000][9][gc,heap     ] GC(59) Survivor regions: 1->1(10)
[2022-07-11T08:34:27.466+0000][9][gc,heap     ] GC(59) Old regions: 27->27
[2022-07-11T08:34:27.466+0000][9][gc,heap     ] GC(59) Archive regions: 2->2
[2022-07-11T08:34:27.466+0000][9][gc,heap     ] GC(59) Humongous regions: 0->0
[2022-07-11T08:34:27.466+0000][9][gc,metaspace] GC(59) Metaspace: 121993K(127296K)->121993K(127296K) NonClass: 106286K(109568K)->106286K(109568K) Class: 15706K(17728K)->15706K(17728K)
[2022-07-11T08:34:27.466+0000][9][gc          ] GC(59) Pause Young (Normal) (G1 Evacuation Pause) 410M->110M(512M) 5.980ms
[2022-07-11T08:34:27.466+0000][9][gc,cpu      ] GC(59) User=0.01s Sys=0.01s Real=0.01s
[2022-07-11T08:34:27.466+0000][9][safepoint   ] Safepoint "G1CollectForAllocation", Time since last: 5399140659 ns, Reaching safepoint: 47073 ns, At safepoint: 6100351 ns, Total: 6147424 ns
[2022-07-11T08:34:28.466+0000][9][safepoint   ] Safepoint "Cleanup", Time since last: 1000145300 ns, Reaching safepoint: 66280 ns, At safepoint: 11942 ns, Total: 78222 ns
[2022-07-11T08:34:40.468+0000][9][safepoint   ] Safepoint "Cleanup", Time since last: 12001866738 ns, Reaching safepoint: 67536 ns, At safepoint: 12292 ns, Total: 79828 ns
[2022-07-11T08:34:42.468+0000][9][safepoint   ] Safepoint "Cleanup", Time since last: 2000268951 ns, Reaching safepoint: 90095 ns, At safepoint: 12501 ns, Total: 102596 ns
[2022-07-11T08:35:03.470+0000][9][safepoint   ] Safepoint "Cleanup", Time since last: 21002016475 ns, Reaching safepoint: 127181 ns, At safepoint: 12991 ns, Total: 140172 ns
[2022-07-11T08:35:16.472+0000][9][safepoint   ] Safepoint "Cleanup", Time since last: 13001449815 ns, Reaching safepoint: 70121 ns, At safepoint: 13829 ns, Total: 83950 ns
[2022-07-11T08:35:18.473+0000][9][safepoint   ] Safepoint "Cleanup", Time since last: 2000437407 ns, Reaching safepoint: 90584 ns, At safepoint: 11524 ns, Total: 102108 ns
[2022-07-11T08:35:24.473+0000][9][safepoint   ] Safepoint "Cleanup", Time since last: 6000613321 ns, Reaching safepoint: 78222 ns, At safepoint: 10546 ns, Total: 88768 ns
[2022-07-11T08:35:28.474+0000][9][safepoint   ] Safepoint "Cleanup", Time since last: 4000431882 ns, Reaching safepoint: 94914 ns, At safepoint: 12851 ns, Total: 107765 ns
[2022-07-11T08:35:30.474+0000][9][safepoint   ] Safepoint "Cleanup", Time since last: 2000266017 ns, Reaching safepoint: 110069 ns, At safepoint: 31778 ns, Total: 141847 ns
[2022-07-11T08:35:46.476+0000][9][safepoint   ] Safepoint "Cleanup", Time since last: 16001850447 ns, Reaching safepoint: 87721 ns, At safepoint: 22838 ns, Total: 110559 ns
[2022-07-11T08:36:03.478+0000][9][safepoint   ] Safepoint "Cleanup", Time since last: 17001805989 ns, Reaching safepoint: 157980 ns, At safepoint: 8032 ns, Total: 166012 ns
[2022-07-11T08:36:15.363+0000][9][gc,start    ] GC(60) Pause Young (Normal) (G1 Evacuation Pause)
[2022-07-11T08:36:15.363+0000][9][gc,task     ] GC(60) Using 4 workers of 4 for evacuation
[2022-07-11T08:36:15.363+0000][9][gc,age      ] GC(60) Desired survivor size 20971520 bytes, new threshold 15 (max threshold 15)
[2022-07-11T08:36:15.367+0000][9][gc,phases   ] GC(60)   Pre Evacuate Collection Set: 0.1ms
[2022-07-11T08:36:15.368+0000][9][gc,phases   ] GC(60)   Merge Heap Roots: 0.1ms
[2022-07-11T08:36:15.368+0000][9][gc,phases   ] GC(60)   Evacuate Collection Set: 2.6ms
[2022-07-11T08:36:15.368+0000][9][gc,phases   ] GC(60)   Post Evacuate Collection Set: 1.4ms
[2022-07-11T08:36:15.368+0000][9][gc,phases   ] GC(60)   Other: 0.2ms
[2022-07-11T08:36:15.368+0000][9][gc,age      ] GC(60) Age table with threshold 15 (max threshold 15)
[2022-07-11T08:36:15.368+0000][9][gc,age      ] GC(60) - age   1:     890320 bytes,     890320 total
[2022-07-11T08:36:15.368+0000][9][gc,age      ] GC(60) - age   2:     244736 bytes,    1135056 total
[2022-07-11T08:36:15.368+0000][9][gc,age      ] GC(60) - age   3:      10440 bytes,    1145496 total
[2022-07-11T08:36:15.368+0000][9][gc,age      ] GC(60) - age   4:        696 bytes,    1146192 total
[2022-07-11T08:36:15.368+0000][9][gc,age      ] GC(60) - age   5:       3160 bytes,    1149352 total
[2022-07-11T08:36:15.368+0000][9][gc,age      ] GC(60) - age   6:       2480 bytes,    1151832 total
[2022-07-11T08:36:15.368+0000][9][gc,age      ] GC(60) - age   7:       1056 bytes,    1152888 total
[2022-07-11T08:36:15.368+0000][9][gc,age      ] GC(60) - age   8:      40480 bytes,    1193368 total
[2022-07-11T08:36:15.368+0000][9][gc,age      ] GC(60) - age   9:        624 bytes,    1193992 total
[2022-07-11T08:36:15.368+0000][9][gc,age      ] GC(60) - age  10:        208 bytes,    1194200 total
[2022-07-11T08:36:15.368+0000][9][gc,age      ] GC(60) - age  11:       3672 bytes,    1197872 total
[2022-07-11T08:36:15.368+0000][9][gc,age      ] GC(60) - age  12:      84272 bytes,    1282144 total
[2022-07-11T08:36:15.368+0000][9][gc,age      ] GC(60) - age  13:      14432 bytes,    1296576 total
[2022-07-11T08:36:15.368+0000][9][gc,heap     ] GC(60) Eden regions: 75->0(75)
[2022-07-11T08:36:15.368+0000][9][gc,heap     ] GC(60) Survivor regions: 1->1(10)
[2022-07-11T08:36:15.368+0000][9][gc,heap     ] GC(60) Old regions: 27->27
[2022-07-11T08:36:15.368+0000][9][gc,heap     ] GC(60) Archive regions: 2->2
[2022-07-11T08:36:15.368+0000][9][gc,heap     ] GC(60) Humongous regions: 0->0
[2022-07-11T08:36:15.368+0000][9][gc,metaspace] GC(60) Metaspace: 122010K(127360K)->122010K(127360K) NonClass: 106304K(109632K)->106304K(109632K) Class: 15706K(17728K)->15706K(17728K)
[2022-07-11T08:36:15.368+0000][9][gc          ] GC(60) Pause Young (Normal) (G1 Evacuation Pause) 410M->109M(512M) 4.950ms
[2022-07-11T08:36:15.368+0000][9][gc,cpu      ] GC(60) User=0.00s Sys=0.01s Real=0.01s
[2022-07-11T08:36:15.368+0000][9][safepoint   ] Safepoint "G1CollectForAllocation", Time since last: 11884797150 ns, Reaching safepoint: 44279 ns, At safepoint: 5077526 ns, Total: 5121805 ns
[2022-07-11T08:36:40.371+0000][9][safepoint   ] Safepoint "Cleanup", Time since last: 25002970417 ns, Reaching safepoint: 127321 ns, At safepoint: 11035 ns, Total: 138356 ns
[2022-07-11T08:36:41.372+0000][9][safepoint   ] Safepoint "Cleanup", Time since last: 1000650392 ns, Reaching safepoint: 130673 ns, At safepoint: 13340 ns, Total: 144013 ns
[2022-07-11T08:36:52.373+0000][9][safepoint   ] Safepoint "Cleanup", Time since last: 11001163334 ns, Reaching safepoint: 128927 ns, At safepoint: 15644 ns, Total: 144571 ns
[2022-07-11T08:37:00.374+0000][9][safepoint   ] Safepoint "Cleanup", Time since last: 8000801744 ns, Reaching safepoint: 78571 ns, At safepoint: 8660 ns, Total: 87231 ns
[2022-07-11T08:37:04.375+0000][9][safepoint   ] Safepoint "Cleanup", Time since last: 4000401850 ns, Reaching safepoint: 93866 ns, At safepoint: 10407 ns, Total: 104273 ns
[2022-07-11T08:37:15.376+0000][9][safepoint   ] Safepoint "Cleanup", Time since last: 11000987543 ns, Reaching safepoint: 83391 ns, At safepoint: 13479 ns, Total: 96870 ns
[2022-07-11T08:37:34.378+0000][9][safepoint   ] Safepoint "Cleanup", Time since last: 19001999509 ns, Reaching safepoint: 94425 ns, At safepoint: 10965 ns, Total: 105390 ns
[2022-07-11T08:37:42.379+0000][9][safepoint   ] Safepoint "Cleanup", Time since last: 8001023071 ns, Reaching safepoint: 94285 ns, At safepoint: 10546 ns, Total: 104831 ns
[2022-07-11T08:37:57.871+0000][9][gc,start    ] GC(61) Pause Young (Normal) (G1 Evacuation Pause)
[2022-07-11T08:37:57.871+0000][9][gc,task     ] GC(61) Using 4 workers of 4 for evacuation
[2022-07-11T08:37:57.871+0000][9][gc,age      ] GC(61) Desired survivor size 20971520 bytes, new threshold 15 (max threshold 15)
[2022-07-11T08:37:57.877+0000][9][gc,phases   ] GC(61)   Pre Evacuate Collection Set: 0.1ms
[2022-07-11T08:37:57.877+0000][9][gc,phases   ] GC(61)   Merge Heap Roots: 0.1ms
[2022-07-11T08:37:57.877+0000][9][gc,phases   ] GC(61)   Evacuate Collection Set: 4.1ms
[2022-07-11T08:37:57.877+0000][9][gc,phases   ] GC(61)   Post Evacuate Collection Set: 1.5ms
[2022-07-11T08:37:57.877+0000][9][gc,phases   ] GC(61)   Other: 0.2ms
[2022-07-11T08:37:57.877+0000][9][gc,age      ] GC(61) Age table with threshold 15 (max threshold 15)
[2022-07-11T08:37:57.877+0000][9][gc,age      ] GC(61) - age   1:    1717240 bytes,    1717240 total
[2022-07-11T08:37:57.877+0000][9][gc,age      ] GC(61) - age   2:      32096 bytes,    1749336 total
[2022-07-11T08:37:57.877+0000][9][gc,age      ] GC(61) - age   3:     243776 bytes,    1993112 total
[2022-07-11T08:37:57.877+0000][9][gc,age      ] GC(61) - age   4:      10440 bytes,    2003552 total
[2022-07-11T08:37:57.877+0000][9][gc,age      ] GC(61) - age   5:        696 bytes,    2004248 total
[2022-07-11T08:37:57.877+0000][9][gc,age      ] GC(61) - age   6:       3160 bytes,    2007408 total
[2022-07-11T08:37:57.877+0000][9][gc,age      ] GC(61) - age   7:       2480 bytes,    2009888 total
[2022-07-11T08:37:57.877+0000][9][gc,age      ] GC(61) - age   8:       1056 bytes,    2010944 total
[2022-07-11T08:37:57.877+0000][9][gc,age      ] GC(61) - age   9:      40480 bytes,    2051424 total
[2022-07-11T08:37:57.877+0000][9][gc,age      ] GC(61) - age  10:        624 bytes,    2052048 total
[2022-07-11T08:37:57.877+0000][9][gc,age      ] GC(61) - age  11:         24 bytes,    2052072 total
[2022-07-11T08:37:57.877+0000][9][gc,age      ] GC(61) - age  12:       3672 bytes,    2055744 total
[2022-07-11T08:37:57.877+0000][9][gc,age      ] GC(61) - age  13:      84272 bytes,    2140016 total
[2022-07-11T08:37:57.877+0000][9][gc,age      ] GC(61) - age  14:      14432 bytes,    2154448 total
[2022-07-11T08:37:57.877+0000][9][gc,heap     ] GC(61) Eden regions: 75->0(75)
[2022-07-11T08:37:57.877+0000][9][gc,heap     ] GC(61) Survivor regions: 1->1(10)
[2022-07-11T08:37:57.877+0000][9][gc,heap     ] GC(61) Old regions: 27->27
[2022-07-11T08:37:57.877+0000][9][gc,heap     ] GC(61) Archive regions: 2->2
[2022-07-11T08:37:57.877+0000][9][gc,heap     ] GC(61) Humongous regions: 0->0
[2022-07-11T08:37:57.877+0000][9][gc,metaspace] GC(61) Metaspace: 122023K(127360K)->122023K(127360K) NonClass: 106316K(109632K)->106316K(109632K) Class: 15706K(17728K)->15706K(17728K)
[2022-07-11T08:37:57.877+0000][9][gc          ] GC(61) Pause Young (Normal) (G1 Evacuation Pause) 409M->110M(512M) 6.331ms
[2022-07-11T08:37:57.877+0000][9][gc,cpu      ] GC(61) User=0.02s Sys=0.00s Real=0.01s
[2022-07-11T08:37:57.877+0000][9][safepoint   ] Safepoint "G1CollectForAllocation", Time since last: 15491844070 ns, Reaching safepoint: 62927 ns, At safepoint: 6416452 ns, Total: 6479379 ns
[2022-07-11T08:38:00.878+0000][9][safepoint   ] Safepoint "Cleanup", Time since last: 3000306415 ns, Reaching safepoint: 100991 ns, At safepoint: 12571 ns, Total: 113562 ns
[2022-07-11T08:38:16.879+0000][9][safepoint   ] Safepoint "Cleanup", Time since last: 16001528687 ns, Reaching safepoint: 121593 ns, At safepoint: 11035 ns, Total: 132628 ns
[2022-07-11T08:38:42.882+0000][9][safepoint   ] Safepoint "Cleanup", Time since last: 26002431202 ns, Reaching safepoint: 96381 ns, At safepoint: 11453 ns, Total: 107834 ns
[2022-07-11T08:39:27.886+0000][9][safepoint   ] Safepoint "Cleanup", Time since last: 45004007820 ns, Reaching safepoint: 130743 ns, At safepoint: 12571 ns, Total: 143314 ns
[2022-07-11T08:39:34.887+0000][9][safepoint   ] Safepoint "Cleanup", Time since last: 7000715948 ns, Reaching safepoint: 91142 ns, At safepoint: 12432 ns, Total: 103574 ns
[2022-07-11T08:39:45.440+0000][9][gc,start    ] GC(62) Pause Young (Normal) (G1 Evacuation Pause)
[2022-07-11T08:39:45.440+0000][9][gc,task     ] GC(62) Using 4 workers of 4 for evacuation
[2022-07-11T08:39:45.440+0000][9][gc,age      ] GC(62) Desired survivor size 20971520 bytes, new threshold 15 (max threshold 15)
[2022-07-11T08:39:45.446+0000][9][gc,phases   ] GC(62)   Pre Evacuate Collection Set: 0.1ms
[2022-07-11T08:39:45.446+0000][9][gc,phases   ] GC(62)   Merge Heap Roots: 0.1ms
[2022-07-11T08:39:45.446+0000][9][gc,phases   ] GC(62)   Evacuate Collection Set: 3.0ms
[2022-07-11T08:39:45.446+0000][9][gc,phases   ] GC(62)   Post Evacuate Collection Set: 2.6ms
[2022-07-11T08:39:45.446+0000][9][gc,phases   ] GC(62)   Other: 0.2ms
[2022-07-11T08:39:45.446+0000][9][gc,age      ] GC(62) Age table with threshold 15 (max threshold 15)
[2022-07-11T08:39:45.446+0000][9][gc,age      ] GC(62) - age   1:     914536 bytes,     914536 total
[2022-07-11T08:39:45.446+0000][9][gc,age      ] GC(62) - age   2:       2120 bytes,     916656 total
[2022-07-11T08:39:45.446+0000][9][gc,age      ] GC(62) - age   3:      18776 bytes,     935432 total
[2022-07-11T08:39:45.446+0000][9][gc,age      ] GC(62) - age   4:     228128 bytes,    1163560 total
[2022-07-11T08:39:45.446+0000][9][gc,age      ] GC(62) - age   5:      10208 bytes,    1173768 total
[2022-07-11T08:39:45.446+0000][9][gc,age      ] GC(62) - age   6:        696 bytes,    1174464 total
[2022-07-11T08:39:45.446+0000][9][gc,age      ] GC(62) - age   7:       3160 bytes,    1177624 total
[2022-07-11T08:39:45.446+0000][9][gc,age      ] GC(62) - age   8:       2480 bytes,    1180104 total
[2022-07-11T08:39:45.446+0000][9][gc,age      ] GC(62) - age   9:       1056 bytes,    1181160 total
[2022-07-11T08:39:45.446+0000][9][gc,age      ] GC(62) - age  10:      39968 bytes,    1221128 total
[2022-07-11T08:39:45.446+0000][9][gc,age      ] GC(62) - age  11:        624 bytes,    1221752 total
[2022-07-11T08:39:45.446+0000][9][gc,age      ] GC(62) - age  12:         24 bytes,    1221776 total
[2022-07-11T08:39:45.446+0000][9][gc,age      ] GC(62) - age  13:       3672 bytes,    1225448 total
[2022-07-11T08:39:45.446+0000][9][gc,age      ] GC(62) - age  14:      84272 bytes,    1309720 total
[2022-07-11T08:39:45.446+0000][9][gc,age      ] GC(62) - age  15:      14432 bytes,    1324152 total
[2022-07-11T08:39:45.446+0000][9][gc,heap     ] GC(62) Eden regions: 75->0(75)
[2022-07-11T08:39:45.446+0000][9][gc,heap     ] GC(62) Survivor regions: 1->1(10)
[2022-07-11T08:39:45.446+0000][9][gc,heap     ] GC(62) Old regions: 27->27
[2022-07-11T08:39:45.446+0000][9][gc,heap     ] GC(62) Archive regions: 2->2
[2022-07-11T08:39:45.446+0000][9][gc,heap     ] GC(62) Humongous regions: 0->0
[2022-07-11T08:39:45.446+0000][9][gc,metaspace] GC(62) Metaspace: 122024K(127360K)->122024K(127360K) NonClass: 106318K(109632K)->106318K(109632K) Class: 15706K(17728K)->15706K(17728K)
[2022-07-11T08:39:45.446+0000][9][gc          ] GC(62) Pause Young (Normal) (G1 Evacuation Pause) 410M->109M(512M) 6.702ms
[2022-07-11T08:39:45.446+0000][9][gc,cpu      ] GC(62) User=0.01s Sys=0.00s Real=0.01s
[2022-07-11T08:39:45.446+0000][9][safepoint   ] Safepoint "G1CollectForAllocation", Time since last: 10552689440 ns, Reaching safepoint: 67746 ns, At safepoint: 6827398 ns, Total: 6895144 ns
[2022-07-11T08:40:00.448+0000][9][safepoint   ] Safepoint "Cleanup", Time since last: 15001371093 ns, Reaching safepoint: 134863 ns, At safepoint: 13549 ns, Total: 148412 ns
[2022-07-11T08:40:04.449+0000][9][safepoint   ] Safepoint "Cleanup", Time since last: 4000447036 ns, Reaching safepoint: 96312 ns, At safepoint: 13269 ns, Total: 109581 ns
[2022-07-11T08:41:01.454+0000][9][safepoint   ] Safepoint "Cleanup", Time since last: 57005161822 ns, Reaching safepoint: 69143 ns, At safepoint: 20114 ns, Total: 89257 ns
[2022-07-11T08:41:24.456+0000][9][safepoint   ] Safepoint "Cleanup", Time since last: 23002166060 ns, Reaching safepoint: 119219 ns, At safepoint: 13269 ns, Total: 132488 ns
[2022-07-11T08:41:30.457+0000][9][safepoint   ] Safepoint "Cleanup", Time since last: 6000592717 ns, Reaching safepoint: 78082 ns, At safepoint: 13968 ns, Total: 92050 ns
[2022-07-11T08:41:34.421+0000][9][gc,start    ] GC(63) Pause Young (Normal) (G1 Evacuation Pause)
[2022-07-11T08:41:34.421+0000][9][gc,task     ] GC(63) Using 4 workers of 4 for evacuation
[2022-07-11T08:41:34.421+0000][9][gc,age      ] GC(63) Desired survivor size 20971520 bytes, new threshold 15 (max threshold 15)
[2022-07-11T08:41:34.425+0000][9][gc,phases   ] GC(63)   Pre Evacuate Collection Set: 0.1ms
[2022-07-11T08:41:34.425+0000][9][gc,phases   ] GC(63)   Merge Heap Roots: 0.1ms
[2022-07-11T08:41:34.425+0000][9][gc,phases   ] GC(63)   Evacuate Collection Set: 2.5ms
[2022-07-11T08:41:34.426+0000][9][gc,phases   ] GC(63)   Post Evacuate Collection Set: 1.2ms
[2022-07-11T08:41:34.426+0000][9][gc,phases   ] GC(63)   Other: 0.2ms
[2022-07-11T08:41:34.426+0000][9][gc,age      ] GC(63) Age table with threshold 15 (max threshold 15)
[2022-07-11T08:41:34.426+0000][9][gc,age      ] GC(63) - age   1:    1017432 bytes,    1017432 total
[2022-07-11T08:41:34.426+0000][9][gc,age      ] GC(63) - age   2:      37240 bytes,    1054672 total
[2022-07-11T08:41:34.426+0000][9][gc,age      ] GC(63) - age   3:        424 bytes,    1055096 total
[2022-07-11T08:41:34.426+0000][9][gc,age      ] GC(63) - age   4:      18528 bytes,    1073624 total
[2022-07-11T08:41:34.426+0000][9][gc,age      ] GC(63) - age   5:     228128 bytes,    1301752 total
[2022-07-11T08:41:34.426+0000][9][gc,age      ] GC(63) - age   6:      10208 bytes,    1311960 total
[2022-07-11T08:41:34.426+0000][9][gc,age      ] GC(63) - age   7:        696 bytes,    1312656 total
[2022-07-11T08:41:34.426+0000][9][gc,age      ] GC(63) - age   8:       3160 bytes,    1315816 total
[2022-07-11T08:41:34.426+0000][9][gc,age      ] GC(63) - age   9:       2480 bytes,    1318296 total
[2022-07-11T08:41:34.426+0000][9][gc,age      ] GC(63) - age  10:       1056 bytes,    1319352 total
[2022-07-11T08:41:34.426+0000][9][gc,age      ] GC(63) - age  11:      39968 bytes,    1359320 total
[2022-07-11T08:41:34.426+0000][9][gc,age      ] GC(63) - age  12:        624 bytes,    1359944 total
[2022-07-11T08:41:34.426+0000][9][gc,age      ] GC(63) - age  13:         24 bytes,    1359968 total
[2022-07-11T08:41:34.426+0000][9][gc,age      ] GC(63) - age  14:       3672 bytes,    1363640 total
[2022-07-11T08:41:34.426+0000][9][gc,age      ] GC(63) - age  15:      84272 bytes,    1447912 total
[2022-07-11T08:41:34.426+0000][9][gc,heap     ] GC(63) Eden regions: 75->0(75)
[2022-07-11T08:41:34.426+0000][9][gc,heap     ] GC(63) Survivor regions: 1->1(10)
[2022-07-11T08:41:34.426+0000][9][gc,heap     ] GC(63) Old regions: 27->27
[2022-07-11T08:41:34.426+0000][9][gc,heap     ] GC(63) Archive regions: 2->2
[2022-07-11T08:41:34.426+0000][9][gc,heap     ] GC(63) Humongous regions: 0->0
[2022-07-11T08:41:34.426+0000][9][gc,metaspace] GC(63) Metaspace: 122028K(127360K)->122028K(127360K) NonClass: 106321K(109632K)->106321K(109632K) Class: 15706K(17728K)->15706K(17728K)
[2022-07-11T08:41:34.426+0000][9][gc          ] GC(63) Pause Young (Normal) (G1 Evacuation Pause) 409M->109M(512M) 4.588ms
[2022-07-11T08:41:34.426+0000][9][gc,cpu      ] GC(63) User=0.02s Sys=0.00s Real=0.01s
[2022-07-11T08:41:34.426+0000][9][safepoint   ] Safepoint "G1CollectForAllocation", Time since last: 3964449688 ns, Reaching safepoint: 68584 ns, At safepoint: 4702828 ns, Total: 4771412 ns
[2022-07-11T08:41:39.427+0000][9][safepoint   ] Safepoint "Cleanup", Time since last: 5000470813 ns, Reaching safepoint: 76336 ns, At safepoint: 12432 ns, Total: 88768 ns
[2022-07-11T08:41:45.427+0000][9][safepoint   ] Safepoint "Cleanup", Time since last: 6000593205 ns, Reaching safepoint: 69702 ns, At safepoint: 11942 ns, Total: 81644 ns
[2022-07-11T08:42:00.429+0000][9][safepoint   ] Safepoint "Cleanup", Time since last: 15001990235 ns, Reaching safepoint: 124946 ns, At safepoint: 10196 ns, Total: 135142 ns
[2022-07-11T08:42:01.430+0000][9][safepoint   ] Safepoint "Cleanup", Time since last: 1000205504 ns, Reaching safepoint: 100571 ns, At safepoint: 12502 ns, Total: 113073 ns
[2022-07-11T08:42:06.430+0000][9][safepoint   ] Safepoint "Cleanup", Time since last: 5000588844 ns, Reaching safepoint: 77943 ns, At safepoint: 11943 ns, Total: 89886 ns
[2022-07-11T08:42:09.431+0000][9][safepoint   ] Safepoint "Cleanup", Time since last: 3000393507 ns, Reaching safepoint: 163917 ns, At safepoint: 15016 ns, Total: 178933 ns
[2022-07-11T08:42:10.431+0000][9][safepoint   ] Safepoint "Cleanup", Time since last: 1000207948 ns, Reaching safepoint: 85904 ns, At safepoint: 12921 ns, Total: 98825 ns
[2022-07-11T08:42:15.432+0000][9][safepoint   ] Safepoint "Cleanup", Time since last: 5000859549 ns, Reaching safepoint: 161054 ns, At safepoint: 17600 ns, Total: 178654 ns
[2022-07-11T08:42:27.434+0000][9][safepoint   ] Safepoint "Cleanup", Time since last: 12001174676 ns, Reaching safepoint: 95264 ns, At safepoint: 19276 ns, Total: 114540 ns
[2022-07-11T08:42:39.435+0000][9][safepoint   ] Safepoint "Cleanup", Time since last: 12001477158 ns, Reaching safepoint: 72915 ns, At safepoint: 12012 ns, Total: 84927 ns
[2022-07-11T08:42:40.436+0000][9][safepoint   ] Safepoint "Cleanup", Time since last: 1000402735 ns, Reaching safepoint: 106997 ns, At safepoint: 12781 ns, Total: 119778 ns
[2022-07-11T08:42:47.436+0000][9][safepoint   ] Safepoint "Cleanup", Time since last: 7000721883 ns, Reaching safepoint: 125923 ns, At safepoint: 12781 ns, Total: 138704 ns
[2022-07-11T08:42:58.438+0000][9][safepoint   ] Safepoint "Cleanup", Time since last: 11001226957 ns, Reaching safepoint: 121594 ns, At safepoint: 13200 ns, Total: 134794 ns
[2022-07-11T08:43:00.438+0000][9][safepoint   ] Safepoint "Cleanup", Time since last: 2000281870 ns, Reaching safepoint: 104832 ns, At safepoint: 14038 ns, Total: 118870 ns
[2022-07-11T08:43:04.439+0000][9][safepoint   ] Safepoint "Cleanup", Time since last: 4000527283 ns, Reaching safepoint: 83530 ns, At safepoint: 13270 ns, Total: 96800 ns
[2022-07-11T08:43:21.373+0000][9][gc,start    ] GC(64) Pause Young (Normal) (G1 Evacuation Pause)
[2022-07-11T08:43:21.373+0000][9][gc,task     ] GC(64) Using 4 workers of 4 for evacuation
[2022-07-11T08:43:21.373+0000][9][gc,age      ] GC(64) Desired survivor size 20971520 bytes, new threshold 15 (max threshold 15)
[2022-07-11T08:43:21.377+0000][9][gc,phases   ] GC(64)   Pre Evacuate Collection Set: 0.1ms
[2022-07-11T08:43:21.377+0000][9][gc,phases   ] GC(64)   Merge Heap Roots: 0.1ms
[2022-07-11T08:43:21.377+0000][9][gc,phases   ] GC(64)   Evacuate Collection Set: 2.1ms
[2022-07-11T08:43:21.377+0000][9][gc,phases   ] GC(64)   Post Evacuate Collection Set: 1.2ms
[2022-07-11T08:43:21.377+0000][9][gc,phases   ] GC(64)   Other: 0.2ms
[2022-07-11T08:43:21.377+0000][9][gc,age      ] GC(64) Age table with threshold 15 (max threshold 15)
[2022-07-11T08:43:21.377+0000][9][gc,age      ] GC(64) - age   1:     734816 bytes,     734816 total
[2022-07-11T08:43:21.377+0000][9][gc,age      ] GC(64) - age   2:       5992 bytes,     740808 total
[2022-07-11T08:43:21.377+0000][9][gc,age      ] GC(64) - age   3:      36264 bytes,     777072 total
[2022-07-11T08:43:21.377+0000][9][gc,age      ] GC(64) - age   4:        360 bytes,     777432 total
[2022-07-11T08:43:21.377+0000][9][gc,age      ] GC(64) - age   5:      18528 bytes,     795960 total
[2022-07-11T08:43:21.377+0000][9][gc,age      ] GC(64) - age   6:     228064 bytes,    1024024 total
[2022-07-11T08:43:21.377+0000][9][gc,age      ] GC(64) - age   7:       7928 bytes,    1031952 total
[2022-07-11T08:43:21.377+0000][9][gc,age      ] GC(64) - age   8:        696 bytes,    1032648 total
[2022-07-11T08:43:21.377+0000][9][gc,age      ] GC(64) - age   9:       3160 bytes,    1035808 total
[2022-07-11T08:43:21.377+0000][9][gc,age      ] GC(64) - age  10:       2480 bytes,    1038288 total
[2022-07-11T08:43:21.377+0000][9][gc,age      ] GC(64) - age  11:       1024 bytes,    1039312 total
[2022-07-11T08:43:21.377+0000][9][gc,age      ] GC(64) - age  12:      39936 bytes,    1079248 total
[2022-07-11T08:43:21.377+0000][9][gc,age      ] GC(64) - age  13:        624 bytes,    1079872 total
[2022-07-11T08:43:21.377+0000][9][gc,age      ] GC(64) - age  14:         24 bytes,    1079896 total
[2022-07-11T08:43:21.377+0000][9][gc,age      ] GC(64) - age  15:       3672 bytes,    1083568 total
[2022-07-11T08:43:21.377+0000][9][gc,heap     ] GC(64) Eden regions: 75->0(75)
[2022-07-11T08:43:21.377+0000][9][gc,heap     ] GC(64) Survivor regions: 1->1(10)
[2022-07-11T08:43:21.377+0000][9][gc,heap     ] GC(64) Old regions: 27->27
[2022-07-11T08:43:21.377+0000][9][gc,heap     ] GC(64) Archive regions: 2->2
[2022-07-11T08:43:21.377+0000][9][gc,heap     ] GC(64) Humongous regions: 0->0
[2022-07-11T08:43:21.377+0000][9][gc,metaspace] GC(64) Metaspace: 122036K(127360K)->122036K(127360K) NonClass: 106329K(109632K)->106329K(109632K) Class: 15706K(17728K)->15706K(17728K)
[2022-07-11T08:43:21.377+0000][9][gc          ] GC(64) Pause Young (Normal) (G1 Evacuation Pause) 409M->109M(512M) 4.299ms
[2022-07-11T08:43:21.377+0000][9][gc,cpu      ] GC(64) User=0.02s Sys=0.00s Real=0.00s
[2022-07-11T08:43:21.377+0000][9][safepoint   ] Safepoint "G1CollectForAllocation", Time since last: 16933890573 ns, Reaching safepoint: 61600 ns, At safepoint: 4418365 ns, Total: 4479965 ns
[2022-07-11T08:43:28.378+0000][9][safepoint   ] Safepoint "Cleanup", Time since last: 7000773006 ns, Reaching safepoint: 88279 ns, At safepoint: 9918 ns, Total: 98197 ns
[2022-07-11T08:43:46.380+0000][9][safepoint   ] Safepoint "Cleanup", Time since last: 18002009252 ns, Reaching safepoint: 112095 ns, At safepoint: 20603 ns, Total: 132698 ns
[2022-07-11T08:43:52.381+0000][9][safepoint   ] Safepoint "Cleanup", Time since last: 6000683579 ns, Reaching safepoint: 95543 ns, At safepoint: 11873 ns, Total: 107416 ns
[2022-07-11T08:43:58.382+0000][9][safepoint   ] Safepoint "Cleanup", Time since last: 6000720665 ns, Reaching safepoint: 122571 ns, At safepoint: 12851 ns, Total: 135422 ns
[2022-07-11T08:44:04.383+0000][9][safepoint   ] Safepoint "Cleanup", Time since last: 6001170163 ns, Reaching safepoint: 91073 ns, At safepoint: 22070 ns, Total: 113143 ns
[2022-07-11T08:44:12.385+0000][9][safepoint   ] Safepoint "Cleanup", Time since last: 8001616160 ns, Reaching safepoint: 82831 ns, At safepoint: 12781 ns, Total: 95612 ns
[2022-07-11T08:44:16.386+0000][9][safepoint   ] Safepoint "Cleanup", Time since last: 4000523861 ns, Reaching safepoint: 90654 ns, At safepoint: 13410 ns, Total: 104064 ns
[2022-07-11T08:44:22.386+0000][9][safepoint   ] Safepoint "Cleanup", Time since last: 6000727579 ns, Reaching safepoint: 85905 ns, At safepoint: 12711 ns, Total: 98616 ns
[2022-07-11T08:44:34.388+0000][9][safepoint   ] Safepoint "Cleanup", Time since last: 12001748631 ns, Reaching safepoint: 127460 ns, At safepoint: 14736 ns, Total: 142196 ns
[2022-07-11T08:44:52.390+0000][9][safepoint   ] Safepoint "Cleanup", Time since last: 18001619119 ns, Reaching safepoint: 76825 ns, At safepoint: 12362 ns, Total: 89187 ns
[2022-07-11T08:45:09.381+0000][9][gc,start    ] GC(65) Pause Young (Normal) (G1 Evacuation Pause)
[2022-07-11T08:45:09.381+0000][9][gc,task     ] GC(65) Using 4 workers of 4 for evacuation
[2022-07-11T08:45:09.381+0000][9][gc,age      ] GC(65) Desired survivor size 20971520 bytes, new threshold 15 (max threshold 15)
[2022-07-11T08:45:09.385+0000][9][gc,phases   ] GC(65)   Pre Evacuate Collection Set: 0.1ms
[2022-07-11T08:45:09.385+0000][9][gc,phases   ] GC(65)   Merge Heap Roots: 0.1ms
[2022-07-11T08:45:09.385+0000][9][gc,phases   ] GC(65)   Evacuate Collection Set: 2.3ms
[2022-07-11T08:45:09.385+0000][9][gc,phases   ] GC(65)   Post Evacuate Collection Set: 1.3ms
[2022-07-11T08:45:09.385+0000][9][gc,phases   ] GC(65)   Other: 0.2ms
[2022-07-11T08:45:09.385+0000][9][gc,age      ] GC(65) Age table with threshold 15 (max threshold 15)
[2022-07-11T08:45:09.385+0000][9][gc,age      ] GC(65) - age   1:    1141512 bytes,    1141512 total
[2022-07-11T08:45:09.385+0000][9][gc,age      ] GC(65) - age   2:       4496 bytes,    1146008 total
[2022-07-11T08:45:09.385+0000][9][gc,age      ] GC(65) - age   3:       4680 bytes,    1150688 total
[2022-07-11T08:45:09.385+0000][9][gc,age      ] GC(65) - age   4:      35976 bytes,    1186664 total
[2022-07-11T08:45:09.385+0000][9][gc,age      ] GC(65) - age   5:        360 bytes,    1187024 total
[2022-07-11T08:45:09.385+0000][9][gc,age      ] GC(65) - age   6:      18528 bytes,    1205552 total
[2022-07-11T08:45:09.385+0000][9][gc,age      ] GC(65) - age   7:     228064 bytes,    1433616 total
[2022-07-11T08:45:09.385+0000][9][gc,age      ] GC(65) - age   8:       7928 bytes,    1441544 total
[2022-07-11T08:45:09.385+0000][9][gc,age      ] GC(65) - age   9:        696 bytes,    1442240 total
[2022-07-11T08:45:09.385+0000][9][gc,age      ] GC(65) - age  10:       3064 bytes,    1445304 total
[2022-07-11T08:45:09.385+0000][9][gc,age      ] GC(65) - age  11:       2480 bytes,    1447784 total
[2022-07-11T08:45:09.385+0000][9][gc,age      ] GC(65) - age  12:       1024 bytes,    1448808 total
[2022-07-11T08:45:09.385+0000][9][gc,age      ] GC(65) - age  13:      39936 bytes,    1488744 total
[2022-07-11T08:45:09.385+0000][9][gc,age      ] GC(65) - age  14:        624 bytes,    1489368 total
[2022-07-11T08:45:09.385+0000][9][gc,age      ] GC(65) - age  15:         24 bytes,    1489392 total
[2022-07-11T08:45:09.386+0000][9][gc,heap     ] GC(65) Eden regions: 75->0(75)
[2022-07-11T08:45:09.386+0000][9][gc,heap     ] GC(65) Survivor regions: 1->1(10)
[2022-07-11T08:45:09.386+0000][9][gc,heap     ] GC(65) Old regions: 27->27
[2022-07-11T08:45:09.386+0000][9][gc,heap     ] GC(65) Archive regions: 2->2
[2022-07-11T08:45:09.386+0000][9][gc,heap     ] GC(65) Humongous regions: 0->0
[2022-07-11T08:45:09.386+0000][9][gc,metaspace] GC(65) Metaspace: 122038K(127360K)->122038K(127360K) NonClass: 106331K(109632K)->106331K(109632K) Class: 15707K(17728K)->15707K(17728K)
[2022-07-11T08:45:09.386+0000][9][gc          ] GC(65) Pause Young (Normal) (G1 Evacuation Pause) 409M->109M(512M) 4.434ms
[2022-07-11T08:45:09.386+0000][9][gc,cpu      ] GC(65) User=0.00s Sys=0.01s Real=0.01s
[2022-07-11T08:45:09.386+0000][9][safepoint   ] Safepoint "G1CollectForAllocation", Time since last: 16991095065 ns, Reaching safepoint: 109022 ns, At safepoint: 4586403 ns, Total: 4695425 ns
[2022-07-11T08:45:12.386+0000][9][safepoint   ] Safepoint "Cleanup", Time since last: 3000346713 ns, Reaching safepoint: 93238 ns, At safepoint: 13200 ns, Total: 106438 ns
[2022-07-11T08:45:16.387+0000][9][safepoint   ] Safepoint "Cleanup", Time since last: 4000468686 ns, Reaching safepoint: 101061 ns, At safepoint: 14457 ns, Total: 115518 ns
[2022-07-11T08:45:28.388+0000][9][safepoint   ] Safepoint "Cleanup", Time since last: 12001375609 ns, Reaching safepoint: 92330 ns, At safepoint: 13200 ns, Total: 105530 ns
[2022-07-11T08:45:36.389+0000][9][safepoint   ] Safepoint "Cleanup", Time since last: 8000845112 ns, Reaching safepoint: 75778 ns, At safepoint: 10127 ns, Total: 85905 ns
[2022-07-11T08:45:51.391+0000][9][safepoint   ] Safepoint "Cleanup", Time since last: 15001532144 ns, Reaching safepoint: 219092 ns, At safepoint: 18019 ns, Total: 237111 ns
[2022-07-11T08:46:00.392+0000][9][safepoint   ] Safepoint "Cleanup", Time since last: 9001198889 ns, Reaching safepoint: 118311 ns, At safepoint: 16553 ns, Total: 134864 ns
[2022-07-11T08:46:39.396+0000][9][safepoint   ] Safepoint "Cleanup", Time since last: 39003894555 ns, Reaching safepoint: 118381 ns, At safepoint: 17111 ns, Total: 135492 ns
[2022-07-11T08:46:57.460+0000][9][gc,start    ] GC(66) Pause Young (Normal) (G1 Evacuation Pause)
[2022-07-11T08:46:57.460+0000][9][gc,task     ] GC(66) Using 4 workers of 4 for evacuation
[2022-07-11T08:46:57.460+0000][9][gc,age      ] GC(66) Desired survivor size 20971520 bytes, new threshold 15 (max threshold 15)
[2022-07-11T08:46:57.464+0000][9][gc,phases   ] GC(66)   Pre Evacuate Collection Set: 0.1ms
[2022-07-11T08:46:57.464+0000][9][gc,phases   ] GC(66)   Merge Heap Roots: 0.1ms
[2022-07-11T08:46:57.464+0000][9][gc,phases   ] GC(66)   Evacuate Collection Set: 2.7ms
[2022-07-11T08:46:57.464+0000][9][gc,phases   ] GC(66)   Post Evacuate Collection Set: 1.3ms
[2022-07-11T08:46:57.464+0000][9][gc,phases   ] GC(66)   Other: 0.3ms
[2022-07-11T08:46:57.464+0000][9][gc,age      ] GC(66) Age table with threshold 15 (max threshold 15)
[2022-07-11T08:46:57.464+0000][9][gc,age      ] GC(66) - age   1:    1568976 bytes,    1568976 total
[2022-07-11T08:46:57.464+0000][9][gc,age      ] GC(66) - age   2:       3704 bytes,    1572680 total
[2022-07-11T08:46:57.464+0000][9][gc,age      ] GC(66) - age   3:       3728 bytes,    1576408 total
[2022-07-11T08:46:57.464+0000][9][gc,age      ] GC(66) - age   4:       4320 bytes,    1580728 total
[2022-07-11T08:46:57.464+0000][9][gc,age      ] GC(66) - age   5:      35976 bytes,    1616704 total
[2022-07-11T08:46:57.464+0000][9][gc,age      ] GC(66) - age   6:        360 bytes,    1617064 total
[2022-07-11T08:46:57.464+0000][9][gc,age      ] GC(66) - age   7:      18528 bytes,    1635592 total
[2022-07-11T08:46:57.465+0000][9][gc,age      ] GC(66) - age   8:     228064 bytes,    1863656 total
[2022-07-11T08:46:57.465+0000][9][gc,age      ] GC(66) - age   9:       7928 bytes,    1871584 total
[2022-07-11T08:46:57.465+0000][9][gc,age      ] GC(66) - age  10:        696 bytes,    1872280 total
[2022-07-11T08:46:57.465+0000][9][gc,age      ] GC(66) - age  11:       3064 bytes,    1875344 total
[2022-07-11T08:46:57.465+0000][9][gc,age      ] GC(66) - age  12:       2480 bytes,    1877824 total
[2022-07-11T08:46:57.465+0000][9][gc,age      ] GC(66) - age  13:        840 bytes,    1878664 total
[2022-07-11T08:46:57.465+0000][9][gc,age      ] GC(66) - age  14:      39936 bytes,    1918600 total
[2022-07-11T08:46:57.465+0000][9][gc,age      ] GC(66) - age  15:        624 bytes,    1919224 total
[2022-07-11T08:46:57.465+0000][9][gc,heap     ] GC(66) Eden regions: 75->0(75)
[2022-07-11T08:46:57.465+0000][9][gc,heap     ] GC(66) Survivor regions: 1->1(10)
[2022-07-11T08:46:57.465+0000][9][gc,heap     ] GC(66) Old regions: 27->27
[2022-07-11T08:46:57.465+0000][9][gc,heap     ] GC(66) Archive regions: 2->2
[2022-07-11T08:46:57.465+0000][9][gc,heap     ] GC(66) Humongous regions: 0->0
[2022-07-11T08:46:57.465+0000][9][gc,metaspace] GC(66) Metaspace: 122038K(127360K)->122038K(127360K) NonClass: 106331K(109632K)->106331K(109632K) Class: 15707K(17728K)->15707K(17728K)
[2022-07-11T08:46:57.465+0000][9][gc          ] GC(66) Pause Young (Normal) (G1 Evacuation Pause) 409M->110M(512M) 4.951ms
[2022-07-11T08:46:57.465+0000][9][gc,cpu      ] GC(66) User=0.01s Sys=0.00s Real=0.01s
[2022-07-11T08:46:57.465+0000][9][safepoint   ] Safepoint "G1CollectForAllocation", Time since last: 18063336261 ns, Reaching safepoint: 106158 ns, At safepoint: 5076339 ns, Total: 5182497 ns
[2022-07-11T08:47:00.465+0000][9][safepoint   ] Safepoint "Cleanup", Time since last: 3000363056 ns, Reaching safepoint: 86254 ns, At safepoint: 11314 ns, Total: 97568 ns
[2022-07-11T08:47:41.470+0000][9][safepoint   ] Safepoint "Cleanup", Time since last: 41004109377 ns, Reaching safepoint: 81086 ns, At safepoint: 12920 ns, Total: 94006 ns
[2022-07-11T08:47:45.470+0000][9][safepoint   ] Safepoint "Cleanup", Time since last: 4000501792 ns, Reaching safepoint: 67326 ns, At safepoint: 16972 ns, Total: 84298 ns
[2022-07-11T08:48:03.531+0000][9][safepoint   ] Safepoint "Cleanup", Time since last: 18060378066 ns, Reaching safepoint: 35829 ns, At safepoint: 16133 ns, Total: 51962 ns
[2022-07-11T08:48:04.531+0000][9][safepoint   ] Safepoint "Cleanup", Time since last: 1000213325 ns, Reaching safepoint: 266654 ns, At safepoint: 24794 ns, Total: 291448 ns
[2022-07-11T08:48:15.533+0000][9][safepoint   ] Safepoint "Cleanup", Time since last: 11001607869 ns, Reaching safepoint: 111188 ns, At safepoint: 12850 ns, Total: 124038 ns
[2022-07-11T08:48:16.533+0000][9][safepoint   ] Safepoint "Cleanup", Time since last: 1000182037 ns, Reaching safepoint: 85835 ns, At safepoint: 10895 ns, Total: 96730 ns
[2022-07-11T08:48:39.680+0000][9][gc,start    ] GC(67) Pause Young (Normal) (G1 Evacuation Pause)
[2022-07-11T08:48:39.680+0000][9][gc,task     ] GC(67) Using 4 workers of 4 for evacuation
[2022-07-11T08:48:39.680+0000][9][gc,age      ] GC(67) Desired survivor size 20971520 bytes, new threshold 15 (max threshold 15)
[2022-07-11T08:48:39.683+0000][9][gc,phases   ] GC(67)   Pre Evacuate Collection Set: 0.1ms
[2022-07-11T08:48:39.683+0000][9][gc,phases   ] GC(67)   Merge Heap Roots: 0.1ms
[2022-07-11T08:48:39.683+0000][9][gc,phases   ] GC(67)   Evacuate Collection Set: 1.5ms
[2022-07-11T08:48:39.684+0000][9][gc,phases   ] GC(67)   Post Evacuate Collection Set: 1.1ms
[2022-07-11T08:48:39.684+0000][9][gc,phases   ] GC(67)   Other: 0.1ms
[2022-07-11T08:48:39.684+0000][9][gc,age      ] GC(67) Age table with threshold 15 (max threshold 15)
[2022-07-11T08:48:39.684+0000][9][gc,age      ] GC(67) - age   1:    1051656 bytes,    1051656 total
[2022-07-11T08:48:39.684+0000][9][gc,age      ] GC(67) - age   2:       2840 bytes,    1054496 total
[2022-07-11T08:48:39.684+0000][9][gc,age      ] GC(67) - age   3:       2176 bytes,    1056672 total
[2022-07-11T08:48:39.684+0000][9][gc,age      ] GC(67) - age   4:       3472 bytes,    1060144 total
[2022-07-11T08:48:39.684+0000][9][gc,age      ] GC(67) - age   5:       4320 bytes,    1064464 total
[2022-07-11T08:48:39.684+0000][9][gc,age      ] GC(67) - age   6:      35976 bytes,    1100440 total
[2022-07-11T08:48:39.684+0000][9][gc,age      ] GC(67) - age   7:        360 bytes,    1100800 total
[2022-07-11T08:48:39.684+0000][9][gc,age      ] GC(67) - age   8:      18528 bytes,    1119328 total
[2022-07-11T08:48:39.684+0000][9][gc,age      ] GC(67) - age   9:     228064 bytes,    1347392 total
[2022-07-11T08:48:39.684+0000][9][gc,age      ] GC(67) - age  10:       7440 bytes,    1354832 total
[2022-07-11T08:48:39.684+0000][9][gc,age      ] GC(67) - age  11:        696 bytes,    1355528 total
[2022-07-11T08:48:39.684+0000][9][gc,age      ] GC(67) - age  12:       3064 bytes,    1358592 total
[2022-07-11T08:48:39.684+0000][9][gc,age      ] GC(67) - age  13:       2480 bytes,    1361072 total
[2022-07-11T08:48:39.684+0000][9][gc,age      ] GC(67) - age  14:        840 bytes,    1361912 total
[2022-07-11T08:48:39.684+0000][9][gc,age      ] GC(67) - age  15:      39936 bytes,    1401848 total
[2022-07-11T08:48:39.684+0000][9][gc,heap     ] GC(67) Eden regions: 75->0(75)
[2022-07-11T08:48:39.684+0000][9][gc,heap     ] GC(67) Survivor regions: 1->1(10)
[2022-07-11T08:48:39.684+0000][9][gc,heap     ] GC(67) Old regions: 27->27
[2022-07-11T08:48:39.684+0000][9][gc,heap     ] GC(67) Archive regions: 2->2
[2022-07-11T08:48:39.684+0000][9][gc,heap     ] GC(67) Humongous regions: 0->0
[2022-07-11T08:48:39.684+0000][9][gc,metaspace] GC(67) Metaspace: 122051K(127360K)->122051K(127360K) NonClass: 106343K(109632K)->106343K(109632K) Class: 15707K(17728K)->15707K(17728K)
[2022-07-11T08:48:39.684+0000][9][gc          ] GC(67) Pause Young (Normal) (G1 Evacuation Pause) 410M->109M(512M) 3.545ms
[2022-07-11T08:48:39.684+0000][9][gc,cpu      ] GC(67) User=0.00s Sys=0.00s Real=0.01s
[2022-07-11T08:48:39.684+0000][9][safepoint   ] Safepoint "G1CollectForAllocation", Time since last: 23147291556 ns, Reaching safepoint: 47003 ns, At safepoint: 3651229 ns, Total: 3698232 ns
[2022-07-11T08:48:50.685+0000][9][safepoint   ] Safepoint "Cleanup", Time since last: 11001030981 ns, Reaching safepoint: 125924 ns, At safepoint: 17111 ns, Total: 143035 ns
[2022-07-11T08:49:00.686+0000][9][safepoint   ] Safepoint "Cleanup", Time since last: 10000935198 ns, Reaching safepoint: 49099 ns, At safepoint: 8590 ns, Total: 57689 ns
[2022-07-11T08:49:30.690+0000][9][safepoint   ] Safepoint "Cleanup", Time since last: 30003150751 ns, Reaching safepoint: 136260 ns, At safepoint: 13689 ns, Total: 149949 ns
[2022-07-11T08:49:33.690+0000][9][safepoint   ] Safepoint "Cleanup", Time since last: 3000341894 ns, Reaching safepoint: 90235 ns, At safepoint: 12641 ns, Total: 102876 ns
[2022-07-11T08:49:43.691+0000][9][safepoint   ] Safepoint "Cleanup", Time since last: 10001007554 ns, Reaching safepoint: 83949 ns, At safepoint: 12851 ns, Total: 96800 ns
[2022-07-11T08:49:45.691+0000][9][safepoint   ] Safepoint "Cleanup", Time since last: 2000273978 ns, Reaching safepoint: 75847 ns, At safepoint: 12641 ns, Total: 88488 ns
[2022-07-11T08:49:57.693+0000][9][safepoint   ] Safepoint "Cleanup", Time since last: 12001450129 ns, Reaching safepoint: 82343 ns, At safepoint: 45327 ns, Total: 127670 ns
[2022-07-11T08:50:00.693+0000][9][safepoint   ] Safepoint "Cleanup", Time since last: 3000349227 ns, Reaching safepoint: 82552 ns, At safepoint: 12432 ns, Total: 94984 ns
[2022-07-11T08:50:10.695+0000][9][safepoint   ] Safepoint "Cleanup", Time since last: 10001037725 ns, Reaching safepoint: 77105 ns, At safepoint: 13689 ns, Total: 90794 ns
[2022-07-11T08:50:21.938+0000][9][gc,start    ] GC(68) Pause Young (Normal) (G1 Evacuation Pause)
[2022-07-11T08:50:21.938+0000][9][gc,task     ] GC(68) Using 4 workers of 4 for evacuation
[2022-07-11T08:50:21.938+0000][9][gc,age      ] GC(68) Desired survivor size 20971520 bytes, new threshold 15 (max threshold 15)
[2022-07-11T08:50:21.942+0000][9][gc,phases   ] GC(68)   Pre Evacuate Collection Set: 0.1ms
[2022-07-11T08:50:21.942+0000][9][gc,phases   ] GC(68)   Merge Heap Roots: 0.1ms
[2022-07-11T08:50:21.942+0000][9][gc,phases   ] GC(68)   Evacuate Collection Set: 2.8ms
[2022-07-11T08:50:21.942+0000][9][gc,phases   ] GC(68)   Post Evacuate Collection Set: 1.4ms
[2022-07-11T08:50:21.942+0000][9][gc,phases   ] GC(68)   Other: 0.2ms
[2022-07-11T08:50:21.942+0000][9][gc,age      ] GC(68) Age table with threshold 15 (max threshold 15)
[2022-07-11T08:50:21.942+0000][9][gc,age      ] GC(68) - age   1:    1574736 bytes,    1574736 total
[2022-07-11T08:50:21.942+0000][9][gc,age      ] GC(68) - age   2:       3360 bytes,    1578096 total
[2022-07-11T08:50:21.942+0000][9][gc,age      ] GC(68) - age   3:       1136 bytes,    1579232 total
[2022-07-11T08:50:21.942+0000][9][gc,age      ] GC(68) - age   4:       1888 bytes,    1581120 total
[2022-07-11T08:50:21.942+0000][9][gc,age      ] GC(68) - age   5:       3472 bytes,    1584592 total
[2022-07-11T08:50:21.942+0000][9][gc,age      ] GC(68) - age   6:       4320 bytes,    1588912 total
[2022-07-11T08:50:21.942+0000][9][gc,age      ] GC(68) - age   7:      35912 bytes,    1624824 total
[2022-07-11T08:50:21.943+0000][9][gc,age      ] GC(68) - age   8:        360 bytes,    1625184 total
[2022-07-11T08:50:21.943+0000][9][gc,age      ] GC(68) - age   9:      18528 bytes,    1643712 total
[2022-07-11T08:50:21.943+0000][9][gc,age      ] GC(68) - age  10:     228064 bytes,    1871776 total
[2022-07-11T08:50:21.943+0000][9][gc,age      ] GC(68) - age  11:       7440 bytes,    1879216 total
[2022-07-11T08:50:21.943+0000][9][gc,age      ] GC(68) - age  12:        696 bytes,    1879912 total
[2022-07-11T08:50:21.943+0000][9][gc,age      ] GC(68) - age  13:       3064 bytes,    1882976 total
[2022-07-11T08:50:21.943+0000][9][gc,age      ] GC(68) - age  14:       2480 bytes,    1885456 total
[2022-07-11T08:50:21.943+0000][9][gc,age      ] GC(68) - age  15:        840 bytes,    1886296 total
[2022-07-11T08:50:21.943+0000][9][gc,heap     ] GC(68) Eden regions: 75->0(75)
[2022-07-11T08:50:21.943+0000][9][gc,heap     ] GC(68) Survivor regions: 1->1(10)
[2022-07-11T08:50:21.943+0000][9][gc,heap     ] GC(68) Old regions: 27->27
[2022-07-11T08:50:21.943+0000][9][gc,heap     ] GC(68) Archive regions: 2->2
[2022-07-11T08:50:21.943+0000][9][gc,heap     ] GC(68) Humongous regions: 0->0
[2022-07-11T08:50:21.943+0000][9][gc,metaspace] GC(68) Metaspace: 122074K(127360K)->122074K(127360K) NonClass: 106367K(109632K)->106367K(109632K) Class: 15707K(17728K)->15707K(17728K)
[2022-07-11T08:50:21.943+0000][9][gc          ] GC(68) Pause Young (Normal) (G1 Evacuation Pause) 409M->110M(512M) 5.155ms
[2022-07-11T08:50:21.943+0000][9][gc,cpu      ] GC(68) User=0.01s Sys=0.00s Real=0.00s
[2022-07-11T08:50:21.943+0000][9][safepoint   ] Safepoint "G1CollectForAllocation", Time since last: 11242828522 ns, Reaching safepoint: 161263 ns, At safepoint: 5272104 ns, Total: 5433367 ns
[2022-07-11T08:50:33.945+0000][9][safepoint   ] Safepoint "Cleanup", Time since last: 12001570535 ns, Reaching safepoint: 131790 ns, At safepoint: 13479 ns, Total: 145269 ns
[2022-07-11T08:50:39.945+0000][9][safepoint   ] Safepoint "Cleanup", Time since last: 6000695801 ns, Reaching safepoint: 86254 ns, At safepoint: 13410 ns, Total: 99664 ns
[2022-07-11T08:50:40.946+0000][9][safepoint   ] Safepoint "Cleanup", Time since last: 1000183643 ns, Reaching safepoint: 74660 ns, At safepoint: 12781 ns, Total: 87441 ns
[2022-07-11T08:50:57.948+0000][9][safepoint   ] Safepoint "Cleanup", Time since last: 17001956280 ns, Reaching safepoint: 128438 ns, At safepoint: 12292 ns, Total: 140730 ns
[2022-07-11T08:51:00.948+0000][9][safepoint   ] Safepoint "Cleanup", Time since last: 3000356700 ns, Reaching safepoint: 85835 ns, At safepoint: 20044 ns, Total: 105879 ns
[2022-07-11T08:51:03.773+0000][9][safepoint   ] Safepoint "Cleanup", Time since last: 2824677975 ns, Reaching safepoint: 98685 ns, At safepoint: 12432 ns, Total: 111117 ns
[2022-07-11T08:51:04.773+0000][9][safepoint   ] Safepoint "Cleanup", Time since last: 1000162411 ns, Reaching safepoint: 122083 ns, At safepoint: 22908 ns, Total: 144991 ns
[2022-07-11T08:51:45.778+0000][9][safepoint   ] Safepoint "Cleanup", Time since last: 41004706308 ns, Reaching safepoint: 73822 ns, At safepoint: 49308 ns, Total: 123130 ns
[2022-07-11T08:51:51.779+0000][9][safepoint   ] Safepoint "Cleanup", Time since last: 6000674638 ns, Reaching safepoint: 135842 ns, At safepoint: 12780 ns, Total: 148622 ns
[2022-07-11T08:52:09.478+0000][9][gc,start    ] GC(69) Pause Young (Normal) (G1 Evacuation Pause)
[2022-07-11T08:52:09.478+0000][9][gc,task     ] GC(69) Using 4 workers of 4 for evacuation
[2022-07-11T08:52:09.478+0000][9][gc,age      ] GC(69) Desired survivor size 20971520 bytes, new threshold 15 (max threshold 15)
[2022-07-11T08:52:09.481+0000][9][gc,phases   ] GC(69)   Pre Evacuate Collection Set: 0.1ms
[2022-07-11T08:52:09.481+0000][9][gc,phases   ] GC(69)   Merge Heap Roots: 0.1ms
[2022-07-11T08:52:09.481+0000][9][gc,phases   ] GC(69)   Evacuate Collection Set: 1.4ms
[2022-07-11T08:52:09.481+0000][9][gc,phases   ] GC(69)   Post Evacuate Collection Set: 1.2ms
[2022-07-11T08:52:09.481+0000][9][gc,phases   ] GC(69)   Other: 0.2ms
[2022-07-11T08:52:09.481+0000][9][gc,age      ] GC(69) Age table with threshold 15 (max threshold 15)
[2022-07-11T08:52:09.481+0000][9][gc,age      ] GC(69) - age   1:     430728 bytes,     430728 total
[2022-07-11T08:52:09.481+0000][9][gc,age      ] GC(69) - age   2:       3064 bytes,     433792 total
[2022-07-11T08:52:09.481+0000][9][gc,age      ] GC(69) - age   3:       1704 bytes,     435496 total
[2022-07-11T08:52:09.481+0000][9][gc,age      ] GC(69) - age   4:       1136 bytes,     436632 total
[2022-07-11T08:52:09.481+0000][9][gc,age      ] GC(69) - age   5:       1888 bytes,     438520 total
[2022-07-11T08:52:09.481+0000][9][gc,age      ] GC(69) - age   6:       3472 bytes,     441992 total
[2022-07-11T08:52:09.481+0000][9][gc,age      ] GC(69) - age   7:       4320 bytes,     446312 total
[2022-07-11T08:52:09.481+0000][9][gc,age      ] GC(69) - age   8:      35912 bytes,     482224 total
[2022-07-11T08:52:09.481+0000][9][gc,age      ] GC(69) - age   9:        360 bytes,     482584 total
[2022-07-11T08:52:09.481+0000][9][gc,age      ] GC(69) - age  10:      18528 bytes,     501112 total
[2022-07-11T08:52:09.481+0000][9][gc,age      ] GC(69) - age  11:     228064 bytes,     729176 total
[2022-07-11T08:52:09.481+0000][9][gc,age      ] GC(69) - age  12:       7056 bytes,     736232 total
[2022-07-11T08:52:09.481+0000][9][gc,age      ] GC(69) - age  13:        696 bytes,     736928 total
[2022-07-11T08:52:09.481+0000][9][gc,age      ] GC(69) - age  14:       3064 bytes,     739992 total
[2022-07-11T08:52:09.481+0000][9][gc,age      ] GC(69) - age  15:       2480 bytes,     742472 total
[2022-07-11T08:52:09.481+0000][9][gc,heap     ] GC(69) Eden regions: 75->0(75)
[2022-07-11T08:52:09.481+0000][9][gc,heap     ] GC(69) Survivor regions: 1->1(10)
[2022-07-11T08:52:09.482+0000][9][gc,heap     ] GC(69) Old regions: 27->27
[2022-07-11T08:52:09.482+0000][9][gc,heap     ] GC(69) Archive regions: 2->2
[2022-07-11T08:52:09.482+0000][9][gc,heap     ] GC(69) Humongous regions: 0->0
[2022-07-11T08:52:09.482+0000][9][gc,metaspace] GC(69) Metaspace: 122076K(127360K)->122076K(127360K) NonClass: 106368K(109632K)->106368K(109632K) Class: 15707K(17728K)->15707K(17728K)
[2022-07-11T08:52:09.482+0000][9][gc          ] GC(69) Pause Young (Normal) (G1 Evacuation Pause) 410M->109M(512M) 3.604ms
[2022-07-11T08:52:09.482+0000][9][gc,cpu      ] GC(69) User=0.01s Sys=0.01s Real=0.00s
[2022-07-11T08:52:09.482+0000][9][safepoint   ] Safepoint "G1CollectForAllocation", Time since last: 17698982127 ns, Reaching safepoint: 67188 ns, At safepoint: 3716320 ns, Total: 3783508 ns
[2022-07-11T08:52:16.455+0000][9][safepoint   ] Safepoint "Cleanup", Time since last: 6973337212 ns, Reaching safepoint: 81785 ns, At safepoint: 12990 ns, Total: 94775 ns
[2022-07-11T08:52:40.458+0000][9][safepoint   ] Safepoint "Cleanup", Time since last: 24002388181 ns, Reaching safepoint: 76266 ns, At safepoint: 11524 ns, Total: 87790 ns
[2022-07-11T08:52:51.462+0000][9][safepoint   ] Safepoint "Cleanup", Time since last: 11002074269 ns, Reaching safepoint: 2250214 ns, At safepoint: 71377 ns, Total: 2321591 ns
[2022-07-11T08:52:52.462+0000][9][safepoint   ] Safepoint "Cleanup", Time since last: 1000170304 ns, Reaching safepoint: 87790 ns, At safepoint: 11384 ns, Total: 99174 ns
[2022-07-11T08:52:58.463+0000][9][safepoint   ] Safepoint "Cleanup", Time since last: 6000625401 ns, Reaching safepoint: 85695 ns, At safepoint: 12083 ns, Total: 97778 ns
[2022-07-11T08:53:00.463+0000][9][safepoint   ] Safepoint "Cleanup", Time since last: 2000325101 ns, Reaching safepoint: 93587 ns, At safepoint: 13270 ns, Total: 106857 ns
[2022-07-11T08:53:16.465+0000][9][safepoint   ] Safepoint "Cleanup", Time since last: 16001680237 ns, Reaching safepoint: 67886 ns, At safepoint: 12920 ns, Total: 80806 ns
[2022-07-11T08:53:18.466+0000][9][safepoint   ] Safepoint "Cleanup", Time since last: 2000733394 ns, Reaching safepoint: 47981 ns, At safepoint: 8171 ns, Total: 56152 ns
[2022-07-11T08:54:00.140+0000][9][gc,start    ] GC(70) Pause Young (Normal) (G1 Evacuation Pause)
[2022-07-11T08:54:00.140+0000][9][gc,task     ] GC(70) Using 4 workers of 4 for evacuation
[2022-07-11T08:54:00.140+0000][9][gc,age      ] GC(70) Desired survivor size 20971520 bytes, new threshold 15 (max threshold 15)
[2022-07-11T08:54:00.144+0000][9][gc,phases   ] GC(70)   Pre Evacuate Collection Set: 0.1ms
[2022-07-11T08:54:00.144+0000][9][gc,phases   ] GC(70)   Merge Heap Roots: 0.1ms
[2022-07-11T08:54:00.144+0000][9][gc,phases   ] GC(70)   Evacuate Collection Set: 2.0ms
[2022-07-11T08:54:00.144+0000][9][gc,phases   ] GC(70)   Post Evacuate Collection Set: 1.2ms
[2022-07-11T08:54:00.144+0000][9][gc,phases   ] GC(70)   Other: 0.2ms
[2022-07-11T08:54:00.144+0000][9][gc,age      ] GC(70) Age table with threshold 15 (max threshold 15)
[2022-07-11T08:54:00.144+0000][9][gc,age      ] GC(70) - age   1:     913928 bytes,     913928 total
[2022-07-11T08:54:00.144+0000][9][gc,age      ] GC(70) - age   2:       1160 bytes,     915088 total
[2022-07-11T08:54:00.144+0000][9][gc,age      ] GC(70) - age   3:       1216 bytes,     916304 total
[2022-07-11T08:54:00.144+0000][9][gc,age      ] GC(70) - age   4:       1616 bytes,     917920 total
[2022-07-11T08:54:00.144+0000][9][gc,age      ] GC(70) - age   5:       1136 bytes,     919056 total
[2022-07-11T08:54:00.144+0000][9][gc,age      ] GC(70) - age   6:       1888 bytes,     920944 total
[2022-07-11T08:54:00.144+0000][9][gc,age      ] GC(70) - age   7:       1400 bytes,     922344 total
[2022-07-11T08:54:00.144+0000][9][gc,age      ] GC(70) - age   8:       4320 bytes,     926664 total
[2022-07-11T08:54:00.144+0000][9][gc,age      ] GC(70) - age   9:      35912 bytes,     962576 total
[2022-07-11T08:54:00.144+0000][9][gc,age      ] GC(70) - age  10:        360 bytes,     962936 total
[2022-07-11T08:54:00.144+0000][9][gc,age      ] GC(70) - age  11:      18528 bytes,     981464 total
[2022-07-11T08:54:00.144+0000][9][gc,age      ] GC(70) - age  12:     228064 bytes,    1209528 total
[2022-07-11T08:54:00.144+0000][9][gc,age      ] GC(70) - age  13:       7024 bytes,    1216552 total
[2022-07-11T08:54:00.144+0000][9][gc,age      ] GC(70) - age  14:        512 bytes,    1217064 total
[2022-07-11T08:54:00.144+0000][9][gc,age      ] GC(70) - age  15:       3064 bytes,    1220128 total
[2022-07-11T08:54:00.144+0000][9][gc,heap     ] GC(70) Eden regions: 75->0(75)
[2022-07-11T08:54:00.144+0000][9][gc,heap     ] GC(70) Survivor regions: 1->1(10)
[2022-07-11T08:54:00.144+0000][9][gc,heap     ] GC(70) Old regions: 27->27
[2022-07-11T08:54:00.144+0000][9][gc,heap     ] GC(70) Archive regions: 2->2
[2022-07-11T08:54:00.144+0000][9][gc,heap     ] GC(70) Humongous regions: 0->0
[2022-07-11T08:54:00.144+0000][9][gc,metaspace] GC(70) Metaspace: 122081K(127360K)->122081K(127360K) NonClass: 106374K(109632K)->106374K(109632K) Class: 15707K(17728K)->15707K(17728K)
[2022-07-11T08:54:00.144+0000][9][gc          ] GC(70) Pause Young (Normal) (G1 Evacuation Pause) 409M->109M(512M) 4.182ms
[2022-07-11T08:54:00.144+0000][9][gc,cpu      ] GC(70) User=0.00s Sys=0.00s Real=0.01s
[2022-07-11T08:54:00.144+0000][9][safepoint   ] Safepoint "G1CollectForAllocation", Time since last: 41673833104 ns, Reaching safepoint: 95822 ns, At safepoint: 4308435 ns, Total: 4404257 ns
[2022-07-11T08:54:19.147+0000][9][safepoint   ] Safepoint "Cleanup", Time since last: 19002466879 ns, Reaching safepoint: 84438 ns, At safepoint: 13759 ns, Total: 98197 ns
[2022-07-11T08:54:28.148+0000][9][safepoint   ] Safepoint "Cleanup", Time since last: 9001553751 ns, Reaching safepoint: 87790 ns, At safepoint: 13200 ns, Total: 100990 ns
[2022-07-11T08:54:40.150+0000][9][safepoint   ] Safepoint "Cleanup", Time since last: 12001490566 ns, Reaching safepoint: 107556 ns, At safepoint: 12990 ns, Total: 120546 ns
[2022-07-11T08:54:46.151+0000][9][safepoint   ] Safepoint "Cleanup", Time since last: 6000665769 ns, Reaching safepoint: 74381 ns, At safepoint: 12362 ns, Total: 86743 ns
[2022-07-11T08:55:00.152+0000][9][safepoint   ] Safepoint "Cleanup", Time since last: 14001427630 ns, Reaching safepoint: 94495 ns, At safepoint: 22419 ns, Total: 116914 ns
[2022-07-11T08:55:10.153+0000][9][safepoint   ] Safepoint "Cleanup", Time since last: 10001077325 ns, Reaching safepoint: 79409 ns, At safepoint: 8172 ns, Total: 87581 ns
[2022-07-11T08:55:22.155+0000][9][safepoint   ] Safepoint "Cleanup", Time since last: 12001786762 ns, Reaching safepoint: 76686 ns, At safepoint: 9079 ns, Total: 85765 ns
[2022-07-11T08:55:43.158+0000][9][safepoint   ] Safepoint "Cleanup", Time since last: 21002386623 ns, Reaching safepoint: 125365 ns, At safepoint: 11593 ns, Total: 136958 ns
[2022-07-11T08:55:45.528+0000][9][gc,start    ] GC(71) Pause Young (Normal) (G1 Evacuation Pause)
[2022-07-11T08:55:45.528+0000][9][gc,task     ] GC(71) Using 4 workers of 4 for evacuation
[2022-07-11T08:55:45.528+0000][9][gc,age      ] GC(71) Desired survivor size 20971520 bytes, new threshold 15 (max threshold 15)
[2022-07-11T08:55:45.533+0000][9][gc,phases   ] GC(71)   Pre Evacuate Collection Set: 0.1ms
[2022-07-11T08:55:45.533+0000][9][gc,phases   ] GC(71)   Merge Heap Roots: 0.1ms
[2022-07-11T08:55:45.533+0000][9][gc,phases   ] GC(71)   Evacuate Collection Set: 3.4ms
[2022-07-11T08:55:45.533+0000][9][gc,phases   ] GC(71)   Post Evacuate Collection Set: 1.6ms
[2022-07-11T08:55:45.533+0000][9][gc,phases   ] GC(71)   Other: 0.2ms
[2022-07-11T08:55:45.534+0000][9][gc,age      ] GC(71) Age table with threshold 15 (max threshold 15)
[2022-07-11T08:55:45.534+0000][9][gc,age      ] GC(71) - age   1:    1669744 bytes,    1669744 total
[2022-07-11T08:55:45.534+0000][9][gc,age      ] GC(71) - age   2:       3784 bytes,    1673528 total
[2022-07-11T08:55:45.534+0000][9][gc,age      ] GC(71) - age   3:        648 bytes,    1674176 total
[2022-07-11T08:55:45.534+0000][9][gc,age      ] GC(71) - age   4:        560 bytes,    1674736 total
[2022-07-11T08:55:45.534+0000][9][gc,age      ] GC(71) - age   5:       1616 bytes,    1676352 total
[2022-07-11T08:55:45.534+0000][9][gc,age      ] GC(71) - age   6:       1136 bytes,    1677488 total
[2022-07-11T08:55:45.534+0000][9][gc,age      ] GC(71) - age   7:       1888 bytes,    1679376 total
[2022-07-11T08:55:45.534+0000][9][gc,age      ] GC(71) - age   8:       1400 bytes,    1680776 total
[2022-07-11T08:55:45.534+0000][9][gc,age      ] GC(71) - age   9:       4136 bytes,    1684912 total
[2022-07-11T08:55:45.534+0000][9][gc,age      ] GC(71) - age  10:      35912 bytes,    1720824 total
[2022-07-11T08:55:45.534+0000][9][gc,age      ] GC(71) - age  11:        360 bytes,    1721184 total
[2022-07-11T08:55:45.534+0000][9][gc,age      ] GC(71) - age  12:      18528 bytes,    1739712 total
[2022-07-11T08:55:45.534+0000][9][gc,age      ] GC(71) - age  13:     228064 bytes,    1967776 total
[2022-07-11T08:55:45.534+0000][9][gc,age      ] GC(71) - age  14:       7024 bytes,    1974800 total
[2022-07-11T08:55:45.534+0000][9][gc,age      ] GC(71) - age  15:        512 bytes,    1975312 total
[2022-07-11T08:55:45.534+0000][9][gc,heap     ] GC(71) Eden regions: 75->0(75)
[2022-07-11T08:55:45.534+0000][9][gc,heap     ] GC(71) Survivor regions: 1->1(10)
[2022-07-11T08:55:45.534+0000][9][gc,heap     ] GC(71) Old regions: 27->27
[2022-07-11T08:55:45.534+0000][9][gc,heap     ] GC(71) Archive regions: 2->2
[2022-07-11T08:55:45.534+0000][9][gc,heap     ] GC(71) Humongous regions: 0->0
[2022-07-11T08:55:45.534+0000][9][gc,metaspace] GC(71) Metaspace: 122110K(127360K)->122110K(127360K) NonClass: 106402K(109632K)->106402K(109632K) Class: 15707K(17728K)->15707K(17728K)
[2022-07-11T08:55:45.534+0000][9][gc          ] GC(71) Pause Young (Normal) (G1 Evacuation Pause) 409M->110M(512M) 5.923ms
[2022-07-11T08:55:45.534+0000][9][gc,cpu      ] GC(71) User=0.01s Sys=0.00s Real=0.01s
[2022-07-11T08:55:45.534+0000][9][safepoint   ] Safepoint "G1CollectForAllocation", Time since last: 2369916348 ns, Reaching safepoint: 84368 ns, At safepoint: 6041474 ns, Total: 6125842 ns
[2022-07-11T08:55:46.534+0000][9][safepoint   ] Safepoint "Cleanup", Time since last: 1000134824 ns, Reaching safepoint: 88280 ns, At safepoint: 12920 ns, Total: 101200 ns
[2022-07-11T08:55:58.536+0000][9][safepoint   ] Safepoint "Cleanup", Time since last: 12001611880 ns, Reaching safepoint: 132559 ns, At safepoint: 21860 ns, Total: 154419 ns
[2022-07-11T08:56:03.537+0000][9][safepoint   ] Safepoint "Cleanup", Time since last: 5000583745 ns, Reaching safepoint: 52381 ns, At safepoint: 8171 ns, Total: 60552 ns
[2022-07-11T08:56:40.540+0000][9][safepoint   ] Safepoint "Cleanup", Time since last: 37003724218 ns, Reaching safepoint: 121803 ns, At safepoint: 17740 ns, Total: 139543 ns
[2022-07-11T08:57:04.543+0000][9][safepoint   ] Safepoint "Cleanup", Time since last: 24002359056 ns, Reaching safepoint: 91143 ns, At safepoint: 11523 ns, Total: 102666 ns
[2022-07-11T08:57:09.544+0000][9][safepoint   ] Safepoint "Cleanup", Time since last: 5000510831 ns, Reaching safepoint: 95682 ns, At safepoint: 13759 ns, Total: 109441 ns
[2022-07-11T08:57:34.150+0000][9][gc,start    ] GC(72) Pause Young (Normal) (G1 Evacuation Pause)
[2022-07-11T08:57:34.150+0000][9][gc,task     ] GC(72) Using 4 workers of 4 for evacuation
[2022-07-11T08:57:34.150+0000][9][gc,age      ] GC(72) Desired survivor size 20971520 bytes, new threshold 15 (max threshold 15)
[2022-07-11T08:57:34.154+0000][9][gc,phases   ] GC(72)   Pre Evacuate Collection Set: 0.1ms
[2022-07-11T08:57:34.154+0000][9][gc,phases   ] GC(72)   Merge Heap Roots: 0.1ms
[2022-07-11T08:57:34.154+0000][9][gc,phases   ] GC(72)   Evacuate Collection Set: 1.8ms
[2022-07-11T08:57:34.154+0000][9][gc,phases   ] GC(72)   Post Evacuate Collection Set: 1.2ms
[2022-07-11T08:57:34.154+0000][9][gc,phases   ] GC(72)   Other: 0.2ms
[2022-07-11T08:57:34.154+0000][9][gc,age      ] GC(72) Age table with threshold 15 (max threshold 15)
[2022-07-11T08:57:34.154+0000][9][gc,age      ] GC(72) - age   1:     665736 bytes,     665736 total
[2022-07-11T08:57:34.154+0000][9][gc,age      ] GC(72) - age   2:       3136 bytes,     668872 total
[2022-07-11T08:57:34.154+0000][9][gc,age      ] GC(72) - age   3:       2992 bytes,     671864 total
[2022-07-11T08:57:34.154+0000][9][gc,age      ] GC(72) - age   4:        648 bytes,     672512 total
[2022-07-11T08:57:34.154+0000][9][gc,age      ] GC(72) - age   5:        560 bytes,     673072 total
[2022-07-11T08:57:34.154+0000][9][gc,age      ] GC(72) - age   6:       1616 bytes,     674688 total
[2022-07-11T08:57:34.154+0000][9][gc,age      ] GC(72) - age   7:       1136 bytes,     675824 total
[2022-07-11T08:57:34.154+0000][9][gc,age      ] GC(72) - age   8:       1888 bytes,     677712 total
[2022-07-11T08:57:34.154+0000][9][gc,age      ] GC(72) - age   9:       1400 bytes,     679112 total
[2022-07-11T08:57:34.154+0000][9][gc,age      ] GC(72) - age  10:       4136 bytes,     683248 total
[2022-07-11T08:57:34.154+0000][9][gc,age      ] GC(72) - age  11:      35912 bytes,     719160 total
[2022-07-11T08:57:34.154+0000][9][gc,age      ] GC(72) - age  12:        360 bytes,     719520 total
[2022-07-11T08:57:34.154+0000][9][gc,age      ] GC(72) - age  13:      10512 bytes,     730032 total
[2022-07-11T08:57:34.154+0000][9][gc,age      ] GC(72) - age  14:     228064 bytes,     958096 total
[2022-07-11T08:57:34.154+0000][9][gc,age      ] GC(72) - age  15:       7024 bytes,     965120 total
[2022-07-11T08:57:34.154+0000][9][gc,heap     ] GC(72) Eden regions: 75->0(75)
[2022-07-11T08:57:34.154+0000][9][gc,heap     ] GC(72) Survivor regions: 1->1(10)
[2022-07-11T08:57:34.154+0000][9][gc,heap     ] GC(72) Old regions: 27->27
[2022-07-11T08:57:34.154+0000][9][gc,heap     ] GC(72) Archive regions: 2->2
[2022-07-11T08:57:34.154+0000][9][gc,heap     ] GC(72) Humongous regions: 0->0
[2022-07-11T08:57:34.154+0000][9][gc,metaspace] GC(72) Metaspace: 122111K(127360K)->122111K(127360K) NonClass: 106404K(109632K)->106404K(109632K) Class: 15707K(17728K)->15707K(17728K)
[2022-07-11T08:57:34.154+0000][9][gc          ] GC(72) Pause Young (Normal) (G1 Evacuation Pause) 410M->109M(512M) 3.921ms
[2022-07-11T08:57:34.154+0000][9][gc,cpu      ] GC(72) User=0.01s Sys=0.00s Real=0.01s
[2022-07-11T08:57:34.154+0000][9][safepoint   ] Safepoint "G1CollectForAllocation", Time since last: 24606408230 ns, Reaching safepoint: 102946 ns, At safepoint: 4068111 ns, Total: 4171057 ns
[2022-07-11T08:57:53.156+0000][9][safepoint   ] Safepoint "Cleanup", Time since last: 19001828949 ns, Reaching safepoint: 71867 ns, At safepoint: 12432 ns, Total: 84299 ns
[2022-07-11T08:57:58.157+0000][9][safepoint   ] Safepoint "Cleanup", Time since last: 5000779579 ns, Reaching safepoint: 88070 ns, At safepoint: 10756 ns, Total: 98826 ns
[2022-07-11T08:58:00.157+0000][9][safepoint   ] Safepoint "Cleanup", Time since last: 2000278866 ns, Reaching safepoint: 155188 ns, At safepoint: 17041 ns, Total: 172229 ns
[2022-07-11T08:58:10.158+0000][9][safepoint   ] Safepoint "Cleanup", Time since last: 10001038772 ns, Reaching safepoint: 82971 ns, At safepoint: 10826 ns, Total: 93797 ns
[2022-07-11T08:58:16.159+0000][9][safepoint   ] Safepoint "Cleanup", Time since last: 6000596835 ns, Reaching safepoint: 83810 ns, At safepoint: 12501 ns, Total: 96311 ns
[2022-07-11T08:59:00.164+0000][9][safepoint   ] Safepoint "Cleanup", Time since last: 44004683908 ns, Reaching safepoint: 102108 ns, At safepoint: 11943 ns, Total: 114051 ns
[2022-07-11T08:59:10.165+0000][9][safepoint   ] Safepoint "Cleanup", Time since last: 10000976194 ns, Reaching safepoint: 55175 ns, At safepoint: 11175 ns, Total: 66350 ns
[2022-07-11T08:59:16.166+0000][9][safepoint   ] Safepoint "Cleanup", Time since last: 6000580003 ns, Reaching safepoint: 79270 ns, At safepoint: 12502 ns, Total: 91772 ns
[2022-07-11T08:59:18.166+0000][9][safepoint   ] Safepoint "Cleanup", Time since last: 2000282498 ns, Reaching safepoint: 81225 ns, At safepoint: 12991 ns, Total: 94216 ns
[2022-07-11T08:59:21.422+0000][9][gc,start    ] GC(73) Pause Young (Normal) (G1 Evacuation Pause)
[2022-07-11T08:59:21.422+0000][9][gc,task     ] GC(73) Using 4 workers of 4 for evacuation
[2022-07-11T08:59:21.422+0000][9][gc,age      ] GC(73) Desired survivor size 20971520 bytes, new threshold 15 (max threshold 15)
[2022-07-11T08:59:21.428+0000][9][gc,phases   ] GC(73)   Pre Evacuate Collection Set: 0.1ms
[2022-07-11T08:59:21.428+0000][9][gc,phases   ] GC(73)   Merge Heap Roots: 0.1ms
[2022-07-11T08:59:21.428+0000][9][gc,phases   ] GC(73)   Evacuate Collection Set: 3.4ms
[2022-07-11T08:59:21.428+0000][9][gc,phases   ] GC(73)   Post Evacuate Collection Set: 1.4ms
[2022-07-11T08:59:21.428+0000][9][gc,phases   ] GC(73)   Other: 0.2ms
[2022-07-11T08:59:21.428+0000][9][gc,age      ] GC(73) Age table with threshold 15 (max threshold 15)
[2022-07-11T08:59:21.428+0000][9][gc,age      ] GC(73) - age   1:     985240 bytes,     985240 total
[2022-07-11T08:59:21.428+0000][9][gc,age      ] GC(73) - age   2:       1168 bytes,     986408 total
[2022-07-11T08:59:21.428+0000][9][gc,age      ] GC(73) - age   3:       1216 bytes,     987624 total
[2022-07-11T08:59:21.428+0000][9][gc,age      ] GC(73) - age   4:       2648 bytes,     990272 total
[2022-07-11T08:59:21.428+0000][9][gc,age      ] GC(73) - age   5:        648 bytes,     990920 total
[2022-07-11T08:59:21.428+0000][9][gc,age      ] GC(73) - age   6:        560 bytes,     991480 total
[2022-07-11T08:59:21.428+0000][9][gc,age      ] GC(73) - age   7:       1616 bytes,     993096 total
[2022-07-11T08:59:21.428+0000][9][gc,age      ] GC(73) - age   8:       1136 bytes,     994232 total
[2022-07-11T08:59:21.428+0000][9][gc,age      ] GC(73) - age   9:       1888 bytes,     996120 total
[2022-07-11T08:59:21.428+0000][9][gc,age      ] GC(73) - age  10:       1400 bytes,     997520 total
[2022-07-11T08:59:21.428+0000][9][gc,age      ] GC(73) - age  11:       4136 bytes,    1001656 total
[2022-07-11T08:59:21.428+0000][9][gc,age      ] GC(73) - age  12:      35912 bytes,    1037568 total
[2022-07-11T08:59:21.428+0000][9][gc,age      ] GC(73) - age  13:        360 bytes,    1037928 total
[2022-07-11T08:59:21.428+0000][9][gc,age      ] GC(73) - age  14:      10512 bytes,    1048440 total
[2022-07-11T08:59:21.428+0000][9][gc,age      ] GC(73) - age  15:     228064 bytes,    1276504 total
[2022-07-11T08:59:21.428+0000][9][gc,heap     ] GC(73) Eden regions: 75->0(75)
[2022-07-11T08:59:21.428+0000][9][gc,heap     ] GC(73) Survivor regions: 1->1(10)
[2022-07-11T08:59:21.428+0000][9][gc,heap     ] GC(73) Old regions: 27->27
[2022-07-11T08:59:21.428+0000][9][gc,heap     ] GC(73) Archive regions: 2->2
[2022-07-11T08:59:21.428+0000][9][gc,heap     ] GC(73) Humongous regions: 0->0
[2022-07-11T08:59:21.428+0000][9][gc,metaspace] GC(73) Metaspace: 122123K(127360K)->122123K(127360K) NonClass: 106415K(109632K)->106415K(109632K) Class: 15707K(17728K)->15707K(17728K)
[2022-07-11T08:59:21.428+0000][9][gc          ] GC(73) Pause Young (Normal) (G1 Evacuation Pause) 409M->109M(512M) 5.641ms
[2022-07-11T08:59:21.428+0000][9][gc,cpu      ] GC(73) User=0.01s Sys=0.00s Real=0.01s
[2022-07-11T08:59:21.428+0000][9][safepoint   ] Safepoint "G1CollectForAllocation", Time since last: 3255874547 ns, Reaching safepoint: 173486 ns, At safepoint: 5728935 ns, Total: 5902421 ns
[2022-07-11T08:59:41.430+0000][9][safepoint   ] Safepoint "Cleanup", Time since last: 20001756554 ns, Reaching safepoint: 64394 ns, At safepoint: 8660 ns, Total: 73054 ns
[2022-07-11T09:00:16.433+0000][9][safepoint   ] Safepoint "Cleanup", Time since last: 35003285693 ns, Reaching safepoint: 85276 ns, At safepoint: 13550 ns, Total: 98826 ns
[2022-07-11T09:00:29.434+0000][9][safepoint   ] Safepoint "Cleanup", Time since last: 13001307681 ns, Reaching safepoint: 86813 ns, At safepoint: 12362 ns, Total: 99175 ns
[2022-07-11T09:00:34.435+0000][9][safepoint   ] Safepoint "Cleanup", Time since last: 5000544075 ns, Reaching safepoint: 88698 ns, At safepoint: 12781 ns, Total: 101479 ns
[2022-07-11T09:01:00.438+0000][9][safepoint   ] Safepoint "Cleanup", Time since last: 26002424977 ns, Reaching safepoint: 49936 ns, At safepoint: 8172 ns, Total: 58108 ns
[2022-07-11T09:01:03.663+0000][9][gc,start    ] GC(74) Pause Young (Normal) (G1 Evacuation Pause)
[2022-07-11T09:01:03.663+0000][9][gc,task     ] GC(74) Using 4 workers of 4 for evacuation
[2022-07-11T09:01:03.663+0000][9][gc,age      ] GC(74) Desired survivor size 20971520 bytes, new threshold 15 (max threshold 15)
[2022-07-11T09:01:03.667+0000][9][gc,phases   ] GC(74)   Pre Evacuate Collection Set: 0.1ms
[2022-07-11T09:01:03.667+0000][9][gc,phases   ] GC(74)   Merge Heap Roots: 0.1ms
[2022-07-11T09:01:03.667+0000][9][gc,phases   ] GC(74)   Evacuate Collection Set: 2.5ms
[2022-07-11T09:01:03.667+0000][9][gc,phases   ] GC(74)   Post Evacuate Collection Set: 1.2ms
[2022-07-11T09:01:03.667+0000][9][gc,phases   ] GC(74)   Other: 0.2ms
[2022-07-11T09:01:03.667+0000][9][gc,age      ] GC(74) Age table with threshold 15 (max threshold 15)
[2022-07-11T09:01:03.667+0000][9][gc,age      ] GC(74) - age   1:     667184 bytes,     667184 total
[2022-07-11T09:01:03.667+0000][9][gc,age      ] GC(74) - age   2:      10432 bytes,     677616 total
[2022-07-11T09:01:03.667+0000][9][gc,age      ] GC(74) - age   3:        528 bytes,     678144 total
[2022-07-11T09:01:03.667+0000][9][gc,age      ] GC(74) - age   4:        920 bytes,     679064 total
[2022-07-11T09:01:03.667+0000][9][gc,age      ] GC(74) - age   5:       2352 bytes,     681416 total
[2022-07-11T09:01:03.667+0000][9][gc,age      ] GC(74) - age   6:        648 bytes,     682064 total
[2022-07-11T09:01:03.667+0000][9][gc,age      ] GC(74) - age   7:        560 bytes,     682624 total
[2022-07-11T09:01:03.667+0000][9][gc,age      ] GC(74) - age   8:       1616 bytes,     684240 total
[2022-07-11T09:01:03.667+0000][9][gc,age      ] GC(74) - age   9:       1136 bytes,     685376 total
[2022-07-11T09:01:03.667+0000][9][gc,age      ] GC(74) - age  10:       1888 bytes,     687264 total
[2022-07-11T09:01:03.667+0000][9][gc,age      ] GC(74) - age  11:       1400 bytes,     688664 total
[2022-07-11T09:01:03.667+0000][9][gc,age      ] GC(74) - age  12:       4136 bytes,     692800 total
[2022-07-11T09:01:03.667+0000][9][gc,age      ] GC(74) - age  13:      35912 bytes,     728712 total
[2022-07-11T09:01:03.667+0000][9][gc,age      ] GC(74) - age  14:        360 bytes,     729072 total
[2022-07-11T09:01:03.667+0000][9][gc,age      ] GC(74) - age  15:      10512 bytes,     739584 total
[2022-07-11T09:01:03.667+0000][9][gc,heap     ] GC(74) Eden regions: 75->0(75)
[2022-07-11T09:01:03.667+0000][9][gc,heap     ] GC(74) Survivor regions: 1->1(10)
[2022-07-11T09:01:03.668+0000][9][gc,heap     ] GC(74) Old regions: 27->27
[2022-07-11T09:01:03.668+0000][9][gc,heap     ] GC(74) Archive regions: 2->2
[2022-07-11T09:01:03.668+0000][9][gc,heap     ] GC(74) Humongous regions: 0->0
[2022-07-11T09:01:03.668+0000][9][gc,metaspace] GC(74) Metaspace: 122126K(127360K)->122126K(127360K) NonClass: 106418K(109632K)->106418K(109632K) Class: 15707K(17728K)->15707K(17728K)
[2022-07-11T09:01:03.668+0000][9][gc          ] GC(74) Pause Young (Normal) (G1 Evacuation Pause) 409M->109M(512M) 4.544ms
[2022-07-11T09:01:03.668+0000][9][gc,cpu      ] GC(74) User=0.01s Sys=0.00s Real=0.01s
[2022-07-11T09:01:03.668+0000][9][safepoint   ] Safepoint "G1CollectForAllocation", Time since last: 3225390953 ns, Reaching safepoint: 57200 ns, At safepoint: 4652403 ns, Total: 4709603 ns
[2022-07-11T09:01:04.668+0000][9][safepoint   ] Safepoint "Cleanup", Time since last: 1000121344 ns, Reaching safepoint: 48191 ns, At safepoint: 8101 ns, Total: 56292 ns
[2022-07-11T09:01:40.671+0000][9][safepoint   ] Safepoint "Cleanup", Time since last: 36003098060 ns, Reaching safepoint: 135003 ns, At safepoint: 14248 ns, Total: 149251 ns
[2022-07-11T09:02:51.493+0000][9][gc,start    ] GC(75) Pause Young (Normal) (G1 Evacuation Pause)
[2022-07-11T09:02:51.493+0000][9][gc,task     ] GC(75) Using 4 workers of 4 for evacuation
[2022-07-11T09:02:51.493+0000][9][gc,age      ] GC(75) Desired survivor size 20971520 bytes, new threshold 15 (max threshold 15)
[2022-07-11T09:02:51.497+0000][9][gc,phases   ] GC(75)   Pre Evacuate Collection Set: 0.1ms
[2022-07-11T09:02:51.497+0000][9][gc,phases   ] GC(75)   Merge Heap Roots: 0.1ms
[2022-07-11T09:02:51.497+0000][9][gc,phases   ] GC(75)   Evacuate Collection Set: 2.2ms
[2022-07-11T09:02:51.497+0000][9][gc,phases   ] GC(75)   Post Evacuate Collection Set: 1.2ms
[2022-07-11T09:02:51.497+0000][9][gc,phases   ] GC(75)   Other: 0.2ms
[2022-07-11T09:02:51.497+0000][9][gc,age      ] GC(75) Age table with threshold 15 (max threshold 15)
[2022-07-11T09:02:51.497+0000][9][gc,age      ] GC(75) - age   1:    1362928 bytes,    1362928 total
[2022-07-11T09:02:51.497+0000][9][gc,age      ] GC(75) - age   2:       1520 bytes,    1364448 total
[2022-07-11T09:02:51.497+0000][9][gc,age      ] GC(75) - age   3:       8952 bytes,    1373400 total
[2022-07-11T09:02:51.497+0000][9][gc,age      ] GC(75) - age   4:        368 bytes,    1373768 total
[2022-07-11T09:02:51.497+0000][9][gc,age      ] GC(75) - age   5:        920 bytes,    1374688 total
[2022-07-11T09:02:51.497+0000][9][gc,age      ] GC(75) - age   6:        224 bytes,    1374912 total
[2022-07-11T09:02:51.497+0000][9][gc,age      ] GC(75) - age   7:        464 bytes,    1375376 total
[2022-07-11T09:02:51.497+0000][9][gc,age      ] GC(75) - age   8:        560 bytes,    1375936 total
[2022-07-11T09:02:51.497+0000][9][gc,age      ] GC(75) - age   9:       1224 bytes,    1377160 total
[2022-07-11T09:02:51.497+0000][9][gc,age      ] GC(75) - age  10:       1136 bytes,    1378296 total
[2022-07-11T09:02:51.497+0000][9][gc,age      ] GC(75) - age  11:       1888 bytes,    1380184 total
[2022-07-11T09:02:51.497+0000][9][gc,age      ] GC(75) - age  12:       1368 bytes,    1381552 total
[2022-07-11T09:02:51.497+0000][9][gc,age      ] GC(75) - age  13:       4136 bytes,    1385688 total
[2022-07-11T09:02:51.497+0000][9][gc,age      ] GC(75) - age  14:      35912 bytes,    1421600 total
[2022-07-11T09:02:51.497+0000][9][gc,age      ] GC(75) - age  15:        360 bytes,    1421960 total
[2022-07-11T09:02:51.497+0000][9][gc,heap     ] GC(75) Eden regions: 75->0(75)
[2022-07-11T09:02:51.497+0000][9][gc,heap     ] GC(75) Survivor regions: 1->1(10)
[2022-07-11T09:02:51.497+0000][9][gc,heap     ] GC(75) Old regions: 27->27
[2022-07-11T09:02:51.497+0000][9][gc,heap     ] GC(75) Archive regions: 2->2
[2022-07-11T09:02:51.497+0000][9][gc,heap     ] GC(75) Humongous regions: 0->0
[2022-07-11T09:02:51.497+0000][9][gc,metaspace] GC(75) Metaspace: 122128K(127360K)->122128K(127360K) NonClass: 106420K(109632K)->106420K(109632K) Class: 15707K(17728K)->15707K(17728K)
[2022-07-11T09:02:51.497+0000][9][gc          ] GC(75) Pause Young (Normal) (G1 Evacuation Pause) 409M->110M(512M) 4.440ms
[2022-07-11T09:02:51.497+0000][9][gc,cpu      ] GC(75) User=0.01s Sys=0.00s Real=0.00s
[2022-07-11T09:02:51.497+0000][9][safepoint   ] Safepoint "G1CollectForAllocation", Time since last: 70821620292 ns, Reaching safepoint: 154768 ns, At safepoint: 4561260 ns, Total: 4716028 ns
[2022-07-11T09:02:52.498+0000][9][safepoint   ] Safepoint "Cleanup", Time since last: 1000145300 ns, Reaching safepoint: 80596 ns, At safepoint: 12851 ns, Total: 93447 ns
[2022-07-11T09:03:00.499+0000][9][safepoint   ] Safepoint "Cleanup", Time since last: 8000823042 ns, Reaching safepoint: 133187 ns, At safepoint: 13200 ns, Total: 146387 ns
[2022-07-11T09:03:46.503+0000][9][safepoint   ] Safepoint "Cleanup", Time since last: 46004393917 ns, Reaching safepoint: 65861 ns, At safepoint: 12850 ns, Total: 78711 ns
[2022-07-11T09:04:25.507+0000][9][safepoint   ] Safepoint "Cleanup", Time since last: 39004206252 ns, Reaching safepoint: 86673 ns, At safepoint: 14317 ns, Total: 100990 ns
[2022-07-11T09:04:34.331+0000][9][gc,start    ] GC(76) Pause Young (Normal) (G1 Evacuation Pause)
[2022-07-11T09:04:34.331+0000][9][gc,task     ] GC(76) Using 4 workers of 4 for evacuation
[2022-07-11T09:04:34.331+0000][9][gc,age      ] GC(76) Desired survivor size 20971520 bytes, new threshold 15 (max threshold 15)
[2022-07-11T09:04:34.335+0000][9][gc,phases   ] GC(76)   Pre Evacuate Collection Set: 0.1ms
[2022-07-11T09:04:34.335+0000][9][gc,phases   ] GC(76)   Merge Heap Roots: 0.1ms
[2022-07-11T09:04:34.335+0000][9][gc,phases   ] GC(76)   Evacuate Collection Set: 2.5ms
[2022-07-11T09:04:34.335+0000][9][gc,phases   ] GC(76)   Post Evacuate Collection Set: 1.1ms
[2022-07-11T09:04:34.335+0000][9][gc,phases   ] GC(76)   Other: 0.2ms
[2022-07-11T09:04:34.335+0000][9][gc,age      ] GC(76) Age table with threshold 15 (max threshold 15)
[2022-07-11T09:04:34.335+0000][9][gc,age      ] GC(76) - age   1:    1703392 bytes,    1703392 total
[2022-07-11T09:04:34.335+0000][9][gc,age      ] GC(76) - age   2:       6032 bytes,    1709424 total
[2022-07-11T09:04:34.335+0000][9][gc,age      ] GC(76) - age   3:        904 bytes,    1710328 total
[2022-07-11T09:04:34.335+0000][9][gc,age      ] GC(76) - age   4:       8856 bytes,    1719184 total
[2022-07-11T09:04:34.335+0000][9][gc,age      ] GC(76) - age   5:        368 bytes,    1719552 total
[2022-07-11T09:04:34.335+0000][9][gc,age      ] GC(76) - age   6:        920 bytes,    1720472 total
[2022-07-11T09:04:34.335+0000][9][gc,age      ] GC(76) - age   7:        224 bytes,    1720696 total
[2022-07-11T09:04:34.335+0000][9][gc,age      ] GC(76) - age   8:        464 bytes,    1721160 total
[2022-07-11T09:04:34.335+0000][9][gc,age      ] GC(76) - age   9:        560 bytes,    1721720 total
[2022-07-11T09:04:34.335+0000][9][gc,age      ] GC(76) - age  10:       1224 bytes,    1722944 total
[2022-07-11T09:04:34.335+0000][9][gc,age      ] GC(76) - age  11:       1136 bytes,    1724080 total
[2022-07-11T09:04:34.335+0000][9][gc,age      ] GC(76) - age  12:       1888 bytes,    1725968 total
[2022-07-11T09:04:34.335+0000][9][gc,age      ] GC(76) - age  13:       1368 bytes,    1727336 total
[2022-07-11T09:04:34.335+0000][9][gc,age      ] GC(76) - age  14:       4136 bytes,    1731472 total
[2022-07-11T09:04:34.335+0000][9][gc,age      ] GC(76) - age  15:      35912 bytes,    1767384 total
[2022-07-11T09:04:34.335+0000][9][gc,heap     ] GC(76) Eden regions: 75->0(75)
[2022-07-11T09:04:34.335+0000][9][gc,heap     ] GC(76) Survivor regions: 1->1(10)
[2022-07-11T09:04:34.335+0000][9][gc,heap     ] GC(76) Old regions: 27->27
[2022-07-11T09:04:34.335+0000][9][gc,heap     ] GC(76) Archive regions: 2->2
[2022-07-11T09:04:34.335+0000][9][gc,heap     ] GC(76) Humongous regions: 0->0
[2022-07-11T09:04:34.335+0000][9][gc,metaspace] GC(76) Metaspace: 122130K(127360K)->122130K(127360K) NonClass: 106422K(109632K)->106422K(109632K) Class: 15707K(17728K)->15707K(17728K)
[2022-07-11T09:04:34.335+0000][9][gc          ] GC(76) Pause Young (Normal) (G1 Evacuation Pause) 410M->110M(512M) 4.539ms
[2022-07-11T09:04:34.335+0000][9][gc,cpu      ] GC(76) User=0.01s Sys=0.00s Real=0.01s
[2022-07-11T09:04:34.335+0000][9][safepoint   ] Safepoint "G1CollectForAllocation", Time since last: 8823178526 ns, Reaching safepoint: 62019 ns, At safepoint: 4644301 ns, Total: 4706320 ns
[2022-07-11T09:05:10.339+0000][9][safepoint   ] Safepoint "Cleanup", Time since last: 36003131793 ns, Reaching safepoint: 87930 ns, At safepoint: 12851 ns, Total: 100781 ns
[2022-07-11T09:05:40.341+0000][9][safepoint   ] Safepoint "Cleanup", Time since last: 30002729465 ns, Reaching safepoint: 113283 ns, At safepoint: 11873 ns, Total: 125156 ns
[2022-07-11T09:06:00.343+0000][9][safepoint   ] Safepoint "Cleanup", Time since last: 20001803068 ns, Reaching safepoint: 100781 ns, At safepoint: 15225 ns, Total: 116006 ns
[2022-07-11T09:06:22.346+0000][9][safepoint   ] Safepoint "Cleanup", Time since last: 22002596525 ns, Reaching safepoint: 133676 ns, At safepoint: 13409 ns, Total: 147085 ns
[2022-07-11T09:06:27.576+0000][9][gc,start    ] GC(77) Pause Young (Normal) (G1 Evacuation Pause)
[2022-07-11T09:06:27.576+0000][9][gc,task     ] GC(77) Using 4 workers of 4 for evacuation
[2022-07-11T09:06:27.576+0000][9][gc,age      ] GC(77) Desired survivor size 20971520 bytes, new threshold 15 (max threshold 15)
[2022-07-11T09:06:27.579+0000][9][gc,phases   ] GC(77)   Pre Evacuate Collection Set: 0.1ms
[2022-07-11T09:06:27.579+0000][9][gc,phases   ] GC(77)   Merge Heap Roots: 0.1ms
[2022-07-11T09:06:27.579+0000][9][gc,phases   ] GC(77)   Evacuate Collection Set: 1.9ms
[2022-07-11T09:06:27.579+0000][9][gc,phases   ] GC(77)   Post Evacuate Collection Set: 1.2ms
[2022-07-11T09:06:27.579+0000][9][gc,phases   ] GC(77)   Other: 0.2ms
[2022-07-11T09:06:27.579+0000][9][gc,age      ] GC(77) Age table with threshold 15 (max threshold 15)
[2022-07-11T09:06:27.579+0000][9][gc,age      ] GC(77) - age   1:     465976 bytes,     465976 total
[2022-07-11T09:06:27.579+0000][9][gc,age      ] GC(77) - age   2:       3464 bytes,     469440 total
[2022-07-11T09:06:27.579+0000][9][gc,age      ] GC(77) - age   3:       3904 bytes,     473344 total
[2022-07-11T09:06:27.579+0000][9][gc,age      ] GC(77) - age   4:        720 bytes,     474064 total
[2022-07-11T09:06:27.579+0000][9][gc,age      ] GC(77) - age   5:       8496 bytes,     482560 total
[2022-07-11T09:06:27.579+0000][9][gc,age      ] GC(77) - age   6:        368 bytes,     482928 total
[2022-07-11T09:06:27.580+0000][9][gc,age      ] GC(77) - age   7:        920 bytes,     483848 total
[2022-07-11T09:06:27.580+0000][9][gc,age      ] GC(77) - age   8:        224 bytes,     484072 total
[2022-07-11T09:06:27.580+0000][9][gc,age      ] GC(77) - age   9:        464 bytes,     484536 total
[2022-07-11T09:06:27.580+0000][9][gc,age      ] GC(77) - age  10:        560 bytes,     485096 total
[2022-07-11T09:06:27.580+0000][9][gc,age      ] GC(77) - age  11:       1224 bytes,     486320 total
[2022-07-11T09:06:27.580+0000][9][gc,age      ] GC(77) - age  12:       1136 bytes,     487456 total
[2022-07-11T09:06:27.580+0000][9][gc,age      ] GC(77) - age  13:       1888 bytes,     489344 total
[2022-07-11T09:06:27.580+0000][9][gc,age      ] GC(77) - age  14:       1368 bytes,     490712 total
[2022-07-11T09:06:27.580+0000][9][gc,age      ] GC(77) - age  15:       4136 bytes,     494848 total
[2022-07-11T09:06:27.580+0000][9][gc,heap     ] GC(77) Eden regions: 75->0(75)
[2022-07-11T09:06:27.580+0000][9][gc,heap     ] GC(77) Survivor regions: 1->1(10)
[2022-07-11T09:06:27.580+0000][9][gc,heap     ] GC(77) Old regions: 27->27
[2022-07-11T09:06:27.580+0000][9][gc,heap     ] GC(77) Archive regions: 2->2
[2022-07-11T09:06:27.580+0000][9][gc,heap     ] GC(77) Humongous regions: 0->0
[2022-07-11T09:06:27.580+0000][9][gc,metaspace] GC(77) Metaspace: 122141K(127360K)->122141K(127360K) NonClass: 106434K(109632K)->106434K(109632K) Class: 15707K(17728K)->15707K(17728K)
[2022-07-11T09:06:27.580+0000][9][gc          ] GC(77) Pause Young (Normal) (G1 Evacuation Pause) 410M->109M(512M) 4.141ms
[2022-07-11T09:06:27.580+0000][9][gc,cpu      ] GC(77) User=0.01s Sys=0.00s Real=0.00s
[2022-07-11T09:06:27.580+0000][9][safepoint   ] Safepoint "G1CollectForAllocation", Time since last: 5229502636 ns, Reaching safepoint: 47562 ns, At safepoint: 4325755 ns, Total: 4373317 ns
[2022-07-11T09:06:40.581+0000][9][safepoint   ] Safepoint "Cleanup", Time since last: 13001207739 ns, Reaching safepoint: 90584 ns, At safepoint: 13270 ns, Total: 103854 ns
[2022-07-11T09:07:00.583+0000][9][safepoint   ] Safepoint "Cleanup", Time since last: 20002001068 ns, Reaching safepoint: 64324 ns, At safepoint: 8520 ns, Total: 72844 ns
[2022-07-11T09:07:57.590+0000][9][safepoint   ] Safepoint "Cleanup", Time since last: 57006870680 ns, Reaching safepoint: 78292 ns, At safepoint: 12223 ns, Total: 90515 ns
[2022-07-11T09:07:58.591+0000][9][safepoint   ] Safepoint "Cleanup", Time since last: 1000178754 ns, Reaching safepoint: 94006 ns, At safepoint: 22209 ns, Total: 116215 ns
[2022-07-11T09:08:10.592+0000][9][safepoint   ] Safepoint "Cleanup", Time since last: 12001706655 ns, Reaching safepoint: 88209 ns, At safepoint: 57829 ns, Total: 146038 ns
[2022-07-11T09:08:15.525+0000][9][gc,start    ] GC(78) Pause Young (Normal) (G1 Evacuation Pause)
[2022-07-11T09:08:15.525+0000][9][gc,task     ] GC(78) Using 4 workers of 4 for evacuation
[2022-07-11T09:08:15.525+0000][9][gc,age      ] GC(78) Desired survivor size 20971520 bytes, new threshold 15 (max threshold 15)
[2022-07-11T09:08:15.529+0000][9][gc,phases   ] GC(78)   Pre Evacuate Collection Set: 0.1ms
[2022-07-11T09:08:15.529+0000][9][gc,phases   ] GC(78)   Merge Heap Roots: 0.1ms
[2022-07-11T09:08:15.529+0000][9][gc,phases   ] GC(78)   Evacuate Collection Set: 2.4ms
[2022-07-11T09:08:15.529+0000][9][gc,phases   ] GC(78)   Post Evacuate Collection Set: 1.2ms
[2022-07-11T09:08:15.529+0000][9][gc,phases   ] GC(78)   Other: 0.2ms
[2022-07-11T09:08:15.529+0000][9][gc,age      ] GC(78) Age table with threshold 15 (max threshold 15)
[2022-07-11T09:08:15.529+0000][9][gc,age      ] GC(78) - age   1:    1578480 bytes,    1578480 total
[2022-07-11T09:08:15.529+0000][9][gc,age      ] GC(78) - age   2:       1600 bytes,    1580080 total
[2022-07-11T09:08:15.529+0000][9][gc,age      ] GC(78) - age   3:       1504 bytes,    1581584 total
[2022-07-11T09:08:15.529+0000][9][gc,age      ] GC(78) - age   4:       3648 bytes,    1585232 total
[2022-07-11T09:08:15.529+0000][9][gc,age      ] GC(78) - age   5:        720 bytes,    1585952 total
[2022-07-11T09:08:15.529+0000][9][gc,age      ] GC(78) - age   6:        480 bytes,    1586432 total
[2022-07-11T09:08:15.529+0000][9][gc,age      ] GC(78) - age   7:        368 bytes,    1586800 total
[2022-07-11T09:08:15.529+0000][9][gc,age      ] GC(78) - age   8:        920 bytes,    1587720 total
[2022-07-11T09:08:15.529+0000][9][gc,age      ] GC(78) - age   9:        224 bytes,    1587944 total
[2022-07-11T09:08:15.529+0000][9][gc,age      ] GC(78) - age  10:        464 bytes,    1588408 total
[2022-07-11T09:08:15.529+0000][9][gc,age      ] GC(78) - age  11:        560 bytes,    1588968 total
[2022-07-11T09:08:15.529+0000][9][gc,age      ] GC(78) - age  12:       1224 bytes,    1590192 total
[2022-07-11T09:08:15.529+0000][9][gc,age      ] GC(78) - age  13:       1136 bytes,    1591328 total
[2022-07-11T09:08:15.529+0000][9][gc,age      ] GC(78) - age  14:       1784 bytes,    1593112 total
[2022-07-11T09:08:15.529+0000][9][gc,age      ] GC(78) - age  15:       1368 bytes,    1594480 total
[2022-07-11T09:08:15.529+0000][9][gc,heap     ] GC(78) Eden regions: 75->0(75)
[2022-07-11T09:08:15.529+0000][9][gc,heap     ] GC(78) Survivor regions: 1->1(10)
[2022-07-11T09:08:15.529+0000][9][gc,heap     ] GC(78) Old regions: 27->27
[2022-07-11T09:08:15.529+0000][9][gc,heap     ] GC(78) Archive regions: 2->2
[2022-07-11T09:08:15.529+0000][9][gc,heap     ] GC(78) Humongous regions: 0->0
[2022-07-11T09:08:15.529+0000][9][gc,metaspace] GC(78) Metaspace: 122154K(127360K)->122154K(127360K) NonClass: 106446K(109632K)->106446K(109632K) Class: 15708K(17728K)->15708K(17728K)
[2022-07-11T09:08:15.529+0000][9][gc          ] GC(78) Pause Young (Normal) (G1 Evacuation Pause) 409M->110M(512M) 4.588ms
[2022-07-11T09:08:15.529+0000][9][gc,cpu      ] GC(78) User=0.01s Sys=0.00s Real=0.00s
[2022-07-11T09:08:15.529+0000][9][safepoint   ] Safepoint "G1CollectForAllocation", Time since last: 4932012175 ns, Reaching safepoint: 83111 ns, At safepoint: 4707228 ns, Total: 4790339 ns
[2022-07-11T09:08:34.531+0000][9][safepoint   ] Safepoint "Cleanup", Time since last: 19001784180 ns, Reaching safepoint: 93029 ns, At safepoint: 12362 ns, Total: 105391 ns
[2022-07-11T09:09:00.144+0000][9][safepoint   ] Safepoint "Cleanup", Time since last: 25612984438 ns, Reaching safepoint: 141010 ns, At safepoint: 10965 ns, Total: 151975 ns
[2022-07-11T09:09:01.145+0000][9][safepoint   ] Safepoint "Cleanup", Time since last: 1000160944 ns, Reaching safepoint: 67257 ns, At safepoint: 11734 ns, Total: 78991 ns
[2022-07-11T09:09:10.146+0000][9][safepoint   ] Safepoint "Cleanup", Time since last: 9000907789 ns, Reaching safepoint: 75289 ns, At safepoint: 11384 ns, Total: 86673 ns
[2022-07-11T09:09:29.147+0000][9][safepoint   ] Safepoint "Cleanup", Time since last: 19001737038 ns, Reaching safepoint: 71936 ns, At safepoint: 9638 ns, Total: 81574 ns
[2022-07-11T09:09:34.148+0000][9][safepoint   ] Safepoint "Cleanup", Time since last: 5000529827 ns, Reaching safepoint: 102388 ns, At safepoint: 13130 ns, Total: 115518 ns
[2022-07-11T09:09:40.149+0000][9][safepoint   ] Safepoint "Cleanup", Time since last: 6000561565 ns, Reaching safepoint: 62019 ns, At safepoint: 12711 ns, Total: 74730 ns
[2022-07-11T09:09:57.502+0000][9][gc,start    ] GC(79) Pause Young (Normal) (G1 Evacuation Pause)
[2022-07-11T09:09:57.502+0000][9][gc,task     ] GC(79) Using 4 workers of 4 for evacuation
[2022-07-11T09:09:57.502+0000][9][gc,age      ] GC(79) Desired survivor size 20971520 bytes, new threshold 15 (max threshold 15)
[2022-07-11T09:09:57.505+0000][9][gc,phases   ] GC(79)   Pre Evacuate Collection Set: 0.1ms
[2022-07-11T09:09:57.505+0000][9][gc,phases   ] GC(79)   Merge Heap Roots: 0.1ms
[2022-07-11T09:09:57.505+0000][9][gc,phases   ] GC(79)   Evacuate Collection Set: 1.4ms
[2022-07-11T09:09:57.505+0000][9][gc,phases   ] GC(79)   Post Evacuate Collection Set: 1.4ms
[2022-07-11T09:09:57.506+0000][9][gc,phases   ] GC(79)   Other: 0.2ms
[2022-07-11T09:09:57.506+0000][9][gc,age      ] GC(79) Age table with threshold 15 (max threshold 15)
[2022-07-11T09:09:57.506+0000][9][gc,age      ] GC(79) - age   1:     690344 bytes,     690344 total
[2022-07-11T09:09:57.506+0000][9][gc,age      ] GC(79) - age   2:      11320 bytes,     701664 total
[2022-07-11T09:09:57.506+0000][9][gc,age      ] GC(79) - age   3:        832 bytes,     702496 total
[2022-07-11T09:09:57.506+0000][9][gc,age      ] GC(79) - age   4:       1408 bytes,     703904 total
[2022-07-11T09:09:57.506+0000][9][gc,age      ] GC(79) - age   5:       3584 bytes,     707488 total
[2022-07-11T09:09:57.506+0000][9][gc,age      ] GC(79) - age   6:        720 bytes,     708208 total
[2022-07-11T09:09:57.506+0000][9][gc,age      ] GC(79) - age   7:        480 bytes,     708688 total
[2022-07-11T09:09:57.506+0000][9][gc,age      ] GC(79) - age   8:        184 bytes,     708872 total
[2022-07-11T09:09:57.506+0000][9][gc,age      ] GC(79) - age   9:        920 bytes,     709792 total
[2022-07-11T09:09:57.506+0000][9][gc,age      ] GC(79) - age  10:        224 bytes,     710016 total
[2022-07-11T09:09:57.506+0000][9][gc,age      ] GC(79) - age  11:        464 bytes,     710480 total
[2022-07-11T09:09:57.506+0000][9][gc,age      ] GC(79) - age  12:        560 bytes,     711040 total
[2022-07-11T09:09:57.506+0000][9][gc,age      ] GC(79) - age  13:       1224 bytes,     712264 total
[2022-07-11T09:09:57.506+0000][9][gc,age      ] GC(79) - age  14:       1136 bytes,     713400 total
[2022-07-11T09:09:57.506+0000][9][gc,age      ] GC(79) - age  15:       1784 bytes,     715184 total
[2022-07-11T09:09:57.506+0000][9][gc,heap     ] GC(79) Eden regions: 75->0(75)
[2022-07-11T09:09:57.506+0000][9][gc,heap     ] GC(79) Survivor regions: 1->1(10)
[2022-07-11T09:09:57.506+0000][9][gc,heap     ] GC(79) Old regions: 27->27
[2022-07-11T09:09:57.506+0000][9][gc,heap     ] GC(79) Archive regions: 2->2
[2022-07-11T09:09:57.506+0000][9][gc,heap     ] GC(79) Humongous regions: 0->0
[2022-07-11T09:09:57.506+0000][9][gc,metaspace] GC(79) Metaspace: 122166K(127360K)->122166K(127360K) NonClass: 106458K(109632K)->106458K(109632K) Class: 15708K(17728K)->15708K(17728K)
[2022-07-11T09:09:57.506+0000][9][gc          ] GC(79) Pause Young (Normal) (G1 Evacuation Pause) 410M->109M(512M) 3.726ms
[2022-07-11T09:09:57.506+0000][9][gc,cpu      ] GC(79) User=0.00s Sys=0.01s Real=0.01s
[2022-07-11T09:09:57.506+0000][9][safepoint   ] Safepoint "G1CollectForAllocation", Time since last: 17353474644 ns, Reaching safepoint: 60553 ns, At safepoint: 3844968 ns, Total: 3905521 ns
[2022-07-11T09:10:00.506+0000][9][safepoint   ] Safepoint "Cleanup", Time since last: 3000328484 ns, Reaching safepoint: 93867 ns, At safepoint: 23466 ns, Total: 117333 ns
[2022-07-11T09:10:04.507+0000][9][safepoint   ] Safepoint "Cleanup", Time since last: 4000423639 ns, Reaching safepoint: 61320 ns, At safepoint: 8521 ns, Total: 69841 ns
[2022-07-11T09:10:16.508+0000][9][safepoint   ] Safepoint "Cleanup", Time since last: 12001103226 ns, Reaching safepoint: 118521 ns, At safepoint: 11384 ns, Total: 129905 ns
[2022-07-11T09:10:43.511+0000][9][safepoint   ] Safepoint "Cleanup", Time since last: 27002420676 ns, Reaching safepoint: 44908 ns, At safepoint: 7054 ns, Total: 51962 ns
[2022-07-11T09:11:10.513+0000][9][safepoint   ] Safepoint "Cleanup", Time since last: 27002635228 ns, Reaching safepoint: 86883 ns, At safepoint: 13200 ns, Total: 100083 ns
[2022-07-11T09:11:12.514+0000][9][safepoint   ] Safepoint "Cleanup", Time since last: 2000259939 ns, Reaching safepoint: 91981 ns, At safepoint: 13061 ns, Total: 105042 ns
[2022-07-11T09:11:45.530+0000][9][gc,start    ] GC(80) Pause Young (Normal) (G1 Evacuation Pause)
[2022-07-11T09:11:45.530+0000][9][gc,task     ] GC(80) Using 4 workers of 4 for evacuation
[2022-07-11T09:11:45.530+0000][9][gc,age      ] GC(80) Desired survivor size 20971520 bytes, new threshold 15 (max threshold 15)
[2022-07-11T09:11:45.537+0000][9][gc,phases   ] GC(80)   Pre Evacuate Collection Set: 0.1ms
[2022-07-11T09:11:45.537+0000][9][gc,phases   ] GC(80)   Merge Heap Roots: 0.1ms
[2022-07-11T09:11:45.537+0000][9][gc,phases   ] GC(80)   Evacuate Collection Set: 5.4ms
[2022-07-11T09:11:45.537+0000][9][gc,phases   ] GC(80)   Post Evacuate Collection Set: 1.3ms
[2022-07-11T09:11:45.537+0000][9][gc,phases   ] GC(80)   Other: 0.1ms
[2022-07-11T09:11:45.537+0000][9][gc,age      ] GC(80) Age table with threshold 15 (max threshold 15)
[2022-07-11T09:11:45.537+0000][9][gc,age      ] GC(80) - age   1:     771928 bytes,     771928 total
[2022-07-11T09:11:45.537+0000][9][gc,age      ] GC(80) - age   2:       9552 bytes,     781480 total
[2022-07-11T09:11:45.537+0000][9][gc,age      ] GC(80) - age   3:       9424 bytes,     790904 total
[2022-07-11T09:11:45.537+0000][9][gc,age      ] GC(80) - age   4:        768 bytes,     791672 total
[2022-07-11T09:11:45.537+0000][9][gc,age      ] GC(80) - age   5:       1408 bytes,     793080 total
[2022-07-11T09:11:45.537+0000][9][gc,age      ] GC(80) - age   6:       3584 bytes,     796664 total
[2022-07-11T09:11:45.537+0000][9][gc,age      ] GC(80) - age   7:        720 bytes,     797384 total
[2022-07-11T09:11:45.537+0000][9][gc,age      ] GC(80) - age   8:        480 bytes,     797864 total
[2022-07-11T09:11:45.537+0000][9][gc,age      ] GC(80) - age   9:        184 bytes,     798048 total
[2022-07-11T09:11:45.537+0000][9][gc,age      ] GC(80) - age  10:        920 bytes,     798968 total
[2022-07-11T09:11:45.537+0000][9][gc,age      ] GC(80) - age  11:        224 bytes,     799192 total
[2022-07-11T09:11:45.537+0000][9][gc,age      ] GC(80) - age  12:         80 bytes,     799272 total
[2022-07-11T09:11:45.537+0000][9][gc,age      ] GC(80) - age  13:        560 bytes,     799832 total
[2022-07-11T09:11:45.537+0000][9][gc,age      ] GC(80) - age  14:       1224 bytes,     801056 total
[2022-07-11T09:11:45.537+0000][9][gc,age      ] GC(80) - age  15:        952 bytes,     802008 total
[2022-07-11T09:11:45.537+0000][9][gc,heap     ] GC(80) Eden regions: 75->0(75)
[2022-07-11T09:11:45.537+0000][9][gc,heap     ] GC(80) Survivor regions: 1->1(10)
[2022-07-11T09:11:45.537+0000][9][gc,heap     ] GC(80) Old regions: 27->27
[2022-07-11T09:11:45.537+0000][9][gc,heap     ] GC(80) Archive regions: 2->2
[2022-07-11T09:11:45.537+0000][9][gc,heap     ] GC(80) Humongous regions: 0->0
[2022-07-11T09:11:45.537+0000][9][gc,metaspace] GC(80) Metaspace: 122177K(127360K)->122177K(127360K) NonClass: 106469K(109632K)->106469K(109632K) Class: 15708K(17728K)->15708K(17728K)
[2022-07-11T09:11:45.537+0000][9][gc          ] GC(80) Pause Young (Normal) (G1 Evacuation Pause) 409M->109M(512M) 7.362ms
[2022-07-11T09:11:45.537+0000][9][gc,cpu      ] GC(80) User=0.01s Sys=0.00s Real=0.01s
[2022-07-11T09:11:45.537+0000][9][safepoint   ] Safepoint "G1CollectForAllocation", Time since last: 33016169030 ns, Reaching safepoint: 45676 ns, At safepoint: 7437461 ns, Total: 7483137 ns
[2022-07-11T09:12:00.539+0000][9][safepoint   ] Safepoint "Cleanup", Time since last: 15001389037 ns, Reaching safepoint: 120267 ns, At safepoint: 12501 ns, Total: 132768 ns
[2022-07-11T09:12:40.543+0000][9][safepoint   ] Safepoint "Cleanup", Time since last: 40003860428 ns, Reaching safepoint: 52102 ns, At safepoint: 10825 ns, Total: 62927 ns
[2022-07-11T09:12:46.544+0000][9][safepoint   ] Safepoint "Cleanup", Time since last: 6000736448 ns, Reaching safepoint: 126482 ns, At safepoint: 15365 ns, Total: 141847 ns
[2022-07-11T09:13:00.545+0000][9][safepoint   ] Safepoint "Cleanup", Time since last: 14001190379 ns, Reaching safepoint: 100781 ns, At safepoint: 12292 ns, Total: 113073 ns
[2022-07-11T09:13:03.545+0000][9][safepoint   ] Safepoint "Cleanup", Time since last: 3000361659 ns, Reaching safepoint: 86044 ns, At safepoint: 8521 ns, Total: 94565 ns
[2022-07-11T09:13:12.547+0000][9][safepoint   ] Safepoint "Cleanup", Time since last: 9000922386 ns, Reaching safepoint: 148622 ns, At safepoint: 17460 ns, Total: 166082 ns
[2022-07-11T09:13:21.548+0000][9][safepoint   ] Safepoint "Cleanup", Time since last: 9000907789 ns, Reaching safepoint: 106788 ns, At safepoint: 10616 ns, Total: 117404 ns
[2022-07-11T09:13:27.586+0000][9][gc,start    ] GC(81) Pause Young (Normal) (G1 Evacuation Pause)
[2022-07-11T09:13:27.586+0000][9][gc,task     ] GC(81) Using 4 workers of 4 for evacuation
[2022-07-11T09:13:27.586+0000][9][gc,age      ] GC(81) Desired survivor size 20971520 bytes, new threshold 15 (max threshold 15)
[2022-07-11T09:13:27.590+0000][9][gc,phases   ] GC(81)   Pre Evacuate Collection Set: 0.1ms
[2022-07-11T09:13:27.590+0000][9][gc,phases   ] GC(81)   Merge Heap Roots: 0.1ms
[2022-07-11T09:13:27.590+0000][9][gc,phases   ] GC(81)   Evacuate Collection Set: 2.3ms
[2022-07-11T09:13:27.590+0000][9][gc,phases   ] GC(81)   Post Evacuate Collection Set: 1.2ms
[2022-07-11T09:13:27.590+0000][9][gc,phases   ] GC(81)   Other: 0.2ms
[2022-07-11T09:13:27.590+0000][9][gc,age      ] GC(81) Age table with threshold 15 (max threshold 15)
[2022-07-11T09:13:27.590+0000][9][gc,age      ] GC(81) - age   1:    1872008 bytes,    1872008 total
[2022-07-11T09:13:27.590+0000][9][gc,age      ] GC(81) - age   2:       5120 bytes,    1877128 total
[2022-07-11T09:13:27.590+0000][9][gc,age      ] GC(81) - age   3:       9072 bytes,    1886200 total
[2022-07-11T09:13:27.590+0000][9][gc,age      ] GC(81) - age   4:       9424 bytes,    1895624 total
[2022-07-11T09:13:27.590+0000][9][gc,age      ] GC(81) - age   5:        768 bytes,    1896392 total
[2022-07-11T09:13:27.590+0000][9][gc,age      ] GC(81) - age   6:       1408 bytes,    1897800 total
[2022-07-11T09:13:27.590+0000][9][gc,age      ] GC(81) - age   7:       1264 bytes,    1899064 total
[2022-07-11T09:13:27.590+0000][9][gc,age      ] GC(81) - age   8:        720 bytes,    1899784 total
[2022-07-11T09:13:27.590+0000][9][gc,age      ] GC(81) - age   9:        480 bytes,    1900264 total
[2022-07-11T09:13:27.590+0000][9][gc,age      ] GC(81) - age  10:        184 bytes,    1900448 total
[2022-07-11T09:13:27.590+0000][9][gc,age      ] GC(81) - age  11:        920 bytes,    1901368 total
[2022-07-11T09:13:27.590+0000][9][gc,age      ] GC(81) - age  12:        224 bytes,    1901592 total
[2022-07-11T09:13:27.590+0000][9][gc,age      ] GC(81) - age  13:         80 bytes,    1901672 total
[2022-07-11T09:13:27.590+0000][9][gc,age      ] GC(81) - age  14:        560 bytes,    1902232 total
[2022-07-11T09:13:27.590+0000][9][gc,age      ] GC(81) - age  15:       1224 bytes,    1903456 total
[2022-07-11T09:13:27.590+0000][9][gc,heap     ] GC(81) Eden regions: 75->0(75)
[2022-07-11T09:13:27.590+0000][9][gc,heap     ] GC(81) Survivor regions: 1->1(10)
[2022-07-11T09:13:27.590+0000][9][gc,heap     ] GC(81) Old regions: 27->27
[2022-07-11T09:13:27.590+0000][9][gc,heap     ] GC(81) Archive regions: 2->2
[2022-07-11T09:13:27.590+0000][9][gc,heap     ] GC(81) Humongous regions: 0->0
[2022-07-11T09:13:27.590+0000][9][gc,metaspace] GC(81) Metaspace: 122178K(127360K)->122178K(127360K) NonClass: 106470K(109632K)->106470K(109632K) Class: 15708K(17728K)->15708K(17728K)
[2022-07-11T09:13:27.591+0000][9][gc          ] GC(81) Pause Young (Normal) (G1 Evacuation Pause) 409M->110M(512M) 4.242ms
[2022-07-11T09:13:27.591+0000][9][gc,cpu      ] GC(81) User=0.01s Sys=0.00s Real=0.00s
[2022-07-11T09:13:27.591+0000][9][safepoint   ] Safepoint "G1CollectForAllocation", Time since last: 6038625165 ns, Reaching safepoint: 68585 ns, At safepoint: 4326174 ns, Total: 4394759 ns
[2022-07-11T09:13:52.593+0000][9][safepoint   ] Safepoint "Cleanup", Time since last: 25002341974 ns, Reaching safepoint: 75289 ns, At safepoint: 12990 ns, Total: 88279 ns
[2022-07-11T09:14:01.148+0000][9][safepoint   ] Safepoint "Cleanup", Time since last: 8554774416 ns, Reaching safepoint: 211270 ns, At safepoint: 20952 ns, Total: 232222 ns
[2022-07-11T09:14:10.149+0000][9][safepoint   ] Safepoint "Cleanup", Time since last: 9000865116 ns, Reaching safepoint: 44210 ns, At safepoint: 8590 ns, Total: 52800 ns
[2022-07-11T09:14:40.152+0000][9][safepoint   ] Safepoint "Cleanup", Time since last: 30002978589 ns, Reaching safepoint: 86883 ns, At safepoint: 21860 ns, Total: 108743 ns
[2022-07-11T09:14:55.154+0000][9][safepoint   ] Safepoint "Cleanup", Time since last: 15002081513 ns, Reaching safepoint: 78990 ns, At safepoint: 12991 ns, Total: 91981 ns
[2022-07-11T09:15:15.483+0000][9][gc,start    ] GC(82) Pause Young (Normal) (G1 Evacuation Pause)
[2022-07-11T09:15:15.483+0000][9][gc,task     ] GC(82) Using 4 workers of 4 for evacuation
[2022-07-11T09:15:15.483+0000][9][gc,age      ] GC(82) Desired survivor size 20971520 bytes, new threshold 15 (max threshold 15)
[2022-07-11T09:15:15.487+0000][9][gc,phases   ] GC(82)   Pre Evacuate Collection Set: 0.1ms
[2022-07-11T09:15:15.487+0000][9][gc,phases   ] GC(82)   Merge Heap Roots: 0.1ms
[2022-07-11T09:15:15.487+0000][9][gc,phases   ] GC(82)   Evacuate Collection Set: 2.2ms
[2022-07-11T09:15:15.487+0000][9][gc,phases   ] GC(82)   Post Evacuate Collection Set: 1.0ms
[2022-07-11T09:15:15.487+0000][9][gc,phases   ] GC(82)   Other: 0.1ms
[2022-07-11T09:15:15.487+0000][9][gc,age      ] GC(82) Age table with threshold 15 (max threshold 15)
[2022-07-11T09:15:15.487+0000][9][gc,age      ] GC(82) - age   1:     537496 bytes,     537496 total
[2022-07-11T09:15:15.487+0000][9][gc,age      ] GC(82) - age   2:       4664 bytes,     542160 total
[2022-07-11T09:15:15.487+0000][9][gc,age      ] GC(82) - age   3:       3696 bytes,     545856 total
[2022-07-11T09:15:15.487+0000][9][gc,age      ] GC(82) - age   4:       8856 bytes,     554712 total
[2022-07-11T09:15:15.487+0000][9][gc,age      ] GC(82) - age   5:       9240 bytes,     563952 total
[2022-07-11T09:15:15.487+0000][9][gc,age      ] GC(82) - age   6:        768 bytes,     564720 total
[2022-07-11T09:15:15.487+0000][9][gc,age      ] GC(82) - age   7:       1408 bytes,     566128 total
[2022-07-11T09:15:15.487+0000][9][gc,age      ] GC(82) - age   8:       1264 bytes,     567392 total
[2022-07-11T09:15:15.487+0000][9][gc,age      ] GC(82) - age   9:        720 bytes,     568112 total
[2022-07-11T09:15:15.487+0000][9][gc,age      ] GC(82) - age  10:        480 bytes,     568592 total
[2022-07-11T09:15:15.487+0000][9][gc,age      ] GC(82) - age  11:        184 bytes,     568776 total
[2022-07-11T09:15:15.487+0000][9][gc,age      ] GC(82) - age  12:        920 bytes,     569696 total
[2022-07-11T09:15:15.487+0000][9][gc,age      ] GC(82) - age  13:        224 bytes,     569920 total
[2022-07-11T09:15:15.487+0000][9][gc,age      ] GC(82) - age  14:         80 bytes,     570000 total
[2022-07-11T09:15:15.487+0000][9][gc,age      ] GC(82) - age  15:        560 bytes,     570560 total
[2022-07-11T09:15:15.487+0000][9][gc,heap     ] GC(82) Eden regions: 75->0(75)
[2022-07-11T09:15:15.487+0000][9][gc,heap     ] GC(82) Survivor regions: 1->1(10)
[2022-07-11T09:15:15.487+0000][9][gc,heap     ] GC(82) Old regions: 27->27
[2022-07-11T09:15:15.487+0000][9][gc,heap     ] GC(82) Archive regions: 2->2
[2022-07-11T09:15:15.487+0000][9][gc,heap     ] GC(82) Humongous regions: 0->0
[2022-07-11T09:15:15.487+0000][9][gc,metaspace] GC(82) Metaspace: 122220K(127360K)->122220K(127360K) NonClass: 106512K(109632K)->106512K(109632K) Class: 15708K(17728K)->15708K(17728K)
[2022-07-11T09:15:15.487+0000][9][gc          ] GC(82) Pause Young (Normal) (G1 Evacuation Pause) 410M->109M(512M) 3.937ms
[2022-07-11T09:15:15.487+0000][9][gc,cpu      ] GC(82) User=0.01s Sys=0.00s Real=0.01s
[2022-07-11T09:15:15.487+0000][9][safepoint   ] Safepoint "G1CollectForAllocation", Time since last: 20328644787 ns, Reaching safepoint: 42952 ns, At safepoint: 4017336 ns, Total: 4060288 ns
[2022-07-11T09:15:34.489+0000][9][safepoint   ] Safepoint "Cleanup", Time since last: 19001795495 ns, Reaching safepoint: 92540 ns, At safepoint: 12292 ns, Total: 104832 ns
[2022-07-11T09:16:00.491+0000][9][safepoint   ] Safepoint "Cleanup", Time since last: 26002450747 ns, Reaching safepoint: 126552 ns, At safepoint: 31499 ns, Total: 158051 ns
[2022-07-11T09:16:28.494+0000][9][safepoint   ] Safepoint "Cleanup", Time since last: 28002948287 ns, Reaching safepoint: 51612 ns, At safepoint: 29054 ns, Total: 80666 ns
[2022-07-11T09:16:34.495+0000][9][safepoint   ] Safepoint "Cleanup", Time since last: 6000529439 ns, Reaching safepoint: 92260 ns, At safepoint: 9428 ns, Total: 101688 ns
[2022-07-11T09:16:42.496+0000][9][safepoint   ] Safepoint "Cleanup", Time since last: 8000708014 ns, Reaching safepoint: 94774 ns, At safepoint: 12292 ns, Total: 107066 ns
[2022-07-11T09:16:43.496+0000][9][safepoint   ] Safepoint "Cleanup", Time since last: 1000155148 ns, Reaching safepoint: 55454 ns, At safepoint: 10546 ns, Total: 66000 ns
[2022-07-11T09:16:51.497+0000][9][safepoint   ] Safepoint "Cleanup", Time since last: 8000764375 ns, Reaching safepoint: 73403 ns, At safepoint: 8241 ns, Total: 81644 ns
[2022-07-11T09:17:00.498+0000][9][safepoint   ] Safepoint "Cleanup", Time since last: 9000815250 ns, Reaching safepoint: 77873 ns, At safepoint: 13200 ns, Total: 91073 ns
[2022-07-11T09:17:03.498+0000][9][safepoint   ] Safepoint "Cleanup", Time since last: 3000347341 ns, Reaching safepoint: 73822 ns, At safepoint: 12013 ns, Total: 85835 ns
[2022-07-11T09:17:03.570+0000][9][gc,start    ] GC(83) Pause Young (Normal) (G1 Evacuation Pause)
[2022-07-11T09:17:03.570+0000][9][gc,task     ] GC(83) Using 4 workers of 4 for evacuation
[2022-07-11T09:17:03.570+0000][9][gc,age      ] GC(83) Desired survivor size 20971520 bytes, new threshold 15 (max threshold 15)
[2022-07-11T09:17:03.572+0000][9][gc,phases   ] GC(83)   Pre Evacuate Collection Set: 0.1ms
[2022-07-11T09:17:03.572+0000][9][gc,phases   ] GC(83)   Merge Heap Roots: 0.1ms
[2022-07-11T09:17:03.572+0000][9][gc,phases   ] GC(83)   Evacuate Collection Set: 1.3ms
[2022-07-11T09:17:03.572+0000][9][gc,phases   ] GC(83)   Post Evacuate Collection Set: 0.9ms
[2022-07-11T09:17:03.572+0000][9][gc,phases   ] GC(83)   Other: 0.2ms
[2022-07-11T09:17:03.573+0000][9][gc,age      ] GC(83) Age table with threshold 15 (max threshold 15)
[2022-07-11T09:17:03.573+0000][9][gc,age      ] GC(83) - age   1:    1086664 bytes,    1086664 total
[2022-07-11T09:17:03.573+0000][9][gc,age      ] GC(83) - age   2:       2128 bytes,    1088792 total
[2022-07-11T09:17:03.573+0000][9][gc,age      ] GC(83) - age   3:       3360 bytes,    1092152 total
[2022-07-11T09:17:03.573+0000][9][gc,age      ] GC(83) - age   4:       3696 bytes,    1095848 total
[2022-07-11T09:17:03.573+0000][9][gc,age      ] GC(83) - age   5:       8856 bytes,    1104704 total
[2022-07-11T09:17:03.573+0000][9][gc,age      ] GC(83) - age   6:       9240 bytes,    1113944 total
[2022-07-11T09:17:03.573+0000][9][gc,age      ] GC(83) - age   7:        768 bytes,    1114712 total
[2022-07-11T09:17:03.573+0000][9][gc,age      ] GC(83) - age   8:       1408 bytes,    1116120 total
[2022-07-11T09:17:03.573+0000][9][gc,age      ] GC(83) - age   9:       1264 bytes,    1117384 total
[2022-07-11T09:17:03.573+0000][9][gc,age      ] GC(83) - age  10:        720 bytes,    1118104 total
[2022-07-11T09:17:03.573+0000][9][gc,age      ] GC(83) - age  11:        480 bytes,    1118584 total
[2022-07-11T09:17:03.573+0000][9][gc,age      ] GC(83) - age  12:        184 bytes,    1118768 total
[2022-07-11T09:17:03.573+0000][9][gc,age      ] GC(83) - age  13:        920 bytes,    1119688 total
[2022-07-11T09:17:03.573+0000][9][gc,age      ] GC(83) - age  14:        224 bytes,    1119912 total
[2022-07-11T09:17:03.573+0000][9][gc,age      ] GC(83) - age  15:         80 bytes,    1119992 total
[2022-07-11T09:17:03.573+0000][9][gc,heap     ] GC(83) Eden regions: 75->0(75)
[2022-07-11T09:17:03.573+0000][9][gc,heap     ] GC(83) Survivor regions: 1->1(10)
[2022-07-11T09:17:03.573+0000][9][gc,heap     ] GC(83) Old regions: 27->27
[2022-07-11T09:17:03.573+0000][9][gc,heap     ] GC(83) Archive regions: 2->2
[2022-07-11T09:17:03.573+0000][9][gc,heap     ] GC(83) Humongous regions: 0->0
[2022-07-11T09:17:03.573+0000][9][gc,metaspace] GC(83) Metaspace: 122226K(127360K)->122226K(127360K) NonClass: 106518K(109632K)->106518K(109632K) Class: 15708K(17728K)->15708K(17728K)
[2022-07-11T09:17:03.573+0000][9][gc          ] GC(83) Pause Young (Normal) (G1 Evacuation Pause) 409M->109M(512M) 3.182ms
[2022-07-11T09:17:03.573+0000][9][gc,cpu      ] GC(83) User=0.01s Sys=0.00s Real=0.01s
[2022-07-11T09:17:03.573+0000][9][safepoint   ] Safepoint "G1CollectForAllocation", Time since last: 71293910 ns, Reaching safepoint: 46654 ns, At safepoint: 3295248 ns, Total: 3341902 ns
[2022-07-11T09:17:10.574+0000][9][safepoint   ] Safepoint "Cleanup", Time since last: 7000687589 ns, Reaching safepoint: 139752 ns, At safepoint: 31988 ns, Total: 171740 ns
[2022-07-11T09:17:16.575+0000][9][safepoint   ] Safepoint "Cleanup", Time since last: 6000610663 ns, Reaching safepoint: 89257 ns, At safepoint: 53918 ns, Total: 143175 ns
[2022-07-11T09:17:42.578+0000][9][safepoint   ] Safepoint "Cleanup", Time since last: 26003071077 ns, Reaching safepoint: 92260 ns, At safepoint: 11524 ns, Total: 103784 ns
[2022-07-11T09:17:51.579+0000][9][safepoint   ] Safepoint "Cleanup", Time since last: 9000917497 ns, Reaching safepoint: 120127 ns, At safepoint: 32965 ns, Total: 153092 ns
[2022-07-11T09:18:16.581+0000][9][safepoint   ] Safepoint "Cleanup", Time since last: 25002425854 ns, Reaching safepoint: 77663 ns, At safepoint: 12083 ns, Total: 89746 ns
[2022-07-11T09:18:27.583+0000][9][safepoint   ] Safepoint "Cleanup", Time since last: 11001134624 ns, Reaching safepoint: 136539 ns, At safepoint: 12292 ns, Total: 148831 ns
[2022-07-11T09:18:40.584+0000][9][safepoint   ] Safepoint "Cleanup", Time since last: 13001291479 ns, Reaching safepoint: 80178 ns, At safepoint: 28146 ns, Total: 108324 ns
[2022-07-11T09:18:45.585+0000][9][safepoint   ] Safepoint "Cleanup", Time since last: 5000581439 ns, Reaching safepoint: 92540 ns, At safepoint: 12990 ns, Total: 105530 ns
[2022-07-11T09:18:53.005+0000][9][gc,start    ] GC(84) Pause Young (Normal) (G1 Evacuation Pause)
[2022-07-11T09:18:53.005+0000][9][gc,task     ] GC(84) Using 4 workers of 4 for evacuation
[2022-07-11T09:18:53.005+0000][9][gc,age      ] GC(84) Desired survivor size 20971520 bytes, new threshold 15 (max threshold 15)
[2022-07-11T09:18:53.009+0000][9][gc,phases   ] GC(84)   Pre Evacuate Collection Set: 0.1ms
[2022-07-11T09:18:53.009+0000][9][gc,phases   ] GC(84)   Merge Heap Roots: 0.1ms
[2022-07-11T09:18:53.009+0000][9][gc,phases   ] GC(84)   Evacuate Collection Set: 2.1ms
[2022-07-11T09:18:53.009+0000][9][gc,phases   ] GC(84)   Post Evacuate Collection Set: 1.4ms
[2022-07-11T09:18:53.009+0000][9][gc,phases   ] GC(84)   Other: 0.2ms
[2022-07-11T09:18:53.009+0000][9][gc,age      ] GC(84) Age table with threshold 15 (max threshold 15)
[2022-07-11T09:18:53.009+0000][9][gc,age      ] GC(84) - age   1:    1136048 bytes,    1136048 total
[2022-07-11T09:18:53.009+0000][9][gc,age      ] GC(84) - age   2:       1304 bytes,    1137352 total
[2022-07-11T09:18:53.009+0000][9][gc,age      ] GC(84) - age   3:       1336 bytes,    1138688 total
[2022-07-11T09:18:53.009+0000][9][gc,age      ] GC(84) - age   4:       3104 bytes,    1141792 total
[2022-07-11T09:18:53.009+0000][9][gc,age      ] GC(84) - age   5:       3696 bytes,    1145488 total
[2022-07-11T09:18:53.009+0000][9][gc,age      ] GC(84) - age   6:       8856 bytes,    1154344 total
[2022-07-11T09:18:53.009+0000][9][gc,age      ] GC(84) - age   7:       9240 bytes,    1163584 total
[2022-07-11T09:18:53.009+0000][9][gc,age      ] GC(84) - age   8:        768 bytes,    1164352 total
[2022-07-11T09:18:53.009+0000][9][gc,age      ] GC(84) - age   9:       1408 bytes,    1165760 total
[2022-07-11T09:18:53.009+0000][9][gc,age      ] GC(84) - age  10:        872 bytes,    1166632 total
[2022-07-11T09:18:53.009+0000][9][gc,age      ] GC(84) - age  11:        720 bytes,    1167352 total
[2022-07-11T09:18:53.009+0000][9][gc,age      ] GC(84) - age  12:        480 bytes,    1167832 total
[2022-07-11T09:18:53.009+0000][9][gc,age      ] GC(84) - age  13:        184 bytes,    1168016 total
[2022-07-11T09:18:53.009+0000][9][gc,age      ] GC(84) - age  14:        920 bytes,    1168936 total
[2022-07-11T09:18:53.009+0000][9][gc,age      ] GC(84) - age  15:        224 bytes,    1169160 total
[2022-07-11T09:18:53.009+0000][9][gc,heap     ] GC(84) Eden regions: 75->0(75)
[2022-07-11T09:18:53.009+0000][9][gc,heap     ] GC(84) Survivor regions: 1->1(10)
[2022-07-11T09:18:53.009+0000][9][gc,heap     ] GC(84) Old regions: 27->27
[2022-07-11T09:18:53.009+0000][9][gc,heap     ] GC(84) Archive regions: 2->2
[2022-07-11T09:18:53.009+0000][9][gc,heap     ] GC(84) Humongous regions: 0->0
[2022-07-11T09:18:53.009+0000][9][gc,metaspace] GC(84) Metaspace: 122231K(127360K)->122231K(127360K) NonClass: 106523K(109632K)->106523K(109632K) Class: 15708K(17728K)->15708K(17728K)
[2022-07-11T09:18:53.009+0000][9][gc          ] GC(84) Pause Young (Normal) (G1 Evacuation Pause) 409M->110M(512M) 4.495ms
[2022-07-11T09:18:53.009+0000][9][gc,cpu      ] GC(84) User=0.01s Sys=0.01s Real=0.00s
[2022-07-11T09:18:53.009+0000][9][safepoint   ] Safepoint "G1CollectForAllocation", Time since last: 7420048801 ns, Reaching safepoint: 125225 ns, At safepoint: 4622092 ns, Total: 4747317 ns
[2022-07-11T09:19:13.012+0000][9][safepoint   ] Safepoint "Cleanup", Time since last: 20002086623 ns, Reaching safepoint: 79828 ns, At safepoint: 12362 ns, Total: 92190 ns
[2022-07-11T09:19:22.013+0000][9][safepoint   ] Safepoint "Cleanup", Time since last: 9000895637 ns, Reaching safepoint: 73753 ns, At safepoint: 12781 ns, Total: 86534 ns
[2022-07-11T09:19:43.015+0000][9][safepoint   ] Safepoint "Cleanup", Time since last: 21002482024 ns, Reaching safepoint: 39879 ns, At safepoint: 8102 ns, Total: 47981 ns
[2022-07-11T09:20:28.019+0000][9][safepoint   ] Safepoint "Cleanup", Time since last: 45004060604 ns, Reaching safepoint: 154000 ns, At safepoint: 43720 ns, Total: 197720 ns
[2022-07-11T09:20:36.484+0000][9][gc,start    ] GC(85) Pause Young (Normal) (G1 Evacuation Pause)
[2022-07-11T09:20:36.484+0000][9][gc,task     ] GC(85) Using 4 workers of 4 for evacuation
[2022-07-11T09:20:36.484+0000][9][gc,age      ] GC(85) Desired survivor size 20971520 bytes, new threshold 15 (max threshold 15)
[2022-07-11T09:20:36.488+0000][9][gc,phases   ] GC(85)   Pre Evacuate Collection Set: 0.1ms
[2022-07-11T09:20:36.488+0000][9][gc,phases   ] GC(85)   Merge Heap Roots: 0.1ms
[2022-07-11T09:20:36.488+0000][9][gc,phases   ] GC(85)   Evacuate Collection Set: 2.3ms
[2022-07-11T09:20:36.488+0000][9][gc,phases   ] GC(85)   Post Evacuate Collection Set: 1.0ms
[2022-07-11T09:20:36.488+0000][9][gc,phases   ] GC(85)   Other: 0.1ms
[2022-07-11T09:20:36.488+0000][9][gc,age      ] GC(85) Age table with threshold 15 (max threshold 15)
[2022-07-11T09:20:36.488+0000][9][gc,age      ] GC(85) - age   1:     631832 bytes,     631832 total
[2022-07-11T09:20:36.488+0000][9][gc,age      ] GC(85) - age   2:       2280 bytes,     634112 total
[2022-07-11T09:20:36.488+0000][9][gc,age      ] GC(85) - age   3:        408 bytes,     634520 total
[2022-07-11T09:20:36.488+0000][9][gc,age      ] GC(85) - age   4:       1240 bytes,     635760 total
[2022-07-11T09:20:36.488+0000][9][gc,age      ] GC(85) - age   5:       3104 bytes,     638864 total
[2022-07-11T09:20:36.488+0000][9][gc,age      ] GC(85) - age   6:       3696 bytes,     642560 total
[2022-07-11T09:20:36.488+0000][9][gc,age      ] GC(85) - age   7:        840 bytes,     643400 total
[2022-07-11T09:20:36.488+0000][9][gc,age      ] GC(85) - age   8:       9240 bytes,     652640 total
[2022-07-11T09:20:36.488+0000][9][gc,age      ] GC(85) - age   9:        768 bytes,     653408 total
[2022-07-11T09:20:36.488+0000][9][gc,age      ] GC(85) - age  10:       1408 bytes,     654816 total
[2022-07-11T09:20:36.488+0000][9][gc,age      ] GC(85) - age  11:        872 bytes,     655688 total
[2022-07-11T09:20:36.488+0000][9][gc,age      ] GC(85) - age  12:        720 bytes,     656408 total
[2022-07-11T09:20:36.488+0000][9][gc,age      ] GC(85) - age  13:        480 bytes,     656888 total
[2022-07-11T09:20:36.488+0000][9][gc,age      ] GC(85) - age  14:        184 bytes,     657072 total
[2022-07-11T09:20:36.488+0000][9][gc,age      ] GC(85) - age  15:        920 bytes,     657992 total
[2022-07-11T09:20:36.488+0000][9][gc,heap     ] GC(85) Eden regions: 75->0(75)
[2022-07-11T09:20:36.488+0000][9][gc,heap     ] GC(85) Survivor regions: 1->1(10)
[2022-07-11T09:20:36.488+0000][9][gc,heap     ] GC(85) Old regions: 27->27
[2022-07-11T09:20:36.488+0000][9][gc,heap     ] GC(85) Archive regions: 2->2
[2022-07-11T09:20:36.488+0000][9][gc,heap     ] GC(85) Humongous regions: 0->0
[2022-07-11T09:20:36.488+0000][9][gc,metaspace] GC(85) Metaspace: 122231K(127360K)->122231K(127360K) NonClass: 106523K(109632K)->106523K(109632K) Class: 15708K(17728K)->15708K(17728K)
[2022-07-11T09:20:36.488+0000][9][gc          ] GC(85) Pause Young (Normal) (G1 Evacuation Pause) 410M->109M(512M) 3.915ms
[2022-07-11T09:20:36.488+0000][9][gc,cpu      ] GC(85) User=0.01s Sys=0.00s Real=0.00s
[2022-07-11T09:20:36.488+0000][9][safepoint   ] Safepoint "G1CollectForAllocation", Time since last: 8464368389 ns, Reaching safepoint: 56292 ns, At safepoint: 3998549 ns, Total: 4054841 ns
[2022-07-11T09:20:46.489+0000][9][safepoint   ] Safepoint "Cleanup", Time since last: 10000922207 ns, Reaching safepoint: 126412 ns, At safepoint: 19416 ns, Total: 145828 ns
[2022-07-11T09:21:10.491+0000][9][safepoint   ] Safepoint "Cleanup", Time since last: 24002176490 ns, Reaching safepoint: 139543 ns, At safepoint: 20114 ns, Total: 159657 ns
[2022-07-11T09:21:52.495+0000][9][safepoint   ] Safepoint "Cleanup", Time since last: 42004137828 ns, Reaching safepoint: 67466 ns, At safepoint: 8730 ns, Total: 76196 ns
[2022-07-11T09:21:58.883+0000][9][safepoint   ] Safepoint "Cleanup", Time since last: 6387321248 ns, Reaching safepoint: 136889 ns, At safepoint: 7613 ns, Total: 144502 ns
[2022-07-11T09:22:00.086+0000][9][safepoint   ] Safepoint "Cleanup", Time since last: 1202655134 ns, Reaching safepoint: 110698 ns, At safepoint: 8171 ns, Total: 118869 ns
[2022-07-11T09:22:01.088+0000][9][safepoint   ] Safepoint "Cleanup", Time since last: 1002225591 ns, Reaching safepoint: 59644 ns, At safepoint: 8172 ns, Total: 67816 ns
[2022-07-11T09:22:02.088+0000][9][safepoint   ] Safepoint "Cleanup", Time since last: 1000130493 ns, Reaching safepoint: 46165 ns, At safepoint: 9988 ns, Total: 56153 ns
[2022-07-11T09:22:04.088+0000][9][safepoint   ] Safepoint "Cleanup", Time since last: 2000218803 ns, Reaching safepoint: 68025 ns, At safepoint: 10616 ns, Total: 78641 ns
[2022-07-11T09:22:05.089+0000][9][safepoint   ] Safepoint "Cleanup", Time since last: 1000140760 ns, Reaching safepoint: 58597 ns, At safepoint: 11524 ns, Total: 70121 ns
[2022-07-11T09:22:07.089+0000][9][safepoint   ] Safepoint "Cleanup", Time since last: 2000251279 ns, Reaching safepoint: 91492 ns, At safepoint: 12362 ns, Total: 103854 ns
[2022-07-11T09:22:11.090+0000][9][safepoint   ] Safepoint "Cleanup", Time since last: 4000449480 ns, Reaching safepoint: 132977 ns, At safepoint: 17112 ns, Total: 150089 ns
[2022-07-11T09:22:13.090+0000][9][safepoint   ] Safepoint "Cleanup", Time since last: 2000255330 ns, Reaching safepoint: 81574 ns, At safepoint: 12851 ns, Total: 94425 ns
[2022-07-11T09:22:15.559+0000][9][gc,start    ] GC(86) Pause Young (Normal) (G1 Evacuation Pause)
[2022-07-11T09:22:15.560+0000][9][gc,task     ] GC(86) Using 4 workers of 4 for evacuation
[2022-07-11T09:22:15.560+0000][9][gc,age      ] GC(86) Desired survivor size 20971520 bytes, new threshold 15 (max threshold 15)
[2022-07-11T09:22:15.563+0000][9][gc,phases   ] GC(86)   Pre Evacuate Collection Set: 0.1ms
[2022-07-11T09:22:15.563+0000][9][gc,phases   ] GC(86)   Merge Heap Roots: 0.1ms
[2022-07-11T09:22:15.563+0000][9][gc,phases   ] GC(86)   Evacuate Collection Set: 1.9ms
[2022-07-11T09:22:15.563+0000][9][gc,phases   ] GC(86)   Post Evacuate Collection Set: 1.3ms
[2022-07-11T09:22:15.563+0000][9][gc,phases   ] GC(86)   Other: 0.2ms
[2022-07-11T09:22:15.563+0000][9][gc,age      ] GC(86) Age table with threshold 15 (max threshold 15)
[2022-07-11T09:22:15.563+0000][9][gc,age      ] GC(86) - age   1:    1164472 bytes,    1164472 total
[2022-07-11T09:22:15.563+0000][9][gc,age      ] GC(86) - age   2:       9760 bytes,    1174232 total
[2022-07-11T09:22:15.563+0000][9][gc,age      ] GC(86) - age   3:       1072 bytes,    1175304 total
[2022-07-11T09:22:15.563+0000][9][gc,age      ] GC(86) - age   4:        224 bytes,    1175528 total
[2022-07-11T09:22:15.563+0000][9][gc,age      ] GC(86) - age   5:       1240 bytes,    1176768 total
[2022-07-11T09:22:15.563+0000][9][gc,age      ] GC(86) - age   6:       3104 bytes,    1179872 total
[2022-07-11T09:22:15.563+0000][9][gc,age      ] GC(86) - age   7:       3400 bytes,    1183272 total
[2022-07-11T09:22:15.563+0000][9][gc,age      ] GC(86) - age   8:        840 bytes,    1184112 total
[2022-07-11T09:22:15.563+0000][9][gc,age      ] GC(86) - age   9:       9128 bytes,    1193240 total
[2022-07-11T09:22:15.563+0000][9][gc,age      ] GC(86) - age  10:        768 bytes,    1194008 total
[2022-07-11T09:22:15.563+0000][9][gc,age      ] GC(86) - age  11:       1408 bytes,    1195416 total
[2022-07-11T09:22:15.563+0000][9][gc,age      ] GC(86) - age  12:        872 bytes,    1196288 total
[2022-07-11T09:22:15.563+0000][9][gc,age      ] GC(86) - age  13:        720 bytes,    1197008 total
[2022-07-11T09:22:15.563+0000][9][gc,age      ] GC(86) - age  14:        480 bytes,    1197488 total
[2022-07-11T09:22:15.563+0000][9][gc,age      ] GC(86) - age  15:        184 bytes,    1197672 total
[2022-07-11T09:22:15.563+0000][9][gc,heap     ] GC(86) Eden regions: 75->0(75)
[2022-07-11T09:22:15.563+0000][9][gc,heap     ] GC(86) Survivor regions: 1->1(10)
[2022-07-11T09:22:15.563+0000][9][gc,heap     ] GC(86) Old regions: 27->27
[2022-07-11T09:22:15.563+0000][9][gc,heap     ] GC(86) Archive regions: 2->2
[2022-07-11T09:22:15.563+0000][9][gc,heap     ] GC(86) Humongous regions: 0->0
[2022-07-11T09:22:15.564+0000][9][gc,metaspace] GC(86) Metaspace: 122951K(127424K)->122951K(127424K) NonClass: 107140K(109696K)->107140K(109696K) Class: 15811K(17728K)->15811K(17728K)
[2022-07-11T09:22:15.564+0000][9][gc          ] GC(86) Pause Young (Normal) (G1 Evacuation Pause) 409M->110M(512M) 4.173ms
[2022-07-11T09:22:15.564+0000][9][gc,cpu      ] GC(86) User=0.01s Sys=0.00s Real=0.00s
[2022-07-11T09:22:15.564+0000][9][safepoint   ] Safepoint "G1CollectForAllocation", Time since last: 2469273853 ns, Reaching safepoint: 87721 ns, At safepoint: 4302219 ns, Total: 4389940 ns
[2022-07-11T09:22:16.564+0000][9][safepoint   ] Safepoint "Cleanup", Time since last: 1000135871 ns, Reaching safepoint: 95822 ns, At safepoint: 11803 ns, Total: 107625 ns
[2022-07-11T09:22:21.565+0000][9][safepoint   ] Safepoint "Cleanup", Time since last: 5000489180 ns, Reaching safepoint: 192273 ns, At safepoint: 21441 ns, Total: 213714 ns
[2022-07-11T09:22:33.566+0000][9][safepoint   ] Safepoint "Cleanup", Time since last: 12001099594 ns, Reaching safepoint: 57759 ns, At safepoint: 7613 ns, Total: 65372 ns
[2022-07-11T09:22:34.566+0000][9][safepoint   ] Safepoint "Cleanup", Time since last: 1000131471 ns, Reaching safepoint: 56711 ns, At safepoint: 11384 ns, Total: 68095 ns
[2022-07-11T09:22:40.567+0000][9][safepoint   ] Safepoint "Cleanup", Time since last: 6000562963 ns, Reaching safepoint: 111117 ns, At safepoint: 21651 ns, Total: 132768 ns
[2022-07-11T09:22:48.568+0000][9][safepoint   ] Safepoint "Cleanup", Time since last: 8000817314 ns, Reaching safepoint: 79061 ns, At safepoint: 12571 ns, Total: 91632 ns
[2022-07-11T09:23:00.569+0000][9][safepoint   ] Safepoint "Cleanup", Time since last: 12001383778 ns, Reaching safepoint: 72495 ns, At safepoint: 6775 ns, Total: 79270 ns
[2022-07-11T09:23:04.570+0000][9][safepoint   ] Safepoint "Cleanup", Time since last: 4000417352 ns, Reaching safepoint: 83181 ns, At safepoint: 14388 ns, Total: 97569 ns
[2022-07-11T09:23:09.570+0000][9][safepoint   ] Safepoint "Cleanup", Time since last: 5000506290 ns, Reaching safepoint: 80388 ns, At safepoint: 10546 ns, Total: 90934 ns
[2022-07-11T09:23:46.573+0000][9][safepoint   ] Safepoint "Cleanup", Time since last: 37003185600 ns, Reaching safepoint: 98336 ns, At safepoint: 8591 ns, Total: 106927 ns
[2022-07-11T09:24:03.510+0000][9][gc,start    ] GC(87) Pause Young (Normal) (G1 Evacuation Pause)
[2022-07-11T09:24:03.510+0000][9][gc,task     ] GC(87) Using 4 workers of 4 for evacuation
[2022-07-11T09:24:03.510+0000][9][gc,age      ] GC(87) Desired survivor size 20971520 bytes, new threshold 15 (max threshold 15)
[2022-07-11T09:24:03.513+0000][9][gc,phases   ] GC(87)   Pre Evacuate Collection Set: 0.1ms
[2022-07-11T09:24:03.513+0000][9][gc,phases   ] GC(87)   Merge Heap Roots: 0.1ms
[2022-07-11T09:24:03.513+0000][9][gc,phases   ] GC(87)   Evacuate Collection Set: 2.0ms
[2022-07-11T09:24:03.513+0000][9][gc,phases   ] GC(87)   Post Evacuate Collection Set: 0.9ms
[2022-07-11T09:24:03.513+0000][9][gc,phases   ] GC(87)   Other: 0.1ms
[2022-07-11T09:24:03.513+0000][9][gc,age      ] GC(87) Age table with threshold 15 (max threshold 15)
[2022-07-11T09:24:03.513+0000][9][gc,age      ] GC(87) - age   1:     883936 bytes,     883936 total
[2022-07-11T09:24:03.513+0000][9][gc,age      ] GC(87) - age   2:     468208 bytes,    1352144 total
[2022-07-11T09:24:03.513+0000][9][gc,age      ] GC(87) - age   3:        464 bytes,    1352608 total
[2022-07-11T09:24:03.513+0000][9][gc,age      ] GC(87) - age   4:        920 bytes,    1353528 total
[2022-07-11T09:24:03.513+0000][9][gc,age      ] GC(87) - age   5:        160 bytes,    1353688 total
[2022-07-11T09:24:03.513+0000][9][gc,age      ] GC(87) - age   6:       1240 bytes,    1354928 total
[2022-07-11T09:24:03.513+0000][9][gc,age      ] GC(87) - age   7:        792 bytes,    1355720 total
[2022-07-11T09:24:03.513+0000][9][gc,age      ] GC(87) - age   8:       3400 bytes,    1359120 total
[2022-07-11T09:24:03.513+0000][9][gc,age      ] GC(87) - age   9:        840 bytes,    1359960 total
[2022-07-11T09:24:03.513+0000][9][gc,age      ] GC(87) - age  10:       9128 bytes,    1369088 total
[2022-07-11T09:24:03.513+0000][9][gc,age      ] GC(87) - age  11:        768 bytes,    1369856 total
[2022-07-11T09:24:03.513+0000][9][gc,age      ] GC(87) - age  12:       1408 bytes,    1371264 total
[2022-07-11T09:24:03.513+0000][9][gc,age      ] GC(87) - age  13:        872 bytes,    1372136 total
[2022-07-11T09:24:03.513+0000][9][gc,age      ] GC(87) - age  14:        720 bytes,    1372856 total
[2022-07-11T09:24:03.513+0000][9][gc,age      ] GC(87) - age  15:        480 bytes,    1373336 total
[2022-07-11T09:24:03.513+0000][9][gc,heap     ] GC(87) Eden regions: 75->0(75)
[2022-07-11T09:24:03.513+0000][9][gc,heap     ] GC(87) Survivor regions: 1->1(10)
[2022-07-11T09:24:03.513+0000][9][gc,heap     ] GC(87) Old regions: 27->27
[2022-07-11T09:24:03.513+0000][9][gc,heap     ] GC(87) Archive regions: 2->2
[2022-07-11T09:24:03.513+0000][9][gc,heap     ] GC(87) Humongous regions: 0->0
[2022-07-11T09:24:03.513+0000][9][gc,metaspace] GC(87) Metaspace: 122959K(127424K)->122959K(127424K) NonClass: 107148K(109696K)->107148K(109696K) Class: 15811K(17728K)->15811K(17728K)
[2022-07-11T09:24:03.513+0000][9][gc          ] GC(87) Pause Young (Normal) (G1 Evacuation Pause) 410M->110M(512M) 3.478ms
[2022-07-11T09:24:03.513+0000][9][gc,cpu      ] GC(87) User=0.01s Sys=0.00s Real=0.01s
[2022-07-11T09:24:03.513+0000][9][safepoint   ] Safepoint "G1CollectForAllocation", Time since last: 16936318738 ns, Reaching safepoint: 62159 ns, At safepoint: 3549610 ns, Total: 3611769 ns
[2022-07-11T09:24:10.514+0000][9][safepoint   ] Safepoint "Cleanup", Time since last: 7000646872 ns, Reaching safepoint: 72914 ns, At safepoint: 12990 ns, Total: 85904 ns
[2022-07-11T09:24:40.517+0000][9][safepoint   ] Safepoint "Cleanup", Time since last: 30002727300 ns, Reaching safepoint: 48051 ns, At safepoint: 8241 ns, Total: 56292 ns
[2022-07-11T09:25:00.519+0000][9][safepoint   ] Safepoint "Cleanup", Time since last: 20001832611 ns, Reaching safepoint: 84438 ns, At safepoint: 12851 ns, Total: 97289 ns
[2022-07-11T09:25:17.521+0000][9][safepoint   ] Safepoint "Cleanup", Time since last: 17001640456 ns, Reaching safepoint: 95054 ns, At safepoint: 14737 ns, Total: 109791 ns
[2022-07-11T09:25:21.521+0000][9][safepoint   ] Safepoint "Cleanup", Time since last: 4000437117 ns, Reaching safepoint: 65860 ns, At safepoint: 8731 ns, Total: 74591 ns
[2022-07-11T09:25:28.522+0000][9][safepoint   ] Safepoint "Cleanup", Time since last: 7000645963 ns, Reaching safepoint: 82483 ns, At safepoint: 12292 ns, Total: 94775 ns
[2022-07-11T09:25:45.517+0000][9][gc,start    ] GC(88) Pause Young (Normal) (G1 Evacuation Pause)
[2022-07-11T09:25:45.517+0000][9][gc,task     ] GC(88) Using 4 workers of 4 for evacuation
[2022-07-11T09:25:45.517+0000][9][gc,age      ] GC(88) Desired survivor size 20971520 bytes, new threshold 15 (max threshold 15)
[2022-07-11T09:25:45.521+0000][9][gc,phases   ] GC(88)   Pre Evacuate Collection Set: 0.1ms
[2022-07-11T09:25:45.521+0000][9][gc,phases   ] GC(88)   Merge Heap Roots: 0.1ms
[2022-07-11T09:25:45.522+0000][9][gc,phases   ] GC(88)   Evacuate Collection Set: 2.7ms
[2022-07-11T09:25:45.522+0000][9][gc,phases   ] GC(88)   Post Evacuate Collection Set: 1.5ms
[2022-07-11T09:25:45.522+0000][9][gc,phases   ] GC(88)   Other: 0.2ms
[2022-07-11T09:25:45.522+0000][9][gc,age      ] GC(88) Age table with threshold 15 (max threshold 15)
[2022-07-11T09:25:45.522+0000][9][gc,age      ] GC(88) - age   1:     499832 bytes,     499832 total
[2022-07-11T09:25:45.522+0000][9][gc,age      ] GC(88) - age   2:      14400 bytes,     514232 total
[2022-07-11T09:25:45.522+0000][9][gc,age      ] GC(88) - age   3:     466784 bytes,     981016 total
[2022-07-11T09:25:45.522+0000][9][gc,age      ] GC(88) - age   4:        304 bytes,     981320 total
[2022-07-11T09:25:45.522+0000][9][gc,age      ] GC(88) - age   5:        920 bytes,     982240 total
[2022-07-11T09:25:45.522+0000][9][gc,age      ] GC(88) - age   6:        160 bytes,     982400 total
[2022-07-11T09:25:45.522+0000][9][gc,age      ] GC(88) - age   7:       1240 bytes,     983640 total
[2022-07-11T09:25:45.522+0000][9][gc,age      ] GC(88) - age   8:        792 bytes,     984432 total
[2022-07-11T09:25:45.522+0000][9][gc,age      ] GC(88) - age   9:       3184 bytes,     987616 total
[2022-07-11T09:25:45.522+0000][9][gc,age      ] GC(88) - age  10:        840 bytes,     988456 total
[2022-07-11T09:25:45.522+0000][9][gc,age      ] GC(88) - age  11:       9128 bytes,     997584 total
[2022-07-11T09:25:45.522+0000][9][gc,age      ] GC(88) - age  12:        768 bytes,     998352 total
[2022-07-11T09:25:45.522+0000][9][gc,age      ] GC(88) - age  13:       1408 bytes,     999760 total
[2022-07-11T09:25:45.522+0000][9][gc,age      ] GC(88) - age  14:        872 bytes,    1000632 total
[2022-07-11T09:25:45.522+0000][9][gc,age      ] GC(88) - age  15:        720 bytes,    1001352 total
[2022-07-11T09:25:45.522+0000][9][gc,heap     ] GC(88) Eden regions: 75->0(75)
[2022-07-11T09:25:45.522+0000][9][gc,heap     ] GC(88) Survivor regions: 1->1(10)
[2022-07-11T09:25:45.522+0000][9][gc,heap     ] GC(88) Old regions: 27->27
[2022-07-11T09:25:45.522+0000][9][gc,heap     ] GC(88) Archive regions: 2->2
[2022-07-11T09:25:45.522+0000][9][gc,heap     ] GC(88) Humongous regions: 0->0
[2022-07-11T09:25:45.522+0000][9][gc,metaspace] GC(88) Metaspace: 122966K(127424K)->122966K(127424K) NonClass: 107155K(109696K)->107155K(109696K) Class: 15811K(17728K)->15811K(17728K)
[2022-07-11T09:25:45.522+0000][9][gc          ] GC(88) Pause Young (Normal) (G1 Evacuation Pause) 410M->109M(512M) 5.187ms
[2022-07-11T09:25:45.522+0000][9][gc,cpu      ] GC(88) User=0.01s Sys=0.00s Real=0.00s
[2022-07-11T09:25:45.522+0000][9][safepoint   ] Safepoint "G1CollectForAllocation", Time since last: 16994817598 ns, Reaching safepoint: 54197 ns, At safepoint: 5314358 ns, Total: 5368555 ns
[2022-07-11T09:26:00.524+0000][9][safepoint   ] Safepoint "Cleanup", Time since last: 15002319950 ns, Reaching safepoint: 87302 ns, At safepoint: 12781 ns, Total: 100083 ns
[2022-07-11T09:27:00.531+0000][9][safepoint   ] Safepoint "Cleanup", Time since last: 60006605588 ns, Reaching safepoint: 67325 ns, At safepoint: 12711 ns, Total: 80036 ns
[2022-07-11T09:27:33.511+0000][9][gc,start    ] GC(89) Pause Young (Normal) (G1 Evacuation Pause)
[2022-07-11T09:27:33.511+0000][9][gc,task     ] GC(89) Using 4 workers of 4 for evacuation
[2022-07-11T09:27:33.511+0000][9][gc,age      ] GC(89) Desired survivor size 20971520 bytes, new threshold 15 (max threshold 15)
[2022-07-11T09:27:33.514+0000][9][gc,phases   ] GC(89)   Pre Evacuate Collection Set: 0.1ms
[2022-07-11T09:27:33.514+0000][9][gc,phases   ] GC(89)   Merge Heap Roots: 0.1ms
[2022-07-11T09:27:33.514+0000][9][gc,phases   ] GC(89)   Evacuate Collection Set: 1.4ms
[2022-07-11T09:27:33.514+0000][9][gc,phases   ] GC(89)   Post Evacuate Collection Set: 1.1ms
[2022-07-11T09:27:33.514+0000][9][gc,phases   ] GC(89)   Other: 0.1ms
[2022-07-11T09:27:33.514+0000][9][gc,age      ] GC(89) Age table with threshold 15 (max threshold 15)
[2022-07-11T09:27:33.514+0000][9][gc,age      ] GC(89) - age   1:     882152 bytes,     882152 total
[2022-07-11T09:27:33.514+0000][9][gc,age      ] GC(89) - age   2:       2504 bytes,     884656 total
[2022-07-11T09:27:33.514+0000][9][gc,age      ] GC(89) - age   3:      12744 bytes,     897400 total
[2022-07-11T09:27:33.514+0000][9][gc,age      ] GC(89) - age   4:     466720 bytes,    1364120 total
[2022-07-11T09:27:33.514+0000][9][gc,age      ] GC(89) - age   5:        304 bytes,    1364424 total
[2022-07-11T09:27:33.514+0000][9][gc,age      ] GC(89) - age   6:        920 bytes,    1365344 total
[2022-07-11T09:27:33.514+0000][9][gc,age      ] GC(89) - age   7:        160 bytes,    1365504 total
[2022-07-11T09:27:33.514+0000][9][gc,age      ] GC(89) - age   8:       1240 bytes,    1366744 total
[2022-07-11T09:27:33.514+0000][9][gc,age      ] GC(89) - age   9:        792 bytes,    1367536 total
[2022-07-11T09:27:33.514+0000][9][gc,age      ] GC(89) - age  10:       3184 bytes,    1370720 total
[2022-07-11T09:27:33.514+0000][9][gc,age      ] GC(89) - age  11:        840 bytes,    1371560 total
[2022-07-11T09:27:33.514+0000][9][gc,age      ] GC(89) - age  12:       9128 bytes,    1380688 total
[2022-07-11T09:27:33.514+0000][9][gc,age      ] GC(89) - age  13:        768 bytes,    1381456 total
[2022-07-11T09:27:33.514+0000][9][gc,age      ] GC(89) - age  14:       1408 bytes,    1382864 total
[2022-07-11T09:27:33.514+0000][9][gc,age      ] GC(89) - age  15:        872 bytes,    1383736 total
[2022-07-11T09:27:33.514+0000][9][gc,heap     ] GC(89) Eden regions: 75->0(75)
[2022-07-11T09:27:33.514+0000][9][gc,heap     ] GC(89) Survivor regions: 1->1(10)
[2022-07-11T09:27:33.514+0000][9][gc,heap     ] GC(89) Old regions: 27->27
[2022-07-11T09:27:33.514+0000][9][gc,heap     ] GC(89) Archive regions: 2->2
[2022-07-11T09:27:33.514+0000][9][gc,heap     ] GC(89) Humongous regions: 0->0
[2022-07-11T09:27:33.514+0000][9][gc,metaspace] GC(89) Metaspace: 122966K(127424K)->122966K(127424K) NonClass: 107155K(109696K)->107155K(109696K) Class: 15811K(17728K)->15811K(17728K)
[2022-07-11T09:27:33.514+0000][9][gc          ] GC(89) Pause Young (Normal) (G1 Evacuation Pause) 409M->110M(512M) 3.071ms
[2022-07-11T09:27:33.514+0000][9][gc,cpu      ] GC(89) User=0.01s Sys=0.00s Real=0.01s
[2022-07-11T09:27:33.514+0000][9][safepoint   ] Safepoint "G1CollectForAllocation", Time since last: 32980039822 ns, Reaching safepoint: 63415 ns, At safepoint: 3145443 ns, Total: 3208858 ns
[2022-07-11T09:27:38.515+0000][9][safepoint   ] Safepoint "Cleanup", Time since last: 5000418491 ns, Reaching safepoint: 75217 ns, At safepoint: 12781 ns, Total: 87998 ns
[2022-07-11T09:28:15.519+0000][9][safepoint   ] Safepoint "Cleanup", Time since last: 37003571419 ns, Reaching safepoint: 71726 ns, At safepoint: 12990 ns, Total: 84716 ns
[2022-07-11T09:29:18.514+0000][9][gc,start    ] GC(90) Pause Young (Normal) (G1 Evacuation Pause)
[2022-07-11T09:29:18.514+0000][9][gc,task     ] GC(90) Using 4 workers of 4 for evacuation
[2022-07-11T09:29:18.514+0000][9][gc,age      ] GC(90) Desired survivor size 20971520 bytes, new threshold 15 (max threshold 15)
[2022-07-11T09:29:18.517+0000][9][gc,phases   ] GC(90)   Pre Evacuate Collection Set: 0.1ms
[2022-07-11T09:29:18.517+0000][9][gc,phases   ] GC(90)   Merge Heap Roots: 0.0ms
[2022-07-11T09:29:18.517+0000][9][gc,phases   ] GC(90)   Evacuate Collection Set: 1.9ms
[2022-07-11T09:29:18.517+0000][9][gc,phases   ] GC(90)   Post Evacuate Collection Set: 0.9ms
[2022-07-11T09:29:18.517+0000][9][gc,phases   ] GC(90)   Other: 0.1ms
[2022-07-11T09:29:18.517+0000][9][gc,age      ] GC(90) Age table with threshold 15 (max threshold 15)
[2022-07-11T09:29:18.517+0000][9][gc,age      ] GC(90) - age   1:    1215200 bytes,    1215200 total
[2022-07-11T09:29:18.517+0000][9][gc,age      ] GC(90) - age   2:       1752 bytes,    1216952 total
[2022-07-11T09:29:18.517+0000][9][gc,age      ] GC(90) - age   3:        968 bytes,    1217920 total
[2022-07-11T09:29:18.517+0000][9][gc,age      ] GC(90) - age   4:      12616 bytes,    1230536 total
[2022-07-11T09:29:18.517+0000][9][gc,age      ] GC(90) - age   5:     348088 bytes,    1578624 total
[2022-07-11T09:29:18.517+0000][9][gc,age      ] GC(90) - age   6:        304 bytes,    1578928 total
[2022-07-11T09:29:18.517+0000][9][gc,age      ] GC(90) - age   7:        920 bytes,    1579848 total
[2022-07-11T09:29:18.517+0000][9][gc,age      ] GC(90) - age   8:        160 bytes,    1580008 total
[2022-07-11T09:29:18.517+0000][9][gc,age      ] GC(90) - age   9:       1240 bytes,    1581248 total
[2022-07-11T09:29:18.517+0000][9][gc,age      ] GC(90) - age  10:        792 bytes,    1582040 total
[2022-07-11T09:29:18.517+0000][9][gc,age      ] GC(90) - age  11:       3184 bytes,    1585224 total
[2022-07-11T09:29:18.517+0000][9][gc,age      ] GC(90) - age  12:        840 bytes,    1586064 total
[2022-07-11T09:29:18.517+0000][9][gc,age      ] GC(90) - age  13:       9128 bytes,    1595192 total
[2022-07-11T09:29:18.517+0000][9][gc,age      ] GC(90) - age  14:        768 bytes,    1595960 total
[2022-07-11T09:29:18.517+0000][9][gc,age      ] GC(90) - age  15:       1408 bytes,    1597368 total
[2022-07-11T09:29:18.517+0000][9][gc,heap     ] GC(90) Eden regions: 75->0(75)
[2022-07-11T09:29:18.517+0000][9][gc,heap     ] GC(90) Survivor regions: 1->1(10)
[2022-07-11T09:29:18.517+0000][9][gc,heap     ] GC(90) Old regions: 27->27
[2022-07-11T09:29:18.517+0000][9][gc,heap     ] GC(90) Archive regions: 2->2
[2022-07-11T09:29:18.518+0000][9][gc,heap     ] GC(90) Humongous regions: 0->0
[2022-07-11T09:29:18.518+0000][9][gc,metaspace] GC(90) Metaspace: 122967K(127424K)->122967K(127424K) NonClass: 107156K(109696K)->107156K(109696K) Class: 15811K(17728K)->15811K(17728K)
[2022-07-11T09:29:18.518+0000][9][gc          ] GC(90) Pause Young (Normal) (G1 Evacuation Pause) 410M->110M(512M) 3.353ms
[2022-07-11T09:29:18.518+0000][9][gc,cpu      ] GC(90) User=0.00s Sys=0.01s Real=0.00s
[2022-07-11T09:29:18.518+0000][9][safepoint   ] Safepoint "G1CollectForAllocation", Time since last: 62995593137 ns, Reaching safepoint: 39111 ns, At safepoint: 3420972 ns, Total: 3460083 ns
[2022-07-11T09:30:00.523+0000][9][safepoint   ] Safepoint "Cleanup", Time since last: 42004941342 ns, Reaching safepoint: 80316 ns, At safepoint: 12012 ns, Total: 92328 ns
[2022-07-11T09:30:05.523+0000][9][safepoint   ] Safepoint "Cleanup", Time since last: 5000470434 ns, Reaching safepoint: 97497 ns, At safepoint: 13199 ns, Total: 110696 ns
[2022-07-11T09:30:40.526+0000][9][safepoint   ] Safepoint "Cleanup", Time since last: 35003097366 ns, Reaching safepoint: 89396 ns, At safepoint: 12920 ns, Total: 102316 ns
[2022-07-11T09:30:57.741+0000][9][gc,start    ] GC(91) Pause Young (Normal) (G1 Evacuation Pause)
[2022-07-11T09:30:57.741+0000][9][gc,task     ] GC(91) Using 4 workers of 4 for evacuation
[2022-07-11T09:30:57.741+0000][9][gc,age      ] GC(91) Desired survivor size 20971520 bytes, new threshold 15 (max threshold 15)
[2022-07-11T09:30:57.744+0000][9][gc,phases   ] GC(91)   Pre Evacuate Collection Set: 0.1ms
[2022-07-11T09:30:57.744+0000][9][gc,phases   ] GC(91)   Merge Heap Roots: 0.1ms
[2022-07-11T09:30:57.744+0000][9][gc,phases   ] GC(91)   Evacuate Collection Set: 2.3ms
[2022-07-11T09:30:57.744+0000][9][gc,phases   ] GC(91)   Post Evacuate Collection Set: 0.9ms
[2022-07-11T09:30:57.744+0000][9][gc,phases   ] GC(91)   Other: 0.1ms
[2022-07-11T09:30:57.744+0000][9][gc,age      ] GC(91) Age table with threshold 15 (max threshold 15)
[2022-07-11T09:30:57.744+0000][9][gc,age      ] GC(91) - age   1:    1454448 bytes,    1454448 total
[2022-07-11T09:30:57.744+0000][9][gc,age      ] GC(91) - age   2:       2576 bytes,    1457024 total
[2022-07-11T09:30:57.744+0000][9][gc,age      ] GC(91) - age   3:        832 bytes,    1457856 total
[2022-07-11T09:30:57.744+0000][9][gc,age      ] GC(91) - age   4:        936 bytes,    1458792 total
[2022-07-11T09:30:57.744+0000][9][gc,age      ] GC(91) - age   5:      12616 bytes,    1471408 total
[2022-07-11T09:30:57.744+0000][9][gc,age      ] GC(91) - age   6:     347952 bytes,    1819360 total
[2022-07-11T09:30:57.744+0000][9][gc,age      ] GC(91) - age   7:        304 bytes,    1819664 total
[2022-07-11T09:30:57.744+0000][9][gc,age      ] GC(91) - age   8:        920 bytes,    1820584 total
[2022-07-11T09:30:57.744+0000][9][gc,age      ] GC(91) - age   9:        160 bytes,    1820744 total
[2022-07-11T09:30:57.744+0000][9][gc,age      ] GC(91) - age  10:       1240 bytes,    1821984 total
[2022-07-11T09:30:57.744+0000][9][gc,age      ] GC(91) - age  11:        792 bytes,    1822776 total
[2022-07-11T09:30:57.744+0000][9][gc,age      ] GC(91) - age  12:       3184 bytes,    1825960 total
[2022-07-11T09:30:57.744+0000][9][gc,age      ] GC(91) - age  13:        656 bytes,    1826616 total
[2022-07-11T09:30:57.744+0000][9][gc,age      ] GC(91) - age  14:       9128 bytes,    1835744 total
[2022-07-11T09:30:57.744+0000][9][gc,age      ] GC(91) - age  15:        768 bytes,    1836512 total
[2022-07-11T09:30:57.745+0000][9][gc,heap     ] GC(91) Eden regions: 75->0(75)
[2022-07-11T09:30:57.745+0000][9][gc,heap     ] GC(91) Survivor regions: 1->1(10)
[2022-07-11T09:30:57.745+0000][9][gc,heap     ] GC(91) Old regions: 27->27
[2022-07-11T09:30:57.745+0000][9][gc,heap     ] GC(91) Archive regions: 2->2
[2022-07-11T09:30:57.745+0000][9][gc,heap     ] GC(91) Humongous regions: 0->0
[2022-07-11T09:30:57.745+0000][9][gc,metaspace] GC(91) Metaspace: 122982K(127424K)->122982K(127424K) NonClass: 107170K(109696K)->107170K(109696K) Class: 15811K(17728K)->15811K(17728K)
[2022-07-11T09:30:57.745+0000][9][gc          ] GC(91) Pause Young (Normal) (G1 Evacuation Pause) 410M->110M(512M) 3.901ms
[2022-07-11T09:30:57.745+0000][9][gc,cpu      ] GC(91) User=0.01s Sys=0.00s Real=0.01s
[2022-07-11T09:30:57.745+0000][9][safepoint   ] Safepoint "G1CollectForAllocation", Time since last: 17214220329 ns, Reaching safepoint: 35409 ns, At safepoint: 3980191 ns, Total: 4015600 ns
[2022-07-11T09:32:00.750+0000][9][safepoint   ] Safepoint "Cleanup", Time since last: 63005615720 ns, Reaching safepoint: 83040 ns, At safepoint: 8521 ns, Total: 91561 ns
[2022-07-11T09:32:28.680+0000][9][safepoint   ] Safepoint "Cleanup", Time since last: 27929897800 ns, Reaching safepoint: 172086 ns, At safepoint: 12432 ns, Total: 184518 ns
[2022-07-11T09:32:33.681+0000][9][safepoint   ] Safepoint "Cleanup", Time since last: 5000533043 ns, Reaching safepoint: 68164 ns, At safepoint: 12082 ns, Total: 80246 ns
[2022-07-11T09:32:40.682+0000][9][safepoint   ] Safepoint "Cleanup", Time since last: 7000672103 ns, Reaching safepoint: 55802 ns, At safepoint: 11035 ns, Total: 66837 ns
[2022-07-11T09:32:45.668+0000][9][gc,start    ] GC(92) Pause Young (Normal) (G1 Evacuation Pause)
[2022-07-11T09:32:45.668+0000][9][gc,task     ] GC(92) Using 4 workers of 4 for evacuation
[2022-07-11T09:32:45.668+0000][9][gc,age      ] GC(92) Desired survivor size 20971520 bytes, new threshold 15 (max threshold 15)
[2022-07-11T09:32:45.673+0000][9][gc,phases   ] GC(92)   Pre Evacuate Collection Set: 0.1ms
[2022-07-11T09:32:45.673+0000][9][gc,phases   ] GC(92)   Merge Heap Roots: 0.1ms
[2022-07-11T09:32:45.673+0000][9][gc,phases   ] GC(92)   Evacuate Collection Set: 3.0ms
[2022-07-11T09:32:45.673+0000][9][gc,phases   ] GC(92)   Post Evacuate Collection Set: 1.5ms
[2022-07-11T09:32:45.673+0000][9][gc,phases   ] GC(92)   Other: 0.2ms
[2022-07-11T09:32:45.673+0000][9][gc,age      ] GC(92) Age table with threshold 15 (max threshold 15)
[2022-07-11T09:32:45.673+0000][9][gc,age      ] GC(92) - age   1:    1190576 bytes,    1190576 total
[2022-07-11T09:32:45.673+0000][9][gc,age      ] GC(92) - age   2:       2240 bytes,    1192816 total
[2022-07-11T09:32:45.673+0000][9][gc,age      ] GC(92) - age   3:       1088 bytes,    1193904 total
[2022-07-11T09:32:45.673+0000][9][gc,age      ] GC(92) - age   4:        768 bytes,    1194672 total
[2022-07-11T09:32:45.673+0000][9][gc,age      ] GC(92) - age   5:        936 bytes,    1195608 total
[2022-07-11T09:32:45.673+0000][9][gc,age      ] GC(92) - age   6:      11120 bytes,    1206728 total
[2022-07-11T09:32:45.673+0000][9][gc,age      ] GC(92) - age   7:     347768 bytes,    1554496 total
[2022-07-11T09:32:45.673+0000][9][gc,age      ] GC(92) - age   8:        304 bytes,    1554800 total
[2022-07-11T09:32:45.673+0000][9][gc,age      ] GC(92) - age   9:        528 bytes,    1555328 total
[2022-07-11T09:32:45.673+0000][9][gc,age      ] GC(92) - age  10:        160 bytes,    1555488 total
[2022-07-11T09:32:45.674+0000][9][gc,age      ] GC(92) - age  11:       1240 bytes,    1556728 total
[2022-07-11T09:32:45.674+0000][9][gc,age      ] GC(92) - age  12:        760 bytes,    1557488 total
[2022-07-11T09:32:45.674+0000][9][gc,age      ] GC(92) - age  13:       2800 bytes,    1560288 total
[2022-07-11T09:32:45.674+0000][9][gc,age      ] GC(92) - age  14:        656 bytes,    1560944 total
[2022-07-11T09:32:45.674+0000][9][gc,age      ] GC(92) - age  15:       9128 bytes,    1570072 total
[2022-07-11T09:32:45.674+0000][9][gc,heap     ] GC(92) Eden regions: 75->0(75)
[2022-07-11T09:32:45.674+0000][9][gc,heap     ] GC(92) Survivor regions: 1->1(10)
[2022-07-11T09:32:45.674+0000][9][gc,heap     ] GC(92) Old regions: 27->27
[2022-07-11T09:32:45.674+0000][9][gc,heap     ] GC(92) Archive regions: 2->2
[2022-07-11T09:32:45.674+0000][9][gc,heap     ] GC(92) Humongous regions: 0->0
[2022-07-11T09:32:45.674+0000][9][gc,metaspace] GC(92) Metaspace: 122983K(127424K)->122983K(127424K) NonClass: 107172K(109696K)->107172K(109696K) Class: 15811K(17728K)->15811K(17728K)
[2022-07-11T09:32:45.674+0000][9][gc          ] GC(92) Pause Young (Normal) (G1 Evacuation Pause) 410M->110M(512M) 5.383ms
[2022-07-11T09:32:45.674+0000][9][gc,cpu      ] GC(92) User=0.01s Sys=0.00s Real=0.01s
[2022-07-11T09:32:45.674+0000][9][safepoint   ] Safepoint "G1CollectForAllocation", Time since last: 4986039181 ns, Reaching safepoint: 472191 ns, At safepoint: 5504605 ns, Total: 5976796 ns
[2022-07-11T09:33:07.676+0000][9][safepoint   ] Safepoint "Cleanup", Time since last: 22002040761 ns, Reaching safepoint: 135001 ns, At safepoint: 12991 ns, Total: 147992 ns
[2022-07-11T09:33:16.677+0000][9][safepoint   ] Safepoint "Cleanup", Time since last: 9000848612 ns, Reaching safepoint: 51891 ns, At safepoint: 11314 ns, Total: 63205 ns
[2022-07-11T09:33:18.677+0000][9][safepoint   ] Safepoint "Cleanup", Time since last: 2000253255 ns, Reaching safepoint: 87231 ns, At safepoint: 12012 ns, Total: 99243 ns
[2022-07-11T09:33:57.681+0000][9][safepoint   ] Safepoint "Cleanup", Time since last: 39003596060 ns, Reaching safepoint: 80875 ns, At safepoint: 12850 ns, Total: 93725 ns
[2022-07-11T09:34:11.682+0000][9][safepoint   ] Safepoint "Cleanup", Time since last: 14001318980 ns, Reaching safepoint: 74310 ns, At safepoint: 11524 ns, Total: 85834 ns
[2022-07-11T09:34:12.664+0000][9][gc,start    ] GC(93) Pause Young (Normal) (G1 Evacuation Pause)
[2022-07-11T09:34:12.664+0000][9][gc,task     ] GC(93) Using 4 workers of 4 for evacuation
[2022-07-11T09:34:12.664+0000][9][gc,age      ] GC(93) Desired survivor size 20971520 bytes, new threshold 15 (max threshold 15)
[2022-07-11T09:34:12.670+0000][9][gc,phases   ] GC(93)   Pre Evacuate Collection Set: 0.1ms
[2022-07-11T09:34:12.670+0000][9][gc,phases   ] GC(93)   Merge Heap Roots: 0.1ms
[2022-07-11T09:34:12.670+0000][9][gc,phases   ] GC(93)   Evacuate Collection Set: 4.0ms
[2022-07-11T09:34:12.670+0000][9][gc,phases   ] GC(93)   Post Evacuate Collection Set: 1.5ms
[2022-07-11T09:34:12.670+0000][9][gc,phases   ] GC(93)   Other: 0.2ms
[2022-07-11T09:34:12.670+0000][9][gc,age      ] GC(93) Age table with threshold 15 (max threshold 15)
[2022-07-11T09:34:12.670+0000][9][gc,age      ] GC(93) - age   1:    1865144 bytes,    1865144 total
[2022-07-11T09:34:12.670+0000][9][gc,age      ] GC(93) - age   2:       4768 bytes,    1869912 total
[2022-07-11T09:34:12.670+0000][9][gc,age      ] GC(93) - age   3:        904 bytes,    1870816 total
[2022-07-11T09:34:12.670+0000][9][gc,age      ] GC(93) - age   4:       1088 bytes,    1871904 total
[2022-07-11T09:34:12.670+0000][9][gc,age      ] GC(93) - age   5:        768 bytes,    1872672 total
[2022-07-11T09:34:12.670+0000][9][gc,age      ] GC(93) - age   6:        936 bytes,    1873608 total
[2022-07-11T09:34:12.670+0000][9][gc,age      ] GC(93) - age   7:      10544 bytes,    1884152 total
[2022-07-11T09:34:12.670+0000][9][gc,age      ] GC(93) - age   8:     347768 bytes,    2231920 total
[2022-07-11T09:34:12.670+0000][9][gc,age      ] GC(93) - age   9:        304 bytes,    2232224 total
[2022-07-11T09:34:12.670+0000][9][gc,age      ] GC(93) - age  10:        528 bytes,    2232752 total
[2022-07-11T09:34:12.670+0000][9][gc,age      ] GC(93) - age  11:        160 bytes,    2232912 total
[2022-07-11T09:34:12.670+0000][9][gc,age      ] GC(93) - age  12:       1240 bytes,    2234152 total
[2022-07-11T09:34:12.670+0000][9][gc,age      ] GC(93) - age  13:        760 bytes,    2234912 total
[2022-07-11T09:34:12.670+0000][9][gc,age      ] GC(93) - age  14:       2800 bytes,    2237712 total
[2022-07-11T09:34:12.670+0000][9][gc,age      ] GC(93) - age  15:        656 bytes,    2238368 total
[2022-07-11T09:34:12.670+0000][9][gc,heap     ] GC(93) Eden regions: 75->0(75)
[2022-07-11T09:34:12.670+0000][9][gc,heap     ] GC(93) Survivor regions: 1->1(10)
[2022-07-11T09:34:12.670+0000][9][gc,heap     ] GC(93) Old regions: 27->27
[2022-07-11T09:34:12.670+0000][9][gc,heap     ] GC(93) Archive regions: 2->2
[2022-07-11T09:34:12.670+0000][9][gc,heap     ] GC(93) Humongous regions: 0->0
[2022-07-11T09:34:12.670+0000][9][gc,metaspace] GC(93) Metaspace: 122990K(127424K)->122990K(127424K) NonClass: 107178K(109696K)->107178K(109696K) Class: 15811K(17728K)->15811K(17728K)
[2022-07-11T09:34:12.670+0000][9][gc          ] GC(93) Pause Young (Normal) (G1 Evacuation Pause) 410M->111M(512M) 6.299ms
[2022-07-11T09:34:12.670+0000][9][gc,cpu      ] GC(93) User=0.01s Sys=0.00s Real=0.01s
[2022-07-11T09:34:12.670+0000][9][safepoint   ] Safepoint "G1CollectForAllocation", Time since last: 981378703 ns, Reaching safepoint: 41345 ns, At safepoint: 6405625 ns, Total: 6446970 ns
[2022-07-11T09:34:36.673+0000][9][safepoint   ] Safepoint "Cleanup", Time since last: 24002218756 ns, Reaching safepoint: 124735 ns, At safepoint: 13270 ns, Total: 138005 ns
[2022-07-11T09:35:36.640+0000][9][gc,start    ] GC(94) Pause Young (Normal) (G1 Evacuation Pause)
[2022-07-11T09:35:36.640+0000][9][gc,task     ] GC(94) Using 4 workers of 4 for evacuation
[2022-07-11T09:35:36.640+0000][9][gc,age      ] GC(94) Desired survivor size 20971520 bytes, new threshold 15 (max threshold 15)
[2022-07-11T09:35:36.644+0000][9][gc,phases   ] GC(94)   Pre Evacuate Collection Set: 0.1ms
[2022-07-11T09:35:36.644+0000][9][gc,phases   ] GC(94)   Merge Heap Roots: 0.1ms
[2022-07-11T09:35:36.644+0000][9][gc,phases   ] GC(94)   Evacuate Collection Set: 3.0ms
[2022-07-11T09:35:36.644+0000][9][gc,phases   ] GC(94)   Post Evacuate Collection Set: 1.2ms
[2022-07-11T09:35:36.644+0000][9][gc,phases   ] GC(94)   Other: 0.1ms
[2022-07-11T09:35:36.644+0000][9][gc,age      ] GC(94) Age table with threshold 15 (max threshold 15)
[2022-07-11T09:35:36.644+0000][9][gc,age      ] GC(94) - age   1:    1264488 bytes,    1264488 total
[2022-07-11T09:35:36.644+0000][9][gc,age      ] GC(94) - age   2:     241448 bytes,    1505936 total
[2022-07-11T09:35:36.644+0000][9][gc,age      ] GC(94) - age   3:       3328 bytes,    1509264 total
[2022-07-11T09:35:36.644+0000][9][gc,age      ] GC(94) - age   4:        656 bytes,    1509920 total
[2022-07-11T09:35:36.644+0000][9][gc,age      ] GC(94) - age   5:        928 bytes,    1510848 total
[2022-07-11T09:35:36.644+0000][9][gc,age      ] GC(94) - age   6:        768 bytes,    1511616 total
[2022-07-11T09:35:36.644+0000][9][gc,age      ] GC(94) - age   7:        936 bytes,    1512552 total
[2022-07-11T09:35:36.644+0000][9][gc,age      ] GC(94) - age   8:      10544 bytes,    1523096 total
[2022-07-11T09:35:36.644+0000][9][gc,age      ] GC(94) - age   9:     347768 bytes,    1870864 total
[2022-07-11T09:35:36.644+0000][9][gc,age      ] GC(94) - age  10:        304 bytes,    1871168 total
[2022-07-11T09:35:36.644+0000][9][gc,age      ] GC(94) - age  11:        528 bytes,    1871696 total
[2022-07-11T09:35:36.644+0000][9][gc,age      ] GC(94) - age  12:        160 bytes,    1871856 total
[2022-07-11T09:35:36.644+0000][9][gc,age      ] GC(94) - age  13:       1240 bytes,    1873096 total
[2022-07-11T09:35:36.644+0000][9][gc,age      ] GC(94) - age  14:        760 bytes,    1873856 total
[2022-07-11T09:35:36.644+0000][9][gc,age      ] GC(94) - age  15:       2800 bytes,    1876656 total
[2022-07-11T09:35:36.644+0000][9][gc,heap     ] GC(94) Eden regions: 75->0(75)
[2022-07-11T09:35:36.644+0000][9][gc,heap     ] GC(94) Survivor regions: 1->1(10)
[2022-07-11T09:35:36.644+0000][9][gc,heap     ] GC(94) Old regions: 27->27
[2022-07-11T09:35:36.644+0000][9][gc,heap     ] GC(94) Archive regions: 2->2
[2022-07-11T09:35:36.644+0000][9][gc,heap     ] GC(94) Humongous regions: 0->0
[2022-07-11T09:35:36.645+0000][9][gc,metaspace] GC(94) Metaspace: 122991K(127424K)->122991K(127424K) NonClass: 107180K(109696K)->107180K(109696K) Class: 15811K(17728K)->15811K(17728K)
[2022-07-11T09:35:36.645+0000][9][gc          ] GC(94) Pause Young (Normal) (G1 Evacuation Pause) 411M->110M(512M) 5.053ms
[2022-07-11T09:35:36.645+0000][9][gc,cpu      ] GC(94) User=0.00s Sys=0.01s Real=0.01s
[2022-07-11T09:35:36.645+0000][9][safepoint   ] Safepoint "G1CollectForAllocation", Time since last: 59966899269 ns, Reaching safepoint: 62927 ns, At safepoint: 5158420 ns, Total: 5221347 ns
[2022-07-11T09:35:55.647+0000][9][safepoint   ] Safepoint "Cleanup", Time since last: 19001753321 ns, Reaching safepoint: 134373 ns, At safepoint: 13898 ns, Total: 148271 ns
[2022-07-11T09:36:00.647+0000][9][safepoint   ] Safepoint "Cleanup", Time since last: 5000497089 ns, Reaching safepoint: 118240 ns, At safepoint: 8661 ns, Total: 126901 ns
[2022-07-11T09:36:40.651+0000][9][safepoint   ] Safepoint "Cleanup", Time since last: 40003547623 ns, Reaching safepoint: 56082 ns, At safepoint: 30521 ns, Total: 86603 ns
[2022-07-11T09:36:54.961+0000][9][gc,start    ] GC(95) Pause Young (Normal) (G1 Evacuation Pause)
[2022-07-11T09:36:54.961+0000][9][gc,task     ] GC(95) Using 4 workers of 4 for evacuation
[2022-07-11T09:36:54.961+0000][9][gc,age      ] GC(95) Desired survivor size 20971520 bytes, new threshold 15 (max threshold 15)
[2022-07-11T09:36:54.966+0000][9][gc,phases   ] GC(95)   Pre Evacuate Collection Set: 0.1ms
[2022-07-11T09:36:54.966+0000][9][gc,phases   ] GC(95)   Merge Heap Roots: 0.1ms
[2022-07-11T09:36:54.966+0000][9][gc,phases   ] GC(95)   Evacuate Collection Set: 3.3ms
[2022-07-11T09:36:54.966+0000][9][gc,phases   ] GC(95)   Post Evacuate Collection Set: 1.4ms
[2022-07-11T09:36:54.966+0000][9][gc,phases   ] GC(95)   Other: 0.2ms
[2022-07-11T09:36:54.966+0000][9][gc,age      ] GC(95) Age table with threshold 15 (max threshold 15)
[2022-07-11T09:36:54.966+0000][9][gc,age      ] GC(95) - age   1:    1539872 bytes,    1539872 total
[2022-07-11T09:36:54.966+0000][9][gc,age      ] GC(95) - age   2:      13488 bytes,    1553360 total
[2022-07-11T09:36:54.966+0000][9][gc,age      ] GC(95) - age   3:     240104 bytes,    1793464 total
[2022-07-11T09:36:54.966+0000][9][gc,age      ] GC(95) - age   4:       3264 bytes,    1796728 total
[2022-07-11T09:36:54.966+0000][9][gc,age      ] GC(95) - age   5:        328 bytes,    1797056 total
[2022-07-11T09:36:54.966+0000][9][gc,age      ] GC(95) - age   6:        928 bytes,    1797984 total
[2022-07-11T09:36:54.966+0000][9][gc,age      ] GC(95) - age   7:        768 bytes,    1798752 total
[2022-07-11T09:36:54.966+0000][9][gc,age      ] GC(95) - age   8:        936 bytes,    1799688 total
[2022-07-11T09:36:54.966+0000][9][gc,age      ] GC(95) - age   9:      10544 bytes,    1810232 total
[2022-07-11T09:36:54.966+0000][9][gc,age      ] GC(95) - age  10:     347768 bytes,    2158000 total
[2022-07-11T09:36:54.966+0000][9][gc,age      ] GC(95) - age  11:        304 bytes,    2158304 total
[2022-07-11T09:36:54.966+0000][9][gc,age      ] GC(95) - age  12:        528 bytes,    2158832 total
[2022-07-11T09:36:54.966+0000][9][gc,age      ] GC(95) - age  13:        160 bytes,    2158992 total
[2022-07-11T09:36:54.966+0000][9][gc,age      ] GC(95) - age  14:       1240 bytes,    2160232 total
[2022-07-11T09:36:54.966+0000][9][gc,age      ] GC(95) - age  15:        760 bytes,    2160992 total
[2022-07-11T09:36:54.966+0000][9][gc,heap     ] GC(95) Eden regions: 75->0(75)
[2022-07-11T09:36:54.966+0000][9][gc,heap     ] GC(95) Survivor regions: 1->1(10)
[2022-07-11T09:36:54.966+0000][9][gc,heap     ] GC(95) Old regions: 27->27
[2022-07-11T09:36:54.966+0000][9][gc,heap     ] GC(95) Archive regions: 2->2
[2022-07-11T09:36:54.966+0000][9][gc,heap     ] GC(95) Humongous regions: 0->0
[2022-07-11T09:36:54.966+0000][9][gc,metaspace] GC(95) Metaspace: 123000K(127424K)->123000K(127424K) NonClass: 107189K(109696K)->107189K(109696K) Class: 15811K(17728K)->15811K(17728K)
[2022-07-11T09:36:54.966+0000][9][gc          ] GC(95) Pause Young (Normal) (G1 Evacuation Pause) 410M->111M(512M) 5.658ms
[2022-07-11T09:36:54.966+0000][9][gc,cpu      ] GC(95) User=0.02s Sys=0.00s Real=0.01s
[2022-07-11T09:36:54.967+0000][9][safepoint   ] Safepoint "G1CollectForAllocation", Time since last: 14309794218 ns, Reaching safepoint: 147084 ns, At safepoint: 5797816 ns, Total: 5944900 ns
[2022-07-11T09:37:12.969+0000][9][safepoint   ] Safepoint "Cleanup", Time since last: 18001954051 ns, Reaching safepoint: 95123 ns, At safepoint: 12432 ns, Total: 107555 ns
[2022-07-11T09:38:00.974+0000][9][safepoint   ] Safepoint "Cleanup", Time since last: 48004988588 ns, Reaching safepoint: 86672 ns, At safepoint: 12921 ns, Total: 99593 ns
[2022-07-11T09:38:18.614+0000][9][gc,start    ] GC(96) Pause Young (Normal) (G1 Evacuation Pause)
[2022-07-11T09:38:18.614+0000][9][gc,task     ] GC(96) Using 4 workers of 4 for evacuation
[2022-07-11T09:38:18.614+0000][9][gc,age      ] GC(96) Desired survivor size 20971520 bytes, new threshold 15 (max threshold 15)
[2022-07-11T09:38:18.617+0000][9][gc,phases   ] GC(96)   Pre Evacuate Collection Set: 0.1ms
[2022-07-11T09:38:18.617+0000][9][gc,phases   ] GC(96)   Merge Heap Roots: 0.1ms
[2022-07-11T09:38:18.617+0000][9][gc,phases   ] GC(96)   Evacuate Collection Set: 2.0ms
[2022-07-11T09:38:18.617+0000][9][gc,phases   ] GC(96)   Post Evacuate Collection Set: 0.9ms
[2022-07-11T09:38:18.617+0000][9][gc,phases   ] GC(96)   Other: 0.1ms
[2022-07-11T09:38:18.617+0000][9][gc,age      ] GC(96) Age table with threshold 15 (max threshold 15)
[2022-07-11T09:38:18.618+0000][9][gc,age      ] GC(96) - age   1:    1199912 bytes,    1199912 total
[2022-07-11T09:38:18.618+0000][9][gc,age      ] GC(96) - age   2:      12032 bytes,    1211944 total
[2022-07-11T09:38:18.618+0000][9][gc,age      ] GC(96) - age   3:      12232 bytes,    1224176 total
[2022-07-11T09:38:18.618+0000][9][gc,age      ] GC(96) - age   4:     240000 bytes,    1464176 total
[2022-07-11T09:38:18.618+0000][9][gc,age      ] GC(96) - age   5:       3264 bytes,    1467440 total
[2022-07-11T09:38:18.618+0000][9][gc,age      ] GC(96) - age   6:        264 bytes,    1467704 total
[2022-07-11T09:38:18.618+0000][9][gc,age      ] GC(96) - age   7:        928 bytes,    1468632 total
[2022-07-11T09:38:18.618+0000][9][gc,age      ] GC(96) - age   8:        768 bytes,    1469400 total
[2022-07-11T09:38:18.618+0000][9][gc,age      ] GC(96) - age   9:        936 bytes,    1470336 total
[2022-07-11T09:38:18.618+0000][9][gc,age      ] GC(96) - age  10:      10544 bytes,    1480880 total
[2022-07-11T09:38:18.618+0000][9][gc,age      ] GC(96) - age  11:     347768 bytes,    1828648 total
[2022-07-11T09:38:18.618+0000][9][gc,age      ] GC(96) - age  12:        304 bytes,    1828952 total
[2022-07-11T09:38:18.618+0000][9][gc,age      ] GC(96) - age  13:        528 bytes,    1829480 total
[2022-07-11T09:38:18.618+0000][9][gc,age      ] GC(96) - age  14:        160 bytes,    1829640 total
[2022-07-11T09:38:18.618+0000][9][gc,age      ] GC(96) - age  15:       1240 bytes,    1830880 total
[2022-07-11T09:38:18.618+0000][9][gc,heap     ] GC(96) Eden regions: 75->0(75)
[2022-07-11T09:38:18.618+0000][9][gc,heap     ] GC(96) Survivor regions: 1->1(10)
[2022-07-11T09:38:18.618+0000][9][gc,heap     ] GC(96) Old regions: 27->27
[2022-07-11T09:38:18.618+0000][9][gc,heap     ] GC(96) Archive regions: 2->2
[2022-07-11T09:38:18.618+0000][9][gc,heap     ] GC(96) Humongous regions: 0->0
[2022-07-11T09:38:18.618+0000][9][gc,metaspace] GC(96) Metaspace: 123007K(127424K)->123007K(127424K) NonClass: 107195K(109696K)->107195K(109696K) Class: 15811K(17728K)->15811K(17728K)
[2022-07-11T09:38:18.618+0000][9][gc          ] GC(96) Pause Young (Normal) (G1 Evacuation Pause) 411M->110M(512M) 3.515ms
[2022-07-11T09:38:18.618+0000][9][gc,cpu      ] GC(96) User=0.01s Sys=0.00s Real=0.00s
[2022-07-11T09:38:18.618+0000][9][safepoint   ] Safepoint "G1CollectForAllocation", Time since last: 17640348389 ns, Reaching safepoint: 75568 ns, At safepoint: 3586317 ns, Total: 3661885 ns
[2022-07-11T09:38:24.620+0000][9][safepoint   ] Safepoint "Cleanup", Time since last: 6002358308 ns, Reaching safepoint: 59155 ns, At safepoint: 17669 ns, Total: 76824 ns
[2022-07-11T09:38:58.624+0000][9][safepoint   ] Safepoint "Cleanup", Time since last: 34003251458 ns, Reaching safepoint: 132767 ns, At safepoint: 12711 ns, Total: 145478 ns
[2022-07-11T09:39:01.624+0000][9][safepoint   ] Safepoint "Cleanup", Time since last: 3000377108 ns, Reaching safepoint: 73891 ns, At safepoint: 12432 ns, Total: 86323 ns
[2022-07-11T09:39:10.625+0000][9][safepoint   ] Safepoint "Cleanup", Time since last: 9000877241 ns, Reaching safepoint: 92469 ns, At safepoint: 23397 ns, Total: 115866 ns
[2022-07-11T09:39:40.577+0000][9][gc,start    ] GC(97) Pause Young (Normal) (G1 Evacuation Pause)
[2022-07-11T09:39:40.577+0000][9][gc,task     ] GC(97) Using 4 workers of 4 for evacuation
[2022-07-11T09:39:40.577+0000][9][gc,age      ] GC(97) Desired survivor size 20971520 bytes, new threshold 15 (max threshold 15)
[2022-07-11T09:39:40.582+0000][9][gc,phases   ] GC(97)   Pre Evacuate Collection Set: 0.1ms
[2022-07-11T09:39:40.582+0000][9][gc,phases   ] GC(97)   Merge Heap Roots: 0.1ms
[2022-07-11T09:39:40.582+0000][9][gc,phases   ] GC(97)   Evacuate Collection Set: 2.8ms
[2022-07-11T09:39:40.582+0000][9][gc,phases   ] GC(97)   Post Evacuate Collection Set: 1.4ms
[2022-07-11T09:39:40.582+0000][9][gc,phases   ] GC(97)   Other: 0.2ms
[2022-07-11T09:39:40.582+0000][9][gc,age      ] GC(97) Age table with threshold 15 (max threshold 15)
[2022-07-11T09:39:40.582+0000][9][gc,age      ] GC(97) - age   1:     789216 bytes,     789216 total
[2022-07-11T09:39:40.582+0000][9][gc,age      ] GC(97) - age   2:       1592 bytes,     790808 total
[2022-07-11T09:39:40.582+0000][9][gc,age      ] GC(97) - age   3:      10592 bytes,     801400 total
[2022-07-11T09:39:40.582+0000][9][gc,age      ] GC(97) - age   4:        128 bytes,     801528 total
[2022-07-11T09:39:40.582+0000][9][gc,age      ] GC(97) - age   5:     224448 bytes,    1025976 total
[2022-07-11T09:39:40.582+0000][9][gc,age      ] GC(97) - age   6:       3264 bytes,    1029240 total
[2022-07-11T09:39:40.582+0000][9][gc,age      ] GC(97) - age   7:        264 bytes,    1029504 total
[2022-07-11T09:39:40.582+0000][9][gc,age      ] GC(97) - age   8:        928 bytes,    1030432 total
[2022-07-11T09:39:40.582+0000][9][gc,age      ] GC(97) - age   9:        584 bytes,    1031016 total
[2022-07-11T09:39:40.582+0000][9][gc,age      ] GC(97) - age  10:        936 bytes,    1031952 total
[2022-07-11T09:39:40.582+0000][9][gc,age      ] GC(97) - age  11:      10544 bytes,    1042496 total
[2022-07-11T09:39:40.582+0000][9][gc,age      ] GC(97) - age  12:     347768 bytes,    1390264 total
[2022-07-11T09:39:40.582+0000][9][gc,age      ] GC(97) - age  13:        304 bytes,    1390568 total
[2022-07-11T09:39:40.582+0000][9][gc,age      ] GC(97) - age  14:        528 bytes,    1391096 total
[2022-07-11T09:39:40.582+0000][9][gc,age      ] GC(97) - age  15:        160 bytes,    1391256 total
[2022-07-11T09:39:40.582+0000][9][gc,heap     ] GC(97) Eden regions: 75->0(75)
[2022-07-11T09:39:40.582+0000][9][gc,heap     ] GC(97) Survivor regions: 1->1(10)
[2022-07-11T09:39:40.582+0000][9][gc,heap     ] GC(97) Old regions: 27->27
[2022-07-11T09:39:40.582+0000][9][gc,heap     ] GC(97) Archive regions: 2->2
[2022-07-11T09:39:40.582+0000][9][gc,heap     ] GC(97) Humongous regions: 0->0
[2022-07-11T09:39:40.582+0000][9][gc,metaspace] GC(97) Metaspace: 123029K(127424K)->123029K(127424K) NonClass: 107218K(109696K)->107218K(109696K) Class: 15811K(17728K)->15811K(17728K)
[2022-07-11T09:39:40.582+0000][9][gc          ] GC(97) Pause Young (Normal) (G1 Evacuation Pause) 410M->110M(512M) 5.186ms
[2022-07-11T09:39:40.582+0000][9][gc,cpu      ] GC(97) User=0.02s Sys=0.00s Real=0.00s
[2022-07-11T09:39:40.582+0000][9][safepoint   ] Safepoint "G1CollectForAllocation", Time since last: 29952035922 ns, Reaching safepoint: 71936 ns, At safepoint: 5311875 ns, Total: 5383811 ns
[2022-07-11T09:40:12.585+0000][9][safepoint   ] Safepoint "Cleanup", Time since last: 32002890273 ns, Reaching safepoint: 78361 ns, At safepoint: 12641 ns, Total: 91002 ns
[2022-07-11T09:40:17.586+0000][9][safepoint   ] Safepoint "Cleanup", Time since last: 5000511407 ns, Reaching safepoint: 102177 ns, At safepoint: 9010 ns, Total: 111187 ns
[2022-07-11T09:41:00.173+0000][9][safepoint   ] Safepoint "Cleanup", Time since last: 42586650392 ns, Reaching safepoint: 62857 ns, At safepoint: 11384 ns, Total: 74241 ns
[2022-07-11T09:41:03.661+0000][9][gc,start    ] GC(98) Pause Young (Normal) (G1 Evacuation Pause)
[2022-07-11T09:41:03.661+0000][9][gc,task     ] GC(98) Using 4 workers of 4 for evacuation
[2022-07-11T09:41:03.661+0000][9][gc,age      ] GC(98) Desired survivor size 20971520 bytes, new threshold 15 (max threshold 15)
[2022-07-11T09:41:03.665+0000][9][gc,phases   ] GC(98)   Pre Evacuate Collection Set: 0.1ms
[2022-07-11T09:41:03.665+0000][9][gc,phases   ] GC(98)   Merge Heap Roots: 0.1ms
[2022-07-11T09:41:03.665+0000][9][gc,phases   ] GC(98)   Evacuate Collection Set: 2.1ms
[2022-07-11T09:41:03.665+0000][9][gc,phases   ] GC(98)   Post Evacuate Collection Set: 1.3ms
[2022-07-11T09:41:03.665+0000][9][gc,phases   ] GC(98)   Other: 0.2ms
[2022-07-11T09:41:03.665+0000][9][gc,age      ] GC(98) Age table with threshold 15 (max threshold 15)
[2022-07-11T09:41:03.665+0000][9][gc,age      ] GC(98) - age   1:     636128 bytes,     636128 total
[2022-07-11T09:41:03.665+0000][9][gc,age      ] GC(98) - age   2:      39928 bytes,     676056 total
[2022-07-11T09:41:03.665+0000][9][gc,age      ] GC(98) - age   3:         80 bytes,     676136 total
[2022-07-11T09:41:03.665+0000][9][gc,age      ] GC(98) - age   4:      10240 bytes,     686376 total
[2022-07-11T09:41:03.665+0000][9][gc,age      ] GC(98) - age   6:     224088 bytes,     910464 total
[2022-07-11T09:41:03.665+0000][9][gc,age      ] GC(98) - age   7:       3264 bytes,     913728 total
[2022-07-11T09:41:03.665+0000][9][gc,age      ] GC(98) - age   8:        264 bytes,     913992 total
[2022-07-11T09:41:03.665+0000][9][gc,age      ] GC(98) - age   9:        928 bytes,     914920 total
[2022-07-11T09:41:03.665+0000][9][gc,age      ] GC(98) - age  10:        584 bytes,     915504 total
[2022-07-11T09:41:03.665+0000][9][gc,age      ] GC(98) - age  11:        936 bytes,     916440 total
[2022-07-11T09:41:03.665+0000][9][gc,age      ] GC(98) - age  12:      10544 bytes,     926984 total
[2022-07-11T09:41:03.665+0000][9][gc,age      ] GC(98) - age  13:     347768 bytes,    1274752 total
[2022-07-11T09:41:03.665+0000][9][gc,age      ] GC(98) - age  14:        304 bytes,    1275056 total
[2022-07-11T09:41:03.665+0000][9][gc,age      ] GC(98) - age  15:        344 bytes,    1275400 total
[2022-07-11T09:41:03.665+0000][9][gc,heap     ] GC(98) Eden regions: 75->0(75)
[2022-07-11T09:41:03.665+0000][9][gc,heap     ] GC(98) Survivor regions: 1->1(10)
[2022-07-11T09:41:03.665+0000][9][gc,heap     ] GC(98) Old regions: 27->27
[2022-07-11T09:41:03.665+0000][9][gc,heap     ] GC(98) Archive regions: 2->2
[2022-07-11T09:41:03.665+0000][9][gc,heap     ] GC(98) Humongous regions: 0->0
[2022-07-11T09:41:03.665+0000][9][gc,metaspace] GC(98) Metaspace: 123078K(127424K)->123078K(127424K) NonClass: 107267K(109696K)->107267K(109696K) Class: 15811K(17728K)->15811K(17728K)
[2022-07-11T09:41:03.665+0000][9][gc          ] GC(98) Pause Young (Normal) (G1 Evacuation Pause) 410M->110M(512M) 4.299ms
[2022-07-11T09:41:03.665+0000][9][gc,cpu      ] GC(98) User=0.02s Sys=0.00s Real=0.01s
[2022-07-11T09:41:03.665+0000][9][safepoint   ] Safepoint "G1CollectForAllocation", Time since last: 3487989221 ns, Reaching safepoint: 86672 ns, At safepoint: 4425948 ns, Total: 4512620 ns
[2022-07-11T09:41:15.667+0000][9][safepoint   ] Safepoint "Cleanup", Time since last: 12001181030 ns, Reaching safepoint: 136260 ns, At safepoint: 20393 ns, Total: 156653 ns
[2022-07-11T09:42:00.352+0000][9][safepoint   ] Safepoint "Cleanup", Time since last: 44685306007 ns, Reaching safepoint: 129695 ns, At safepoint: 17320 ns, Total: 147015 ns
[2022-07-11T09:42:04.353+0000][9][safepoint   ] Safepoint "Cleanup", Time since last: 4000440692 ns, Reaching safepoint: 72634 ns, At safepoint: 11384 ns, Total: 84018 ns
[2022-07-11T09:42:07.353+0000][9][safepoint   ] Safepoint "Cleanup", Time since last: 3000414726 ns, Reaching safepoint: 118241 ns, At safepoint: 12012 ns, Total: 130253 ns
[2022-07-11T09:42:25.271+0000][9][gc,start    ] GC(99) Pause Young (Normal) (G1 Evacuation Pause)
[2022-07-11T09:42:25.271+0000][9][gc,task     ] GC(99) Using 4 workers of 4 for evacuation
[2022-07-11T09:42:25.271+0000][9][gc,age      ] GC(99) Desired survivor size 20971520 bytes, new threshold 15 (max threshold 15)
[2022-07-11T09:42:25.276+0000][9][gc,phases   ] GC(99)   Pre Evacuate Collection Set: 0.1ms
[2022-07-11T09:42:25.276+0000][9][gc,phases   ] GC(99)   Merge Heap Roots: 0.1ms
[2022-07-11T09:42:25.276+0000][9][gc,phases   ] GC(99)   Evacuate Collection Set: 3.2ms
[2022-07-11T09:42:25.276+0000][9][gc,phases   ] GC(99)   Post Evacuate Collection Set: 1.3ms
[2022-07-11T09:42:25.276+0000][9][gc,phases   ] GC(99)   Other: 0.2ms
[2022-07-11T09:42:25.276+0000][9][gc,age      ] GC(99) Age table with threshold 15 (max threshold 15)
[2022-07-11T09:42:25.276+0000][9][gc,age      ] GC(99) - age   1:    1838464 bytes,    1838464 total
[2022-07-11T09:42:25.276+0000][9][gc,age      ] GC(99) - age   2:       2336 bytes,    1840800 total
[2022-07-11T09:42:25.276+0000][9][gc,age      ] GC(99) - age   3:      39288 bytes,    1880088 total
[2022-07-11T09:42:25.276+0000][9][gc,age      ] GC(99) - age   4:         80 bytes,    1880168 total
[2022-07-11T09:42:25.276+0000][9][gc,age      ] GC(99) - age   5:      10240 bytes,    1890408 total
[2022-07-11T09:42:25.276+0000][9][gc,age      ] GC(99) - age   7:     224088 bytes,    2114496 total
[2022-07-11T09:42:25.276+0000][9][gc,age      ] GC(99) - age   8:       3264 bytes,    2117760 total
[2022-07-11T09:42:25.276+0000][9][gc,age      ] GC(99) - age   9:        264 bytes,    2118024 total
[2022-07-11T09:42:25.276+0000][9][gc,age      ] GC(99) - age  10:        928 bytes,    2118952 total
[2022-07-11T09:42:25.276+0000][9][gc,age      ] GC(99) - age  11:        584 bytes,    2119536 total
[2022-07-11T09:42:25.276+0000][9][gc,age      ] GC(99) - age  12:        936 bytes,    2120472 total
[2022-07-11T09:42:25.276+0000][9][gc,age      ] GC(99) - age  13:      10544 bytes,    2131016 total
[2022-07-11T09:42:25.276+0000][9][gc,age      ] GC(99) - age  14:     347768 bytes,    2478784 total
[2022-07-11T09:42:25.276+0000][9][gc,age      ] GC(99) - age  15:        304 bytes,    2479088 total
[2022-07-11T09:42:25.276+0000][9][gc,heap     ] GC(99) Eden regions: 75->0(75)
[2022-07-11T09:42:25.276+0000][9][gc,heap     ] GC(99) Survivor regions: 1->1(10)
[2022-07-11T09:42:25.276+0000][9][gc,heap     ] GC(99) Old regions: 27->27
[2022-07-11T09:42:25.276+0000][9][gc,heap     ] GC(99) Archive regions: 2->2
[2022-07-11T09:42:25.276+0000][9][gc,heap     ] GC(99) Humongous regions: 0->0
[2022-07-11T09:42:25.276+0000][9][gc,metaspace] GC(99) Metaspace: 123079K(127424K)->123079K(127424K) NonClass: 107268K(109696K)->107268K(109696K) Class: 15811K(17728K)->15811K(17728K)
[2022-07-11T09:42:25.276+0000][9][gc          ] GC(99) Pause Young (Normal) (G1 Evacuation Pause) 410M->111M(512M) 5.415ms
[2022-07-11T09:42:25.276+0000][9][gc,cpu      ] GC(99) User=0.01s Sys=0.00s Real=0.01s
[2022-07-11T09:42:25.276+0000][9][safepoint   ] Safepoint "G1CollectForAllocation", Time since last: 17917434002 ns, Reaching safepoint: 73123 ns, At safepoint: 5532508 ns, Total: 5605631 ns
[2022-07-11T09:43:00.280+0000][9][safepoint   ] Safepoint "Cleanup", Time since last: 35003564122 ns, Reaching safepoint: 127389 ns, At safepoint: 17041 ns, Total: 144430 ns
[2022-07-11T09:43:51.639+0000][9][gc,start    ] GC(100) Pause Young (Normal) (G1 Evacuation Pause)
[2022-07-11T09:43:51.639+0000][9][gc,task     ] GC(100) Using 4 workers of 4 for evacuation
[2022-07-11T09:43:51.639+0000][9][gc,age      ] GC(100) Desired survivor size 20971520 bytes, new threshold 15 (max threshold 15)
[2022-07-11T09:43:51.643+0000][9][gc,phases   ] GC(100)   Pre Evacuate Collection Set: 0.1ms
[2022-07-11T09:43:51.643+0000][9][gc,phases   ] GC(100)   Merge Heap Roots: 0.1ms
[2022-07-11T09:43:51.643+0000][9][gc,phases   ] GC(100)   Evacuate Collection Set: 2.7ms
[2022-07-11T09:43:51.643+0000][9][gc,phases   ] GC(100)   Post Evacuate Collection Set: 1.3ms
[2022-07-11T09:43:51.643+0000][9][gc,phases   ] GC(100)   Other: 0.2ms
[2022-07-11T09:43:51.643+0000][9][gc,age      ] GC(100) Age table with threshold 15 (max threshold 15)
[2022-07-11T09:43:51.643+0000][9][gc,age      ] GC(100) - age   1:    1386584 bytes,    1386584 total
[2022-07-11T09:43:51.643+0000][9][gc,age      ] GC(100) - age   2:       2880 bytes,    1389464 total
[2022-07-11T09:43:51.643+0000][9][gc,age      ] GC(100) - age   3:        896 bytes,    1390360 total
[2022-07-11T09:43:51.643+0000][9][gc,age      ] GC(100) - age   4:      38992 bytes,    1429352 total
[2022-07-11T09:43:51.643+0000][9][gc,age      ] GC(100) - age   5:         80 bytes,    1429432 total
[2022-07-11T09:43:51.643+0000][9][gc,age      ] GC(100) - age   6:      10240 bytes,    1439672 total
[2022-07-11T09:43:51.643+0000][9][gc,age      ] GC(100) - age   8:     223512 bytes,    1663184 total
[2022-07-11T09:43:51.643+0000][9][gc,age      ] GC(100) - age   9:       1744 bytes,    1664928 total
[2022-07-11T09:43:51.643+0000][9][gc,age      ] GC(100) - age  10:        264 bytes,    1665192 total
[2022-07-11T09:43:51.643+0000][9][gc,age      ] GC(100) - age  11:        744 bytes,    1665936 total
[2022-07-11T09:43:51.643+0000][9][gc,age      ] GC(100) - age  12:        584 bytes,    1666520 total
[2022-07-11T09:43:51.643+0000][9][gc,age      ] GC(100) - age  13:        936 bytes,    1667456 total
[2022-07-11T09:43:51.643+0000][9][gc,age      ] GC(100) - age  14:      10512 bytes,    1677968 total
[2022-07-11T09:43:51.643+0000][9][gc,age      ] GC(100) - age  15:     347768 bytes,    2025736 total
[2022-07-11T09:43:51.643+0000][9][gc,heap     ] GC(100) Eden regions: 75->0(75)
[2022-07-11T09:43:51.644+0000][9][gc,heap     ] GC(100) Survivor regions: 1->1(10)
[2022-07-11T09:43:51.644+0000][9][gc,heap     ] GC(100) Old regions: 27->27
[2022-07-11T09:43:51.644+0000][9][gc,heap     ] GC(100) Archive regions: 2->2
[2022-07-11T09:43:51.644+0000][9][gc,heap     ] GC(100) Humongous regions: 0->0
[2022-07-11T09:43:51.644+0000][9][gc,metaspace] GC(100) Metaspace: 123079K(127424K)->123079K(127424K) NonClass: 107268K(109696K)->107268K(109696K) Class: 15811K(17728K)->15811K(17728K)
[2022-07-11T09:43:51.644+0000][9][gc          ] GC(100) Pause Young (Normal) (G1 Evacuation Pause) 411M->111M(512M) 5.029ms
[2022-07-11T09:43:51.644+0000][9][gc,cpu      ] GC(100) User=0.01s Sys=0.00s Real=0.00s
[2022-07-11T09:43:51.644+0000][9][safepoint   ] Safepoint "G1CollectForAllocation", Time since last: 51358573618 ns, Reaching safepoint: 115516 ns, At safepoint: 5154532 ns, Total: 5270048 ns
[2022-07-11T09:44:25.567+0000][9][safepoint   ] Safepoint "Cleanup", Time since last: 33923159756 ns, Reaching safepoint: 102596 ns, At safepoint: 22000 ns, Total: 124596 ns
[2022-07-11T09:44:28.567+0000][9][safepoint   ] Safepoint "Cleanup", Time since last: 3000358183 ns, Reaching safepoint: 86324 ns, At safepoint: 12781 ns, Total: 99105 ns
[2022-07-11T09:44:30.568+0000][9][safepoint   ] Safepoint "Cleanup", Time since last: 2000279273 ns, Reaching safepoint: 197999 ns, At safepoint: 24375 ns, Total: 222374 ns
[2022-07-11T09:44:40.569+0000][9][safepoint   ] Safepoint "Cleanup", Time since last: 10001047378 ns, Reaching safepoint: 65790 ns, At safepoint: 12851 ns, Total: 78641 ns
[2022-07-11T09:45:00.571+0000][9][safepoint   ] Safepoint "Cleanup", Time since last: 20001927688 ns, Reaching safepoint: 207777 ns, At safepoint: 37574 ns, Total: 245351 ns
[2022-07-11T09:45:06.901+0000][9][gc,start    ] GC(101) Pause Young (Normal) (G1 Evacuation Pause)
[2022-07-11T09:45:06.901+0000][9][gc,task     ] GC(101) Using 4 workers of 4 for evacuation
[2022-07-11T09:45:06.901+0000][9][gc,age      ] GC(101) Desired survivor size 20971520 bytes, new threshold 15 (max threshold 15)
[2022-07-11T09:45:06.906+0000][9][gc,phases   ] GC(101)   Pre Evacuate Collection Set: 0.1ms
[2022-07-11T09:45:06.906+0000][9][gc,phases   ] GC(101)   Merge Heap Roots: 0.1ms
[2022-07-11T09:45:06.907+0000][9][gc,phases   ] GC(101)   Evacuate Collection Set: 4.1ms
[2022-07-11T09:45:06.907+0000][9][gc,phases   ] GC(101)   Post Evacuate Collection Set: 1.1ms
[2022-07-11T09:45:06.907+0000][9][gc,phases   ] GC(101)   Other: 0.1ms
[2022-07-11T09:45:06.907+0000][9][gc,age      ] GC(101) Age table with threshold 15 (max threshold 15)
[2022-07-11T09:45:06.907+0000][9][gc,age      ] GC(101) - age   1:    1382496 bytes,    1382496 total
[2022-07-11T09:45:06.907+0000][9][gc,age      ] GC(101) - age   2:       3752 bytes,    1386248 total
[2022-07-11T09:45:06.907+0000][9][gc,age      ] GC(101) - age   3:        832 bytes,    1387080 total
[2022-07-11T09:45:06.907+0000][9][gc,age      ] GC(101) - age   4:        608 bytes,    1387688 total
[2022-07-11T09:45:06.907+0000][9][gc,age      ] GC(101) - age   5:      38896 bytes,    1426584 total
[2022-07-11T09:45:06.907+0000][9][gc,age      ] GC(101) - age   6:         80 bytes,    1426664 total
[2022-07-11T09:45:06.907+0000][9][gc,age      ] GC(101) - age   7:      10056 bytes,    1436720 total
[2022-07-11T09:45:06.907+0000][9][gc,age      ] GC(101) - age   9:     223512 bytes,    1660232 total
[2022-07-11T09:45:06.907+0000][9][gc,age      ] GC(101) - age  10:       1744 bytes,    1661976 total
[2022-07-11T09:45:06.907+0000][9][gc,age      ] GC(101) - age  11:        264 bytes,    1662240 total
[2022-07-11T09:45:06.907+0000][9][gc,age      ] GC(101) - age  12:        744 bytes,    1662984 total
[2022-07-11T09:45:06.907+0000][9][gc,age      ] GC(101) - age  13:        584 bytes,    1663568 total
[2022-07-11T09:45:06.907+0000][9][gc,age      ] GC(101) - age  14:        936 bytes,    1664504 total
[2022-07-11T09:45:06.907+0000][9][gc,age      ] GC(101) - age  15:      10512 bytes,    1675016 total
[2022-07-11T09:45:06.907+0000][9][gc,heap     ] GC(101) Eden regions: 75->0(75)
[2022-07-11T09:45:06.907+0000][9][gc,heap     ] GC(101) Survivor regions: 1->1(10)
[2022-07-11T09:45:06.907+0000][9][gc,heap     ] GC(101) Old regions: 27->27
[2022-07-11T09:45:06.907+0000][9][gc,heap     ] GC(101) Archive regions: 2->2
[2022-07-11T09:45:06.907+0000][9][gc,heap     ] GC(101) Humongous regions: 0->0
[2022-07-11T09:45:06.907+0000][9][gc,metaspace] GC(101) Metaspace: 123080K(127424K)->123080K(127424K) NonClass: 107268K(109696K)->107268K(109696K) Class: 15811K(17728K)->15811K(17728K)
[2022-07-11T09:45:06.907+0000][9][gc          ] GC(101) Pause Young (Normal) (G1 Evacuation Pause) 411M->111M(512M) 6.085ms
[2022-07-11T09:45:06.907+0000][9][gc,cpu      ] GC(101) User=0.02s Sys=0.00s Real=0.01s
[2022-07-11T09:45:06.907+0000][9][safepoint   ] Safepoint "G1CollectForAllocation", Time since last: 6329554329 ns, Reaching safepoint: 37574 ns, At safepoint: 6194394 ns, Total: 6231968 ns
[2022-07-11T09:46:30.576+0000][9][gc,start    ] GC(102) Pause Young (Normal) (G1 Evacuation Pause)
[2022-07-11T09:46:30.576+0000][9][gc,task     ] GC(102) Using 4 workers of 4 for evacuation
[2022-07-11T09:46:30.576+0000][9][gc,age      ] GC(102) Desired survivor size 20971520 bytes, new threshold 15 (max threshold 15)
[2022-07-11T09:46:30.581+0000][9][gc,phases   ] GC(102)   Pre Evacuate Collection Set: 0.1ms
[2022-07-11T09:46:30.581+0000][9][gc,phases   ] GC(102)   Merge Heap Roots: 0.1ms
[2022-07-11T09:46:30.581+0000][9][gc,phases   ] GC(102)   Evacuate Collection Set: 3.3ms
[2022-07-11T09:46:30.581+0000][9][gc,phases   ] GC(102)   Post Evacuate Collection Set: 1.4ms
[2022-07-11T09:46:30.581+0000][9][gc,phases   ] GC(102)   Other: 0.2ms
[2022-07-11T09:46:30.581+0000][9][gc,age      ] GC(102) Age table with threshold 15 (max threshold 15)
[2022-07-11T09:46:30.581+0000][9][gc,age      ] GC(102) - age   1:    1060728 bytes,    1060728 total
[2022-07-11T09:46:30.581+0000][9][gc,age      ] GC(102) - age   2:       2840 bytes,    1063568 total
[2022-07-11T09:46:30.581+0000][9][gc,age      ] GC(102) - age   3:       2624 bytes,    1066192 total
[2022-07-11T09:46:30.581+0000][9][gc,age      ] GC(102) - age   4:        832 bytes,    1067024 total
[2022-07-11T09:46:30.581+0000][9][gc,age      ] GC(102) - age   5:        608 bytes,    1067632 total
[2022-07-11T09:46:30.581+0000][9][gc,age      ] GC(102) - age   6:      38896 bytes,    1106528 total
[2022-07-11T09:46:30.581+0000][9][gc,age      ] GC(102) - age   7:         80 bytes,    1106608 total
[2022-07-11T09:46:30.581+0000][9][gc,age      ] GC(102) - age   8:      10056 bytes,    1116664 total
[2022-07-11T09:46:30.581+0000][9][gc,age      ] GC(102) - age  10:     223512 bytes,    1340176 total
[2022-07-11T09:46:30.581+0000][9][gc,age      ] GC(102) - age  11:       1744 bytes,    1341920 total
[2022-07-11T09:46:30.581+0000][9][gc,age      ] GC(102) - age  12:        264 bytes,    1342184 total
[2022-07-11T09:46:30.581+0000][9][gc,age      ] GC(102) - age  13:        744 bytes,    1342928 total
[2022-07-11T09:46:30.581+0000][9][gc,age      ] GC(102) - age  14:        584 bytes,    1343512 total
[2022-07-11T09:46:30.581+0000][9][gc,age      ] GC(102) - age  15:        936 bytes,    1344448 total
[2022-07-11T09:46:30.581+0000][9][gc,heap     ] GC(102) Eden regions: 75->0(75)
[2022-07-11T09:46:30.581+0000][9][gc,heap     ] GC(102) Survivor regions: 1->1(10)
[2022-07-11T09:46:30.581+0000][9][gc,heap     ] GC(102) Old regions: 27->27
[2022-07-11T09:46:30.582+0000][9][gc,heap     ] GC(102) Archive regions: 2->2
[2022-07-11T09:46:30.582+0000][9][gc,heap     ] GC(102) Humongous regions: 0->0
[2022-07-11T09:46:30.582+0000][9][gc,metaspace] GC(102) Metaspace: 123082K(127424K)->123082K(127424K) NonClass: 107271K(109696K)->107271K(109696K) Class: 15811K(17728K)->15811K(17728K)
[2022-07-11T09:46:30.582+0000][9][gc          ] GC(102) Pause Young (Normal) (G1 Evacuation Pause) 411M->110M(512M) 5.608ms
[2022-07-11T09:46:30.582+0000][9][gc,cpu      ] GC(102) User=0.01s Sys=0.00s Real=0.00s
[2022-07-11T09:46:30.582+0000][9][safepoint   ] Safepoint "G1CollectForAllocation", Time since last: 83668790991 ns, Reaching safepoint: 133885 ns, At safepoint: 5729186 ns, Total: 5863071 ns
[2022-07-11T09:46:55.585+0000][9][safepoint   ] Safepoint "Cleanup", Time since last: 25002932341 ns, Reaching safepoint: 82133 ns, At safepoint: 13270 ns, Total: 95403 ns
[2022-07-11T09:47:28.588+0000][9][safepoint   ] Safepoint "Cleanup", Time since last: 33003006210 ns, Reaching safepoint: 95193 ns, At safepoint: 23117 ns, Total: 118310 ns
[2022-07-11T09:47:52.591+0000][9][safepoint   ] Safepoint "Cleanup", Time since last: 24002730093 ns, Reaching safepoint: 45606 ns, At safepoint: 11105 ns, Total: 56711 ns
[2022-07-11T09:47:54.653+0000][9][gc,start    ] GC(103) Pause Young (Normal) (G1 Evacuation Pause)
[2022-07-11T09:47:54.653+0000][9][gc,task     ] GC(103) Using 4 workers of 4 for evacuation
[2022-07-11T09:47:54.653+0000][9][gc,age      ] GC(103) Desired survivor size 20971520 bytes, new threshold 15 (max threshold 15)
[2022-07-11T09:47:54.656+0000][9][gc,phases   ] GC(103)   Pre Evacuate Collection Set: 0.1ms
[2022-07-11T09:47:54.656+0000][9][gc,phases   ] GC(103)   Merge Heap Roots: 0.1ms
[2022-07-11T09:47:54.656+0000][9][gc,phases   ] GC(103)   Evacuate Collection Set: 1.9ms
[2022-07-11T09:47:54.656+0000][9][gc,phases   ] GC(103)   Post Evacuate Collection Set: 1.2ms
[2022-07-11T09:47:54.656+0000][9][gc,phases   ] GC(103)   Other: 0.1ms
[2022-07-11T09:47:54.656+0000][9][gc,age      ] GC(103) Age table with threshold 15 (max threshold 15)
[2022-07-11T09:47:54.656+0000][9][gc,age      ] GC(103) - age   1:     997056 bytes,     997056 total
[2022-07-11T09:47:54.656+0000][9][gc,age      ] GC(103) - age   2:       1728 bytes,     998784 total
[2022-07-11T09:47:54.656+0000][9][gc,age      ] GC(103) - age   3:        824 bytes,     999608 total
[2022-07-11T09:47:54.656+0000][9][gc,age      ] GC(103) - age   4:       2312 bytes,    1001920 total
[2022-07-11T09:47:54.656+0000][9][gc,age      ] GC(103) - age   5:        536 bytes,    1002456 total
[2022-07-11T09:47:54.656+0000][9][gc,age      ] GC(103) - age   6:        608 bytes,    1003064 total
[2022-07-11T09:47:54.656+0000][9][gc,age      ] GC(103) - age   7:      38896 bytes,    1041960 total
[2022-07-11T09:47:54.656+0000][9][gc,age      ] GC(103) - age   8:         80 bytes,    1042040 total
[2022-07-11T09:47:54.656+0000][9][gc,age      ] GC(103) - age   9:      10056 bytes,    1052096 total
[2022-07-11T09:47:54.656+0000][9][gc,age      ] GC(103) - age  11:     223512 bytes,    1275608 total
[2022-07-11T09:47:54.656+0000][9][gc,age      ] GC(103) - age  12:       1352 bytes,    1276960 total
[2022-07-11T09:47:54.656+0000][9][gc,age      ] GC(103) - age  13:        264 bytes,    1277224 total
[2022-07-11T09:47:54.656+0000][9][gc,age      ] GC(103) - age  14:        744 bytes,    1277968 total
[2022-07-11T09:47:54.656+0000][9][gc,age      ] GC(103) - age  15:        584 bytes,    1278552 total
[2022-07-11T09:47:54.656+0000][9][gc,heap     ] GC(103) Eden regions: 75->0(75)
[2022-07-11T09:47:54.656+0000][9][gc,heap     ] GC(103) Survivor regions: 1->1(10)
[2022-07-11T09:47:54.656+0000][9][gc,heap     ] GC(103) Old regions: 27->27
[2022-07-11T09:47:54.656+0000][9][gc,heap     ] GC(103) Archive regions: 2->2
[2022-07-11T09:47:54.656+0000][9][gc,heap     ] GC(103) Humongous regions: 0->0
[2022-07-11T09:47:54.656+0000][9][gc,metaspace] GC(103) Metaspace: 123082K(127424K)->123082K(127424K) NonClass: 107271K(109696K)->107271K(109696K) Class: 15811K(17728K)->15811K(17728K)
[2022-07-11T09:47:54.656+0000][9][gc          ] GC(103) Pause Young (Normal) (G1 Evacuation Pause) 410M->110M(512M) 3.660ms
[2022-07-11T09:47:54.656+0000][9][gc,cpu      ] GC(103) User=0.00s Sys=0.01s Real=0.00s
[2022-07-11T09:47:54.656+0000][9][safepoint   ] Safepoint "G1CollectForAllocation", Time since last: 2061951496 ns, Reaching safepoint: 44419 ns, At safepoint: 3735999 ns, Total: 3780418 ns
[2022-07-11T09:48:00.657+0000][9][safepoint   ] Safepoint "Cleanup", Time since last: 6000564247 ns, Reaching safepoint: 172716 ns, At safepoint: 14387 ns, Total: 187103 ns
[2022-07-11T09:48:07.658+0000][9][safepoint   ] Safepoint "Cleanup", Time since last: 7000671387 ns, Reaching safepoint: 64323 ns, At safepoint: 14178 ns, Total: 78501 ns
[2022-07-11T09:49:15.709+0000][9][gc,start    ] GC(104) Pause Young (Normal) (G1 Evacuation Pause)
[2022-07-11T09:49:15.709+0000][9][gc,task     ] GC(104) Using 4 workers of 4 for evacuation
[2022-07-11T09:49:15.709+0000][9][gc,age      ] GC(104) Desired survivor size 20971520 bytes, new threshold 15 (max threshold 15)
[2022-07-11T09:49:15.712+0000][9][gc,phases   ] GC(104)   Pre Evacuate Collection Set: 0.1ms
[2022-07-11T09:49:15.712+0000][9][gc,phases   ] GC(104)   Merge Heap Roots: 0.1ms
[2022-07-11T09:49:15.712+0000][9][gc,phases   ] GC(104)   Evacuate Collection Set: 1.6ms
[2022-07-11T09:49:15.712+0000][9][gc,phases   ] GC(104)   Post Evacuate Collection Set: 1.0ms
[2022-07-11T09:49:15.712+0000][9][gc,phases   ] GC(104)   Other: 0.1ms
[2022-07-11T09:49:15.712+0000][9][gc,age      ] GC(104) Age table with threshold 15 (max threshold 15)
[2022-07-11T09:49:15.712+0000][9][gc,age      ] GC(104) - age   1:    1673648 bytes,    1673648 total
[2022-07-11T09:49:15.712+0000][9][gc,age      ] GC(104) - age   2:       2064 bytes,    1675712 total
[2022-07-11T09:49:15.712+0000][9][gc,age      ] GC(104) - age   3:        960 bytes,    1676672 total
[2022-07-11T09:49:15.712+0000][9][gc,age      ] GC(104) - age   4:        152 bytes,    1676824 total
[2022-07-11T09:49:15.712+0000][9][gc,age      ] GC(104) - age   5:       2248 bytes,    1679072 total
[2022-07-11T09:49:15.712+0000][9][gc,age      ] GC(104) - age   6:        536 bytes,    1679608 total
[2022-07-11T09:49:15.712+0000][9][gc,age      ] GC(104) - age   7:        608 bytes,    1680216 total
[2022-07-11T09:49:15.712+0000][9][gc,age      ] GC(104) - age   8:      38896 bytes,    1719112 total
[2022-07-11T09:49:15.712+0000][9][gc,age      ] GC(104) - age   9:         80 bytes,    1719192 total
[2022-07-11T09:49:15.712+0000][9][gc,age      ] GC(104) - age  10:      10056 bytes,    1729248 total
[2022-07-11T09:49:15.712+0000][9][gc,age      ] GC(104) - age  12:     223512 bytes,    1952760 total
[2022-07-11T09:49:15.712+0000][9][gc,age      ] GC(104) - age  13:       1352 bytes,    1954112 total
[2022-07-11T09:49:15.712+0000][9][gc,age      ] GC(104) - age  14:        264 bytes,    1954376 total
[2022-07-11T09:49:15.712+0000][9][gc,age      ] GC(104) - age  15:        744 bytes,    1955120 total
[2022-07-11T09:49:15.712+0000][9][gc,heap     ] GC(104) Eden regions: 75->0(75)
[2022-07-11T09:49:15.712+0000][9][gc,heap     ] GC(104) Survivor regions: 1->1(10)
[2022-07-11T09:49:15.712+0000][9][gc,heap     ] GC(104) Old regions: 27->27
[2022-07-11T09:49:15.712+0000][9][gc,heap     ] GC(104) Archive regions: 2->2
[2022-07-11T09:49:15.712+0000][9][gc,heap     ] GC(104) Humongous regions: 0->0
[2022-07-11T09:49:15.712+0000][9][gc,metaspace] GC(104) Metaspace: 123083K(127424K)->123083K(127424K) NonClass: 107272K(109696K)->107272K(109696K) Class: 15811K(17728K)->15811K(17728K)
[2022-07-11T09:49:15.712+0000][9][gc          ] GC(104) Pause Young (Normal) (G1 Evacuation Pause) 410M->111M(512M) 3.226ms
[2022-07-11T09:49:15.712+0000][9][gc,cpu      ] GC(104) User=0.01s Sys=0.00s Real=0.01s
[2022-07-11T09:49:15.713+0000][9][safepoint   ] Safepoint "G1CollectForAllocation", Time since last: 68051284479 ns, Reaching safepoint: 60483 ns, At safepoint: 3300960 ns, Total: 3361443 ns
[2022-07-11T09:50:24.721+0000][9][safepoint   ] Safepoint "Cleanup", Time since last: 69008277377 ns, Reaching safepoint: 150507 ns, At safepoint: 49936 ns, Total: 200443 ns
[2022-07-11T09:50:39.691+0000][9][gc,start    ] GC(105) Pause Young (Normal) (G1 Evacuation Pause)
[2022-07-11T09:50:39.691+0000][9][gc,task     ] GC(105) Using 4 workers of 4 for evacuation
[2022-07-11T09:50:39.691+0000][9][gc,age      ] GC(105) Desired survivor size 20971520 bytes, new threshold 15 (max threshold 15)
[2022-07-11T09:50:39.695+0000][9][gc,phases   ] GC(105)   Pre Evacuate Collection Set: 0.1ms
[2022-07-11T09:50:39.695+0000][9][gc,phases   ] GC(105)   Merge Heap Roots: 0.1ms
[2022-07-11T09:50:39.695+0000][9][gc,phases   ] GC(105)   Evacuate Collection Set: 2.5ms
[2022-07-11T09:50:39.695+0000][9][gc,phases   ] GC(105)   Post Evacuate Collection Set: 1.4ms
[2022-07-11T09:50:39.695+0000][9][gc,phases   ] GC(105)   Other: 0.2ms
[2022-07-11T09:50:39.695+0000][9][gc,age      ] GC(105) Age table with threshold 15 (max threshold 15)
[2022-07-11T09:50:39.695+0000][9][gc,age      ] GC(105) - age   1:    1548376 bytes,    1548376 total
[2022-07-11T09:50:39.695+0000][9][gc,age      ] GC(105) - age   2:       2712 bytes,    1551088 total
[2022-07-11T09:50:39.695+0000][9][gc,age      ] GC(105) - age   3:       1168 bytes,    1552256 total
[2022-07-11T09:50:39.695+0000][9][gc,age      ] GC(105) - age   4:        832 bytes,    1553088 total
[2022-07-11T09:50:39.695+0000][9][gc,age      ] GC(105) - age   5:         56 bytes,    1553144 total
[2022-07-11T09:50:39.695+0000][9][gc,age      ] GC(105) - age   6:       2248 bytes,    1555392 total
[2022-07-11T09:50:39.695+0000][9][gc,age      ] GC(105) - age   7:        536 bytes,    1555928 total
[2022-07-11T09:50:39.695+0000][9][gc,age      ] GC(105) - age   8:        608 bytes,    1556536 total
[2022-07-11T09:50:39.695+0000][9][gc,age      ] GC(105) - age   9:      38896 bytes,    1595432 total
[2022-07-11T09:50:39.695+0000][9][gc,age      ] GC(105) - age  10:         80 bytes,    1595512 total
[2022-07-11T09:50:39.695+0000][9][gc,age      ] GC(105) - age  11:      10056 bytes,    1605568 total
[2022-07-11T09:50:39.695+0000][9][gc,age      ] GC(105) - age  13:     223512 bytes,    1829080 total
[2022-07-11T09:50:39.695+0000][9][gc,age      ] GC(105) - age  14:       1352 bytes,    1830432 total
[2022-07-11T09:50:39.695+0000][9][gc,age      ] GC(105) - age  15:        264 bytes,    1830696 total
[2022-07-11T09:50:39.695+0000][9][gc,heap     ] GC(105) Eden regions: 75->0(75)
[2022-07-11T09:50:39.695+0000][9][gc,heap     ] GC(105) Survivor regions: 1->1(10)
[2022-07-11T09:50:39.695+0000][9][gc,heap     ] GC(105) Old regions: 27->27
[2022-07-11T09:50:39.696+0000][9][gc,heap     ] GC(105) Archive regions: 2->2
[2022-07-11T09:50:39.696+0000][9][gc,heap     ] GC(105) Humongous regions: 0->0
[2022-07-11T09:50:39.696+0000][9][gc,metaspace] GC(105) Metaspace: 123083K(127424K)->123083K(127424K) NonClass: 107272K(109696K)->107272K(109696K) Class: 15811K(17728K)->15811K(17728K)
[2022-07-11T09:50:39.696+0000][9][gc          ] GC(105) Pause Young (Normal) (G1 Evacuation Pause) 411M->111M(512M) 4.758ms
[2022-07-11T09:50:39.696+0000][9][gc,cpu      ] GC(105) User=0.02s Sys=0.00s Real=0.01s
[2022-07-11T09:50:39.696+0000][9][safepoint   ] Safepoint "G1CollectForAllocation", Time since last: 14969773956 ns, Reaching safepoint: 44908 ns, At safepoint: 4880204 ns, Total: 4925112 ns
[2022-07-11T09:52:03.602+0000][9][gc,start    ] GC(106) Pause Young (Normal) (G1 Evacuation Pause)
[2022-07-11T09:52:03.602+0000][9][gc,task     ] GC(106) Using 4 workers of 4 for evacuation
[2022-07-11T09:52:03.602+0000][9][gc,age      ] GC(106) Desired survivor size 20971520 bytes, new threshold 15 (max threshold 15)
[2022-07-11T09:52:03.605+0000][9][gc,phases   ] GC(106)   Pre Evacuate Collection Set: 0.1ms
[2022-07-11T09:52:03.605+0000][9][gc,phases   ] GC(106)   Merge Heap Roots: 0.1ms
[2022-07-11T09:52:03.605+0000][9][gc,phases   ] GC(106)   Evacuate Collection Set: 1.8ms
[2022-07-11T09:52:03.605+0000][9][gc,phases   ] GC(106)   Post Evacuate Collection Set: 0.9ms
[2022-07-11T09:52:03.605+0000][9][gc,phases   ] GC(106)   Other: 0.1ms
[2022-07-11T09:52:03.605+0000][9][gc,age      ] GC(106) Age table with threshold 15 (max threshold 15)
[2022-07-11T09:52:03.605+0000][9][gc,age      ] GC(106) - age   1:    1009768 bytes,    1009768 total
[2022-07-11T09:52:03.605+0000][9][gc,age      ] GC(106) - age   2:       1736 bytes,    1011504 total
[2022-07-11T09:52:03.605+0000][9][gc,age      ] GC(106) - age   3:        608 bytes,    1012112 total
[2022-07-11T09:52:03.605+0000][9][gc,age      ] GC(106) - age   4:        872 bytes,    1012984 total
[2022-07-11T09:52:03.605+0000][9][gc,age      ] GC(106) - age   5:        832 bytes,    1013816 total
[2022-07-11T09:52:03.605+0000][9][gc,age      ] GC(106) - age   6:         56 bytes,    1013872 total
[2022-07-11T09:52:03.605+0000][9][gc,age      ] GC(106) - age   7:       2248 bytes,    1016120 total
[2022-07-11T09:52:03.605+0000][9][gc,age      ] GC(106) - age   8:        536 bytes,    1016656 total
[2022-07-11T09:52:03.605+0000][9][gc,age      ] GC(106) - age   9:        608 bytes,    1017264 total
[2022-07-11T09:52:03.605+0000][9][gc,age      ] GC(106) - age  10:      38896 bytes,    1056160 total
[2022-07-11T09:52:03.605+0000][9][gc,age      ] GC(106) - age  11:         80 bytes,    1056240 total
[2022-07-11T09:52:03.605+0000][9][gc,age      ] GC(106) - age  12:      10056 bytes,    1066296 total
[2022-07-11T09:52:03.605+0000][9][gc,age      ] GC(106) - age  14:     223512 bytes,    1289808 total
[2022-07-11T09:52:03.605+0000][9][gc,age      ] GC(106) - age  15:        784 bytes,    1290592 total
[2022-07-11T09:52:03.605+0000][9][gc,heap     ] GC(106) Eden regions: 75->0(75)
[2022-07-11T09:52:03.605+0000][9][gc,heap     ] GC(106) Survivor regions: 1->1(10)
[2022-07-11T09:52:03.605+0000][9][gc,heap     ] GC(106) Old regions: 27->27
[2022-07-11T09:52:03.605+0000][9][gc,heap     ] GC(106) Archive regions: 2->2
[2022-07-11T09:52:03.605+0000][9][gc,heap     ] GC(106) Humongous regions: 0->0
[2022-07-11T09:52:03.605+0000][9][gc,metaspace] GC(106) Metaspace: 123083K(127424K)->123083K(127424K) NonClass: 107272K(109696K)->107272K(109696K) Class: 15811K(17728K)->15811K(17728K)
[2022-07-11T09:52:03.605+0000][9][gc          ] GC(106) Pause Young (Normal) (G1 Evacuation Pause) 411M->110M(512M) 3.501ms
[2022-07-11T09:52:03.605+0000][9][gc,cpu      ] GC(106) User=0.00s Sys=0.00s Real=0.01s
[2022-07-11T09:52:03.605+0000][9][safepoint   ] Safepoint "G1CollectForAllocation", Time since last: 83905982094 ns, Reaching safepoint: 49657 ns, At safepoint: 3590033 ns, Total: 3639690 ns
[2022-07-11T09:52:38.609+0000][9][safepoint   ] Safepoint "Cleanup", Time since last: 35003330361 ns, Reaching safepoint: 87302 ns, At safepoint: 12780 ns, Total: 100082 ns
[2022-07-11T09:52:40.609+0000][9][safepoint   ] Safepoint "Cleanup", Time since last: 2000280110 ns, Reaching safepoint: 188291 ns, At safepoint: 17670 ns, Total: 205961 ns
[2022-07-11T09:52:55.611+0000][9][safepoint   ] Safepoint "Cleanup", Time since last: 15001496121 ns, Reaching safepoint: 83390 ns, At safepoint: 28495 ns, Total: 111885 ns
[2022-07-11T09:53:00.611+0000][9][safepoint   ] Safepoint "Cleanup", Time since last: 5000542983 ns, Reaching safepoint: 63415 ns, At safepoint: 12362 ns, Total: 75777 ns
[2022-07-11T09:53:24.707+0000][9][gc,start    ] GC(107) Pause Young (Normal) (G1 Evacuation Pause)
[2022-07-11T09:53:24.707+0000][9][gc,task     ] GC(107) Using 4 workers of 4 for evacuation
[2022-07-11T09:53:24.707+0000][9][gc,age      ] GC(107) Desired survivor size 20971520 bytes, new threshold 15 (max threshold 15)
[2022-07-11T09:53:24.709+0000][9][gc,phases   ] GC(107)   Pre Evacuate Collection Set: 0.1ms
[2022-07-11T09:53:24.709+0000][9][gc,phases   ] GC(107)   Merge Heap Roots: 0.1ms
[2022-07-11T09:53:24.709+0000][9][gc,phases   ] GC(107)   Evacuate Collection Set: 1.5ms
[2022-07-11T09:53:24.709+0000][9][gc,phases   ] GC(107)   Post Evacuate Collection Set: 1.0ms
[2022-07-11T09:53:24.709+0000][9][gc,phases   ] GC(107)   Other: 0.1ms
[2022-07-11T09:53:24.709+0000][9][gc,age      ] GC(107) Age table with threshold 15 (max threshold 15)
[2022-07-11T09:53:24.709+0000][9][gc,age      ] GC(107) - age   1:    1036056 bytes,    1036056 total
[2022-07-11T09:53:24.709+0000][9][gc,age      ] GC(107) - age   2:       3920 bytes,    1039976 total
[2022-07-11T09:53:24.709+0000][9][gc,age      ] GC(107) - age   3:        392 bytes,    1040368 total
[2022-07-11T09:53:24.709+0000][9][gc,age      ] GC(107) - age   4:        184 bytes,    1040552 total
[2022-07-11T09:53:24.709+0000][9][gc,age      ] GC(107) - age   5:        688 bytes,    1041240 total
[2022-07-11T09:53:24.709+0000][9][gc,age      ] GC(107) - age   6:        832 bytes,    1042072 total
[2022-07-11T09:53:24.710+0000][9][gc,age      ] GC(107) - age   7:         56 bytes,    1042128 total
[2022-07-11T09:53:24.710+0000][9][gc,age      ] GC(107) - age   8:        176 bytes,    1042304 total
[2022-07-11T09:53:24.710+0000][9][gc,age      ] GC(107) - age   9:        536 bytes,    1042840 total
[2022-07-11T09:53:24.710+0000][9][gc,age      ] GC(107) - age  10:        608 bytes,    1043448 total
[2022-07-11T09:53:24.710+0000][9][gc,age      ] GC(107) - age  11:      38896 bytes,    1082344 total
[2022-07-11T09:53:24.710+0000][9][gc,age      ] GC(107) - age  12:         80 bytes,    1082424 total
[2022-07-11T09:53:24.710+0000][9][gc,age      ] GC(107) - age  13:      10056 bytes,    1092480 total
[2022-07-11T09:53:24.710+0000][9][gc,age      ] GC(107) - age  15:     223512 bytes,    1315992 total
[2022-07-11T09:53:24.710+0000][9][gc,heap     ] GC(107) Eden regions: 75->0(75)
[2022-07-11T09:53:24.710+0000][9][gc,heap     ] GC(107) Survivor regions: 1->1(10)
[2022-07-11T09:53:24.710+0000][9][gc,heap     ] GC(107) Old regions: 27->27
[2022-07-11T09:53:24.710+0000][9][gc,heap     ] GC(107) Archive regions: 2->2
[2022-07-11T09:53:24.710+0000][9][gc,heap     ] GC(107) Humongous regions: 0->0
[2022-07-11T09:53:24.710+0000][9][gc,metaspace] GC(107) Metaspace: 123088K(127424K)->123088K(127424K) NonClass: 107277K(109696K)->107277K(109696K) Class: 15811K(17728K)->15811K(17728K)
[2022-07-11T09:53:24.710+0000][9][gc          ] GC(107) Pause Young (Normal) (G1 Evacuation Pause) 410M->110M(512M) 3.001ms
[2022-07-11T09:53:24.710+0000][9][gc,cpu      ] GC(107) User=0.01s Sys=0.00s Real=0.00s
[2022-07-11T09:53:24.710+0000][9][safepoint   ] Safepoint "G1CollectForAllocation", Time since last: 24095081395 ns, Reaching safepoint: 71517 ns, At safepoint: 3075376 ns, Total: 3146893 ns
[2022-07-11T09:53:30.710+0000][9][safepoint   ] Safepoint "Cleanup", Time since last: 6000568870 ns, Reaching safepoint: 161891 ns, At safepoint: 20044 ns, Total: 181935 ns
[2022-07-11T09:53:31.711+0000][9][safepoint   ] Safepoint "Cleanup", Time since last: 1000140110 ns, Reaching safepoint: 92748 ns, At safepoint: 12921 ns, Total: 105669 ns
[2022-07-11T09:54:00.714+0000][9][safepoint   ] Safepoint "Cleanup", Time since last: 29003080233 ns, Reaching safepoint: 124875 ns, At safepoint: 12362 ns, Total: 137237 ns
[2022-07-11T09:54:31.718+0000][9][safepoint   ] Safepoint "Cleanup", Time since last: 31004399435 ns, Reaching safepoint: 100850 ns, At safepoint: 12991 ns, Total: 113841 ns
[2022-07-11T09:54:43.354+0000][9][gc,start    ] GC(108) Pause Young (Normal) (G1 Evacuation Pause)
[2022-07-11T09:54:43.354+0000][9][gc,task     ] GC(108) Using 4 workers of 4 for evacuation
[2022-07-11T09:54:43.354+0000][9][gc,age      ] GC(108) Desired survivor size 20971520 bytes, new threshold 15 (max threshold 15)
[2022-07-11T09:54:43.357+0000][9][gc,phases   ] GC(108)   Pre Evacuate Collection Set: 0.1ms
[2022-07-11T09:54:43.357+0000][9][gc,phases   ] GC(108)   Merge Heap Roots: 0.1ms
[2022-07-11T09:54:43.357+0000][9][gc,phases   ] GC(108)   Evacuate Collection Set: 1.6ms
[2022-07-11T09:54:43.357+0000][9][gc,phases   ] GC(108)   Post Evacuate Collection Set: 1.5ms
[2022-07-11T09:54:43.357+0000][9][gc,phases   ] GC(108)   Other: 0.2ms
[2022-07-11T09:54:43.358+0000][9][gc,age      ] GC(108) Age table with threshold 15 (max threshold 15)
[2022-07-11T09:54:43.358+0000][9][gc,age      ] GC(108) - age   1:     916584 bytes,     916584 total
[2022-07-11T09:54:43.358+0000][9][gc,age      ] GC(108) - age   2:       3888 bytes,     920472 total
[2022-07-11T09:54:43.358+0000][9][gc,age      ] GC(108) - age   3:       3408 bytes,     923880 total
[2022-07-11T09:54:43.358+0000][9][gc,age      ] GC(108) - age   6:        688 bytes,     924568 total
[2022-07-11T09:54:43.358+0000][9][gc,age      ] GC(108) - age   7:        832 bytes,     925400 total
[2022-07-11T09:54:43.358+0000][9][gc,age      ] GC(108) - age   8:         56 bytes,     925456 total
[2022-07-11T09:54:43.358+0000][9][gc,age      ] GC(108) - age   9:        176 bytes,     925632 total
[2022-07-11T09:54:43.358+0000][9][gc,age      ] GC(108) - age  10:        536 bytes,     926168 total
[2022-07-11T09:54:43.358+0000][9][gc,age      ] GC(108) - age  11:        608 bytes,     926776 total
[2022-07-11T09:54:43.358+0000][9][gc,age      ] GC(108) - age  12:      38896 bytes,     965672 total
[2022-07-11T09:54:43.358+0000][9][gc,age      ] GC(108) - age  13:         80 bytes,     965752 total
[2022-07-11T09:54:43.358+0000][9][gc,age      ] GC(108) - age  14:      10056 bytes,     975808 total
[2022-07-11T09:54:43.358+0000][9][gc,heap     ] GC(108) Eden regions: 75->0(75)
[2022-07-11T09:54:43.358+0000][9][gc,heap     ] GC(108) Survivor regions: 1->1(10)
[2022-07-11T09:54:43.358+0000][9][gc,heap     ] GC(108) Old regions: 27->27
[2022-07-11T09:54:43.358+0000][9][gc,heap     ] GC(108) Archive regions: 2->2
[2022-07-11T09:54:43.358+0000][9][gc,heap     ] GC(108) Humongous regions: 0->0
[2022-07-11T09:54:43.358+0000][9][gc,metaspace] GC(108) Metaspace: 123095K(127424K)->123095K(127424K) NonClass: 107283K(109696K)->107283K(109696K) Class: 15811K(17728K)->15811K(17728K)
[2022-07-11T09:54:43.358+0000][9][gc          ] GC(108) Pause Young (Normal) (G1 Evacuation Pause) 410M->110M(512M) 4.073ms
[2022-07-11T09:54:43.358+0000][9][gc,cpu      ] GC(108) User=0.00s Sys=0.01s Real=0.00s
[2022-07-11T09:54:43.358+0000][9][safepoint   ] Safepoint "G1CollectForAllocation", Time since last: 11635207593 ns, Reaching safepoint: 82831 ns, At safepoint: 4197791 ns, Total: 4280622 ns
[2022-07-11T09:55:00.360+0000][9][safepoint   ] Safepoint "Cleanup", Time since last: 17002436889 ns, Reaching safepoint: 78641 ns, At safepoint: 12432 ns, Total: 91073 ns
[2022-07-11T09:56:07.715+0000][9][gc,start    ] GC(109) Pause Young (Normal) (G1 Evacuation Pause)
[2022-07-11T09:56:07.715+0000][9][gc,task     ] GC(109) Using 4 workers of 4 for evacuation
[2022-07-11T09:56:07.715+0000][9][gc,age      ] GC(109) Desired survivor size 20971520 bytes, new threshold 15 (max threshold 15)
[2022-07-11T09:56:07.719+0000][9][gc,phases   ] GC(109)   Pre Evacuate Collection Set: 0.1ms
[2022-07-11T09:56:07.719+0000][9][gc,phases   ] GC(109)   Merge Heap Roots: 0.1ms
[2022-07-11T09:56:07.719+0000][9][gc,phases   ] GC(109)   Evacuate Collection Set: 2.3ms
[2022-07-11T09:56:07.719+0000][9][gc,phases   ] GC(109)   Post Evacuate Collection Set: 1.2ms
[2022-07-11T09:56:07.719+0000][9][gc,phases   ] GC(109)   Other: 0.2ms
[2022-07-11T09:56:07.719+0000][9][gc,age      ] GC(109) Age table with threshold 15 (max threshold 15)
[2022-07-11T09:56:07.719+0000][9][gc,age      ] GC(109) - age   1:    1616136 bytes,    1616136 total
[2022-07-11T09:56:07.719+0000][9][gc,age      ] GC(109) - age   2:       1760 bytes,    1617896 total
[2022-07-11T09:56:07.719+0000][9][gc,age      ] GC(109) - age   3:       2800 bytes,    1620696 total
[2022-07-11T09:56:07.719+0000][9][gc,age      ] GC(109) - age   4:       3280 bytes,    1623976 total
[2022-07-11T09:56:07.719+0000][9][gc,age      ] GC(109) - age   7:        688 bytes,    1624664 total
[2022-07-11T09:56:07.719+0000][9][gc,age      ] GC(109) - age   8:        832 bytes,    1625496 total
[2022-07-11T09:56:07.719+0000][9][gc,age      ] GC(109) - age   9:         56 bytes,    1625552 total
[2022-07-11T09:56:07.719+0000][9][gc,age      ] GC(109) - age  10:        176 bytes,    1625728 total
[2022-07-11T09:56:07.719+0000][9][gc,age      ] GC(109) - age  11:        536 bytes,    1626264 total
[2022-07-11T09:56:07.719+0000][9][gc,age      ] GC(109) - age  12:        608 bytes,    1626872 total
[2022-07-11T09:56:07.719+0000][9][gc,age      ] GC(109) - age  13:      38896 bytes,    1665768 total
[2022-07-11T09:56:07.719+0000][9][gc,age      ] GC(109) - age  14:         80 bytes,    1665848 total
[2022-07-11T09:56:07.719+0000][9][gc,age      ] GC(109) - age  15:      10056 bytes,    1675904 total
[2022-07-11T09:56:07.719+0000][9][gc,heap     ] GC(109) Eden regions: 75->0(75)
[2022-07-11T09:56:07.719+0000][9][gc,heap     ] GC(109) Survivor regions: 1->1(10)
[2022-07-11T09:56:07.719+0000][9][gc,heap     ] GC(109) Old regions: 27->27
[2022-07-11T09:56:07.719+0000][9][gc,heap     ] GC(109) Archive regions: 2->2
[2022-07-11T09:56:07.719+0000][9][gc,heap     ] GC(109) Humongous regions: 0->0
[2022-07-11T09:56:07.719+0000][9][gc,metaspace] GC(109) Metaspace: 123096K(127424K)->123096K(127424K) NonClass: 107285K(109696K)->107285K(109696K) Class: 15811K(17728K)->15811K(17728K)
[2022-07-11T09:56:07.719+0000][9][gc          ] GC(109) Pause Young (Normal) (G1 Evacuation Pause) 410M->111M(512M) 4.424ms
[2022-07-11T09:56:07.719+0000][9][gc,cpu      ] GC(109) User=0.01s Sys=0.00s Real=0.00s
[2022-07-11T09:56:07.719+0000][9][safepoint   ] Safepoint "G1CollectForAllocation", Time since last: 67354284196 ns, Reaching safepoint: 50914 ns, At safepoint: 4545948 ns, Total: 4596862 ns
[2022-07-11T09:57:12.727+0000][9][safepoint   ] Safepoint "Cleanup", Time since last: 65007505464 ns, Reaching safepoint: 167478 ns, At safepoint: 18229 ns, Total: 185707 ns
[2022-07-11T09:57:13.727+0000][9][safepoint   ] Safepoint "Cleanup", Time since last: 1000175327 ns, Reaching safepoint: 103155 ns, At safepoint: 12502 ns, Total: 115657 ns
[2022-07-11T09:57:28.075+0000][9][gc,start    ] GC(110) Pause Young (Normal) (G1 Evacuation Pause)
[2022-07-11T09:57:28.075+0000][9][gc,task     ] GC(110) Using 4 workers of 4 for evacuation
[2022-07-11T09:57:28.075+0000][9][gc,age      ] GC(110) Desired survivor size 20971520 bytes, new threshold 15 (max threshold 15)
[2022-07-11T09:57:28.078+0000][9][gc,phases   ] GC(110)   Pre Evacuate Collection Set: 0.1ms
[2022-07-11T09:57:28.078+0000][9][gc,phases   ] GC(110)   Merge Heap Roots: 0.1ms
[2022-07-11T09:57:28.078+0000][9][gc,phases   ] GC(110)   Evacuate Collection Set: 2.0ms
[2022-07-11T09:57:28.078+0000][9][gc,phases   ] GC(110)   Post Evacuate Collection Set: 1.1ms
[2022-07-11T09:57:28.078+0000][9][gc,phases   ] GC(110)   Other: 0.1ms
[2022-07-11T09:57:28.078+0000][9][gc,age      ] GC(110) Age table with threshold 15 (max threshold 15)
[2022-07-11T09:57:28.078+0000][9][gc,age      ] GC(110) - age   1:    1660264 bytes,    1660264 total
[2022-07-11T09:57:28.078+0000][9][gc,age      ] GC(110) - age   2:       2304 bytes,    1662568 total
[2022-07-11T09:57:28.078+0000][9][gc,age      ] GC(110) - age   3:        352 bytes,    1662920 total
[2022-07-11T09:57:28.078+0000][9][gc,age      ] GC(110) - age   4:       2672 bytes,    1665592 total
[2022-07-11T09:57:28.078+0000][9][gc,age      ] GC(110) - age   5:       3280 bytes,    1668872 total
[2022-07-11T09:57:28.078+0000][9][gc,age      ] GC(110) - age   8:        688 bytes,    1669560 total
[2022-07-11T09:57:28.078+0000][9][gc,age      ] GC(110) - age   9:        832 bytes,    1670392 total
[2022-07-11T09:57:28.078+0000][9][gc,age      ] GC(110) - age  10:         56 bytes,    1670448 total
[2022-07-11T09:57:28.078+0000][9][gc,age      ] GC(110) - age  11:        176 bytes,    1670624 total
[2022-07-11T09:57:28.078+0000][9][gc,age      ] GC(110) - age  12:        536 bytes,    1671160 total
[2022-07-11T09:57:28.078+0000][9][gc,age      ] GC(110) - age  13:        608 bytes,    1671768 total
[2022-07-11T09:57:28.078+0000][9][gc,age      ] GC(110) - age  14:      38896 bytes,    1710664 total
[2022-07-11T09:57:28.078+0000][9][gc,age      ] GC(110) - age  15:         80 bytes,    1710744 total
[2022-07-11T09:57:28.078+0000][9][gc,heap     ] GC(110) Eden regions: 75->0(75)
[2022-07-11T09:57:28.078+0000][9][gc,heap     ] GC(110) Survivor regions: 1->1(10)
[2022-07-11T09:57:28.078+0000][9][gc,heap     ] GC(110) Old regions: 27->27
[2022-07-11T09:57:28.078+0000][9][gc,heap     ] GC(110) Archive regions: 2->2
[2022-07-11T09:57:28.078+0000][9][gc,heap     ] GC(110) Humongous regions: 0->0
[2022-07-11T09:57:28.078+0000][9][gc,metaspace] GC(110) Metaspace: 123128K(127424K)->123128K(127424K) NonClass: 107316K(109696K)->107316K(109696K) Class: 15811K(17728K)->15811K(17728K)
[2022-07-11T09:57:28.078+0000][9][gc          ] GC(110) Pause Young (Normal) (G1 Evacuation Pause) 411M->111M(512M) 3.588ms
[2022-07-11T09:57:28.078+0000][9][gc,cpu      ] GC(110) User=0.01s Sys=0.00s Real=0.00s
[2022-07-11T09:57:28.078+0000][9][safepoint   ] Safepoint "G1CollectForAllocation", Time since last: 14347415555 ns, Reaching safepoint: 58108 ns, At safepoint: 3655616 ns, Total: 3713724 ns
[2022-07-11T09:57:41.080+0000][9][safepoint   ] Safepoint "Cleanup", Time since last: 13001545722 ns, Reaching safepoint: 78152 ns, At safepoint: 12502 ns, Total: 90654 ns
[2022-07-11T09:58:43.088+0000][9][safepoint   ] Safepoint "Cleanup", Time since last: 62008181641 ns, Reaching safepoint: 89396 ns, At safepoint: 13829 ns, Total: 103225 ns
[2022-07-11T09:58:52.089+0000][9][safepoint   ] Safepoint "Cleanup", Time since last: 9000911651 ns, Reaching safepoint: 89327 ns, At safepoint: 12990 ns, Total: 102317 ns
[2022-07-11T09:58:52.351+0000][9][gc,start    ] GC(111) Pause Young (Normal) (G1 Evacuation Pause)
[2022-07-11T09:58:52.351+0000][9][gc,task     ] GC(111) Using 4 workers of 4 for evacuation
[2022-07-11T09:58:52.351+0000][9][gc,age      ] GC(111) Desired survivor size 20971520 bytes, new threshold 15 (max threshold 15)
[2022-07-11T09:58:52.355+0000][9][gc,phases   ] GC(111)   Pre Evacuate Collection Set: 0.1ms
[2022-07-11T09:58:52.355+0000][9][gc,phases   ] GC(111)   Merge Heap Roots: 0.1ms
[2022-07-11T09:58:52.355+0000][9][gc,phases   ] GC(111)   Evacuate Collection Set: 2.7ms
[2022-07-11T09:58:52.355+0000][9][gc,phases   ] GC(111)   Post Evacuate Collection Set: 1.3ms
[2022-07-11T09:58:52.355+0000][9][gc,phases   ] GC(111)   Other: 0.2ms
[2022-07-11T09:58:52.355+0000][9][gc,age      ] GC(111) Age table with threshold 15 (max threshold 15)
[2022-07-11T09:58:52.355+0000][9][gc,age      ] GC(111) - age   1:    1430360 bytes,    1430360 total
[2022-07-11T09:58:52.355+0000][9][gc,age      ] GC(111) - age   2:       2176 bytes,    1432536 total
[2022-07-11T09:58:52.355+0000][9][gc,age      ] GC(111) - age   3:        384 bytes,    1432920 total
[2022-07-11T09:58:52.355+0000][9][gc,age      ] GC(111) - age   4:        160 bytes,    1433080 total
[2022-07-11T09:58:52.355+0000][9][gc,age      ] GC(111) - age   5:       2424 bytes,    1435504 total
[2022-07-11T09:58:52.355+0000][9][gc,age      ] GC(111) - age   6:       3280 bytes,    1438784 total
[2022-07-11T09:58:52.355+0000][9][gc,age      ] GC(111) - age   9:        688 bytes,    1439472 total
[2022-07-11T09:58:52.355+0000][9][gc,age      ] GC(111) - age  10:        832 bytes,    1440304 total
[2022-07-11T09:58:52.355+0000][9][gc,age      ] GC(111) - age  11:         56 bytes,    1440360 total
[2022-07-11T09:58:52.355+0000][9][gc,age      ] GC(111) - age  12:        176 bytes,    1440536 total
[2022-07-11T09:58:52.355+0000][9][gc,age      ] GC(111) - age  13:        536 bytes,    1441072 total
[2022-07-11T09:58:52.355+0000][9][gc,age      ] GC(111) - age  14:        608 bytes,    1441680 total
[2022-07-11T09:58:52.355+0000][9][gc,age      ] GC(111) - age  15:      38896 bytes,    1480576 total
[2022-07-11T09:58:52.355+0000][9][gc,heap     ] GC(111) Eden regions: 75->0(75)
[2022-07-11T09:58:52.355+0000][9][gc,heap     ] GC(111) Survivor regions: 1->1(10)
[2022-07-11T09:58:52.355+0000][9][gc,heap     ] GC(111) Old regions: 27->27
[2022-07-11T09:58:52.355+0000][9][gc,heap     ] GC(111) Archive regions: 2->2
[2022-07-11T09:58:52.355+0000][9][gc,heap     ] GC(111) Humongous regions: 0->0
[2022-07-11T09:58:52.355+0000][9][gc,metaspace] GC(111) Metaspace: 123133K(127424K)->123133K(127424K) NonClass: 107322K(109696K)->107322K(109696K) Class: 15811K(17728K)->15811K(17728K)
[2022-07-11T09:58:52.356+0000][9][gc          ] GC(111) Pause Young (Normal) (G1 Evacuation Pause) 411M->111M(512M) 4.908ms
[2022-07-11T09:58:52.356+0000][9][gc,cpu      ] GC(111) User=0.01s Sys=0.00s Real=0.01s
[2022-07-11T09:58:52.356+0000][9][safepoint   ] Safepoint "G1CollectForAllocation", Time since last: 261097464 ns, Reaching safepoint: 159168 ns, At safepoint: 5043845 ns, Total: 5203013 ns
[2022-07-11T09:59:00.357+0000][9][safepoint   ] Safepoint "Cleanup", Time since last: 8000843011 ns, Reaching safepoint: 84926 ns, At safepoint: 12781 ns, Total: 97707 ns
[2022-07-11T10:00:07.365+0000][9][safepoint   ] Safepoint "Cleanup", Time since last: 67008313585 ns, Reaching safepoint: 81016 ns, At safepoint: 12921 ns, Total: 93937 ns
[2022-07-11T10:00:15.645+0000][9][gc,start    ] GC(112) Pause Young (Normal) (G1 Evacuation Pause)
[2022-07-11T10:00:15.645+0000][9][gc,task     ] GC(112) Using 4 workers of 4 for evacuation
[2022-07-11T10:00:15.645+0000][9][gc,age      ] GC(112) Desired survivor size 20971520 bytes, new threshold 15 (max threshold 15)
[2022-07-11T10:00:15.648+0000][9][gc,phases   ] GC(112)   Pre Evacuate Collection Set: 0.1ms
[2022-07-11T10:00:15.648+0000][9][gc,phases   ] GC(112)   Merge Heap Roots: 0.1ms
[2022-07-11T10:00:15.648+0000][9][gc,phases   ] GC(112)   Evacuate Collection Set: 1.6ms
[2022-07-11T10:00:15.648+0000][9][gc,phases   ] GC(112)   Post Evacuate Collection Set: 1.4ms
[2022-07-11T10:00:15.648+0000][9][gc,phases   ] GC(112)   Other: 0.2ms
[2022-07-11T10:00:15.648+0000][9][gc,age      ] GC(112) Age table with threshold 15 (max threshold 15)
[2022-07-11T10:00:15.649+0000][9][gc,age      ] GC(112) - age   1:     767584 bytes,     767584 total
[2022-07-11T10:00:15.649+0000][9][gc,age      ] GC(112) - age   2:       2800 bytes,     770384 total
[2022-07-11T10:00:15.649+0000][9][gc,age      ] GC(112) - age   3:        936 bytes,     771320 total
[2022-07-11T10:00:15.649+0000][9][gc,age      ] GC(112) - age   4:         24 bytes,     771344 total
[2022-07-11T10:00:15.649+0000][9][gc,age      ] GC(112) - age   6:       2128 bytes,     773472 total
[2022-07-11T10:00:15.649+0000][9][gc,age      ] GC(112) - age   7:       3280 bytes,     776752 total
[2022-07-11T10:00:15.649+0000][9][gc,age      ] GC(112) - age  10:        688 bytes,     777440 total
[2022-07-11T10:00:15.649+0000][9][gc,age      ] GC(112) - age  11:        832 bytes,     778272 total
[2022-07-11T10:00:15.649+0000][9][gc,age      ] GC(112) - age  12:         56 bytes,     778328 total
[2022-07-11T10:00:15.649+0000][9][gc,age      ] GC(112) - age  13:        176 bytes,     778504 total
[2022-07-11T10:00:15.649+0000][9][gc,age      ] GC(112) - age  14:        536 bytes,     779040 total
[2022-07-11T10:00:15.649+0000][9][gc,age      ] GC(112) - age  15:        608 bytes,     779648 total
[2022-07-11T10:00:15.649+0000][9][gc,heap     ] GC(112) Eden regions: 75->0(75)
[2022-07-11T10:00:15.649+0000][9][gc,heap     ] GC(112) Survivor regions: 1->1(10)
[2022-07-11T10:00:15.649+0000][9][gc,heap     ] GC(112) Old regions: 27->27
[2022-07-11T10:00:15.649+0000][9][gc,heap     ] GC(112) Archive regions: 2->2
[2022-07-11T10:00:15.649+0000][9][gc,heap     ] GC(112) Humongous regions: 0->0
[2022-07-11T10:00:15.649+0000][9][gc,metaspace] GC(112) Metaspace: 123136K(127424K)->123136K(127424K) NonClass: 107324K(109696K)->107324K(109696K) Class: 15811K(17728K)->15811K(17728K)
[2022-07-11T10:00:15.649+0000][9][gc          ] GC(112) Pause Young (Normal) (G1 Evacuation Pause) 411M->110M(512M) 3.882ms
[2022-07-11T10:00:15.649+0000][9][gc,cpu      ] GC(112) User=0.01s Sys=0.00s Real=0.00s
[2022-07-11T10:00:15.649+0000][9][safepoint   ] Safepoint "G1CollectForAllocation", Time since last: 8279799387 ns, Reaching safepoint: 71028 ns, At safepoint: 4032269 ns, Total: 4103297 ns
[2022-07-11T10:01:00.654+0000][9][safepoint   ] Safepoint "Cleanup", Time since last: 45005311734 ns, Reaching safepoint: 105809 ns, At safepoint: 12013 ns, Total: 117822 ns
[2022-07-11T10:01:04.655+0000][9][safepoint   ] Safepoint "Cleanup", Time since last: 4000486502 ns, Reaching safepoint: 89257 ns, At safepoint: 12780 ns, Total: 102037 ns
[2022-07-11T10:01:36.733+0000][9][gc,start    ] GC(113) Pause Young (Normal) (G1 Evacuation Pause)
[2022-07-11T10:01:36.734+0000][9][gc,task     ] GC(113) Using 4 workers of 4 for evacuation
[2022-07-11T10:01:36.734+0000][9][gc,age      ] GC(113) Desired survivor size 20971520 bytes, new threshold 15 (max threshold 15)
[2022-07-11T10:01:36.738+0000][9][gc,phases   ] GC(113)   Pre Evacuate Collection Set: 0.1ms
[2022-07-11T10:01:36.738+0000][9][gc,phases   ] GC(113)   Merge Heap Roots: 0.1ms
[2022-07-11T10:01:36.738+0000][9][gc,phases   ] GC(113)   Evacuate Collection Set: 2.3ms
[2022-07-11T10:01:36.738+0000][9][gc,phases   ] GC(113)   Post Evacuate Collection Set: 1.5ms
[2022-07-11T10:01:36.738+0000][9][gc,phases   ] GC(113)   Other: 0.2ms
[2022-07-11T10:01:36.738+0000][9][gc,age      ] GC(113) Age table with threshold 15 (max threshold 15)
[2022-07-11T10:01:36.738+0000][9][gc,age      ] GC(113) - age   1:     987600 bytes,     987600 total
[2022-07-11T10:01:36.738+0000][9][gc,age      ] GC(113) - age   2:       1792 bytes,     989392 total
[2022-07-11T10:01:36.738+0000][9][gc,age      ] GC(113) - age   3:        640 bytes,     990032 total
[2022-07-11T10:01:36.738+0000][9][gc,age      ] GC(113) - age   4:        616 bytes,     990648 total
[2022-07-11T10:01:36.738+0000][9][gc,age      ] GC(113) - age   5:         24 bytes,     990672 total
[2022-07-11T10:01:36.738+0000][9][gc,age      ] GC(113) - age   7:       2128 bytes,     992800 total
[2022-07-11T10:01:36.738+0000][9][gc,age      ] GC(113) - age   8:       3096 bytes,     995896 total
[2022-07-11T10:01:36.738+0000][9][gc,age      ] GC(113) - age  11:        688 bytes,     996584 total
[2022-07-11T10:01:36.738+0000][9][gc,age      ] GC(113) - age  12:        832 bytes,     997416 total
[2022-07-11T10:01:36.738+0000][9][gc,age      ] GC(113) - age  13:         56 bytes,     997472 total
[2022-07-11T10:01:36.738+0000][9][gc,age      ] GC(113) - age  14:        176 bytes,     997648 total
[2022-07-11T10:01:36.738+0000][9][gc,age      ] GC(113) - age  15:        536 bytes,     998184 total
[2022-07-11T10:01:36.738+0000][9][gc,heap     ] GC(113) Eden regions: 75->0(75)
[2022-07-11T10:01:36.738+0000][9][gc,heap     ] GC(113) Survivor regions: 1->1(10)
[2022-07-11T10:01:36.738+0000][9][gc,heap     ] GC(113) Old regions: 27->27
[2022-07-11T10:01:36.738+0000][9][gc,heap     ] GC(113) Archive regions: 2->2
[2022-07-11T10:01:36.738+0000][9][gc,heap     ] GC(113) Humongous regions: 0->0
[2022-07-11T10:01:36.738+0000][9][gc,metaspace] GC(113) Metaspace: 123136K(127424K)->123136K(127424K) NonClass: 107324K(109696K)->107324K(109696K) Class: 15811K(17728K)->15811K(17728K)
[2022-07-11T10:01:36.738+0000][9][gc          ] GC(113) Pause Young (Normal) (G1 Evacuation Pause) 410M->110M(512M) 4.808ms
[2022-07-11T10:01:36.738+0000][9][gc,cpu      ] GC(113) User=0.01s Sys=0.01s Real=0.00s
[2022-07-11T10:01:36.738+0000][9][safepoint   ] Safepoint "G1CollectForAllocation", Time since last: 32078422110 ns, Reaching safepoint: 68374 ns, At safepoint: 4959348 ns, Total: 5027722 ns
[2022-07-11T10:01:43.740+0000][9][safepoint   ] Safepoint "Cleanup", Time since last: 7001230677 ns, Reaching safepoint: 79061 ns, At safepoint: 12641 ns, Total: 91702 ns
[2022-07-11T10:02:00.742+0000][9][safepoint   ] Safepoint "Cleanup", Time since last: 17002017121 ns, Reaching safepoint: 119009 ns, At safepoint: 10336 ns, Total: 129345 ns
[2022-07-11T10:02:55.349+0000][9][gc,start    ] GC(114) Pause Young (Normal) (G1 Evacuation Pause)
[2022-07-11T10:02:55.349+0000][9][gc,task     ] GC(114) Using 4 workers of 4 for evacuation
[2022-07-11T10:02:55.349+0000][9][gc,age      ] GC(114) Desired survivor size 20971520 bytes, new threshold 15 (max threshold 15)
[2022-07-11T10:02:55.352+0000][9][gc,phases   ] GC(114)   Pre Evacuate Collection Set: 0.1ms
[2022-07-11T10:02:55.352+0000][9][gc,phases   ] GC(114)   Merge Heap Roots: 0.1ms
[2022-07-11T10:02:55.352+0000][9][gc,phases   ] GC(114)   Evacuate Collection Set: 1.2ms
[2022-07-11T10:02:55.352+0000][9][gc,phases   ] GC(114)   Post Evacuate Collection Set: 1.1ms
[2022-07-11T10:02:55.352+0000][9][gc,phases   ] GC(114)   Other: 0.2ms
[2022-07-11T10:02:55.352+0000][9][gc,age      ] GC(114) Age table with threshold 15 (max threshold 15)
[2022-07-11T10:02:55.352+0000][9][gc,age      ] GC(114) - age   1:     490768 bytes,     490768 total
[2022-07-11T10:02:55.352+0000][9][gc,age      ] GC(114) - age   2:       1144 bytes,     491912 total
[2022-07-11T10:02:55.352+0000][9][gc,age      ] GC(114) - age   3:        256 bytes,     492168 total
[2022-07-11T10:02:55.352+0000][9][gc,age      ] GC(114) - age   4:        328 bytes,     492496 total
[2022-07-11T10:02:55.352+0000][9][gc,age      ] GC(114) - age   5:        616 bytes,     493112 total
[2022-07-11T10:02:55.352+0000][9][gc,age      ] GC(114) - age   6:         24 bytes,     493136 total
[2022-07-11T10:02:55.352+0000][9][gc,age      ] GC(114) - age   8:         32 bytes,     493168 total
[2022-07-11T10:02:55.352+0000][9][gc,age      ] GC(114) - age   9:       3096 bytes,     496264 total
[2022-07-11T10:02:55.352+0000][9][gc,age      ] GC(114) - age  12:        296 bytes,     496560 total
[2022-07-11T10:02:55.352+0000][9][gc,age      ] GC(114) - age  13:        832 bytes,     497392 total
[2022-07-11T10:02:55.352+0000][9][gc,age      ] GC(114) - age  14:         56 bytes,     497448 total
[2022-07-11T10:02:55.352+0000][9][gc,age      ] GC(114) - age  15:        144 bytes,     497592 total
[2022-07-11T10:02:55.352+0000][9][gc,heap     ] GC(114) Eden regions: 75->0(75)
[2022-07-11T10:02:55.352+0000][9][gc,heap     ] GC(114) Survivor regions: 1->1(10)
[2022-07-11T10:02:55.352+0000][9][gc,heap     ] GC(114) Old regions: 27->27
[2022-07-11T10:02:55.352+0000][9][gc,heap     ] GC(114) Archive regions: 2->2
[2022-07-11T10:02:55.352+0000][9][gc,heap     ] GC(114) Humongous regions: 0->0
[2022-07-11T10:02:55.352+0000][9][gc,metaspace] GC(114) Metaspace: 123137K(127424K)->123137K(127424K) NonClass: 107325K(109696K)->107325K(109696K) Class: 15811K(17728K)->15811K(17728K)
[2022-07-11T10:02:55.352+0000][9][gc          ] GC(114) Pause Young (Normal) (G1 Evacuation Pause) 410M->110M(512M) 3.276ms
[2022-07-11T10:02:55.352+0000][9][gc,cpu      ] GC(114) User=0.01s Sys=0.00s Real=0.01s
[2022-07-11T10:02:55.352+0000][9][safepoint   ] Safepoint "G1CollectForAllocation", Time since last: 54607121764 ns, Reaching safepoint: 68235 ns, At safepoint: 3401262 ns, Total: 3469497 ns
[2022-07-11T10:03:00.353+0000][9][safepoint   ] Safepoint "Cleanup", Time since last: 5000550972 ns, Reaching safepoint: 116565 ns, At safepoint: 13479 ns, Total: 130044 ns
[2022-07-11T10:03:13.356+0000][9][safepoint   ] Safepoint "Cleanup", Time since last: 13002350818 ns, Reaching safepoint: 85834 ns, At safepoint: 9987 ns, Total: 95821 ns
[2022-07-11T10:04:00.362+0000][9][safepoint   ] Safepoint "Cleanup", Time since last: 47005914063 ns, Reaching safepoint: 82622 ns, At safepoint: 14038 ns, Total: 96660 ns
[2022-07-11T10:04:04.362+0000][9][safepoint   ] Safepoint "Cleanup", Time since last: 4000498155 ns, Reaching safepoint: 83460 ns, At safepoint: 21022 ns, Total: 104482 ns
[2022-07-11T10:04:21.644+0000][9][gc,start    ] GC(115) Pause Young (Normal) (G1 Evacuation Pause)
[2022-07-11T10:04:21.644+0000][9][gc,task     ] GC(115) Using 4 workers of 4 for evacuation
[2022-07-11T10:04:21.644+0000][9][gc,age      ] GC(115) Desired survivor size 20971520 bytes, new threshold 15 (max threshold 15)
[2022-07-11T10:04:21.648+0000][9][gc,phases   ] GC(115)   Pre Evacuate Collection Set: 0.1ms
[2022-07-11T10:04:21.648+0000][9][gc,phases   ] GC(115)   Merge Heap Roots: 0.1ms
[2022-07-11T10:04:21.648+0000][9][gc,phases   ] GC(115)   Evacuate Collection Set: 2.4ms
[2022-07-11T10:04:21.648+0000][9][gc,phases   ] GC(115)   Post Evacuate Collection Set: 1.2ms
[2022-07-11T10:04:21.648+0000][9][gc,phases   ] GC(115)   Other: 0.2ms
[2022-07-11T10:04:21.648+0000][9][gc,age      ] GC(115) Age table with threshold 15 (max threshold 15)
[2022-07-11T10:04:21.648+0000][9][gc,age      ] GC(115) - age   1:    1438304 bytes,    1438304 total
[2022-07-11T10:04:21.648+0000][9][gc,age      ] GC(115) - age   2:       4064 bytes,    1442368 total
[2022-07-11T10:04:21.648+0000][9][gc,age      ] GC(115) - age   3:        248 bytes,    1442616 total
[2022-07-11T10:04:21.648+0000][9][gc,age      ] GC(115) - age   4:        256 bytes,    1442872 total
[2022-07-11T10:04:21.648+0000][9][gc,age      ] GC(115) - age   5:        328 bytes,    1443200 total
[2022-07-11T10:04:21.648+0000][9][gc,age      ] GC(115) - age   6:        320 bytes,    1443520 total
[2022-07-11T10:04:21.649+0000][9][gc,age      ] GC(115) - age   7:         24 bytes,    1443544 total
[2022-07-11T10:04:21.649+0000][9][gc,age      ] GC(115) - age   9:         32 bytes,    1443576 total
[2022-07-11T10:04:21.649+0000][9][gc,age      ] GC(115) - age  10:       3096 bytes,    1446672 total
[2022-07-11T10:04:21.649+0000][9][gc,age      ] GC(115) - age  13:        296 bytes,    1446968 total
[2022-07-11T10:04:21.649+0000][9][gc,age      ] GC(115) - age  14:        832 bytes,    1447800 total
[2022-07-11T10:04:21.649+0000][9][gc,age      ] GC(115) - age  15:         56 bytes,    1447856 total
[2022-07-11T10:04:21.649+0000][9][gc,heap     ] GC(115) Eden regions: 75->0(75)
[2022-07-11T10:04:21.649+0000][9][gc,heap     ] GC(115) Survivor regions: 1->1(10)
[2022-07-11T10:04:21.649+0000][9][gc,heap     ] GC(115) Old regions: 27->27
[2022-07-11T10:04:21.649+0000][9][gc,heap     ] GC(115) Archive regions: 2->2
[2022-07-11T10:04:21.649+0000][9][gc,heap     ] GC(115) Humongous regions: 0->0
[2022-07-11T10:04:21.649+0000][9][gc,metaspace] GC(115) Metaspace: 123139K(127424K)->123139K(127424K) NonClass: 107328K(109696K)->107328K(109696K) Class: 15811K(17728K)->15811K(17728K)
[2022-07-11T10:04:21.649+0000][9][gc          ] GC(115) Pause Young (Normal) (G1 Evacuation Pause) 410M->111M(512M) 4.575ms
[2022-07-11T10:04:21.649+0000][9][gc,cpu      ] GC(115) User=0.01s Sys=0.00s Real=0.00s
[2022-07-11T10:04:21.649+0000][9][safepoint   ] Safepoint "G1CollectForAllocation", Time since last: 17281880089 ns, Reaching safepoint: 59505 ns, At safepoint: 4694369 ns, Total: 4753874 ns
[2022-07-11T10:05:19.655+0000][9][safepoint   ] Safepoint "Cleanup", Time since last: 58006467122 ns, Reaching safepoint: 84927 ns, At safepoint: 12851 ns, Total: 97778 ns
[2022-07-11T10:05:37.073+0000][9][gc,start    ] GC(116) Pause Young (Normal) (G1 Evacuation Pause)
[2022-07-11T10:05:37.073+0000][9][gc,task     ] GC(116) Using 4 workers of 4 for evacuation
[2022-07-11T10:05:37.073+0000][9][gc,age      ] GC(116) Desired survivor size 20971520 bytes, new threshold 15 (max threshold 15)
[2022-07-11T10:05:37.077+0000][9][gc,phases   ] GC(116)   Pre Evacuate Collection Set: 0.1ms
[2022-07-11T10:05:37.077+0000][9][gc,phases   ] GC(116)   Merge Heap Roots: 0.1ms
[2022-07-11T10:05:37.077+0000][9][gc,phases   ] GC(116)   Evacuate Collection Set: 2.2ms
[2022-07-11T10:05:37.077+0000][9][gc,phases   ] GC(116)   Post Evacuate Collection Set: 1.3ms
[2022-07-11T10:05:37.077+0000][9][gc,phases   ] GC(116)   Other: 0.2ms
[2022-07-11T10:05:37.077+0000][9][gc,age      ] GC(116) Age table with threshold 15 (max threshold 15)
[2022-07-11T10:05:37.077+0000][9][gc,age      ] GC(116) - age   1:    1794336 bytes,    1794336 total
[2022-07-11T10:05:37.077+0000][9][gc,age      ] GC(116) - age   2:       1808 bytes,    1796144 total
[2022-07-11T10:05:37.077+0000][9][gc,age      ] GC(116) - age   3:       2816 bytes,    1798960 total
[2022-07-11T10:05:37.077+0000][9][gc,age      ] GC(116) - age   4:        184 bytes,    1799144 total
[2022-07-11T10:05:37.077+0000][9][gc,age      ] GC(116) - age   5:        160 bytes,    1799304 total
[2022-07-11T10:05:37.077+0000][9][gc,age      ] GC(116) - age   6:        328 bytes,    1799632 total
[2022-07-11T10:05:37.077+0000][9][gc,age      ] GC(116) - age   7:        320 bytes,    1799952 total
[2022-07-11T10:05:37.077+0000][9][gc,age      ] GC(116) - age   8:         24 bytes,    1799976 total
[2022-07-11T10:05:37.077+0000][9][gc,age      ] GC(116) - age  10:         32 bytes,    1800008 total
[2022-07-11T10:05:37.077+0000][9][gc,age      ] GC(116) - age  11:       3096 bytes,    1803104 total
[2022-07-11T10:05:37.077+0000][9][gc,age      ] GC(116) - age  14:        296 bytes,    1803400 total
[2022-07-11T10:05:37.077+0000][9][gc,age      ] GC(116) - age  15:        832 bytes,    1804232 total
[2022-07-11T10:05:37.077+0000][9][gc,heap     ] GC(116) Eden regions: 75->0(75)
[2022-07-11T10:05:37.077+0000][9][gc,heap     ] GC(116) Survivor regions: 1->1(10)
[2022-07-11T10:05:37.077+0000][9][gc,heap     ] GC(116) Old regions: 27->27
[2022-07-11T10:05:37.077+0000][9][gc,heap     ] GC(116) Archive regions: 2->2
[2022-07-11T10:05:37.077+0000][9][gc,heap     ] GC(116) Humongous regions: 0->0
[2022-07-11T10:05:37.077+0000][9][gc,metaspace] GC(116) Metaspace: 123139K(127424K)->123139K(127424K) NonClass: 107328K(109696K)->107328K(109696K) Class: 15811K(17728K)->15811K(17728K)
[2022-07-11T10:05:37.077+0000][9][gc          ] GC(116) Pause Young (Normal) (G1 Evacuation Pause) 411M->111M(512M) 4.476ms
[2022-07-11T10:05:37.077+0000][9][gc,cpu      ] GC(116) User=0.01s Sys=0.00s Real=0.00s
[2022-07-11T10:05:37.077+0000][9][safepoint   ] Safepoint "G1CollectForAllocation", Time since last: 17417208964 ns, Reaching safepoint: 71308 ns, At safepoint: 4597499 ns, Total: 4668807 ns
[2022-07-11T10:06:55.087+0000][9][safepoint   ] Safepoint "Cleanup", Time since last: 78010041441 ns, Reaching safepoint: 125783 ns, At safepoint: 12362 ns, Total: 138145 ns
[2022-07-11T10:07:00.668+0000][9][gc,start    ] GC(117) Pause Young (Normal) (G1 Evacuation Pause)
[2022-07-11T10:07:00.668+0000][9][gc,task     ] GC(117) Using 4 workers of 4 for evacuation
[2022-07-11T10:07:00.668+0000][9][gc,age      ] GC(117) Desired survivor size 20971520 bytes, new threshold 15 (max threshold 15)
[2022-07-11T10:07:00.672+0000][9][gc,phases   ] GC(117)   Pre Evacuate Collection Set: 0.1ms
[2022-07-11T10:07:00.672+0000][9][gc,phases   ] GC(117)   Merge Heap Roots: 0.1ms
[2022-07-11T10:07:00.672+0000][9][gc,phases   ] GC(117)   Evacuate Collection Set: 1.9ms
[2022-07-11T10:07:00.672+0000][9][gc,phases   ] GC(117)   Post Evacuate Collection Set: 1.4ms
[2022-07-11T10:07:00.672+0000][9][gc,phases   ] GC(117)   Other: 0.2ms
[2022-07-11T10:07:00.672+0000][9][gc,age      ] GC(117) Age table with threshold 15 (max threshold 15)
[2022-07-11T10:07:00.672+0000][9][gc,age      ] GC(117) - age   1:    1346312 bytes,    1346312 total
[2022-07-11T10:07:00.672+0000][9][gc,age      ] GC(117) - age   2:       2216 bytes,    1348528 total
[2022-07-11T10:07:00.672+0000][9][gc,age      ] GC(117) - age   3:        360 bytes,    1348888 total
[2022-07-11T10:07:00.672+0000][9][gc,age      ] GC(117) - age   4:       2816 bytes,    1351704 total
[2022-07-11T10:07:00.672+0000][9][gc,age      ] GC(117) - age   5:        184 bytes,    1351888 total
[2022-07-11T10:07:00.672+0000][9][gc,age      ] GC(117) - age   6:        160 bytes,    1352048 total
[2022-07-11T10:07:00.672+0000][9][gc,age      ] GC(117) - age   7:        328 bytes,    1352376 total
[2022-07-11T10:07:00.672+0000][9][gc,age      ] GC(117) - age   8:        320 bytes,    1352696 total
[2022-07-11T10:07:00.672+0000][9][gc,age      ] GC(117) - age   9:         24 bytes,    1352720 total
[2022-07-11T10:07:00.672+0000][9][gc,age      ] GC(117) - age  11:         32 bytes,    1352752 total
[2022-07-11T10:07:00.672+0000][9][gc,age      ] GC(117) - age  12:       3096 bytes,    1355848 total
[2022-07-11T10:07:00.672+0000][9][gc,age      ] GC(117) - age  15:        296 bytes,    1356144 total
[2022-07-11T10:07:00.672+0000][9][gc,heap     ] GC(117) Eden regions: 75->0(75)
[2022-07-11T10:07:00.672+0000][9][gc,heap     ] GC(117) Survivor regions: 1->1(10)
[2022-07-11T10:07:00.672+0000][9][gc,heap     ] GC(117) Old regions: 27->27
[2022-07-11T10:07:00.672+0000][9][gc,heap     ] GC(117) Archive regions: 2->2
[2022-07-11T10:07:00.672+0000][9][gc,heap     ] GC(117) Humongous regions: 0->0
[2022-07-11T10:07:00.672+0000][9][gc,metaspace] GC(117) Metaspace: 123139K(127424K)->123139K(127424K) NonClass: 107328K(109696K)->107328K(109696K) Class: 15811K(17728K)->15811K(17728K)
[2022-07-11T10:07:00.672+0000][9][gc          ] GC(117) Pause Young (Normal) (G1 Evacuation Pause) 411M->111M(512M) 4.254ms
[2022-07-11T10:07:00.672+0000][9][gc,cpu      ] GC(117) User=0.01s Sys=0.01s Real=0.01s
[2022-07-11T10:07:00.672+0000][9][safepoint   ] Safepoint "G1CollectForAllocation", Time since last: 5580591679 ns, Reaching safepoint: 87860 ns, At safepoint: 4382038 ns, Total: 4469898 ns
[2022-07-11T10:08:01.679+0000][9][safepoint   ] Safepoint "Cleanup", Time since last: 61006388050 ns, Reaching safepoint: 89746 ns, At safepoint: 12641 ns, Total: 102387 ns
[2022-07-11T10:08:16.681+0000][9][safepoint   ] Safepoint "Cleanup", Time since last: 15001485015 ns, Reaching safepoint: 77453 ns, At safepoint: 12432 ns, Total: 89885 ns
[2022-07-11T10:08:18.681+0000][9][safepoint   ] Safepoint "Cleanup", Time since last: 2000266526 ns, Reaching safepoint: 161263 ns, At safepoint: 16622 ns, Total: 177885 ns
[2022-07-11T10:08:24.646+0000][9][gc,start    ] GC(118) Pause Young (Normal) (G1 Evacuation Pause)
[2022-07-11T10:08:24.646+0000][9][gc,task     ] GC(118) Using 4 workers of 4 for evacuation
[2022-07-11T10:08:24.646+0000][9][gc,age      ] GC(118) Desired survivor size 20971520 bytes, new threshold 15 (max threshold 15)
[2022-07-11T10:08:24.649+0000][9][gc,phases   ] GC(118)   Pre Evacuate Collection Set: 0.1ms
[2022-07-11T10:08:24.650+0000][9][gc,phases   ] GC(118)   Merge Heap Roots: 0.1ms
[2022-07-11T10:08:24.650+0000][9][gc,phases   ] GC(118)   Evacuate Collection Set: 1.6ms
[2022-07-11T10:08:24.650+0000][9][gc,phases   ] GC(118)   Post Evacuate Collection Set: 1.4ms
[2022-07-11T10:08:24.650+0000][9][gc,phases   ] GC(118)   Other: 0.2ms
[2022-07-11T10:08:24.650+0000][9][gc,age      ] GC(118) Age table with threshold 15 (max threshold 15)
[2022-07-11T10:08:24.650+0000][9][gc,age      ] GC(118) - age   1:     741088 bytes,     741088 total
[2022-07-11T10:08:24.650+0000][9][gc,age      ] GC(118) - age   2:       2136 bytes,     743224 total
[2022-07-11T10:08:24.650+0000][9][gc,age      ] GC(118) - age   3:       1008 bytes,     744232 total
[2022-07-11T10:08:24.650+0000][9][gc,age      ] GC(118) - age   5:       2752 bytes,     746984 total
[2022-07-11T10:08:24.650+0000][9][gc,age      ] GC(118) - age   6:        184 bytes,     747168 total
[2022-07-11T10:08:24.650+0000][9][gc,age      ] GC(118) - age   7:        160 bytes,     747328 total
[2022-07-11T10:08:24.650+0000][9][gc,age      ] GC(118) - age   8:        328 bytes,     747656 total
[2022-07-11T10:08:24.650+0000][9][gc,age      ] GC(118) - age   9:        320 bytes,     747976 total
[2022-07-11T10:08:24.650+0000][9][gc,age      ] GC(118) - age  10:         24 bytes,     748000 total
[2022-07-11T10:08:24.650+0000][9][gc,age      ] GC(118) - age  12:         32 bytes,     748032 total
[2022-07-11T10:08:24.650+0000][9][gc,age      ] GC(118) - age  13:       3096 bytes,     751128 total
[2022-07-11T10:08:24.650+0000][9][gc,heap     ] GC(118) Eden regions: 75->0(75)
[2022-07-11T10:08:24.650+0000][9][gc,heap     ] GC(118) Survivor regions: 1->1(10)
[2022-07-11T10:08:24.650+0000][9][gc,heap     ] GC(118) Old regions: 27->27
[2022-07-11T10:08:24.650+0000][9][gc,heap     ] GC(118) Archive regions: 2->2
[2022-07-11T10:08:24.650+0000][9][gc,heap     ] GC(118) Humongous regions: 0->0
[2022-07-11T10:08:24.650+0000][9][gc,metaspace] GC(118) Metaspace: 123139K(127424K)->123139K(127424K) NonClass: 107328K(109696K)->107328K(109696K) Class: 15811K(17728K)->15811K(17728K)
[2022-07-11T10:08:24.650+0000][9][gc          ] GC(118) Pause Young (Normal) (G1 Evacuation Pause) 411M->110M(512M) 3.844ms
[2022-07-11T10:08:24.650+0000][9][gc,cpu      ] GC(118) User=0.01s Sys=0.01s Real=0.00s
[2022-07-11T10:08:24.650+0000][9][safepoint   ] Safepoint "G1CollectForAllocation", Time since last: 5964920514 ns, Reaching safepoint: 59156 ns, At safepoint: 3981220 ns, Total: 4040376 ns
[2022-07-11T10:08:40.652+0000][9][safepoint   ] Safepoint "Cleanup", Time since last: 16001882697 ns, Reaching safepoint: 146387 ns, At safepoint: 12991 ns, Total: 159378 ns
[2022-07-11T10:09:19.656+0000][9][safepoint   ] Safepoint "Cleanup", Time since last: 39004015796 ns, Reaching safepoint: 89746 ns, At safepoint: 30520 ns, Total: 120266 ns
[2022-07-11T10:09:28.896+0000][9][safepoint   ] Safepoint "Cleanup", Time since last: 9240044140 ns, Reaching safepoint: 91073 ns, At safepoint: 12362 ns, Total: 103435 ns
[2022-07-11T10:09:42.660+0000][9][gc,start    ] GC(119) Pause Young (Normal) (G1 Evacuation Pause)
[2022-07-11T10:09:42.660+0000][9][gc,task     ] GC(119) Using 4 workers of 4 for evacuation
[2022-07-11T10:09:42.660+0000][9][gc,age      ] GC(119) Desired survivor size 20971520 bytes, new threshold 15 (max threshold 15)
[2022-07-11T10:09:42.663+0000][9][gc,phases   ] GC(119)   Pre Evacuate Collection Set: 0.1ms
[2022-07-11T10:09:42.663+0000][9][gc,phases   ] GC(119)   Merge Heap Roots: 0.1ms
[2022-07-11T10:09:42.663+0000][9][gc,phases   ] GC(119)   Evacuate Collection Set: 1.5ms
[2022-07-11T10:09:42.663+0000][9][gc,phases   ] GC(119)   Post Evacuate Collection Set: 1.2ms
[2022-07-11T10:09:42.663+0000][9][gc,phases   ] GC(119)   Other: 0.2ms
[2022-07-11T10:09:42.663+0000][9][gc,age      ] GC(119) Age table with threshold 15 (max threshold 15)
[2022-07-11T10:09:42.663+0000][9][gc,age      ] GC(119) - age   1:     774480 bytes,     774480 total
[2022-07-11T10:09:42.663+0000][9][gc,age      ] GC(119) - age   2:       1336 bytes,     775816 total
[2022-07-11T10:09:42.663+0000][9][gc,age      ] GC(119) - age   3:        248 bytes,     776064 total
[2022-07-11T10:09:42.664+0000][9][gc,age      ] GC(119) - age   4:        656 bytes,     776720 total
[2022-07-11T10:09:42.664+0000][9][gc,age      ] GC(119) - age   6:       2752 bytes,     779472 total
[2022-07-11T10:09:42.664+0000][9][gc,age      ] GC(119) - age   7:        184 bytes,     779656 total
[2022-07-11T10:09:42.664+0000][9][gc,age      ] GC(119) - age   8:        160 bytes,     779816 total
[2022-07-11T10:09:42.664+0000][9][gc,age      ] GC(119) - age   9:        328 bytes,     780144 total
[2022-07-11T10:09:42.664+0000][9][gc,age      ] GC(119) - age  10:        136 bytes,     780280 total
[2022-07-11T10:09:42.664+0000][9][gc,age      ] GC(119) - age  11:         24 bytes,     780304 total
[2022-07-11T10:09:42.664+0000][9][gc,age      ] GC(119) - age  13:         32 bytes,     780336 total
[2022-07-11T10:09:42.664+0000][9][gc,age      ] GC(119) - age  14:       3096 bytes,     783432 total
[2022-07-11T10:09:42.664+0000][9][gc,heap     ] GC(119) Eden regions: 75->0(75)
[2022-07-11T10:09:42.664+0000][9][gc,heap     ] GC(119) Survivor regions: 1->1(10)
[2022-07-11T10:09:42.664+0000][9][gc,heap     ] GC(119) Old regions: 27->27
[2022-07-11T10:09:42.664+0000][9][gc,heap     ] GC(119) Archive regions: 2->2
[2022-07-11T10:09:42.664+0000][9][gc,heap     ] GC(119) Humongous regions: 0->0
[2022-07-11T10:09:42.664+0000][9][gc,metaspace] GC(119) Metaspace: 123139K(127424K)->123139K(127424K) NonClass: 107328K(109696K)->107328K(109696K) Class: 15811K(17728K)->15811K(17728K)
[2022-07-11T10:09:42.664+0000][9][gc          ] GC(119) Pause Young (Normal) (G1 Evacuation Pause) 410M->110M(512M) 3.572ms
[2022-07-11T10:09:42.664+0000][9][gc,cpu      ] GC(119) User=0.01s Sys=0.00s Real=0.00s
[2022-07-11T10:09:42.664+0000][9][safepoint   ] Safepoint "G1CollectForAllocation", Time since last: 13763732928 ns, Reaching safepoint: 120196 ns, At safepoint: 3699760 ns, Total: 3819956 ns
[2022-07-11T10:10:40.670+0000][9][safepoint   ] Safepoint "Cleanup", Time since last: 58006016313 ns, Reaching safepoint: 91771 ns, At safepoint: 13828 ns, Total: 105599 ns
[2022-07-11T10:11:00.672+0000][9][safepoint   ] Safepoint "Cleanup", Time since last: 20002226125 ns, Reaching safepoint: 79689 ns, At safepoint: 12920 ns, Total: 92609 ns
[2022-07-11T10:11:01.360+0000][9][gc,start    ] GC(120) Pause Young (Normal) (G1 Evacuation Pause)
[2022-07-11T10:11:01.360+0000][9][gc,task     ] GC(120) Using 4 workers of 4 for evacuation
[2022-07-11T10:11:01.360+0000][9][gc,age      ] GC(120) Desired survivor size 20971520 bytes, new threshold 15 (max threshold 15)
[2022-07-11T10:11:01.364+0000][9][gc,phases   ] GC(120)   Pre Evacuate Collection Set: 0.1ms
[2022-07-11T10:11:01.364+0000][9][gc,phases   ] GC(120)   Merge Heap Roots: 0.2ms
[2022-07-11T10:11:01.365+0000][9][gc,phases   ] GC(120)   Evacuate Collection Set: 2.6ms
[2022-07-11T10:11:01.365+0000][9][gc,phases   ] GC(120)   Post Evacuate Collection Set: 1.5ms
[2022-07-11T10:11:01.365+0000][9][gc,phases   ] GC(120)   Other: 0.2ms
[2022-07-11T10:11:01.365+0000][9][gc,age      ] GC(120) Age table with threshold 15 (max threshold 15)
[2022-07-11T10:11:01.365+0000][9][gc,age      ] GC(120) - age   1:    1630120 bytes,    1630120 total
[2022-07-11T10:11:01.365+0000][9][gc,age      ] GC(120) - age   2:       2216 bytes,    1632336 total
[2022-07-11T10:11:01.365+0000][9][gc,age      ] GC(120) - age   3:        376 bytes,    1632712 total
[2022-07-11T10:11:01.365+0000][9][gc,age      ] GC(120) - age   5:        592 bytes,    1633304 total
[2022-07-11T10:11:01.365+0000][9][gc,age      ] GC(120) - age   7:       2752 bytes,    1636056 total
[2022-07-11T10:11:01.365+0000][9][gc,age      ] GC(120) - age   8:        184 bytes,    1636240 total
[2022-07-11T10:11:01.365+0000][9][gc,age      ] GC(120) - age   9:        160 bytes,    1636400 total
[2022-07-11T10:11:01.365+0000][9][gc,age      ] GC(120) - age  10:        328 bytes,    1636728 total
[2022-07-11T10:11:01.365+0000][9][gc,age      ] GC(120) - age  11:        136 bytes,    1636864 total
[2022-07-11T10:11:01.365+0000][9][gc,age      ] GC(120) - age  12:         24 bytes,    1636888 total
[2022-07-11T10:11:01.365+0000][9][gc,age      ] GC(120) - age  14:         32 bytes,    1636920 total
[2022-07-11T10:11:01.365+0000][9][gc,age      ] GC(120) - age  15:       2712 bytes,    1639632 total
[2022-07-11T10:11:01.365+0000][9][gc,heap     ] GC(120) Eden regions: 75->0(75)
[2022-07-11T10:11:01.365+0000][9][gc,heap     ] GC(120) Survivor regions: 1->1(10)
[2022-07-11T10:11:01.365+0000][9][gc,heap     ] GC(120) Old regions: 27->27
[2022-07-11T10:11:01.365+0000][9][gc,heap     ] GC(120) Archive regions: 2->2
[2022-07-11T10:11:01.365+0000][9][gc,heap     ] GC(120) Humongous regions: 0->0
[2022-07-11T10:11:01.365+0000][9][gc,metaspace] GC(120) Metaspace: 123149K(127424K)->123149K(127424K) NonClass: 107337K(109696K)->107337K(109696K) Class: 15811K(17728K)->15811K(17728K)
[2022-07-11T10:11:01.365+0000][9][gc          ] GC(120) Pause Young (Normal) (G1 Evacuation Pause) 410M->111M(512M) 5.136ms
[2022-07-11T10:11:01.365+0000][9][gc,cpu      ] GC(120) User=0.02s Sys=0.00s Real=0.01s
[2022-07-11T10:11:01.365+0000][9][safepoint   ] Safepoint "G1CollectForAllocation", Time since last: 687338334 ns, Reaching safepoint: 77873 ns, At safepoint: 5255609 ns, Total: 5333482 ns
[2022-07-11T10:12:27.694+0000][9][gc,start    ] GC(121) Pause Young (Normal) (G1 Evacuation Pause)
[2022-07-11T10:12:27.694+0000][9][gc,task     ] GC(121) Using 4 workers of 4 for evacuation
[2022-07-11T10:12:27.694+0000][9][gc,age      ] GC(121) Desired survivor size 20971520 bytes, new threshold 15 (max threshold 15)
[2022-07-11T10:12:27.698+0000][9][gc,phases   ] GC(121)   Pre Evacuate Collection Set: 0.1ms
[2022-07-11T10:12:27.698+0000][9][gc,phases   ] GC(121)   Merge Heap Roots: 0.1ms
[2022-07-11T10:12:27.698+0000][9][gc,phases   ] GC(121)   Evacuate Collection Set: 2.2ms
[2022-07-11T10:12:27.698+0000][9][gc,phases   ] GC(121)   Post Evacuate Collection Set: 1.3ms
[2022-07-11T10:12:27.698+0000][9][gc,phases   ] GC(121)   Other: 0.2ms
[2022-07-11T10:12:27.698+0000][9][gc,age      ] GC(121) Age table with threshold 15 (max threshold 15)
[2022-07-11T10:12:27.698+0000][9][gc,age      ] GC(121) - age   1:    1459712 bytes,    1459712 total
[2022-07-11T10:12:27.698+0000][9][gc,age      ] GC(121) - age   2:       2504 bytes,    1462216 total
[2022-07-11T10:12:27.698+0000][9][gc,age      ] GC(121) - age   3:       1336 bytes,    1463552 total
[2022-07-11T10:12:27.698+0000][9][gc,age      ] GC(121) - age   4:        376 bytes,    1463928 total
[2022-07-11T10:12:27.698+0000][9][gc,age      ] GC(121) - age   6:        296 bytes,    1464224 total
[2022-07-11T10:12:27.698+0000][9][gc,age      ] GC(121) - age   8:       2752 bytes,    1466976 total
[2022-07-11T10:12:27.698+0000][9][gc,age      ] GC(121) - age   9:        184 bytes,    1467160 total
[2022-07-11T10:12:27.698+0000][9][gc,age      ] GC(121) - age  10:        160 bytes,    1467320 total
[2022-07-11T10:12:27.698+0000][9][gc,age      ] GC(121) - age  11:        328 bytes,    1467648 total
[2022-07-11T10:12:27.698+0000][9][gc,age      ] GC(121) - age  12:        136 bytes,    1467784 total
[2022-07-11T10:12:27.698+0000][9][gc,age      ] GC(121) - age  13:         24 bytes,    1467808 total
[2022-07-11T10:12:27.698+0000][9][gc,age      ] GC(121) - age  15:         32 bytes,    1467840 total
[2022-07-11T10:12:27.698+0000][9][gc,heap     ] GC(121) Eden regions: 75->0(75)
[2022-07-11T10:12:27.698+0000][9][gc,heap     ] GC(121) Survivor regions: 1->1(10)
[2022-07-11T10:12:27.698+0000][9][gc,heap     ] GC(121) Old regions: 27->27
[2022-07-11T10:12:27.698+0000][9][gc,heap     ] GC(121) Archive regions: 2->2
[2022-07-11T10:12:27.698+0000][9][gc,heap     ] GC(121) Humongous regions: 0->0
[2022-07-11T10:12:27.698+0000][9][gc,metaspace] GC(121) Metaspace: 123170K(127424K)->123170K(127424K) NonClass: 107359K(109696K)->107359K(109696K) Class: 15811K(17728K)->15811K(17728K)
[2022-07-11T10:12:27.698+0000][9][gc          ] GC(121) Pause Young (Normal) (G1 Evacuation Pause) 411M->111M(512M) 4.501ms
[2022-07-11T10:12:27.699+0000][9][gc,cpu      ] GC(121) User=0.02s Sys=0.00s Real=0.00s
[2022-07-11T10:12:27.699+0000][9][safepoint   ] Safepoint "G1CollectForAllocation", Time since last: 86328921673 ns, Reaching safepoint: 63416 ns, At safepoint: 4623617 ns, Total: 4687033 ns
[2022-07-11T10:12:39.700+0000][9][safepoint   ] Safepoint "Cleanup", Time since last: 12001222833 ns, Reaching safepoint: 101968 ns, At safepoint: 25213 ns, Total: 127181 ns
[2022-07-11T10:12:40.700+0000][9][safepoint   ] Safepoint "Cleanup", Time since last: 1000353337 ns, Reaching safepoint: 76895 ns, At safepoint: 9498 ns, Total: 86393 ns
[2022-07-11T10:13:00.702+0000][9][safepoint   ] Safepoint "Cleanup", Time since last: 20002004913 ns, Reaching safepoint: 99733 ns, At safepoint: 12781 ns, Total: 112514 ns
[2022-07-11T10:13:45.687+0000][9][gc,start    ] GC(122) Pause Young (Normal) (G1 Evacuation Pause)
[2022-07-11T10:13:45.687+0000][9][gc,task     ] GC(122) Using 4 workers of 4 for evacuation
[2022-07-11T10:13:45.687+0000][9][gc,age      ] GC(122) Desired survivor size 20971520 bytes, new threshold 15 (max threshold 15)
[2022-07-11T10:13:45.691+0000][9][gc,phases   ] GC(122)   Pre Evacuate Collection Set: 0.1ms
[2022-07-11T10:13:45.691+0000][9][gc,phases   ] GC(122)   Merge Heap Roots: 0.1ms
[2022-07-11T10:13:45.691+0000][9][gc,phases   ] GC(122)   Evacuate Collection Set: 2.3ms
[2022-07-11T10:13:45.691+0000][9][gc,phases   ] GC(122)   Post Evacuate Collection Set: 1.4ms
[2022-07-11T10:13:45.691+0000][9][gc,phases   ] GC(122)   Other: 0.2ms
[2022-07-11T10:13:45.691+0000][9][gc,age      ] GC(122) Age table with threshold 15 (max threshold 15)
[2022-07-11T10:13:45.691+0000][9][gc,age      ] GC(122) - age   1:    1284544 bytes,    1284544 total
[2022-07-11T10:13:45.691+0000][9][gc,age      ] GC(122) - age   2:       2080 bytes,    1286624 total
[2022-07-11T10:13:45.691+0000][9][gc,age      ] GC(122) - age   3:       1168 bytes,    1287792 total
[2022-07-11T10:13:45.691+0000][9][gc,age      ] GC(122) - age   4:       1008 bytes,    1288800 total
[2022-07-11T10:13:45.691+0000][9][gc,age      ] GC(122) - age   5:        376 bytes,    1289176 total
[2022-07-11T10:13:45.691+0000][9][gc,age      ] GC(122) - age   7:        296 bytes,    1289472 total
[2022-07-11T10:13:45.691+0000][9][gc,age      ] GC(122) - age   9:        680 bytes,    1290152 total
[2022-07-11T10:13:45.691+0000][9][gc,age      ] GC(122) - age  11:        160 bytes,    1290312 total
[2022-07-11T10:13:45.691+0000][9][gc,age      ] GC(122) - age  12:        328 bytes,    1290640 total
[2022-07-11T10:13:45.691+0000][9][gc,age      ] GC(122) - age  13:        136 bytes,    1290776 total
[2022-07-11T10:13:45.691+0000][9][gc,age      ] GC(122) - age  14:         24 bytes,    1290800 total
[2022-07-11T10:13:45.691+0000][9][gc,heap     ] GC(122) Eden regions: 75->0(75)
[2022-07-11T10:13:45.691+0000][9][gc,heap     ] GC(122) Survivor regions: 1->1(10)
[2022-07-11T10:13:45.691+0000][9][gc,heap     ] GC(122) Old regions: 27->27
[2022-07-11T10:13:45.691+0000][9][gc,heap     ] GC(122) Archive regions: 2->2
[2022-07-11T10:13:45.691+0000][9][gc,heap     ] GC(122) Humongous regions: 0->0
[2022-07-11T10:13:45.691+0000][9][gc,metaspace] GC(122) Metaspace: 123173K(127424K)->123173K(127424K) NonClass: 107362K(109696K)->107362K(109696K) Class: 15811K(17728K)->15811K(17728K)
[2022-07-11T10:13:45.691+0000][9][gc          ] GC(122) Pause Young (Normal) (G1 Evacuation Pause) 411M->110M(512M) 4.580ms
[2022-07-11T10:13:45.691+0000][9][gc,cpu      ] GC(122) User=0.00s Sys=0.01s Real=0.00s
[2022-07-11T10:13:45.691+0000][9][safepoint   ] Safepoint "G1CollectForAllocation", Time since last: 44983990686 ns, Reaching safepoint: 68793 ns, At safepoint: 4699743 ns, Total: 4768536 ns
[2022-07-11T10:15:06.664+0000][9][gc,start    ] GC(123) Pause Young (Normal) (G1 Evacuation Pause)
[2022-07-11T10:15:06.664+0000][9][gc,task     ] GC(123) Using 4 workers of 4 for evacuation
[2022-07-11T10:15:06.664+0000][9][gc,age      ] GC(123) Desired survivor size 20971520 bytes, new threshold 15 (max threshold 15)
[2022-07-11T10:15:06.668+0000][9][gc,phases   ] GC(123)   Pre Evacuate Collection Set: 0.1ms
[2022-07-11T10:15:06.668+0000][9][gc,phases   ] GC(123)   Merge Heap Roots: 0.1ms
[2022-07-11T10:15:06.668+0000][9][gc,phases   ] GC(123)   Evacuate Collection Set: 2.2ms
[2022-07-11T10:15:06.668+0000][9][gc,phases   ] GC(123)   Post Evacuate Collection Set: 1.2ms
[2022-07-11T10:15:06.668+0000][9][gc,phases   ] GC(123)   Other: 0.2ms
[2022-07-11T10:15:06.668+0000][9][gc,age      ] GC(123) Age table with threshold 15 (max threshold 15)
[2022-07-11T10:15:06.668+0000][9][gc,age      ] GC(123) - age   1:    1000328 bytes,    1000328 total
[2022-07-11T10:15:06.668+0000][9][gc,age      ] GC(123) - age   2:       4400 bytes,    1004728 total
[2022-07-11T10:15:06.668+0000][9][gc,age      ] GC(123) - age   3:        376 bytes,    1005104 total
[2022-07-11T10:15:06.668+0000][9][gc,age      ] GC(123) - age   4:        848 bytes,    1005952 total
[2022-07-11T10:15:06.668+0000][9][gc,age      ] GC(123) - age   5:        912 bytes,    1006864 total
[2022-07-11T10:15:06.668+0000][9][gc,age      ] GC(123) - age   6:        376 bytes,    1007240 total
[2022-07-11T10:15:06.668+0000][9][gc,age      ] GC(123) - age   8:        296 bytes,    1007536 total
[2022-07-11T10:15:06.668+0000][9][gc,age      ] GC(123) - age  10:        496 bytes,    1008032 total
[2022-07-11T10:15:06.668+0000][9][gc,age      ] GC(123) - age  12:        160 bytes,    1008192 total
[2022-07-11T10:15:06.668+0000][9][gc,age      ] GC(123) - age  13:        328 bytes,    1008520 total
[2022-07-11T10:15:06.668+0000][9][gc,age      ] GC(123) - age  14:        136 bytes,    1008656 total
[2022-07-11T10:15:06.668+0000][9][gc,age      ] GC(123) - age  15:         24 bytes,    1008680 total
[2022-07-11T10:15:06.668+0000][9][gc,heap     ] GC(123) Eden regions: 75->0(75)
[2022-07-11T10:15:06.668+0000][9][gc,heap     ] GC(123) Survivor regions: 1->1(10)
[2022-07-11T10:15:06.668+0000][9][gc,heap     ] GC(123) Old regions: 27->27
[2022-07-11T10:15:06.668+0000][9][gc,heap     ] GC(123) Archive regions: 2->2
[2022-07-11T10:15:06.668+0000][9][gc,heap     ] GC(123) Humongous regions: 0->0
[2022-07-11T10:15:06.668+0000][9][gc,metaspace] GC(123) Metaspace: 123173K(127424K)->123173K(127424K) NonClass: 107362K(109696K)->107362K(109696K) Class: 15811K(17728K)->15811K(17728K)
[2022-07-11T10:15:06.668+0000][9][gc          ] GC(123) Pause Young (Normal) (G1 Evacuation Pause) 410M->110M(512M) 4.300ms
[2022-07-11T10:15:06.668+0000][9][gc,cpu      ] GC(123) User=0.01s Sys=0.01s Real=0.01s
[2022-07-11T10:15:06.668+0000][9][safepoint   ] Safepoint "G1CollectForAllocation", Time since last: 80972453681 ns, Reaching safepoint: 40996 ns, At safepoint: 4421567 ns, Total: 4462563 ns
[2022-07-11T10:16:27.875+0000][9][gc,start    ] GC(124) Pause Young (Normal) (G1 Evacuation Pause)
[2022-07-11T10:16:27.875+0000][9][gc,task     ] GC(124) Using 4 workers of 4 for evacuation
[2022-07-11T10:16:27.875+0000][9][gc,age      ] GC(124) Desired survivor size 20971520 bytes, new threshold 15 (max threshold 15)
[2022-07-11T10:16:27.878+0000][9][gc,phases   ] GC(124)   Pre Evacuate Collection Set: 0.1ms
[2022-07-11T10:16:27.878+0000][9][gc,phases   ] GC(124)   Merge Heap Roots: 0.1ms
[2022-07-11T10:16:27.878+0000][9][gc,phases   ] GC(124)   Evacuate Collection Set: 1.5ms
[2022-07-11T10:16:27.878+0000][9][gc,phases   ] GC(124)   Post Evacuate Collection Set: 1.3ms
[2022-07-11T10:16:27.878+0000][9][gc,phases   ] GC(124)   Other: 0.2ms
[2022-07-11T10:16:27.878+0000][9][gc,age      ] GC(124) Age table with threshold 15 (max threshold 15)
[2022-07-11T10:16:27.878+0000][9][gc,age      ] GC(124) - age   1:     773176 bytes,     773176 total
[2022-07-11T10:16:27.878+0000][9][gc,age      ] GC(124) - age   2:       3840 bytes,     777016 total
[2022-07-11T10:16:27.878+0000][9][gc,age      ] GC(124) - age   3:       2832 bytes,     779848 total
[2022-07-11T10:16:27.878+0000][9][gc,age      ] GC(124) - age   4:        376 bytes,     780224 total
[2022-07-11T10:16:27.878+0000][9][gc,age      ] GC(124) - age   5:        784 bytes,     781008 total
[2022-07-11T10:16:27.878+0000][9][gc,age      ] GC(124) - age   6:        912 bytes,     781920 total
[2022-07-11T10:16:27.878+0000][9][gc,age      ] GC(124) - age   7:        376 bytes,     782296 total
[2022-07-11T10:16:27.878+0000][9][gc,age      ] GC(124) - age   9:        296 bytes,     782592 total
[2022-07-11T10:16:27.878+0000][9][gc,age      ] GC(124) - age  11:        496 bytes,     783088 total
[2022-07-11T10:16:27.878+0000][9][gc,age      ] GC(124) - age  13:        160 bytes,     783248 total
[2022-07-11T10:16:27.878+0000][9][gc,age      ] GC(124) - age  14:        328 bytes,     783576 total
[2022-07-11T10:16:27.878+0000][9][gc,age      ] GC(124) - age  15:        136 bytes,     783712 total
[2022-07-11T10:16:27.878+0000][9][gc,heap     ] GC(124) Eden regions: 75->0(75)
[2022-07-11T10:16:27.878+0000][9][gc,heap     ] GC(124) Survivor regions: 1->1(10)
[2022-07-11T10:16:27.878+0000][9][gc,heap     ] GC(124) Old regions: 27->27
[2022-07-11T10:16:27.878+0000][9][gc,heap     ] GC(124) Archive regions: 2->2
[2022-07-11T10:16:27.878+0000][9][gc,heap     ] GC(124) Humongous regions: 0->0
[2022-07-11T10:16:27.878+0000][9][gc,metaspace] GC(124) Metaspace: 123173K(127424K)->123173K(127424K) NonClass: 107362K(109696K)->107362K(109696K) Class: 15811K(17728K)->15811K(17728K)
[2022-07-11T10:16:27.878+0000][9][gc          ] GC(124) Pause Young (Normal) (G1 Evacuation Pause) 410M->110M(512M) 3.711ms
[2022-07-11T10:16:27.878+0000][9][gc,cpu      ] GC(124) User=0.01s Sys=0.00s Real=0.00s
[2022-07-11T10:16:27.878+0000][9][safepoint   ] Safepoint "G1CollectForAllocation", Time since last: 81206409798 ns, Reaching safepoint: 69143 ns, At safepoint: 3834272 ns, Total: 3903415 ns
[2022-07-11T10:17:00.882+0000][9][safepoint   ] Safepoint "Cleanup", Time since last: 33002980250 ns, Reaching safepoint: 138145 ns, At safepoint: 17670 ns, Total: 155815 ns
[2022-07-11T10:17:48.824+0000][9][gc,start    ] GC(125) Pause Young (Normal) (G1 Evacuation Pause)
[2022-07-11T10:17:48.824+0000][9][gc,task     ] GC(125) Using 4 workers of 4 for evacuation
[2022-07-11T10:17:48.824+0000][9][gc,age      ] GC(125) Desired survivor size 20971520 bytes, new threshold 15 (max threshold 15)
[2022-07-11T10:17:48.829+0000][9][gc,phases   ] GC(125)   Pre Evacuate Collection Set: 0.1ms
[2022-07-11T10:17:48.829+0000][9][gc,phases   ] GC(125)   Merge Heap Roots: 0.1ms
[2022-07-11T10:17:48.829+0000][9][gc,phases   ] GC(125)   Evacuate Collection Set: 3.7ms
[2022-07-11T10:17:48.829+0000][9][gc,phases   ] GC(125)   Post Evacuate Collection Set: 1.2ms
[2022-07-11T10:17:48.830+0000][9][gc,phases   ] GC(125)   Other: 0.2ms
[2022-07-11T10:17:48.830+0000][9][gc,age      ] GC(125) Age table with threshold 15 (max threshold 15)
[2022-07-11T10:17:48.830+0000][9][gc,age      ] GC(125) - age   1:    1387040 bytes,    1387040 total
[2022-07-11T10:17:48.830+0000][9][gc,age      ] GC(125) - age   2:       2008 bytes,    1389048 total
[2022-07-11T10:17:48.830+0000][9][gc,age      ] GC(125) - age   3:       2568 bytes,    1391616 total
[2022-07-11T10:17:48.830+0000][9][gc,age      ] GC(125) - age   4:       2312 bytes,    1393928 total
[2022-07-11T10:17:48.830+0000][9][gc,age      ] GC(125) - age   5:        184 bytes,    1394112 total
[2022-07-11T10:17:48.830+0000][9][gc,age      ] GC(125) - age   6:        600 bytes,    1394712 total
[2022-07-11T10:17:48.830+0000][9][gc,age      ] GC(125) - age   7:        912 bytes,    1395624 total
[2022-07-11T10:17:48.830+0000][9][gc,age      ] GC(125) - age   8:        376 bytes,    1396000 total
[2022-07-11T10:17:48.830+0000][9][gc,age      ] GC(125) - age  10:        296 bytes,    1396296 total
[2022-07-11T10:17:48.830+0000][9][gc,age      ] GC(125) - age  12:        104 bytes,    1396400 total
[2022-07-11T10:17:48.830+0000][9][gc,age      ] GC(125) - age  14:        160 bytes,    1396560 total
[2022-07-11T10:17:48.830+0000][9][gc,age      ] GC(125) - age  15:        328 bytes,    1396888 total
[2022-07-11T10:17:48.830+0000][9][gc,heap     ] GC(125) Eden regions: 75->0(75)
[2022-07-11T10:17:48.830+0000][9][gc,heap     ] GC(125) Survivor regions: 1->1(10)
[2022-07-11T10:17:48.830+0000][9][gc,heap     ] GC(125) Old regions: 27->27
[2022-07-11T10:17:48.830+0000][9][gc,heap     ] GC(125) Archive regions: 2->2
[2022-07-11T10:17:48.830+0000][9][gc,heap     ] GC(125) Humongous regions: 0->0
[2022-07-11T10:17:48.830+0000][9][gc,metaspace] GC(125) Metaspace: 123173K(127424K)->123173K(127424K) NonClass: 107362K(109696K)->107362K(109696K) Class: 15811K(17728K)->15811K(17728K)
[2022-07-11T10:17:48.830+0000][9][gc          ] GC(125) Pause Young (Normal) (G1 Evacuation Pause) 410M->111M(512M) 5.753ms
[2022-07-11T10:17:48.830+0000][9][gc,cpu      ] GC(125) User=0.01s Sys=0.00s Real=0.00s
[2022-07-11T10:17:48.830+0000][9][safepoint   ] Safepoint "G1CollectForAllocation", Time since last: 47942419679 ns, Reaching safepoint: 45396 ns, At safepoint: 5862666 ns, Total: 5908062 ns
[2022-07-11T10:19:07.240+0000][9][gc,start    ] GC(126) Pause Young (Normal) (G1 Evacuation Pause)
[2022-07-11T10:19:07.240+0000][9][gc,task     ] GC(126) Using 4 workers of 4 for evacuation
[2022-07-11T10:19:07.240+0000][9][gc,age      ] GC(126) Desired survivor size 20971520 bytes, new threshold 15 (max threshold 15)
[2022-07-11T10:19:07.244+0000][9][gc,phases   ] GC(126)   Pre Evacuate Collection Set: 0.1ms
[2022-07-11T10:19:07.244+0000][9][gc,phases   ] GC(126)   Merge Heap Roots: 0.2ms
[2022-07-11T10:19:07.244+0000][9][gc,phases   ] GC(126)   Evacuate Collection Set: 2.2ms
[2022-07-11T10:19:07.244+0000][9][gc,phases   ] GC(126)   Post Evacuate Collection Set: 1.4ms
[2022-07-11T10:19:07.244+0000][9][gc,phases   ] GC(126)   Other: 0.2ms
[2022-07-11T10:19:07.244+0000][9][gc,age      ] GC(126) Age table with threshold 15 (max threshold 15)
[2022-07-11T10:19:07.244+0000][9][gc,age      ] GC(126) - age   1:    1803688 bytes,    1803688 total
[2022-07-11T10:19:07.244+0000][9][gc,age      ] GC(126) - age   2:       2824 bytes,    1806512 total
[2022-07-11T10:19:07.244+0000][9][gc,age      ] GC(126) - age   3:       1240 bytes,    1807752 total
[2022-07-11T10:19:07.244+0000][9][gc,age      ] GC(126) - age   4:       2256 bytes,    1810008 total
[2022-07-11T10:19:07.244+0000][9][gc,age      ] GC(126) - age   5:       2312 bytes,    1812320 total
[2022-07-11T10:19:07.244+0000][9][gc,age      ] GC(126) - age   6:        184 bytes,    1812504 total
[2022-07-11T10:19:07.244+0000][9][gc,age      ] GC(126) - age   7:        600 bytes,    1813104 total
[2022-07-11T10:19:07.244+0000][9][gc,age      ] GC(126) - age   8:        912 bytes,    1814016 total
[2022-07-11T10:19:07.244+0000][9][gc,age      ] GC(126) - age   9:        376 bytes,    1814392 total
[2022-07-11T10:19:07.244+0000][9][gc,age      ] GC(126) - age  11:        296 bytes,    1814688 total
[2022-07-11T10:19:07.244+0000][9][gc,age      ] GC(126) - age  13:        104 bytes,    1814792 total
[2022-07-11T10:19:07.244+0000][9][gc,age      ] GC(126) - age  15:        160 bytes,    1814952 total
[2022-07-11T10:19:07.244+0000][9][gc,heap     ] GC(126) Eden regions: 75->0(75)
[2022-07-11T10:19:07.244+0000][9][gc,heap     ] GC(126) Survivor regions: 1->1(10)
[2022-07-11T10:19:07.244+0000][9][gc,heap     ] GC(126) Old regions: 27->27
[2022-07-11T10:19:07.244+0000][9][gc,heap     ] GC(126) Archive regions: 2->2
[2022-07-11T10:19:07.244+0000][9][gc,heap     ] GC(126) Humongous regions: 0->0
[2022-07-11T10:19:07.244+0000][9][gc,metaspace] GC(126) Metaspace: 123173K(127424K)->123173K(127424K) NonClass: 107362K(109696K)->107362K(109696K) Class: 15811K(17728K)->15811K(17728K)
[2022-07-11T10:19:07.244+0000][9][gc          ] GC(126) Pause Young (Normal) (G1 Evacuation Pause) 411M->111M(512M) 4.725ms
[2022-07-11T10:19:07.244+0000][9][gc,cpu      ] GC(126) User=0.00s Sys=0.02s Real=0.01s
[2022-07-11T10:19:07.244+0000][9][safepoint   ] Safepoint "G1CollectForAllocation", Time since last: 78409516743 ns, Reaching safepoint: 60552 ns, At safepoint: 4854859 ns, Total: 4915411 ns
[2022-07-11T10:19:26.246+0000][9][safepoint   ] Safepoint "Cleanup", Time since last: 19001748470 ns, Reaching safepoint: 83879 ns, At safepoint: 12641 ns, Total: 96520 ns
[2022-07-11T10:19:41.248+0000][9][safepoint   ] Safepoint "Cleanup", Time since last: 15001479280 ns, Reaching safepoint: 106577 ns, At safepoint: 17321 ns, Total: 123898 ns
[2022-07-11T10:19:43.248+0000][9][safepoint   ] Safepoint "Cleanup", Time since last: 2000473085 ns, Reaching safepoint: 77034 ns, At safepoint: 12851 ns, Total: 89885 ns
[2022-07-11T10:20:33.697+0000][9][gc,start    ] GC(127) Pause Young (Normal) (G1 Evacuation Pause)
[2022-07-11T10:20:33.697+0000][9][gc,task     ] GC(127) Using 4 workers of 4 for evacuation
[2022-07-11T10:20:33.697+0000][9][gc,age      ] GC(127) Desired survivor size 20971520 bytes, new threshold 15 (max threshold 15)
[2022-07-11T10:20:33.701+0000][9][gc,phases   ] GC(127)   Pre Evacuate Collection Set: 0.1ms
[2022-07-11T10:20:33.701+0000][9][gc,phases   ] GC(127)   Merge Heap Roots: 0.1ms
[2022-07-11T10:20:33.701+0000][9][gc,phases   ] GC(127)   Evacuate Collection Set: 1.6ms
[2022-07-11T10:20:33.701+0000][9][gc,phases   ] GC(127)   Post Evacuate Collection Set: 1.3ms
[2022-07-11T10:20:33.701+0000][9][gc,phases   ] GC(127)   Other: 0.2ms
[2022-07-11T10:20:33.701+0000][9][gc,age      ] GC(127) Age table with threshold 15 (max threshold 15)
[2022-07-11T10:20:33.701+0000][9][gc,age      ] GC(127) - age   1:    1178096 bytes,    1178096 total
[2022-07-11T10:20:33.701+0000][9][gc,age      ] GC(127) - age   2:       1904 bytes,    1180000 total
[2022-07-11T10:20:33.701+0000][9][gc,age      ] GC(127) - age   3:       1248 bytes,    1181248 total
[2022-07-11T10:20:33.701+0000][9][gc,age      ] GC(127) - age   4:        920 bytes,    1182168 total
[2022-07-11T10:20:33.701+0000][9][gc,age      ] GC(127) - age   5:       1840 bytes,    1184008 total
[2022-07-11T10:20:33.701+0000][9][gc,age      ] GC(127) - age   6:       2312 bytes,    1186320 total
[2022-07-11T10:20:33.701+0000][9][gc,age      ] GC(127) - age   7:        184 bytes,    1186504 total
[2022-07-11T10:20:33.701+0000][9][gc,age      ] GC(127) - age   8:        600 bytes,    1187104 total
[2022-07-11T10:20:33.701+0000][9][gc,age      ] GC(127) - age   9:        912 bytes,    1188016 total
[2022-07-11T10:20:33.701+0000][9][gc,age      ] GC(127) - age  10:        376 bytes,    1188392 total
[2022-07-11T10:20:33.701+0000][9][gc,age      ] GC(127) - age  12:        296 bytes,    1188688 total
[2022-07-11T10:20:33.701+0000][9][gc,age      ] GC(127) - age  14:        104 bytes,    1188792 total
[2022-07-11T10:20:33.701+0000][9][gc,heap     ] GC(127) Eden regions: 75->0(75)
[2022-07-11T10:20:33.701+0000][9][gc,heap     ] GC(127) Survivor regions: 1->1(10)
[2022-07-11T10:20:33.701+0000][9][gc,heap     ] GC(127) Old regions: 27->27
[2022-07-11T10:20:33.701+0000][9][gc,heap     ] GC(127) Archive regions: 2->2
[2022-07-11T10:20:33.701+0000][9][gc,heap     ] GC(127) Humongous regions: 0->0
[2022-07-11T10:20:33.701+0000][9][gc,metaspace] GC(127) Metaspace: 123178K(127424K)->123178K(127424K) NonClass: 107367K(109696K)->107367K(109696K) Class: 15811K(17728K)->15811K(17728K)
[2022-07-11T10:20:33.701+0000][9][gc          ] GC(127) Pause Young (Normal) (G1 Evacuation Pause) 411M->110M(512M) 3.746ms
[2022-07-11T10:20:33.701+0000][9][gc,cpu      ] GC(127) User=0.01s Sys=0.00s Real=0.00s
[2022-07-11T10:20:33.701+0000][9][safepoint   ] Safepoint "G1CollectForAllocation", Time since last: 50448860682 ns, Reaching safepoint: 48121 ns, At safepoint: 3853339 ns, Total: 3901460 ns
[2022-07-11T10:20:40.702+0000][9][safepoint   ] Safepoint "Cleanup", Time since last: 7000658618 ns, Reaching safepoint: 61949 ns, At safepoint: 11803 ns, Total: 73752 ns
[2022-07-11T10:21:10.705+0000][9][safepoint   ] Safepoint "Cleanup", Time since last: 30002728393 ns, Reaching safepoint: 88698 ns, At safepoint: 12781 ns, Total: 101479 ns
[2022-07-11T10:21:12.705+0000][9][safepoint   ] Safepoint "Cleanup", Time since last: 2000269440 ns, Reaching safepoint: 56711 ns, At safepoint: 16203 ns, Total: 72914 ns
[2022-07-11T10:21:54.786+0000][9][gc,start    ] GC(128) Pause Young (Normal) (G1 Evacuation Pause)
[2022-07-11T10:21:54.786+0000][9][gc,task     ] GC(128) Using 4 workers of 4 for evacuation
[2022-07-11T10:21:54.786+0000][9][gc,age      ] GC(128) Desired survivor size 20971520 bytes, new threshold 15 (max threshold 15)
[2022-07-11T10:21:54.789+0000][9][gc,phases   ] GC(128)   Pre Evacuate Collection Set: 0.1ms
[2022-07-11T10:21:54.789+0000][9][gc,phases   ] GC(128)   Merge Heap Roots: 0.1ms
[2022-07-11T10:21:54.789+0000][9][gc,phases   ] GC(128)   Evacuate Collection Set: 1.9ms
[2022-07-11T10:21:54.789+0000][9][gc,phases   ] GC(128)   Post Evacuate Collection Set: 1.4ms
[2022-07-11T10:21:54.789+0000][9][gc,phases   ] GC(128)   Other: 0.2ms
[2022-07-11T10:21:54.789+0000][9][gc,age      ] GC(128) Age table with threshold 15 (max threshold 15)
[2022-07-11T10:21:54.790+0000][9][gc,age      ] GC(128) - age   1:     937552 bytes,     937552 total
[2022-07-11T10:21:54.790+0000][9][gc,age      ] GC(128) - age   2:       1776 bytes,     939328 total
[2022-07-11T10:21:54.790+0000][9][gc,age      ] GC(128) - age   3:        376 bytes,     939704 total
[2022-07-11T10:21:54.790+0000][9][gc,age      ] GC(128) - age   4:        888 bytes,     940592 total
[2022-07-11T10:21:54.790+0000][9][gc,age      ] GC(128) - age   5:        920 bytes,     941512 total
[2022-07-11T10:21:54.790+0000][9][gc,age      ] GC(128) - age   6:       1544 bytes,     943056 total
[2022-07-11T10:21:54.790+0000][9][gc,age      ] GC(128) - age   7:       2312 bytes,     945368 total
[2022-07-11T10:21:54.790+0000][9][gc,age      ] GC(128) - age   8:        184 bytes,     945552 total
[2022-07-11T10:21:54.790+0000][9][gc,age      ] GC(128) - age   9:        600 bytes,     946152 total
[2022-07-11T10:21:54.790+0000][9][gc,age      ] GC(128) - age  10:        912 bytes,     947064 total
[2022-07-11T10:21:54.790+0000][9][gc,age      ] GC(128) - age  11:        376 bytes,     947440 total
[2022-07-11T10:21:54.790+0000][9][gc,age      ] GC(128) - age  13:        112 bytes,     947552 total
[2022-07-11T10:21:54.790+0000][9][gc,age      ] GC(128) - age  15:        104 bytes,     947656 total
[2022-07-11T10:21:54.790+0000][9][gc,heap     ] GC(128) Eden regions: 75->0(75)
[2022-07-11T10:21:54.790+0000][9][gc,heap     ] GC(128) Survivor regions: 1->1(10)
[2022-07-11T10:21:54.790+0000][9][gc,heap     ] GC(128) Old regions: 27->27
[2022-07-11T10:21:54.790+0000][9][gc,heap     ] GC(128) Archive regions: 2->2
[2022-07-11T10:21:54.790+0000][9][gc,heap     ] GC(128) Humongous regions: 0->0
[2022-07-11T10:21:54.790+0000][9][gc,metaspace] GC(128) Metaspace: 123188K(127424K)->123188K(127424K) NonClass: 107377K(109696K)->107377K(109696K) Class: 15811K(17728K)->15811K(17728K)
[2022-07-11T10:21:54.790+0000][9][gc          ] GC(128) Pause Young (Normal) (G1 Evacuation Pause) 410M->110M(512M) 4.214ms
[2022-07-11T10:21:54.790+0000][9][gc,cpu      ] GC(128) User=0.00s Sys=0.01s Real=0.00s
[2022-07-11T10:21:54.790+0000][9][safepoint   ] Safepoint "G1CollectForAllocation", Time since last: 42080441385 ns, Reaching safepoint: 116984 ns, At safepoint: 4334683 ns, Total: 4451667 ns
[2022-07-11T10:22:51.797+0000][9][safepoint   ] Safepoint "Cleanup", Time since last: 57006822842 ns, Reaching safepoint: 166780 ns, At safepoint: 24165 ns, Total: 190945 ns
[2022-07-11T10:23:13.256+0000][9][gc,start    ] GC(129) Pause Young (Normal) (G1 Evacuation Pause)
[2022-07-11T10:23:13.256+0000][9][gc,task     ] GC(129) Using 4 workers of 4 for evacuation
[2022-07-11T10:23:13.256+0000][9][gc,age      ] GC(129) Desired survivor size 20971520 bytes, new threshold 15 (max threshold 15)
[2022-07-11T10:23:13.259+0000][9][gc,phases   ] GC(129)   Pre Evacuate Collection Set: 0.1ms
[2022-07-11T10:23:13.259+0000][9][gc,phases   ] GC(129)   Merge Heap Roots: 0.1ms
[2022-07-11T10:23:13.259+0000][9][gc,phases   ] GC(129)   Evacuate Collection Set: 1.6ms
[2022-07-11T10:23:13.259+0000][9][gc,phases   ] GC(129)   Post Evacuate Collection Set: 1.2ms
[2022-07-11T10:23:13.259+0000][9][gc,phases   ] GC(129)   Other: 0.2ms
[2022-07-11T10:23:13.259+0000][9][gc,age      ] GC(129) Age table with threshold 15 (max threshold 15)
[2022-07-11T10:23:13.259+0000][9][gc,age      ] GC(129) - age   1:     880952 bytes,     880952 total
[2022-07-11T10:23:13.259+0000][9][gc,age      ] GC(129) - age   2:       2176 bytes,     883128 total
[2022-07-11T10:23:13.259+0000][9][gc,age      ] GC(129) - age   3:        584 bytes,     883712 total
[2022-07-11T10:23:13.259+0000][9][gc,age      ] GC(129) - age   4:        184 bytes,     883896 total
[2022-07-11T10:23:13.259+0000][9][gc,age      ] GC(129) - age   5:        640 bytes,     884536 total
[2022-07-11T10:23:13.259+0000][9][gc,age      ] GC(129) - age   6:        920 bytes,     885456 total
[2022-07-11T10:23:13.259+0000][9][gc,age      ] GC(129) - age   7:       1544 bytes,     887000 total
[2022-07-11T10:23:13.259+0000][9][gc,age      ] GC(129) - age   8:        216 bytes,     887216 total
[2022-07-11T10:23:13.259+0000][9][gc,age      ] GC(129) - age   9:        184 bytes,     887400 total
[2022-07-11T10:23:13.259+0000][9][gc,age      ] GC(129) - age  10:        600 bytes,     888000 total
[2022-07-11T10:23:13.259+0000][9][gc,age      ] GC(129) - age  11:        912 bytes,     888912 total
[2022-07-11T10:23:13.259+0000][9][gc,age      ] GC(129) - age  12:        376 bytes,     889288 total
[2022-07-11T10:23:13.259+0000][9][gc,age      ] GC(129) - age  14:        112 bytes,     889400 total
[2022-07-11T10:23:13.259+0000][9][gc,heap     ] GC(129) Eden regions: 75->0(75)
[2022-07-11T10:23:13.259+0000][9][gc,heap     ] GC(129) Survivor regions: 1->1(10)
[2022-07-11T10:23:13.259+0000][9][gc,heap     ] GC(129) Old regions: 27->27
[2022-07-11T10:23:13.259+0000][9][gc,heap     ] GC(129) Archive regions: 2->2
[2022-07-11T10:23:13.259+0000][9][gc,heap     ] GC(129) Humongous regions: 0->0
[2022-07-11T10:23:13.259+0000][9][gc,metaspace] GC(129) Metaspace: 123196K(127424K)->123196K(127424K) NonClass: 107385K(109696K)->107385K(109696K) Class: 15811K(17728K)->15811K(17728K)
[2022-07-11T10:23:13.260+0000][9][gc          ] GC(129) Pause Young (Normal) (G1 Evacuation Pause) 410M->110M(512M) 3.781ms
[2022-07-11T10:23:13.260+0000][9][gc,cpu      ] GC(129) User=0.01s Sys=0.00s Real=0.00s
[2022-07-11T10:23:13.260+0000][9][safepoint   ] Safepoint "G1CollectForAllocation", Time since last: 21458745241 ns, Reaching safepoint: 50565 ns, At safepoint: 3905789 ns, Total: 3956354 ns
[2022-07-11T10:23:23.261+0000][9][safepoint   ] Safepoint "Cleanup", Time since last: 10001520708 ns, Reaching safepoint: 90654 ns, At safepoint: 13409 ns, Total: 104063 ns
[2022-07-11T10:23:43.265+0000][9][safepoint   ] Safepoint "Cleanup", Time since last: 20004026455 ns, Reaching safepoint: 90025 ns, At safepoint: 12501 ns, Total: 102526 ns
[2022-07-11T10:23:56.267+0000][9][safepoint   ] Safepoint "Cleanup", Time since last: 13001257452 ns, Reaching safepoint: 99733 ns, At safepoint: 13200 ns, Total: 112933 ns
[2022-07-11T10:24:00.267+0000][9][safepoint   ] Safepoint "Cleanup", Time since last: 4000498835 ns, Reaching safepoint: 77733 ns, At safepoint: 9079 ns, Total: 86812 ns
[2022-07-11T10:24:31.529+0000][9][gc,start    ] GC(130) Pause Young (Normal) (G1 Evacuation Pause)
[2022-07-11T10:24:31.529+0000][9][gc,task     ] GC(130) Using 4 workers of 4 for evacuation
[2022-07-11T10:24:31.529+0000][9][gc,age      ] GC(130) Desired survivor size 20971520 bytes, new threshold 15 (max threshold 15)
[2022-07-11T10:24:31.532+0000][9][gc,phases   ] GC(130)   Pre Evacuate Collection Set: 0.1ms
[2022-07-11T10:24:31.532+0000][9][gc,phases   ] GC(130)   Merge Heap Roots: 0.1ms
[2022-07-11T10:24:31.533+0000][9][gc,phases   ] GC(130)   Evacuate Collection Set: 2.2ms
[2022-07-11T10:24:31.533+0000][9][gc,phases   ] GC(130)   Post Evacuate Collection Set: 1.2ms
[2022-07-11T10:24:31.533+0000][9][gc,phases   ] GC(130)   Other: 0.2ms
[2022-07-11T10:24:31.533+0000][9][gc,age      ] GC(130) Age table with threshold 15 (max threshold 15)
[2022-07-11T10:24:31.533+0000][9][gc,age      ] GC(130) - age   1:    1458256 bytes,    1458256 total
[2022-07-11T10:24:31.533+0000][9][gc,age      ] GC(130) - age   2:       3944 bytes,    1462200 total
[2022-07-11T10:24:31.533+0000][9][gc,age      ] GC(130) - age   3:       1472 bytes,    1463672 total
[2022-07-11T10:24:31.533+0000][9][gc,age      ] GC(130) - age   4:        456 bytes,    1464128 total
[2022-07-11T10:24:31.533+0000][9][gc,age      ] GC(130) - age   5:        184 bytes,    1464312 total
[2022-07-11T10:24:31.533+0000][9][gc,age      ] GC(130) - age   6:        640 bytes,    1464952 total
[2022-07-11T10:24:31.533+0000][9][gc,age      ] GC(130) - age   7:        920 bytes,    1465872 total
[2022-07-11T10:24:31.533+0000][9][gc,age      ] GC(130) - age   8:       1544 bytes,    1467416 total
[2022-07-11T10:24:31.533+0000][9][gc,age      ] GC(130) - age   9:        216 bytes,    1467632 total
[2022-07-11T10:24:31.533+0000][9][gc,age      ] GC(130) - age  10:        184 bytes,    1467816 total
[2022-07-11T10:24:31.533+0000][9][gc,age      ] GC(130) - age  11:        600 bytes,    1468416 total
[2022-07-11T10:24:31.533+0000][9][gc,age      ] GC(130) - age  12:        912 bytes,    1469328 total
[2022-07-11T10:24:31.533+0000][9][gc,age      ] GC(130) - age  13:        376 bytes,    1469704 total
[2022-07-11T10:24:31.533+0000][9][gc,age      ] GC(130) - age  15:        112 bytes,    1469816 total
[2022-07-11T10:24:31.533+0000][9][gc,heap     ] GC(130) Eden regions: 75->0(75)
[2022-07-11T10:24:31.533+0000][9][gc,heap     ] GC(130) Survivor regions: 1->1(10)
[2022-07-11T10:24:31.533+0000][9][gc,heap     ] GC(130) Old regions: 27->27
[2022-07-11T10:24:31.533+0000][9][gc,heap     ] GC(130) Archive regions: 2->2
[2022-07-11T10:24:31.533+0000][9][gc,heap     ] GC(130) Humongous regions: 0->0
[2022-07-11T10:24:31.533+0000][9][gc,metaspace] GC(130) Metaspace: 123196K(127424K)->123196K(127424K) NonClass: 107385K(109696K)->107385K(109696K) Class: 15811K(17728K)->15811K(17728K)
[2022-07-11T10:24:31.533+0000][9][gc          ] GC(130) Pause Young (Normal) (G1 Evacuation Pause) 410M->111M(512M) 4.332ms
[2022-07-11T10:24:31.533+0000][9][gc,cpu      ] GC(130) User=0.00s Sys=0.01s Real=0.01s
[2022-07-11T10:24:31.533+0000][9][safepoint   ] Safepoint "G1CollectForAllocation", Time since last: 31261100317 ns, Reaching safepoint: 61460 ns, At safepoint: 4451387 ns, Total: 4512847 ns
[2022-07-11T10:25:31.542+0000][9][safepoint   ] Safepoint "Cleanup", Time since last: 60008570028 ns, Reaching safepoint: 133955 ns, At safepoint: 12990 ns, Total: 146945 ns
[2022-07-11T10:25:54.856+0000][9][gc,start    ] GC(131) Pause Young (Normal) (G1 Evacuation Pause)
[2022-07-11T10:25:54.856+0000][9][gc,task     ] GC(131) Using 4 workers of 4 for evacuation
[2022-07-11T10:25:54.856+0000][9][gc,age      ] GC(131) Desired survivor size 20971520 bytes, new threshold 15 (max threshold 15)
[2022-07-11T10:25:54.862+0000][9][gc,phases   ] GC(131)   Pre Evacuate Collection Set: 0.1ms
[2022-07-11T10:25:54.862+0000][9][gc,phases   ] GC(131)   Merge Heap Roots: 0.1ms
[2022-07-11T10:25:54.862+0000][9][gc,phases   ] GC(131)   Evacuate Collection Set: 3.9ms
[2022-07-11T10:25:54.862+0000][9][gc,phases   ] GC(131)   Post Evacuate Collection Set: 1.4ms
[2022-07-11T10:25:54.862+0000][9][gc,phases   ] GC(131)   Other: 0.2ms
[2022-07-11T10:25:54.862+0000][9][gc,age      ] GC(131) Age table with threshold 15 (max threshold 15)
[2022-07-11T10:25:54.862+0000][9][gc,age      ] GC(131) - age   1:    1474664 bytes,    1474664 total
[2022-07-11T10:25:54.862+0000][9][gc,age      ] GC(131) - age   2:       1472 bytes,    1476136 total
[2022-07-11T10:25:54.862+0000][9][gc,age      ] GC(131) - age   3:       2904 bytes,    1479040 total
[2022-07-11T10:25:54.862+0000][9][gc,age      ] GC(131) - age   4:       1344 bytes,    1480384 total
[2022-07-11T10:25:54.862+0000][9][gc,age      ] GC(131) - age   6:        184 bytes,    1480568 total
[2022-07-11T10:25:54.862+0000][9][gc,age      ] GC(131) - age   7:        608 bytes,    1481176 total
[2022-07-11T10:25:54.862+0000][9][gc,age      ] GC(131) - age   8:        920 bytes,    1482096 total
[2022-07-11T10:25:54.862+0000][9][gc,age      ] GC(131) - age   9:       1544 bytes,    1483640 total
[2022-07-11T10:25:54.862+0000][9][gc,age      ] GC(131) - age  10:         32 bytes,    1483672 total
[2022-07-11T10:25:54.862+0000][9][gc,age      ] GC(131) - age  11:        184 bytes,    1483856 total
[2022-07-11T10:25:54.862+0000][9][gc,age      ] GC(131) - age  12:        600 bytes,    1484456 total
[2022-07-11T10:25:54.862+0000][9][gc,age      ] GC(131) - age  13:        912 bytes,    1485368 total
[2022-07-11T10:25:54.862+0000][9][gc,age      ] GC(131) - age  14:        376 bytes,    1485744 total
[2022-07-11T10:25:54.862+0000][9][gc,heap     ] GC(131) Eden regions: 75->0(75)
[2022-07-11T10:25:54.863+0000][9][gc,heap     ] GC(131) Survivor regions: 1->1(10)
[2022-07-11T10:25:54.863+0000][9][gc,heap     ] GC(131) Old regions: 27->27
[2022-07-11T10:25:54.863+0000][9][gc,heap     ] GC(131) Archive regions: 2->2
[2022-07-11T10:25:54.863+0000][9][gc,heap     ] GC(131) Humongous regions: 0->0
[2022-07-11T10:25:54.863+0000][9][gc,metaspace] GC(131) Metaspace: 123197K(127424K)->123197K(127424K) NonClass: 107386K(109696K)->107386K(109696K) Class: 15811K(17728K)->15811K(17728K)
[2022-07-11T10:25:54.863+0000][9][gc          ] GC(131) Pause Young (Normal) (G1 Evacuation Pause) 411M->111M(512M) 6.261ms
[2022-07-11T10:25:54.863+0000][9][gc,cpu      ] GC(131) User=0.02s Sys=0.00s Real=0.00s
[2022-07-11T10:25:54.863+0000][9][safepoint   ] Safepoint "G1CollectForAllocation", Time since last: 23314557758 ns, Reaching safepoint: 91631 ns, At safepoint: 6385565 ns, Total: 6477196 ns
[2022-07-11T10:27:15.839+0000][9][gc,start    ] GC(132) Pause Young (Normal) (G1 Evacuation Pause)
[2022-07-11T10:27:15.839+0000][9][gc,task     ] GC(132) Using 4 workers of 4 for evacuation
[2022-07-11T10:27:15.839+0000][9][gc,age      ] GC(132) Desired survivor size 20971520 bytes, new threshold 15 (max threshold 15)
[2022-07-11T10:27:15.842+0000][9][gc,phases   ] GC(132)   Pre Evacuate Collection Set: 0.1ms
[2022-07-11T10:27:15.842+0000][9][gc,phases   ] GC(132)   Merge Heap Roots: 0.1ms
[2022-07-11T10:27:15.842+0000][9][gc,phases   ] GC(132)   Evacuate Collection Set: 1.3ms
[2022-07-11T10:27:15.842+0000][9][gc,phases   ] GC(132)   Post Evacuate Collection Set: 1.0ms
[2022-07-11T10:27:15.842+0000][9][gc,phases   ] GC(132)   Other: 0.1ms
[2022-07-11T10:27:15.842+0000][9][gc,age      ] GC(132) Age table with threshold 15 (max threshold 15)
[2022-07-11T10:27:15.842+0000][9][gc,age      ] GC(132) - age   1:    1490768 bytes,    1490768 total
[2022-07-11T10:27:15.842+0000][9][gc,age      ] GC(132) - age   2:       1632 bytes,    1492400 total
[2022-07-11T10:27:15.842+0000][9][gc,age      ] GC(132) - age   3:        256 bytes,    1492656 total
[2022-07-11T10:27:15.842+0000][9][gc,age      ] GC(132) - age   4:       2584 bytes,    1495240 total
[2022-07-11T10:27:15.842+0000][9][gc,age      ] GC(132) - age   5:       1048 bytes,    1496288 total
[2022-07-11T10:27:15.842+0000][9][gc,age      ] GC(132) - age   7:        184 bytes,    1496472 total
[2022-07-11T10:27:15.842+0000][9][gc,age      ] GC(132) - age   8:        608 bytes,    1497080 total
[2022-07-11T10:27:15.842+0000][9][gc,age      ] GC(132) - age   9:        920 bytes,    1498000 total
[2022-07-11T10:27:15.842+0000][9][gc,age      ] GC(132) - age  10:       1544 bytes,    1499544 total
[2022-07-11T10:27:15.842+0000][9][gc,age      ] GC(132) - age  11:         32 bytes,    1499576 total
[2022-07-11T10:27:15.842+0000][9][gc,age      ] GC(132) - age  12:        184 bytes,    1499760 total
[2022-07-11T10:27:15.842+0000][9][gc,age      ] GC(132) - age  13:        600 bytes,    1500360 total
[2022-07-11T10:27:15.842+0000][9][gc,age      ] GC(132) - age  14:        728 bytes,    1501088 total
[2022-07-11T10:27:15.842+0000][9][gc,age      ] GC(132) - age  15:        376 bytes,    1501464 total
[2022-07-11T10:27:15.842+0000][9][gc,heap     ] GC(132) Eden regions: 75->0(75)
[2022-07-11T10:27:15.842+0000][9][gc,heap     ] GC(132) Survivor regions: 1->1(10)
[2022-07-11T10:27:15.842+0000][9][gc,heap     ] GC(132) Old regions: 27->27
[2022-07-11T10:27:15.842+0000][9][gc,heap     ] GC(132) Archive regions: 2->2
[2022-07-11T10:27:15.842+0000][9][gc,heap     ] GC(132) Humongous regions: 0->0
[2022-07-11T10:27:15.842+0000][9][gc,metaspace] GC(132) Metaspace: 123197K(127424K)->123197K(127424K) NonClass: 107386K(109696K)->107386K(109696K) Class: 15811K(17728K)->15811K(17728K)
[2022-07-11T10:27:15.842+0000][9][gc          ] GC(132) Pause Young (Normal) (G1 Evacuation Pause) 411M->111M(512M) 2.843ms
[2022-07-11T10:27:15.842+0000][9][gc,cpu      ] GC(132) User=0.00s Sys=0.00s Real=0.00s
[2022-07-11T10:27:15.842+0000][9][safepoint   ] Safepoint "G1CollectForAllocation", Time since last: 80976183110 ns, Reaching safepoint: 45467 ns, At safepoint: 2919774 ns, Total: 2965241 ns
[2022-07-11T10:28:13.848+0000][9][safepoint   ] Safepoint "Cleanup", Time since last: 58006356683 ns, Reaching safepoint: 76756 ns, At safepoint: 12990 ns, Total: 89746 ns
[2022-07-11T10:28:36.881+0000][9][gc,start    ] GC(133) Pause Young (Normal) (G1 Evacuation Pause)
[2022-07-11T10:28:36.881+0000][9][gc,task     ] GC(133) Using 4 workers of 4 for evacuation
[2022-07-11T10:28:36.881+0000][9][gc,age      ] GC(133) Desired survivor size 20971520 bytes, new threshold 15 (max threshold 15)
[2022-07-11T10:28:36.884+0000][9][gc,phases   ] GC(133)   Pre Evacuate Collection Set: 0.1ms
[2022-07-11T10:28:36.884+0000][9][gc,phases   ] GC(133)   Merge Heap Roots: 0.1ms
[2022-07-11T10:28:36.884+0000][9][gc,phases   ] GC(133)   Evacuate Collection Set: 1.7ms
[2022-07-11T10:28:36.884+0000][9][gc,phases   ] GC(133)   Post Evacuate Collection Set: 1.4ms
[2022-07-11T10:28:36.885+0000][9][gc,phases   ] GC(133)   Other: 0.2ms
[2022-07-11T10:28:36.885+0000][9][gc,age      ] GC(133) Age table with threshold 15 (max threshold 15)
[2022-07-11T10:28:36.885+0000][9][gc,age      ] GC(133) - age   1:     941496 bytes,     941496 total
[2022-07-11T10:28:36.885+0000][9][gc,age      ] GC(133) - age   2:       2176 bytes,     943672 total
[2022-07-11T10:28:36.885+0000][9][gc,age      ] GC(133) - age   3:        568 bytes,     944240 total
[2022-07-11T10:28:36.885+0000][9][gc,age      ] GC(133) - age   5:       2288 bytes,     946528 total
[2022-07-11T10:28:36.885+0000][9][gc,age      ] GC(133) - age   6:       1048 bytes,     947576 total
[2022-07-11T10:28:36.885+0000][9][gc,age      ] GC(133) - age   8:        184 bytes,     947760 total
[2022-07-11T10:28:36.885+0000][9][gc,age      ] GC(133) - age   9:        608 bytes,     948368 total
[2022-07-11T10:28:36.885+0000][9][gc,age      ] GC(133) - age  10:        920 bytes,     949288 total
[2022-07-11T10:28:36.885+0000][9][gc,age      ] GC(133) - age  11:       1544 bytes,     950832 total
[2022-07-11T10:28:36.885+0000][9][gc,age      ] GC(133) - age  12:         32 bytes,     950864 total
[2022-07-11T10:28:36.885+0000][9][gc,age      ] GC(133) - age  13:        184 bytes,     951048 total
[2022-07-11T10:28:36.885+0000][9][gc,age      ] GC(133) - age  14:        600 bytes,     951648 total
[2022-07-11T10:28:36.885+0000][9][gc,age      ] GC(133) - age  15:        728 bytes,     952376 total
[2022-07-11T10:28:36.885+0000][9][gc,heap     ] GC(133) Eden regions: 75->0(75)
[2022-07-11T10:28:36.885+0000][9][gc,heap     ] GC(133) Survivor regions: 1->1(10)
[2022-07-11T10:28:36.885+0000][9][gc,heap     ] GC(133) Old regions: 27->27
[2022-07-11T10:28:36.885+0000][9][gc,heap     ] GC(133) Archive regions: 2->2
[2022-07-11T10:28:36.885+0000][9][gc,heap     ] GC(133) Humongous regions: 0->0
[2022-07-11T10:28:36.885+0000][9][gc,metaspace] GC(133) Metaspace: 123198K(127424K)->123198K(127424K) NonClass: 107386K(109696K)->107386K(109696K) Class: 15811K(17728K)->15811K(17728K)
[2022-07-11T10:28:36.885+0000][9][gc          ] GC(133) Pause Young (Normal) (G1 Evacuation Pause) 411M->110M(512M) 4.001ms
[2022-07-11T10:28:36.885+0000][9][gc,cpu      ] GC(133) User=0.00s Sys=0.00s Real=0.01s
[2022-07-11T10:28:36.885+0000][9][safepoint   ] Safepoint "G1CollectForAllocation", Time since last: 23032402335 ns, Reaching safepoint: 117333 ns, At safepoint: 4127604 ns, Total: 4244937 ns
[2022-07-11T10:29:57.735+0000][9][gc,start    ] GC(134) Pause Young (Normal) (G1 Evacuation Pause)
[2022-07-11T10:29:57.735+0000][9][gc,task     ] GC(134) Using 4 workers of 4 for evacuation
[2022-07-11T10:29:57.735+0000][9][gc,age      ] GC(134) Desired survivor size 20971520 bytes, new threshold 15 (max threshold 15)
[2022-07-11T10:29:57.738+0000][9][gc,phases   ] GC(134)   Pre Evacuate Collection Set: 0.1ms
[2022-07-11T10:29:57.738+0000][9][gc,phases   ] GC(134)   Merge Heap Roots: 0.1ms
[2022-07-11T10:29:57.738+0000][9][gc,phases   ] GC(134)   Evacuate Collection Set: 1.5ms
[2022-07-11T10:29:57.738+0000][9][gc,phases   ] GC(134)   Post Evacuate Collection Set: 1.2ms
[2022-07-11T10:29:57.738+0000][9][gc,phases   ] GC(134)   Other: 0.2ms
[2022-07-11T10:29:57.738+0000][9][gc,age      ] GC(134) Age table with threshold 15 (max threshold 15)
[2022-07-11T10:29:57.738+0000][9][gc,age      ] GC(134) - age   1:     634584 bytes,     634584 total
[2022-07-11T10:29:57.738+0000][9][gc,age      ] GC(134) - age   2:       2184 bytes,     636768 total
[2022-07-11T10:29:57.738+0000][9][gc,age      ] GC(134) - age   3:        376 bytes,     637144 total
[2022-07-11T10:29:57.738+0000][9][gc,age      ] GC(134) - age   4:        280 bytes,     637424 total
[2022-07-11T10:29:57.738+0000][9][gc,age      ] GC(134) - age   6:       2288 bytes,     639712 total
[2022-07-11T10:29:57.738+0000][9][gc,age      ] GC(134) - age   7:        864 bytes,     640576 total
[2022-07-11T10:29:57.738+0000][9][gc,age      ] GC(134) - age   9:        184 bytes,     640760 total
[2022-07-11T10:29:57.738+0000][9][gc,age      ] GC(134) - age  10:        608 bytes,     641368 total
[2022-07-11T10:29:57.739+0000][9][gc,age      ] GC(134) - age  11:        920 bytes,     642288 total
[2022-07-11T10:29:57.739+0000][9][gc,age      ] GC(134) - age  12:       1544 bytes,     643832 total
[2022-07-11T10:29:57.739+0000][9][gc,age      ] GC(134) - age  13:         32 bytes,     643864 total
[2022-07-11T10:29:57.739+0000][9][gc,age      ] GC(134) - age  14:        184 bytes,     644048 total
[2022-07-11T10:29:57.739+0000][9][gc,age      ] GC(134) - age  15:        600 bytes,     644648 total
[2022-07-11T10:29:57.739+0000][9][gc,heap     ] GC(134) Eden regions: 75->0(75)
[2022-07-11T10:29:57.739+0000][9][gc,heap     ] GC(134) Survivor regions: 1->1(10)
[2022-07-11T10:29:57.739+0000][9][gc,heap     ] GC(134) Old regions: 27->27
[2022-07-11T10:29:57.739+0000][9][gc,heap     ] GC(134) Archive regions: 2->2
[2022-07-11T10:29:57.739+0000][9][gc,heap     ] GC(134) Humongous regions: 0->0
[2022-07-11T10:29:57.739+0000][9][gc,metaspace] GC(134) Metaspace: 123200K(127424K)->123200K(127424K) NonClass: 107388K(109696K)->107388K(109696K) Class: 15811K(17728K)->15811K(17728K)
[2022-07-11T10:29:57.739+0000][9][gc          ] GC(134) Pause Young (Normal) (G1 Evacuation Pause) 410M->110M(512M) 3.670ms
[2022-07-11T10:29:57.739+0000][9][gc,cpu      ] GC(134) User=0.01s Sys=0.00s Real=0.00s
[2022-07-11T10:29:57.739+0000][9][safepoint   ] Safepoint "G1CollectForAllocation", Time since last: 80849988824 ns, Reaching safepoint: 74381 ns, At safepoint: 3800329 ns, Total: 3874710 ns
[2022-07-11T10:31:18.861+0000][9][gc,start    ] GC(135) Pause Young (Normal) (G1 Evacuation Pause)
[2022-07-11T10:31:18.861+0000][9][gc,task     ] GC(135) Using 4 workers of 4 for evacuation
[2022-07-11T10:31:18.861+0000][9][gc,age      ] GC(135) Desired survivor size 20971520 bytes, new threshold 15 (max threshold 15)
[2022-07-11T10:31:18.862+0000][9][gc,phases   ] GC(135)   Pre Evacuate Collection Set: 0.1ms
[2022-07-11T10:31:18.863+0000][9][gc,phases   ] GC(135)   Merge Heap Roots: 0.0ms
[2022-07-11T10:31:18.863+0000][9][gc,phases   ] GC(135)   Evacuate Collection Set: 0.7ms
[2022-07-11T10:31:18.863+0000][9][gc,phases   ] GC(135)   Post Evacuate Collection Set: 0.8ms
[2022-07-11T10:31:18.863+0000][9][gc,phases   ] GC(135)   Other: 0.1ms
[2022-07-11T10:31:18.863+0000][9][gc,age      ] GC(135) Age table with threshold 15 (max threshold 15)
[2022-07-11T10:31:18.863+0000][9][gc,age      ] GC(135) - age   1:     798552 bytes,     798552 total
[2022-07-11T10:31:18.863+0000][9][gc,age      ] GC(135) - age   2:       9800 bytes,     808352 total
[2022-07-11T10:31:18.863+0000][9][gc,age      ] GC(135) - age   3:        456 bytes,     808808 total
[2022-07-11T10:31:18.863+0000][9][gc,age      ] GC(135) - age   4:        184 bytes,     808992 total
[2022-07-11T10:31:18.863+0000][9][gc,age      ] GC(135) - age   5:        216 bytes,     809208 total
[2022-07-11T10:31:18.863+0000][9][gc,age      ] GC(135) - age   7:       2288 bytes,     811496 total
[2022-07-11T10:31:18.863+0000][9][gc,age      ] GC(135) - age   8:        864 bytes,     812360 total
[2022-07-11T10:31:18.863+0000][9][gc,age      ] GC(135) - age  11:        608 bytes,     812968 total
[2022-07-11T10:31:18.863+0000][9][gc,age      ] GC(135) - age  12:        920 bytes,     813888 total
[2022-07-11T10:31:18.863+0000][9][gc,age      ] GC(135) - age  13:       1520 bytes,     815408 total
[2022-07-11T10:31:18.863+0000][9][gc,age      ] GC(135) - age  14:         32 bytes,     815440 total
[2022-07-11T10:31:18.863+0000][9][gc,age      ] GC(135) - age  15:        184 bytes,     815624 total
[2022-07-11T10:31:18.863+0000][9][gc,heap     ] GC(135) Eden regions: 75->0(75)
[2022-07-11T10:31:18.863+0000][9][gc,heap     ] GC(135) Survivor regions: 1->1(10)
[2022-07-11T10:31:18.863+0000][9][gc,heap     ] GC(135) Old regions: 27->27
[2022-07-11T10:31:18.863+0000][9][gc,heap     ] GC(135) Archive regions: 2->2
[2022-07-11T10:31:18.863+0000][9][gc,heap     ] GC(135) Humongous regions: 0->0
[2022-07-11T10:31:18.863+0000][9][gc,metaspace] GC(135) Metaspace: 123200K(127424K)->123200K(127424K) NonClass: 107388K(109696K)->107388K(109696K) Class: 15811K(17728K)->15811K(17728K)
[2022-07-11T10:31:18.863+0000][9][gc          ] GC(135) Pause Young (Normal) (G1 Evacuation Pause) 410M->110M(512M) 2.049ms
[2022-07-11T10:31:18.863+0000][9][gc,cpu      ] GC(135) User=0.01s Sys=0.00s Real=0.00s
[2022-07-11T10:31:18.863+0000][9][safepoint   ] Safepoint "G1CollectForAllocation", Time since last: 81121764617 ns, Reaching safepoint: 38063 ns, At safepoint: 2110177 ns, Total: 2148240 ns
[2022-07-11T10:31:43.865+0000][9][safepoint   ] Safepoint "Cleanup", Time since last: 25002179220 ns, Reaching safepoint: 56292 ns, At safepoint: 7193 ns, Total: 63485 ns
[2022-07-11T10:31:48.865+0000][9][safepoint   ] Safepoint "Cleanup", Time since last: 5000428030 ns, Reaching safepoint: 53498 ns, At safepoint: 8032 ns, Total: 61530 ns
[2022-07-11T10:32:16.868+0000][9][safepoint   ] Safepoint "Cleanup", Time since last: 28002540142 ns, Reaching safepoint: 80596 ns, At safepoint: 12362 ns, Total: 92958 ns
[2022-07-11T10:32:20.869+0000][9][safepoint   ] Safepoint "Cleanup", Time since last: 4000502335 ns, Reaching safepoint: 84437 ns, At safepoint: 12921 ns, Total: 97358 ns
[2022-07-11T10:32:25.870+0000][9][safepoint   ] Safepoint "Cleanup", Time since last: 5000784762 ns, Reaching safepoint: 88349 ns, At safepoint: 12990 ns, Total: 101339 ns
[2022-07-11T10:32:39.839+0000][9][gc,start    ] GC(136) Pause Young (Normal) (G1 Evacuation Pause)
[2022-07-11T10:32:39.839+0000][9][gc,task     ] GC(136) Using 4 workers of 4 for evacuation
[2022-07-11T10:32:39.839+0000][9][gc,age      ] GC(136) Desired survivor size 20971520 bytes, new threshold 15 (max threshold 15)
[2022-07-11T10:32:39.844+0000][9][gc,phases   ] GC(136)   Pre Evacuate Collection Set: 0.1ms
[2022-07-11T10:32:39.844+0000][9][gc,phases   ] GC(136)   Merge Heap Roots: 0.1ms
[2022-07-11T10:32:39.844+0000][9][gc,phases   ] GC(136)   Evacuate Collection Set: 2.7ms
[2022-07-11T10:32:39.844+0000][9][gc,phases   ] GC(136)   Post Evacuate Collection Set: 1.6ms
[2022-07-11T10:32:39.844+0000][9][gc,phases   ] GC(136)   Other: 0.1ms
[2022-07-11T10:32:39.844+0000][9][gc,age      ] GC(136) Age table with threshold 15 (max threshold 15)
[2022-07-11T10:32:39.844+0000][9][gc,age      ] GC(136) - age   1:    1790216 bytes,    1790216 total
[2022-07-11T10:32:39.844+0000][9][gc,age      ] GC(136) - age   2:       2312 bytes,    1792528 total
[2022-07-11T10:32:39.844+0000][9][gc,age      ] GC(136) - age   3:       8968 bytes,    1801496 total
[2022-07-11T10:32:39.844+0000][9][gc,age      ] GC(136) - age   4:        392 bytes,    1801888 total
[2022-07-11T10:32:39.844+0000][9][gc,age      ] GC(136) - age   5:        184 bytes,    1802072 total
[2022-07-11T10:32:39.844+0000][9][gc,age      ] GC(136) - age   6:        216 bytes,    1802288 total
[2022-07-11T10:32:39.844+0000][9][gc,age      ] GC(136) - age   8:       2104 bytes,    1804392 total
[2022-07-11T10:32:39.844+0000][9][gc,age      ] GC(136) - age   9:        864 bytes,    1805256 total
[2022-07-11T10:32:39.844+0000][9][gc,age      ] GC(136) - age  12:        216 bytes,    1805472 total
[2022-07-11T10:32:39.844+0000][9][gc,age      ] GC(136) - age  13:        920 bytes,    1806392 total
[2022-07-11T10:32:39.844+0000][9][gc,age      ] GC(136) - age  14:       1520 bytes,    1807912 total
[2022-07-11T10:32:39.844+0000][9][gc,heap     ] GC(136) Eden regions: 75->0(75)
[2022-07-11T10:32:39.844+0000][9][gc,heap     ] GC(136) Survivor regions: 1->1(10)
[2022-07-11T10:32:39.844+0000][9][gc,heap     ] GC(136) Old regions: 27->27
[2022-07-11T10:32:39.844+0000][9][gc,heap     ] GC(136) Archive regions: 2->2
[2022-07-11T10:32:39.844+0000][9][gc,heap     ] GC(136) Humongous regions: 0->0
[2022-07-11T10:32:39.844+0000][9][gc,metaspace] GC(136) Metaspace: 123203K(127424K)->123203K(127424K) NonClass: 107392K(109696K)->107392K(109696K) Class: 15811K(17728K)->15811K(17728K)
[2022-07-11T10:32:39.844+0000][9][gc          ] GC(136) Pause Young (Normal) (G1 Evacuation Pause) 410M->111M(512M) 4.829ms
[2022-07-11T10:32:39.844+0000][9][gc,cpu      ] GC(136) User=0.00s Sys=0.00s Real=0.01s
[2022-07-11T10:32:39.844+0000][9][safepoint   ] Safepoint "G1CollectForAllocation", Time since last: 13969534104 ns, Reaching safepoint: 44489 ns, At safepoint: 4905982 ns, Total: 4950471 ns
[2022-07-11T10:32:55.846+0000][9][safepoint   ] Safepoint "Cleanup", Time since last: 16001433324 ns, Reaching safepoint: 99733 ns, At safepoint: 12781 ns, Total: 112514 ns
[2022-07-11T10:33:00.846+0000][9][safepoint   ] Safepoint "Cleanup", Time since last: 5000556997 ns, Reaching safepoint: 89187 ns, At safepoint: 12292 ns, Total: 101479 ns
[2022-07-11T10:33:07.848+0000][9][safepoint   ] Safepoint "Cleanup", Time since last: 7002054922 ns, Reaching safepoint: 83600 ns, At safepoint: 24305 ns, Total: 107905 ns
[2022-07-11T10:33:10.849+0000][9][safepoint   ] Safepoint "Cleanup", Time since last: 3000359715 ns, Reaching safepoint: 83810 ns, At safepoint: 12641 ns, Total: 96451 ns
[2022-07-11T10:33:25.850+0000][9][safepoint   ] Safepoint "Cleanup", Time since last: 15001484075 ns, Reaching safepoint: 97219 ns, At safepoint: 12571 ns, Total: 109790 ns
[2022-07-11T10:33:27.851+0000][9][safepoint   ] Safepoint "Cleanup", Time since last: 2000436760 ns, Reaching safepoint: 52241 ns, At safepoint: 16762 ns, Total: 69003 ns
[2022-07-11T10:33:28.851+0000][9][safepoint   ] Safepoint "Cleanup", Time since last: 1000212443 ns, Reaching safepoint: 78082 ns, At safepoint: 12781 ns, Total: 90863 ns
[2022-07-11T10:33:43.853+0000][9][safepoint   ] Safepoint "Cleanup", Time since last: 15001575688 ns, Reaching safepoint: 80247 ns, At safepoint: 12641 ns, Total: 92888 ns
[2022-07-11T10:33:57.854+0000][9][safepoint   ] Safepoint "Cleanup", Time since last: 14001314203 ns, Reaching safepoint: 95403 ns, At safepoint: 13130 ns, Total: 108533 ns
[2022-07-11T10:34:00.726+0000][9][gc,start    ] GC(137) Pause Young (Normal) (G1 Evacuation Pause)
[2022-07-11T10:34:00.726+0000][9][gc,task     ] GC(137) Using 4 workers of 4 for evacuation
[2022-07-11T10:34:00.726+0000][9][gc,age      ] GC(137) Desired survivor size 20971520 bytes, new threshold 15 (max threshold 15)
[2022-07-11T10:34:00.729+0000][9][gc,phases   ] GC(137)   Pre Evacuate Collection Set: 0.1ms
[2022-07-11T10:34:00.729+0000][9][gc,phases   ] GC(137)   Merge Heap Roots: 0.1ms
[2022-07-11T10:34:00.729+0000][9][gc,phases   ] GC(137)   Evacuate Collection Set: 1.9ms
[2022-07-11T10:34:00.729+0000][9][gc,phases   ] GC(137)   Post Evacuate Collection Set: 1.3ms
[2022-07-11T10:34:00.729+0000][9][gc,phases   ] GC(137)   Other: 0.1ms
[2022-07-11T10:34:00.729+0000][9][gc,age      ] GC(137) Age table with threshold 15 (max threshold 15)
[2022-07-11T10:34:00.729+0000][9][gc,age      ] GC(137) - age   1:    1395800 bytes,    1395800 total
[2022-07-11T10:34:00.729+0000][9][gc,age      ] GC(137) - age   2:       2736 bytes,    1398536 total
[2022-07-11T10:34:00.729+0000][9][gc,age      ] GC(137) - age   3:        680 bytes,    1399216 total
[2022-07-11T10:34:00.729+0000][9][gc,age      ] GC(137) - age   4:        888 bytes,    1400104 total
[2022-07-11T10:34:00.729+0000][9][gc,age      ] GC(137) - age   5:        392 bytes,    1400496 total
[2022-07-11T10:34:00.729+0000][9][gc,age      ] GC(137) - age   7:        216 bytes,    1400712 total
[2022-07-11T10:34:00.729+0000][9][gc,age      ] GC(137) - age   9:        184 bytes,    1400896 total
[2022-07-11T10:34:00.729+0000][9][gc,age      ] GC(137) - age  10:        864 bytes,    1401760 total
[2022-07-11T10:34:00.729+0000][9][gc,age      ] GC(137) - age  13:        216 bytes,    1401976 total
[2022-07-11T10:34:00.729+0000][9][gc,age      ] GC(137) - age  14:        920 bytes,    1402896 total
[2022-07-11T10:34:00.729+0000][9][gc,age      ] GC(137) - age  15:       1520 bytes,    1404416 total
[2022-07-11T10:34:00.729+0000][9][gc,heap     ] GC(137) Eden regions: 75->0(75)
[2022-07-11T10:34:00.729+0000][9][gc,heap     ] GC(137) Survivor regions: 1->1(10)
[2022-07-11T10:34:00.729+0000][9][gc,heap     ] GC(137) Old regions: 27->27
[2022-07-11T10:34:00.729+0000][9][gc,heap     ] GC(137) Archive regions: 2->2
[2022-07-11T10:34:00.729+0000][9][gc,heap     ] GC(137) Humongous regions: 0->0
[2022-07-11T10:34:00.729+0000][9][gc,metaspace] GC(137) Metaspace: 123225K(127424K)->123225K(127424K) NonClass: 107414K(109696K)->107414K(109696K) Class: 15811K(17728K)->15811K(17728K)
[2022-07-11T10:34:00.730+0000][9][gc          ] GC(137) Pause Young (Normal) (G1 Evacuation Pause) 411M->111M(512M) 3.925ms
[2022-07-11T10:34:00.730+0000][9][gc,cpu      ] GC(137) User=0.01s Sys=0.00s Real=0.00s
[2022-07-11T10:34:00.730+0000][9][safepoint   ] Safepoint "G1CollectForAllocation", Time since last: 2871126443 ns, Reaching safepoint: 68653 ns, At safepoint: 4006780 ns, Total: 4075433 ns
[2022-07-11T10:34:01.730+0000][9][safepoint   ] Safepoint "Cleanup", Time since last: 1000153146 ns, Reaching safepoint: 93447 ns, At safepoint: 13479 ns, Total: 106926 ns
[2022-07-11T10:35:00.737+0000][9][safepoint   ] Safepoint "Cleanup", Time since last: 59006706978 ns, Reaching safepoint: 102387 ns, At safepoint: 16972 ns, Total: 119359 ns
[2022-07-11T10:35:15.857+0000][9][gc,start    ] GC(138) Pause Young (Normal) (G1 Evacuation Pause)
[2022-07-11T10:35:15.857+0000][9][gc,task     ] GC(138) Using 4 workers of 4 for evacuation
[2022-07-11T10:35:15.857+0000][9][gc,age      ] GC(138) Desired survivor size 20971520 bytes, new threshold 15 (max threshold 15)
[2022-07-11T10:35:15.861+0000][9][gc,phases   ] GC(138)   Pre Evacuate Collection Set: 0.1ms
[2022-07-11T10:35:15.861+0000][9][gc,phases   ] GC(138)   Merge Heap Roots: 0.1ms
[2022-07-11T10:35:15.861+0000][9][gc,phases   ] GC(138)   Evacuate Collection Set: 2.4ms
[2022-07-11T10:35:15.861+0000][9][gc,phases   ] GC(138)   Post Evacuate Collection Set: 1.4ms
[2022-07-11T10:35:15.861+0000][9][gc,phases   ] GC(138)   Other: 0.2ms
[2022-07-11T10:35:15.861+0000][9][gc,age      ] GC(138) Age table with threshold 15 (max threshold 15)
[2022-07-11T10:35:15.861+0000][9][gc,age      ] GC(138) - age   1:    1127376 bytes,    1127376 total
[2022-07-11T10:35:15.861+0000][9][gc,age      ] GC(138) - age   2:     238712 bytes,    1366088 total
[2022-07-11T10:35:15.861+0000][9][gc,age      ] GC(138) - age   3:        968 bytes,    1367056 total
[2022-07-11T10:35:15.861+0000][9][gc,age      ] GC(138) - age   4:        680 bytes,    1367736 total
[2022-07-11T10:35:15.861+0000][9][gc,age      ] GC(138) - age   5:        608 bytes,    1368344 total
[2022-07-11T10:35:15.861+0000][9][gc,age      ] GC(138) - age   6:        392 bytes,    1368736 total
[2022-07-11T10:35:15.861+0000][9][gc,age      ] GC(138) - age   8:        216 bytes,    1368952 total
[2022-07-11T10:35:15.861+0000][9][gc,age      ] GC(138) - age  10:        184 bytes,    1369136 total
[2022-07-11T10:35:15.861+0000][9][gc,age      ] GC(138) - age  11:        864 bytes,    1370000 total
[2022-07-11T10:35:15.861+0000][9][gc,age      ] GC(138) - age  14:        216 bytes,    1370216 total
[2022-07-11T10:35:15.861+0000][9][gc,age      ] GC(138) - age  15:        920 bytes,    1371136 total
[2022-07-11T10:35:15.861+0000][9][gc,heap     ] GC(138) Eden regions: 75->0(75)
[2022-07-11T10:35:15.861+0000][9][gc,heap     ] GC(138) Survivor regions: 1->1(10)
[2022-07-11T10:35:15.861+0000][9][gc,heap     ] GC(138) Old regions: 27->27
[2022-07-11T10:35:15.861+0000][9][gc,heap     ] GC(138) Archive regions: 2->2
[2022-07-11T10:35:15.861+0000][9][gc,heap     ] GC(138) Humongous regions: 0->0
[2022-07-11T10:35:15.861+0000][9][gc,metaspace] GC(138) Metaspace: 123225K(127424K)->123225K(127424K) NonClass: 107414K(109696K)->107414K(109696K) Class: 15811K(17728K)->15811K(17728K)
[2022-07-11T10:35:15.861+0000][9][gc          ] GC(138) Pause Young (Normal) (G1 Evacuation Pause) 411M->111M(512M) 4.618ms
[2022-07-11T10:35:15.861+0000][9][gc,cpu      ] GC(138) User=0.02s Sys=0.00s Real=0.00s
[2022-07-11T10:35:15.861+0000][9][safepoint   ] Safepoint "G1CollectForAllocation", Time since last: 15119816115 ns, Reaching safepoint: 54267 ns, At safepoint: 4734951 ns, Total: 4789218 ns
[2022-07-11T10:36:36.912+0000][9][gc,start    ] GC(139) Pause Young (Normal) (G1 Evacuation Pause)
[2022-07-11T10:36:36.912+0000][9][gc,task     ] GC(139) Using 4 workers of 4 for evacuation
[2022-07-11T10:36:36.912+0000][9][gc,age      ] GC(139) Desired survivor size 20971520 bytes, new threshold 15 (max threshold 15)
[2022-07-11T10:36:36.914+0000][9][gc,phases   ] GC(139)   Pre Evacuate Collection Set: 0.1ms
[2022-07-11T10:36:36.914+0000][9][gc,phases   ] GC(139)   Merge Heap Roots: 0.0ms
[2022-07-11T10:36:36.914+0000][9][gc,phases   ] GC(139)   Evacuate Collection Set: 1.0ms
[2022-07-11T10:36:36.914+0000][9][gc,phases   ] GC(139)   Post Evacuate Collection Set: 0.9ms
[2022-07-11T10:36:36.914+0000][9][gc,phases   ] GC(139)   Other: 0.1ms
[2022-07-11T10:36:36.914+0000][9][gc,age      ] GC(139) Age table with threshold 15 (max threshold 15)
[2022-07-11T10:36:36.914+0000][9][gc,age      ] GC(139) - age   1:     763280 bytes,     763280 total
[2022-07-11T10:36:36.914+0000][9][gc,age      ] GC(139) - age   2:      26184 bytes,     789464 total
[2022-07-11T10:36:36.914+0000][9][gc,age      ] GC(139) - age   3:     237600 bytes,    1027064 total
[2022-07-11T10:36:36.915+0000][9][gc,age      ] GC(139) - age   4:        904 bytes,    1027968 total
[2022-07-11T10:36:36.915+0000][9][gc,age      ] GC(139) - age   5:        616 bytes,    1028584 total
[2022-07-11T10:36:36.915+0000][9][gc,age      ] GC(139) - age   6:        608 bytes,    1029192 total
[2022-07-11T10:36:36.915+0000][9][gc,age      ] GC(139) - age   7:         96 bytes,    1029288 total
[2022-07-11T10:36:36.915+0000][9][gc,age      ] GC(139) - age   9:        216 bytes,    1029504 total
[2022-07-11T10:36:36.915+0000][9][gc,age      ] GC(139) - age  11:        184 bytes,    1029688 total
[2022-07-11T10:36:36.915+0000][9][gc,age      ] GC(139) - age  12:        864 bytes,    1030552 total
[2022-07-11T10:36:36.915+0000][9][gc,age      ] GC(139) - age  15:        216 bytes,    1030768 total
[2022-07-11T10:36:36.915+0000][9][gc,heap     ] GC(139) Eden regions: 75->0(75)
[2022-07-11T10:36:36.915+0000][9][gc,heap     ] GC(139) Survivor regions: 1->1(10)
[2022-07-11T10:36:36.915+0000][9][gc,heap     ] GC(139) Old regions: 27->27
[2022-07-11T10:36:36.915+0000][9][gc,heap     ] GC(139) Archive regions: 2->2
[2022-07-11T10:36:36.915+0000][9][gc,heap     ] GC(139) Humongous regions: 0->0
[2022-07-11T10:36:36.915+0000][9][gc,metaspace] GC(139) Metaspace: 123225K(127424K)->123225K(127424K) NonClass: 107414K(109696K)->107414K(109696K) Class: 15811K(17728K)->15811K(17728K)
[2022-07-11T10:36:36.915+0000][9][gc          ] GC(139) Pause Young (Normal) (G1 Evacuation Pause) 411M->110M(512M) 2.479ms
[2022-07-11T10:36:36.915+0000][9][gc,cpu      ] GC(139) User=0.00s Sys=0.00s Real=0.00s
[2022-07-11T10:36:36.915+0000][9][safepoint   ] Safepoint "G1CollectForAllocation", Time since last: 81050826669 ns, Reaching safepoint: 38552 ns, At safepoint: 2552066 ns, Total: 2590618 ns
[2022-07-11T10:37:00.917+0000][9][safepoint   ] Safepoint "Cleanup", Time since last: 24002190609 ns, Reaching safepoint: 114959 ns, At safepoint: 12432 ns, Total: 127391 ns
[2022-07-11T10:38:00.806+0000][9][gc,start    ] GC(140) Pause Young (Normal) (G1 Evacuation Pause)
[2022-07-11T10:38:00.806+0000][9][gc,task     ] GC(140) Using 4 workers of 4 for evacuation
[2022-07-11T10:38:00.806+0000][9][gc,age      ] GC(140) Desired survivor size 20971520 bytes, new threshold 15 (max threshold 15)
[2022-07-11T10:38:00.810+0000][9][gc,phases   ] GC(140)   Pre Evacuate Collection Set: 0.1ms
[2022-07-11T10:38:00.810+0000][9][gc,phases   ] GC(140)   Merge Heap Roots: 0.1ms
[2022-07-11T10:38:00.810+0000][9][gc,phases   ] GC(140)   Evacuate Collection Set: 2.7ms
[2022-07-11T10:38:00.810+0000][9][gc,phases   ] GC(140)   Post Evacuate Collection Set: 1.2ms
[2022-07-11T10:38:00.810+0000][9][gc,phases   ] GC(140)   Other: 0.2ms
[2022-07-11T10:38:00.810+0000][9][gc,age      ] GC(140) Age table with threshold 15 (max threshold 15)
[2022-07-11T10:38:00.810+0000][9][gc,age      ] GC(140) - age   1:    1603848 bytes,    1603848 total
[2022-07-11T10:38:00.810+0000][9][gc,age      ] GC(140) - age   2:       1752 bytes,    1605600 total
[2022-07-11T10:38:00.810+0000][9][gc,age      ] GC(140) - age   3:      24920 bytes,    1630520 total
[2022-07-11T10:38:00.810+0000][9][gc,age      ] GC(140) - age   4:     237304 bytes,    1867824 total
[2022-07-11T10:38:00.810+0000][9][gc,age      ] GC(140) - age   5:        840 bytes,    1868664 total
[2022-07-11T10:38:00.810+0000][9][gc,age      ] GC(140) - age   6:        616 bytes,    1869280 total
[2022-07-11T10:38:00.810+0000][9][gc,age      ] GC(140) - age   7:        608 bytes,    1869888 total
[2022-07-11T10:38:00.810+0000][9][gc,age      ] GC(140) - age   8:         96 bytes,    1869984 total
[2022-07-11T10:38:00.810+0000][9][gc,age      ] GC(140) - age  10:        216 bytes,    1870200 total
[2022-07-11T10:38:00.810+0000][9][gc,age      ] GC(140) - age  12:        184 bytes,    1870384 total
[2022-07-11T10:38:00.810+0000][9][gc,age      ] GC(140) - age  13:        864 bytes,    1871248 total
[2022-07-11T10:38:00.810+0000][9][gc,heap     ] GC(140) Eden regions: 75->0(75)
[2022-07-11T10:38:00.810+0000][9][gc,heap     ] GC(140) Survivor regions: 1->1(10)
[2022-07-11T10:38:00.810+0000][9][gc,heap     ] GC(140) Old regions: 27->27
[2022-07-11T10:38:00.810+0000][9][gc,heap     ] GC(140) Archive regions: 2->2
[2022-07-11T10:38:00.810+0000][9][gc,heap     ] GC(140) Humongous regions: 0->0
[2022-07-11T10:38:00.810+0000][9][gc,metaspace] GC(140) Metaspace: 123225K(127424K)->123225K(127424K) NonClass: 107414K(109696K)->107414K(109696K) Class: 15811K(17728K)->15811K(17728K)
[2022-07-11T10:38:00.810+0000][9][gc          ] GC(140) Pause Young (Normal) (G1 Evacuation Pause) 410M->111M(512M) 4.755ms
[2022-07-11T10:38:00.810+0000][9][gc,cpu      ] GC(140) User=0.01s Sys=0.00s Real=0.00s
[2022-07-11T10:38:00.810+0000][9][safepoint   ] Safepoint "G1CollectForAllocation", Time since last: 59888380887 ns, Reaching safepoint: 135841 ns, At safepoint: 4872117 ns, Total: 5007958 ns
[2022-07-11T10:38:31.813+0000][9][safepoint   ] Safepoint "Cleanup", Time since last: 31002767933 ns, Reaching safepoint: 122502 ns, At safepoint: 13060 ns, Total: 135562 ns
[2022-07-11T10:38:58.816+0000][9][safepoint   ] Safepoint "Cleanup", Time since last: 27002424861 ns, Reaching safepoint: 101688 ns, At safepoint: 15575 ns, Total: 117263 ns
[2022-07-11T10:39:16.077+0000][9][gc,start    ] GC(141) Pause Young (Normal) (G1 Evacuation Pause)
[2022-07-11T10:39:16.077+0000][9][gc,task     ] GC(141) Using 4 workers of 4 for evacuation
[2022-07-11T10:39:16.077+0000][9][gc,age      ] GC(141) Desired survivor size 20971520 bytes, new threshold 15 (max threshold 15)
[2022-07-11T10:39:16.081+0000][9][gc,phases   ] GC(141)   Pre Evacuate Collection Set: 0.1ms
[2022-07-11T10:39:16.081+0000][9][gc,phases   ] GC(141)   Merge Heap Roots: 0.1ms
[2022-07-11T10:39:16.081+0000][9][gc,phases   ] GC(141)   Evacuate Collection Set: 2.7ms
[2022-07-11T10:39:16.081+0000][9][gc,phases   ] GC(141)   Post Evacuate Collection Set: 1.3ms
[2022-07-11T10:39:16.081+0000][9][gc,phases   ] GC(141)   Other: 0.2ms
[2022-07-11T10:39:16.081+0000][9][gc,age      ] GC(141) Age table with threshold 15 (max threshold 15)
[2022-07-11T10:39:16.081+0000][9][gc,age      ] GC(141) - age   1:    1781592 bytes,    1781592 total
[2022-07-11T10:39:16.082+0000][9][gc,age      ] GC(141) - age   2:       2224 bytes,    1783816 total
[2022-07-11T10:39:16.082+0000][9][gc,age      ] GC(141) - age   3:        240 bytes,    1784056 total
[2022-07-11T10:39:16.082+0000][9][gc,age      ] GC(141) - age   4:        552 bytes,    1784608 total
[2022-07-11T10:39:16.082+0000][9][gc,age      ] GC(141) - age   5:     233368 bytes,    2017976 total
[2022-07-11T10:39:16.082+0000][9][gc,age      ] GC(141) - age   6:        840 bytes,    2018816 total
[2022-07-11T10:39:16.082+0000][9][gc,age      ] GC(141) - age   7:        616 bytes,    2019432 total
[2022-07-11T10:39:16.082+0000][9][gc,age      ] GC(141) - age   8:        608 bytes,    2020040 total
[2022-07-11T10:39:16.082+0000][9][gc,age      ] GC(141) - age   9:         96 bytes,    2020136 total
[2022-07-11T10:39:16.082+0000][9][gc,age      ] GC(141) - age  11:        184 bytes,    2020320 total
[2022-07-11T10:39:16.082+0000][9][gc,age      ] GC(141) - age  13:        184 bytes,    2020504 total
[2022-07-11T10:39:16.082+0000][9][gc,age      ] GC(141) - age  14:        864 bytes,    2021368 total
[2022-07-11T10:39:16.082+0000][9][gc,heap     ] GC(141) Eden regions: 75->0(75)
[2022-07-11T10:39:16.082+0000][9][gc,heap     ] GC(141) Survivor regions: 1->1(10)
[2022-07-11T10:39:16.082+0000][9][gc,heap     ] GC(141) Old regions: 27->27
[2022-07-11T10:39:16.082+0000][9][gc,heap     ] GC(141) Archive regions: 2->2
[2022-07-11T10:39:16.082+0000][9][gc,heap     ] GC(141) Humongous regions: 0->0
[2022-07-11T10:39:16.082+0000][9][gc,metaspace] GC(141) Metaspace: 123225K(127424K)->123225K(127424K) NonClass: 107414K(109696K)->107414K(109696K) Class: 15811K(17728K)->15811K(17728K)
[2022-07-11T10:39:16.082+0000][9][gc          ] GC(141) Pause Young (Normal) (G1 Evacuation Pause) 411M->111M(512M) 4.898ms
[2022-07-11T10:39:16.082+0000][9][gc,cpu      ] GC(141) User=0.00s Sys=0.01s Real=0.00s
[2022-07-11T10:39:16.082+0000][9][safepoint   ] Safepoint "G1CollectForAllocation", Time since last: 17260940926 ns, Reaching safepoint: 49937 ns, At safepoint: 5041061 ns, Total: 5090998 ns
[2022-07-11T10:39:37.084+0000][9][safepoint   ] Safepoint "Cleanup", Time since last: 21001856998 ns, Reaching safepoint: 93447 ns, At safepoint: 22908 ns, Total: 116355 ns
[2022-07-11T10:39:38.084+0000][9][safepoint   ] Safepoint "Cleanup", Time since last: 1000359066 ns, Reaching safepoint: 92190 ns, At safepoint: 15296 ns, Total: 107486 ns
[2022-07-11T10:39:41.085+0000][9][safepoint   ] Safepoint "Cleanup", Time since last: 3000351955 ns, Reaching safepoint: 78152 ns, At safepoint: 12990 ns, Total: 91142 ns
[2022-07-11T10:39:53.092+0000][9][safepoint   ] Safepoint "Cleanup", Time since last: 12007144103 ns, Reaching safepoint: 55803 ns, At safepoint: 8591 ns, Total: 64394 ns
[2022-07-11T10:39:58.093+0000][9][safepoint   ] Safepoint "Cleanup", Time since last: 5000515375 ns, Reaching safepoint: 71308 ns, At safepoint: 9568 ns, Total: 80876 ns
[2022-07-11T10:40:25.095+0000][9][safepoint   ] Safepoint "Cleanup", Time since last: 27002432935 ns, Reaching safepoint: 66698 ns, At safepoint: 11873 ns, Total: 78571 ns
[2022-07-11T10:40:36.819+0000][9][gc,start    ] GC(142) Pause Young (Normal) (G1 Evacuation Pause)
[2022-07-11T10:40:36.819+0000][9][gc,task     ] GC(142) Using 4 workers of 4 for evacuation
[2022-07-11T10:40:36.819+0000][9][gc,age      ] GC(142) Desired survivor size 20971520 bytes, new threshold 15 (max threshold 15)
[2022-07-11T10:40:36.825+0000][9][gc,phases   ] GC(142)   Pre Evacuate Collection Set: 0.1ms
[2022-07-11T10:40:36.825+0000][9][gc,phases   ] GC(142)   Merge Heap Roots: 0.1ms
[2022-07-11T10:40:36.825+0000][9][gc,phases   ] GC(142)   Evacuate Collection Set: 3.7ms
[2022-07-11T10:40:36.825+0000][9][gc,phases   ] GC(142)   Post Evacuate Collection Set: 2.0ms
[2022-07-11T10:40:36.825+0000][9][gc,phases   ] GC(142)   Other: 0.2ms
[2022-07-11T10:40:36.825+0000][9][gc,age      ] GC(142) Age table with threshold 15 (max threshold 15)
[2022-07-11T10:40:36.825+0000][9][gc,age      ] GC(142) - age   1:    1247480 bytes,    1247480 total
[2022-07-11T10:40:36.825+0000][9][gc,age      ] GC(142) - age   2:      30448 bytes,    1277928 total
[2022-07-11T10:40:36.825+0000][9][gc,age      ] GC(142) - age   3:        432 bytes,    1278360 total
[2022-07-11T10:40:36.825+0000][9][gc,age      ] GC(142) - age   4:        112 bytes,    1278472 total
[2022-07-11T10:40:36.825+0000][9][gc,age      ] GC(142) - age   5:        328 bytes,    1278800 total
[2022-07-11T10:40:36.825+0000][9][gc,age      ] GC(142) - age   6:     233368 bytes,    1512168 total
[2022-07-11T10:40:36.825+0000][9][gc,age      ] GC(142) - age   7:        840 bytes,    1513008 total
[2022-07-11T10:40:36.825+0000][9][gc,age      ] GC(142) - age   8:        616 bytes,    1513624 total
[2022-07-11T10:40:36.825+0000][9][gc,age      ] GC(142) - age   9:        608 bytes,    1514232 total
[2022-07-11T10:40:36.825+0000][9][gc,age      ] GC(142) - age  10:         96 bytes,    1514328 total
[2022-07-11T10:40:36.825+0000][9][gc,age      ] GC(142) - age  12:        184 bytes,    1514512 total
[2022-07-11T10:40:36.825+0000][9][gc,age      ] GC(142) - age  14:        184 bytes,    1514696 total
[2022-07-11T10:40:36.825+0000][9][gc,age      ] GC(142) - age  15:        864 bytes,    1515560 total
[2022-07-11T10:40:36.825+0000][9][gc,heap     ] GC(142) Eden regions: 75->0(75)
[2022-07-11T10:40:36.825+0000][9][gc,heap     ] GC(142) Survivor regions: 1->1(10)
[2022-07-11T10:40:36.825+0000][9][gc,heap     ] GC(142) Old regions: 27->27
[2022-07-11T10:40:36.825+0000][9][gc,heap     ] GC(142) Archive regions: 2->2
[2022-07-11T10:40:36.825+0000][9][gc,heap     ] GC(142) Humongous regions: 0->0
[2022-07-11T10:40:36.826+0000][9][gc,metaspace] GC(142) Metaspace: 123225K(127424K)->123225K(127424K) NonClass: 107414K(109696K)->107414K(109696K) Class: 15811K(17728K)->15811K(17728K)
[2022-07-11T10:40:36.826+0000][9][gc          ] GC(142) Pause Young (Normal) (G1 Evacuation Pause) 411M->111M(512M) 6.503ms
[2022-07-11T10:40:36.826+0000][9][gc,cpu      ] GC(142) User=0.01s Sys=0.00s Real=0.01s
[2022-07-11T10:40:36.826+0000][9][safepoint   ] Safepoint "G1CollectForAllocation", Time since last: 11723879847 ns, Reaching safepoint: 101270 ns, At safepoint: 6614301 ns, Total: 6715571 ns
[2022-07-11T10:40:40.826+0000][9][safepoint   ] Safepoint "Cleanup", Time since last: 4000392353 ns, Reaching safepoint: 49308 ns, At safepoint: 35409 ns, Total: 84717 ns
[2022-07-11T10:42:00.190+0000][9][gc,start    ] GC(143) Pause Young (Normal) (G1 Evacuation Pause)
[2022-07-11T10:42:00.190+0000][9][gc,task     ] GC(143) Using 4 workers of 4 for evacuation
[2022-07-11T10:42:00.191+0000][9][gc,age      ] GC(143) Desired survivor size 20971520 bytes, new threshold 15 (max threshold 15)
[2022-07-11T10:42:00.194+0000][9][gc,phases   ] GC(143)   Pre Evacuate Collection Set: 0.1ms
[2022-07-11T10:42:00.194+0000][9][gc,phases   ] GC(143)   Merge Heap Roots: 0.1ms
[2022-07-11T10:42:00.194+0000][9][gc,phases   ] GC(143)   Evacuate Collection Set: 1.8ms
[2022-07-11T10:42:00.194+0000][9][gc,phases   ] GC(143)   Post Evacuate Collection Set: 1.0ms
[2022-07-11T10:42:00.194+0000][9][gc,phases   ] GC(143)   Other: 0.2ms
[2022-07-11T10:42:00.194+0000][9][gc,age      ] GC(143) Age table with threshold 15 (max threshold 15)
[2022-07-11T10:42:00.194+0000][9][gc,age      ] GC(143) - age   1:     578008 bytes,     578008 total
[2022-07-11T10:42:00.194+0000][9][gc,age      ] GC(143) - age   2:      13384 bytes,     591392 total
[2022-07-11T10:42:00.194+0000][9][gc,age      ] GC(143) - age   3:      28736 bytes,     620128 total
[2022-07-11T10:42:00.194+0000][9][gc,age      ] GC(143) - age   4:        432 bytes,     620560 total
[2022-07-11T10:42:00.194+0000][9][gc,age      ] GC(143) - age   5:        112 bytes,     620672 total
[2022-07-11T10:42:00.194+0000][9][gc,age      ] GC(143) - age   6:        328 bytes,     621000 total
[2022-07-11T10:42:00.194+0000][9][gc,age      ] GC(143) - age   7:     233368 bytes,     854368 total
[2022-07-11T10:42:00.194+0000][9][gc,age      ] GC(143) - age   8:        840 bytes,     855208 total
[2022-07-11T10:42:00.194+0000][9][gc,age      ] GC(143) - age   9:        616 bytes,     855824 total
[2022-07-11T10:42:00.194+0000][9][gc,age      ] GC(143) - age  10:        608 bytes,     856432 total
[2022-07-11T10:42:00.194+0000][9][gc,age      ] GC(143) - age  11:         96 bytes,     856528 total
[2022-07-11T10:42:00.194+0000][9][gc,age      ] GC(143) - age  13:        184 bytes,     856712 total
[2022-07-11T10:42:00.194+0000][9][gc,age      ] GC(143) - age  15:        184 bytes,     856896 total
[2022-07-11T10:42:00.194+0000][9][gc,heap     ] GC(143) Eden regions: 75->0(75)
[2022-07-11T10:42:00.194+0000][9][gc,heap     ] GC(143) Survivor regions: 1->1(10)
[2022-07-11T10:42:00.194+0000][9][gc,heap     ] GC(143) Old regions: 27->27
[2022-07-11T10:42:00.194+0000][9][gc,heap     ] GC(143) Archive regions: 2->2
[2022-07-11T10:42:00.194+0000][9][gc,heap     ] GC(143) Humongous regions: 0->0
[2022-07-11T10:42:00.194+0000][9][gc,metaspace] GC(143) Metaspace: 123225K(127424K)->123225K(127424K) NonClass: 107414K(109696K)->107414K(109696K) Class: 15811K(17728K)->15811K(17728K)
[2022-07-11T10:42:00.194+0000][9][gc          ] GC(143) Pause Young (Normal) (G1 Evacuation Pause) 411M->110M(512M) 3.780ms
[2022-07-11T10:42:00.194+0000][9][gc,cpu      ] GC(143) User=0.01s Sys=0.00s Real=0.01s
[2022-07-11T10:42:00.194+0000][9][safepoint   ] Safepoint "G1CollectForAllocation", Time since last: 79364118928 ns, Reaching safepoint: 83600 ns, At safepoint: 3895736 ns, Total: 3979336 ns
[2022-07-11T10:42:41.198+0000][9][safepoint   ] Safepoint "Cleanup", Time since last: 41003658519 ns, Reaching safepoint: 79759 ns, At safepoint: 12781 ns, Total: 92540 ns
[2022-07-11T10:42:49.199+0000][9][safepoint   ] Safepoint "Cleanup", Time since last: 8001294762 ns, Reaching safepoint: 75428 ns, At safepoint: 12712 ns, Total: 88140 ns
[2022-07-11T10:43:02.201+0000][9][safepoint   ] Safepoint "Cleanup", Time since last: 13001780681 ns, Reaching safepoint: 95193 ns, At safepoint: 21023 ns, Total: 116216 ns
[2022-07-11T10:43:11.202+0000][9][safepoint   ] Safepoint "Cleanup", Time since last: 9000907110 ns, Reaching safepoint: 73752 ns, At safepoint: 19486 ns, Total: 93238 ns
[2022-07-11T10:43:21.771+0000][9][gc,start    ] GC(144) Pause Young (Normal) (G1 Evacuation Pause)
[2022-07-11T10:43:21.771+0000][9][gc,task     ] GC(144) Using 4 workers of 4 for evacuation
[2022-07-11T10:43:21.771+0000][9][gc,age      ] GC(144) Desired survivor size 20971520 bytes, new threshold 15 (max threshold 15)
[2022-07-11T10:43:21.779+0000][9][gc,phases   ] GC(144)   Pre Evacuate Collection Set: 0.1ms
[2022-07-11T10:43:21.779+0000][9][gc,phases   ] GC(144)   Merge Heap Roots: 0.1ms
[2022-07-11T10:43:21.779+0000][9][gc,phases   ] GC(144)   Evacuate Collection Set: 5.8ms
[2022-07-11T10:43:21.779+0000][9][gc,phases   ] GC(144)   Post Evacuate Collection Set: 1.5ms
[2022-07-11T10:43:21.779+0000][9][gc,phases   ] GC(144)   Other: 0.2ms
[2022-07-11T10:43:21.779+0000][9][gc,age      ] GC(144) Age table with threshold 15 (max threshold 15)
[2022-07-11T10:43:21.779+0000][9][gc,age      ] GC(144) - age   1:    1412704 bytes,    1412704 total
[2022-07-11T10:43:21.779+0000][9][gc,age      ] GC(144) - age   2:       1832 bytes,    1414536 total
[2022-07-11T10:43:21.779+0000][9][gc,age      ] GC(144) - age   3:      12488 bytes,    1427024 total
[2022-07-11T10:43:21.779+0000][9][gc,age      ] GC(144) - age   4:      28376 bytes,    1455400 total
[2022-07-11T10:43:21.779+0000][9][gc,age      ] GC(144) - age   5:        432 bytes,    1455832 total
[2022-07-11T10:43:21.779+0000][9][gc,age      ] GC(144) - age   6:        112 bytes,    1455944 total
[2022-07-11T10:43:21.779+0000][9][gc,age      ] GC(144) - age   7:        328 bytes,    1456272 total
[2022-07-11T10:43:21.779+0000][9][gc,age      ] GC(144) - age   8:     231448 bytes,    1687720 total
[2022-07-11T10:43:21.779+0000][9][gc,age      ] GC(144) - age   9:        600 bytes,    1688320 total
[2022-07-11T10:43:21.779+0000][9][gc,age      ] GC(144) - age  10:        616 bytes,    1688936 total
[2022-07-11T10:43:21.779+0000][9][gc,age      ] GC(144) - age  11:        608 bytes,    1689544 total
[2022-07-11T10:43:21.779+0000][9][gc,age      ] GC(144) - age  12:         96 bytes,    1689640 total
[2022-07-11T10:43:21.779+0000][9][gc,age      ] GC(144) - age  14:        184 bytes,    1689824 total
[2022-07-11T10:43:21.779+0000][9][gc,heap     ] GC(144) Eden regions: 75->0(75)
[2022-07-11T10:43:21.779+0000][9][gc,heap     ] GC(144) Survivor regions: 1->1(10)
[2022-07-11T10:43:21.779+0000][9][gc,heap     ] GC(144) Old regions: 27->27
[2022-07-11T10:43:21.779+0000][9][gc,heap     ] GC(144) Archive regions: 2->2
[2022-07-11T10:43:21.779+0000][9][gc,heap     ] GC(144) Humongous regions: 0->0
[2022-07-11T10:43:21.779+0000][9][gc,metaspace] GC(144) Metaspace: 123231K(127424K)->123231K(127424K) NonClass: 107419K(109696K)->107419K(109696K) Class: 15811K(17728K)->15811K(17728K)
[2022-07-11T10:43:21.779+0000][9][gc          ] GC(144) Pause Young (Normal) (G1 Evacuation Pause) 410M->111M(512M) 7.980ms
[2022-07-11T10:43:21.779+0000][9][gc,cpu      ] GC(144) User=0.00s Sys=0.00s Real=0.01s
[2022-07-11T10:43:21.779+0000][9][safepoint   ] Safepoint "G1CollectForAllocation", Time since last: 10568404466 ns, Reaching safepoint: 70051 ns, At safepoint: 8060918 ns, Total: 8130969 ns
[2022-07-11T10:43:25.779+0000][9][safepoint   ] Safepoint "Cleanup", Time since last: 4000384597 ns, Reaching safepoint: 60063 ns, At safepoint: 8730 ns, Total: 68793 ns
[2022-07-11T10:43:26.780+0000][9][safepoint   ] Safepoint "Cleanup", Time since last: 1000156629 ns, Reaching safepoint: 87720 ns, At safepoint: 13480 ns, Total: 101200 ns
[2022-07-11T10:43:40.781+0000][9][safepoint   ] Safepoint "Cleanup", Time since last: 14001499484 ns, Reaching safepoint: 47143 ns, At safepoint: 6774 ns, Total: 53917 ns
[2022-07-11T10:43:52.782+0000][9][safepoint   ] Safepoint "Cleanup", Time since last: 12001133035 ns, Reaching safepoint: 146247 ns, At safepoint: 12781 ns, Total: 159028 ns
[2022-07-11T10:44:07.784+0000][9][safepoint   ] Safepoint "Cleanup", Time since last: 15001462759 ns, Reaching safepoint: 101688 ns, At safepoint: 12362 ns, Total: 114050 ns
[2022-07-11T10:44:19.785+0000][9][safepoint   ] Safepoint "Cleanup", Time since last: 12001119776 ns, Reaching safepoint: 93029 ns, At safepoint: 12920 ns, Total: 105949 ns
[2022-07-11T10:44:37.200+0000][9][gc,start    ] GC(145) Pause Young (Normal) (G1 Evacuation Pause)
[2022-07-11T10:44:37.200+0000][9][gc,task     ] GC(145) Using 4 workers of 4 for evacuation
[2022-07-11T10:44:37.200+0000][9][gc,age      ] GC(145) Desired survivor size 20971520 bytes, new threshold 15 (max threshold 15)
[2022-07-11T10:44:37.205+0000][9][gc,phases   ] GC(145)   Pre Evacuate Collection Set: 0.1ms
[2022-07-11T10:44:37.205+0000][9][gc,phases   ] GC(145)   Merge Heap Roots: 0.1ms
[2022-07-11T10:44:37.205+0000][9][gc,phases   ] GC(145)   Evacuate Collection Set: 2.7ms
[2022-07-11T10:44:37.205+0000][9][gc,phases   ] GC(145)   Post Evacuate Collection Set: 1.7ms
[2022-07-11T10:44:37.205+0000][9][gc,phases   ] GC(145)   Other: 0.2ms
[2022-07-11T10:44:37.205+0000][9][gc,age      ] GC(145) Age table with threshold 15 (max threshold 15)
[2022-07-11T10:44:37.205+0000][9][gc,age      ] GC(145) - age   1:    1567288 bytes,    1567288 total
[2022-07-11T10:44:37.205+0000][9][gc,age      ] GC(145) - age   2:       4288 bytes,    1571576 total
[2022-07-11T10:44:37.205+0000][9][gc,age      ] GC(145) - age   3:        488 bytes,    1572064 total
[2022-07-11T10:44:37.205+0000][9][gc,age      ] GC(145) - age   4:      12168 bytes,    1584232 total
[2022-07-11T10:44:37.205+0000][9][gc,age      ] GC(145) - age   5:      28376 bytes,    1612608 total
[2022-07-11T10:44:37.205+0000][9][gc,age      ] GC(145) - age   6:        136 bytes,    1612744 total
[2022-07-11T10:44:37.205+0000][9][gc,age      ] GC(145) - age   7:        112 bytes,    1612856 total
[2022-07-11T10:44:37.205+0000][9][gc,age      ] GC(145) - age   8:        328 bytes,    1613184 total
[2022-07-11T10:44:37.205+0000][9][gc,age      ] GC(145) - age   9:     231448 bytes,    1844632 total
[2022-07-11T10:44:37.205+0000][9][gc,age      ] GC(145) - age  10:        600 bytes,    1845232 total
[2022-07-11T10:44:37.205+0000][9][gc,age      ] GC(145) - age  11:        616 bytes,    1845848 total
[2022-07-11T10:44:37.205+0000][9][gc,age      ] GC(145) - age  12:        608 bytes,    1846456 total
[2022-07-11T10:44:37.205+0000][9][gc,age      ] GC(145) - age  13:         96 bytes,    1846552 total
[2022-07-11T10:44:37.205+0000][9][gc,age      ] GC(145) - age  15:        184 bytes,    1846736 total
[2022-07-11T10:44:37.205+0000][9][gc,heap     ] GC(145) Eden regions: 75->0(75)
[2022-07-11T10:44:37.205+0000][9][gc,heap     ] GC(145) Survivor regions: 1->1(10)
[2022-07-11T10:44:37.205+0000][9][gc,heap     ] GC(145) Old regions: 27->27
[2022-07-11T10:44:37.205+0000][9][gc,heap     ] GC(145) Archive regions: 2->2
[2022-07-11T10:44:37.205+0000][9][gc,heap     ] GC(145) Humongous regions: 0->0
[2022-07-11T10:44:37.205+0000][9][gc,metaspace] GC(145) Metaspace: 123256K(127424K)->123256K(127424K) NonClass: 107444K(109696K)->107444K(109696K) Class: 15811K(17728K)->15811K(17728K)
[2022-07-11T10:44:37.205+0000][9][gc          ] GC(145) Pause Young (Normal) (G1 Evacuation Pause) 411M->111M(512M) 5.376ms
[2022-07-11T10:44:37.205+0000][9][gc,cpu      ] GC(145) User=0.01s Sys=0.00s Real=0.01s
[2022-07-11T10:44:37.205+0000][9][safepoint   ] Safepoint "G1CollectForAllocation", Time since last: 17414508376 ns, Reaching safepoint: 142545 ns, At safepoint: 5493350 ns, Total: 5635895 ns
[2022-07-11T10:45:00.209+0000][9][safepoint   ] Safepoint "Cleanup", Time since last: 23003428363 ns, Reaching safepoint: 85764 ns, At safepoint: 55454 ns, Total: 141218 ns
[2022-07-11T10:45:55.062+0000][9][gc,start    ] GC(146) Pause Young (Normal) (G1 Evacuation Pause)
[2022-07-11T10:45:55.062+0000][9][gc,task     ] GC(146) Using 4 workers of 4 for evacuation
[2022-07-11T10:45:55.062+0000][9][gc,age      ] GC(146) Desired survivor size 20971520 bytes, new threshold 15 (max threshold 15)
[2022-07-11T10:45:55.065+0000][9][gc,phases   ] GC(146)   Pre Evacuate Collection Set: 0.1ms
[2022-07-11T10:45:55.065+0000][9][gc,phases   ] GC(146)   Merge Heap Roots: 0.1ms
[2022-07-11T10:45:55.065+0000][9][gc,phases   ] GC(146)   Evacuate Collection Set: 1.6ms
[2022-07-11T10:45:55.065+0000][9][gc,phases   ] GC(146)   Post Evacuate Collection Set: 1.1ms
[2022-07-11T10:45:55.065+0000][9][gc,phases   ] GC(146)   Other: 0.1ms
[2022-07-11T10:45:55.065+0000][9][gc,age      ] GC(146) Age table with threshold 15 (max threshold 15)
[2022-07-11T10:45:55.065+0000][9][gc,age      ] GC(146) - age   1:    1271224 bytes,    1271224 total
[2022-07-11T10:45:55.065+0000][9][gc,age      ] GC(146) - age   2:       2176 bytes,    1273400 total
[2022-07-11T10:45:55.065+0000][9][gc,age      ] GC(146) - age   3:       2696 bytes,    1276096 total
[2022-07-11T10:45:55.065+0000][9][gc,age      ] GC(146) - age   4:        424 bytes,    1276520 total
[2022-07-11T10:45:55.065+0000][9][gc,age      ] GC(146) - age   5:      12072 bytes,    1288592 total
[2022-07-11T10:45:55.065+0000][9][gc,age      ] GC(146) - age   6:      28376 bytes,    1316968 total
[2022-07-11T10:45:55.065+0000][9][gc,age      ] GC(146) - age   7:        136 bytes,    1317104 total
[2022-07-11T10:45:55.065+0000][9][gc,age      ] GC(146) - age   8:        112 bytes,    1317216 total
[2022-07-11T10:45:55.065+0000][9][gc,age      ] GC(146) - age   9:        328 bytes,    1317544 total
[2022-07-11T10:45:55.065+0000][9][gc,age      ] GC(146) - age  10:     231448 bytes,    1548992 total
[2022-07-11T10:45:55.065+0000][9][gc,age      ] GC(146) - age  11:        600 bytes,    1549592 total
[2022-07-11T10:45:55.065+0000][9][gc,age      ] GC(146) - age  12:        616 bytes,    1550208 total
[2022-07-11T10:45:55.065+0000][9][gc,age      ] GC(146) - age  13:        608 bytes,    1550816 total
[2022-07-11T10:45:55.065+0000][9][gc,age      ] GC(146) - age  14:         96 bytes,    1550912 total
[2022-07-11T10:45:55.065+0000][9][gc,heap     ] GC(146) Eden regions: 75->0(75)
[2022-07-11T10:45:55.065+0000][9][gc,heap     ] GC(146) Survivor regions: 1->1(10)
[2022-07-11T10:45:55.065+0000][9][gc,heap     ] GC(146) Old regions: 27->27
[2022-07-11T10:45:55.065+0000][9][gc,heap     ] GC(146) Archive regions: 2->2
[2022-07-11T10:45:55.065+0000][9][gc,heap     ] GC(146) Humongous regions: 0->0
[2022-07-11T10:45:55.065+0000][9][gc,metaspace] GC(146) Metaspace: 123257K(127424K)->123257K(127424K) NonClass: 107445K(109696K)->107445K(109696K) Class: 15811K(17728K)->15811K(17728K)
[2022-07-11T10:45:55.065+0000][9][gc          ] GC(146) Pause Young (Normal) (G1 Evacuation Pause) 411M->111M(512M) 3.541ms
[2022-07-11T10:45:55.065+0000][9][gc,cpu      ] GC(146) User=0.00s Sys=0.00s Real=0.01s
[2022-07-11T10:45:55.065+0000][9][safepoint   ] Safepoint "G1CollectForAllocation", Time since last: 54852836280 ns, Reaching safepoint: 71867 ns, At safepoint: 3647240 ns, Total: 3719107 ns
[2022-07-11T10:46:56.072+0000][9][safepoint   ] Safepoint "Cleanup", Time since last: 61006202786 ns, Reaching safepoint: 97638 ns, At safepoint: 9987 ns, Total: 107625 ns
[2022-07-11T10:47:16.751+0000][9][gc,start    ] GC(147) Pause Young (Normal) (G1 Evacuation Pause)
[2022-07-11T10:47:16.751+0000][9][gc,task     ] GC(147) Using 4 workers of 4 for evacuation
[2022-07-11T10:47:16.751+0000][9][gc,age      ] GC(147) Desired survivor size 20971520 bytes, new threshold 15 (max threshold 15)
[2022-07-11T10:47:16.755+0000][9][gc,phases   ] GC(147)   Pre Evacuate Collection Set: 0.1ms
[2022-07-11T10:47:16.756+0000][9][gc,phases   ] GC(147)   Merge Heap Roots: 0.1ms
[2022-07-11T10:47:16.756+0000][9][gc,phases   ] GC(147)   Evacuate Collection Set: 2.5ms
[2022-07-11T10:47:16.756+0000][9][gc,phases   ] GC(147)   Post Evacuate Collection Set: 1.4ms
[2022-07-11T10:47:16.756+0000][9][gc,phases   ] GC(147)   Other: 0.2ms
[2022-07-11T10:47:16.756+0000][9][gc,age      ] GC(147) Age table with threshold 15 (max threshold 15)
[2022-07-11T10:47:16.756+0000][9][gc,age      ] GC(147) - age   1:    1671896 bytes,    1671896 total
[2022-07-11T10:47:16.756+0000][9][gc,age      ] GC(147) - age   2:       2392 bytes,    1674288 total
[2022-07-11T10:47:16.756+0000][9][gc,age      ] GC(147) - age   3:       1112 bytes,    1675400 total
[2022-07-11T10:47:16.756+0000][9][gc,age      ] GC(147) - age   4:       2400 bytes,    1677800 total
[2022-07-11T10:47:16.756+0000][9][gc,age      ] GC(147) - age   5:        424 bytes,    1678224 total
[2022-07-11T10:47:16.756+0000][9][gc,age      ] GC(147) - age   6:      12072 bytes,    1690296 total
[2022-07-11T10:47:16.756+0000][9][gc,age      ] GC(147) - age   7:      28376 bytes,    1718672 total
[2022-07-11T10:47:16.756+0000][9][gc,age      ] GC(147) - age   8:        136 bytes,    1718808 total
[2022-07-11T10:47:16.756+0000][9][gc,age      ] GC(147) - age   9:        112 bytes,    1718920 total
[2022-07-11T10:47:16.756+0000][9][gc,age      ] GC(147) - age  10:        328 bytes,    1719248 total
[2022-07-11T10:47:16.756+0000][9][gc,age      ] GC(147) - age  11:     231448 bytes,    1950696 total
[2022-07-11T10:47:16.756+0000][9][gc,age      ] GC(147) - age  12:        600 bytes,    1951296 total
[2022-07-11T10:47:16.756+0000][9][gc,age      ] GC(147) - age  13:        616 bytes,    1951912 total
[2022-07-11T10:47:16.756+0000][9][gc,age      ] GC(147) - age  14:        608 bytes,    1952520 total
[2022-07-11T10:47:16.756+0000][9][gc,age      ] GC(147) - age  15:         96 bytes,    1952616 total
[2022-07-11T10:47:16.756+0000][9][gc,heap     ] GC(147) Eden regions: 75->0(75)
[2022-07-11T10:47:16.756+0000][9][gc,heap     ] GC(147) Survivor regions: 1->1(10)
[2022-07-11T10:47:16.756+0000][9][gc,heap     ] GC(147) Old regions: 27->27
[2022-07-11T10:47:16.756+0000][9][gc,heap     ] GC(147) Archive regions: 2->2
[2022-07-11T10:47:16.756+0000][9][gc,heap     ] GC(147) Humongous regions: 0->0
[2022-07-11T10:47:16.756+0000][9][gc,metaspace] GC(147) Metaspace: 123257K(127424K)->123257K(127424K) NonClass: 107445K(109696K)->107445K(109696K) Class: 15811K(17728K)->15811K(17728K)
[2022-07-11T10:47:16.756+0000][9][gc          ] GC(147) Pause Young (Normal) (G1 Evacuation Pause) 411M->111M(512M) 4.867ms
[2022-07-11T10:47:16.756+0000][9][gc,cpu      ] GC(147) User=0.02s Sys=0.01s Real=0.01s
[2022-07-11T10:47:16.756+0000][9][safepoint   ] Safepoint "G1CollectForAllocation", Time since last: 20679256181 ns, Reaching safepoint: 70050 ns, At safepoint: 4991332 ns, Total: 5061382 ns
[2022-07-11T10:47:32.758+0000][9][safepoint   ] Safepoint "Cleanup", Time since last: 16001399307 ns, Reaching safepoint: 54337 ns, At safepoint: 36736 ns, Total: 91073 ns
[2022-07-11T10:48:31.140+0000][9][gc,start    ] GC(148) Pause Young (Normal) (G1 Evacuation Pause)
[2022-07-11T10:48:31.140+0000][9][gc,task     ] GC(148) Using 4 workers of 4 for evacuation
[2022-07-11T10:48:31.140+0000][9][gc,age      ] GC(148) Desired survivor size 20971520 bytes, new threshold 15 (max threshold 15)
[2022-07-11T10:48:31.143+0000][9][gc,phases   ] GC(148)   Pre Evacuate Collection Set: 0.1ms
[2022-07-11T10:48:31.143+0000][9][gc,phases   ] GC(148)   Merge Heap Roots: 0.1ms
[2022-07-11T10:48:31.143+0000][9][gc,phases   ] GC(148)   Evacuate Collection Set: 1.4ms
[2022-07-11T10:48:31.143+0000][9][gc,phases   ] GC(148)   Post Evacuate Collection Set: 0.9ms
[2022-07-11T10:48:31.143+0000][9][gc,phases   ] GC(148)   Other: 0.2ms
[2022-07-11T10:48:31.143+0000][9][gc,age      ] GC(148) Age table with threshold 15 (max threshold 15)
[2022-07-11T10:48:31.143+0000][9][gc,age      ] GC(148) - age   1:     775240 bytes,     775240 total
[2022-07-11T10:48:31.143+0000][9][gc,age      ] GC(148) - age   2:       2688 bytes,     777928 total
[2022-07-11T10:48:31.143+0000][9][gc,age      ] GC(148) - age   3:        408 bytes,     778336 total
[2022-07-11T10:48:31.143+0000][9][gc,age      ] GC(148) - age   4:        664 bytes,     779000 total
[2022-07-11T10:48:31.143+0000][9][gc,age      ] GC(148) - age   5:       2400 bytes,     781400 total
[2022-07-11T10:48:31.143+0000][9][gc,age      ] GC(148) - age   6:        424 bytes,     781824 total
[2022-07-11T10:48:31.143+0000][9][gc,age      ] GC(148) - age   7:      12072 bytes,     793896 total
[2022-07-11T10:48:31.143+0000][9][gc,age      ] GC(148) - age   8:      28376 bytes,     822272 total
[2022-07-11T10:48:31.143+0000][9][gc,age      ] GC(148) - age   9:        136 bytes,     822408 total
[2022-07-11T10:48:31.143+0000][9][gc,age      ] GC(148) - age  10:        112 bytes,     822520 total
[2022-07-11T10:48:31.143+0000][9][gc,age      ] GC(148) - age  11:        328 bytes,     822848 total
[2022-07-11T10:48:31.143+0000][9][gc,age      ] GC(148) - age  12:     231448 bytes,    1054296 total
[2022-07-11T10:48:31.143+0000][9][gc,age      ] GC(148) - age  13:        208 bytes,    1054504 total
[2022-07-11T10:48:31.143+0000][9][gc,age      ] GC(148) - age  14:        616 bytes,    1055120 total
[2022-07-11T10:48:31.143+0000][9][gc,age      ] GC(148) - age  15:        608 bytes,    1055728 total
[2022-07-11T10:48:31.143+0000][9][gc,heap     ] GC(148) Eden regions: 75->0(75)
[2022-07-11T10:48:31.143+0000][9][gc,heap     ] GC(148) Survivor regions: 1->1(10)
[2022-07-11T10:48:31.143+0000][9][gc,heap     ] GC(148) Old regions: 27->27
[2022-07-11T10:48:31.143+0000][9][gc,heap     ] GC(148) Archive regions: 2->2
[2022-07-11T10:48:31.143+0000][9][gc,heap     ] GC(148) Humongous regions: 0->0
[2022-07-11T10:48:31.143+0000][9][gc,metaspace] GC(148) Metaspace: 123257K(127424K)->123257K(127424K) NonClass: 107445K(109696K)->107445K(109696K) Class: 15811K(17728K)->15811K(17728K)
[2022-07-11T10:48:31.143+0000][9][gc          ] GC(148) Pause Young (Normal) (G1 Evacuation Pause) 411M->110M(512M) 3.320ms
[2022-07-11T10:48:31.143+0000][9][gc,cpu      ] GC(148) User=0.00s Sys=0.01s Real=0.00s
[2022-07-11T10:48:31.143+0000][9][safepoint   ] Safepoint "G1CollectForAllocation", Time since last: 58382091693 ns, Reaching safepoint: 72355 ns, At safepoint: 3437787 ns, Total: 3510142 ns
[2022-07-11T10:49:28.149+0000][9][safepoint   ] Safepoint "Cleanup", Time since last: 57006057257 ns, Reaching safepoint: 58108 ns, At safepoint: 8031 ns, Total: 66139 ns
[2022-07-11T10:49:55.418+0000][9][gc,start    ] GC(149) Pause Young (Normal) (G1 Evacuation Pause)
[2022-07-11T10:49:55.418+0000][9][gc,task     ] GC(149) Using 4 workers of 4 for evacuation
[2022-07-11T10:49:55.418+0000][9][gc,age      ] GC(149) Desired survivor size 20971520 bytes, new threshold 15 (max threshold 15)
[2022-07-11T10:49:55.422+0000][9][gc,phases   ] GC(149)   Pre Evacuate Collection Set: 0.1ms
[2022-07-11T10:49:55.422+0000][9][gc,phases   ] GC(149)   Merge Heap Roots: 0.1ms
[2022-07-11T10:49:55.422+0000][9][gc,phases   ] GC(149)   Evacuate Collection Set: 2.0ms
[2022-07-11T10:49:55.422+0000][9][gc,phases   ] GC(149)   Post Evacuate Collection Set: 1.1ms
[2022-07-11T10:49:55.422+0000][9][gc,phases   ] GC(149)   Other: 0.2ms
[2022-07-11T10:49:55.422+0000][9][gc,age      ] GC(149) Age table with threshold 15 (max threshold 15)
[2022-07-11T10:49:55.422+0000][9][gc,age      ] GC(149) - age   1:    1580112 bytes,    1580112 total
[2022-07-11T10:49:55.422+0000][9][gc,age      ] GC(149) - age   2:       1608 bytes,    1581720 total
[2022-07-11T10:49:55.422+0000][9][gc,age      ] GC(149) - age   3:        672 bytes,    1582392 total
[2022-07-11T10:49:55.422+0000][9][gc,age      ] GC(149) - age   4:        408 bytes,    1582800 total
[2022-07-11T10:49:55.422+0000][9][gc,age      ] GC(149) - age   5:        664 bytes,    1583464 total
[2022-07-11T10:49:55.422+0000][9][gc,age      ] GC(149) - age   6:       2400 bytes,    1585864 total
[2022-07-11T10:49:55.422+0000][9][gc,age      ] GC(149) - age   7:        424 bytes,    1586288 total
[2022-07-11T10:49:55.422+0000][9][gc,age      ] GC(149) - age   8:      12072 bytes,    1598360 total
[2022-07-11T10:49:55.422+0000][9][gc,age      ] GC(149) - age   9:      28376 bytes,    1626736 total
[2022-07-11T10:49:55.422+0000][9][gc,age      ] GC(149) - age  10:        136 bytes,    1626872 total
[2022-07-11T10:49:55.422+0000][9][gc,age      ] GC(149) - age  11:        112 bytes,    1626984 total
[2022-07-11T10:49:55.422+0000][9][gc,age      ] GC(149) - age  12:        328 bytes,    1627312 total
[2022-07-11T10:49:55.422+0000][9][gc,age      ] GC(149) - age  13:     231264 bytes,    1858576 total
[2022-07-11T10:49:55.422+0000][9][gc,age      ] GC(149) - age  14:        208 bytes,    1858784 total
[2022-07-11T10:49:55.422+0000][9][gc,age      ] GC(149) - age  15:        232 bytes,    1859016 total
[2022-07-11T10:49:55.422+0000][9][gc,heap     ] GC(149) Eden regions: 75->0(75)
[2022-07-11T10:49:55.422+0000][9][gc,heap     ] GC(149) Survivor regions: 1->1(10)
[2022-07-11T10:49:55.422+0000][9][gc,heap     ] GC(149) Old regions: 27->27
[2022-07-11T10:49:55.422+0000][9][gc,heap     ] GC(149) Archive regions: 2->2
[2022-07-11T10:49:55.422+0000][9][gc,heap     ] GC(149) Humongous regions: 0->0
[2022-07-11T10:49:55.422+0000][9][gc,metaspace] GC(149) Metaspace: 123257K(127424K)->123257K(127424K) NonClass: 107445K(109696K)->107445K(109696K) Class: 15811K(17728K)->15811K(17728K)
[2022-07-11T10:49:55.422+0000][9][gc          ] GC(149) Pause Young (Normal) (G1 Evacuation Pause) 410M->111M(512M) 4.078ms
[2022-07-11T10:49:55.422+0000][9][gc,cpu      ] GC(149) User=0.01s Sys=0.00s Real=0.00s
[2022-07-11T10:49:55.422+0000][9][safepoint   ] Safepoint "G1CollectForAllocation", Time since last: 27268829556 ns, Reaching safepoint: 38622 ns, At safepoint: 4195282 ns, Total: 4233904 ns
[2022-07-11T10:50:00.423+0000][9][safepoint   ] Safepoint "Cleanup", Time since last: 5000463877 ns, Reaching safepoint: 113422 ns, At safepoint: 21650 ns, Total: 135072 ns
[2022-07-11T10:50:40.428+0000][9][safepoint   ] Safepoint "Cleanup", Time since last: 40004799429 ns, Reaching safepoint: 70679 ns, At safepoint: 12502 ns, Total: 83181 ns
[2022-07-11T10:51:08.431+0000][9][safepoint   ] Safepoint "Cleanup", Time since last: 28003095859 ns, Reaching safepoint: 80736 ns, At safepoint: 12781 ns, Total: 93517 ns
[2022-07-11T10:51:18.889+0000][9][gc,start    ] GC(150) Pause Young (Normal) (G1 Evacuation Pause)
[2022-07-11T10:51:18.889+0000][9][gc,task     ] GC(150) Using 4 workers of 4 for evacuation
[2022-07-11T10:51:18.889+0000][9][gc,age      ] GC(150) Desired survivor size 20971520 bytes, new threshold 15 (max threshold 15)
[2022-07-11T10:51:18.895+0000][9][gc,phases   ] GC(150)   Pre Evacuate Collection Set: 0.1ms
[2022-07-11T10:51:18.895+0000][9][gc,phases   ] GC(150)   Merge Heap Roots: 0.1ms
[2022-07-11T10:51:18.895+0000][9][gc,phases   ] GC(150)   Evacuate Collection Set: 2.0ms
[2022-07-11T10:51:18.895+0000][9][gc,phases   ] GC(150)   Post Evacuate Collection Set: 2.8ms
[2022-07-11T10:51:18.895+0000][9][gc,phases   ] GC(150)   Other: 0.2ms
[2022-07-11T10:51:18.895+0000][9][gc,age      ] GC(150) Age table with threshold 15 (max threshold 15)
[2022-07-11T10:51:18.895+0000][9][gc,age      ] GC(150) - age   1:    1197352 bytes,    1197352 total
[2022-07-11T10:51:18.895+0000][9][gc,age      ] GC(150) - age   2:       2208 bytes,    1199560 total
[2022-07-11T10:51:18.895+0000][9][gc,age      ] GC(150) - age   3:        544 bytes,    1200104 total
[2022-07-11T10:51:18.895+0000][9][gc,age      ] GC(150) - age   4:        672 bytes,    1200776 total
[2022-07-11T10:51:18.895+0000][9][gc,age      ] GC(150) - age   5:         16 bytes,    1200792 total
[2022-07-11T10:51:18.895+0000][9][gc,age      ] GC(150) - age   6:        664 bytes,    1201456 total
[2022-07-11T10:51:18.895+0000][9][gc,age      ] GC(150) - age   7:       2400 bytes,    1203856 total
[2022-07-11T10:51:18.895+0000][9][gc,age      ] GC(150) - age   8:        424 bytes,    1204280 total
[2022-07-11T10:51:18.895+0000][9][gc,age      ] GC(150) - age   9:      12072 bytes,    1216352 total
[2022-07-11T10:51:18.895+0000][9][gc,age      ] GC(150) - age  10:      28376 bytes,    1244728 total
[2022-07-11T10:51:18.895+0000][9][gc,age      ] GC(150) - age  11:        136 bytes,    1244864 total
[2022-07-11T10:51:18.895+0000][9][gc,age      ] GC(150) - age  12:        112 bytes,    1244976 total
[2022-07-11T10:51:18.895+0000][9][gc,age      ] GC(150) - age  13:        328 bytes,    1245304 total
[2022-07-11T10:51:18.895+0000][9][gc,age      ] GC(150) - age  14:     231264 bytes,    1476568 total
[2022-07-11T10:51:18.895+0000][9][gc,age      ] GC(150) - age  15:        208 bytes,    1476776 total
[2022-07-11T10:51:18.895+0000][9][gc,heap     ] GC(150) Eden regions: 75->0(75)
[2022-07-11T10:51:18.895+0000][9][gc,heap     ] GC(150) Survivor regions: 1->1(10)
[2022-07-11T10:51:18.895+0000][9][gc,heap     ] GC(150) Old regions: 27->27
[2022-07-11T10:51:18.895+0000][9][gc,heap     ] GC(150) Archive regions: 2->2
[2022-07-11T10:51:18.895+0000][9][gc,heap     ] GC(150) Humongous regions: 0->0
[2022-07-11T10:51:18.895+0000][9][gc,metaspace] GC(150) Metaspace: 123269K(127424K)->123269K(127424K) NonClass: 107457K(109696K)->107457K(109696K) Class: 15811K(17728K)->15811K(17728K)
[2022-07-11T10:51:18.895+0000][9][gc          ] GC(150) Pause Young (Normal) (G1 Evacuation Pause) 411M->111M(512M) 5.810ms
[2022-07-11T10:51:18.895+0000][9][gc,cpu      ] GC(150) User=0.01s Sys=0.00s Real=0.01s
[2022-07-11T10:51:18.895+0000][9][safepoint   ] Safepoint "G1CollectForAllocation", Time since last: 10458097838 ns, Reaching safepoint: 64883 ns, At safepoint: 5934045 ns, Total: 5998928 ns
[2022-07-11T10:51:54.899+0000][9][safepoint   ] Safepoint "Cleanup", Time since last: 36004067032 ns, Reaching safepoint: 122012 ns, At safepoint: 12641 ns, Total: 134653 ns
[2022-07-11T10:52:00.900+0000][9][safepoint   ] Safepoint "Cleanup", Time since last: 6000869000 ns, Reaching safepoint: 84158 ns, At safepoint: 11943 ns, Total: 96101 ns
[2022-07-11T10:52:36.811+0000][9][gc,start    ] GC(151) Pause Young (Normal) (G1 Evacuation Pause)
[2022-07-11T10:52:36.811+0000][9][gc,task     ] GC(151) Using 4 workers of 4 for evacuation
[2022-07-11T10:52:36.811+0000][9][gc,age      ] GC(151) Desired survivor size 20971520 bytes, new threshold 15 (max threshold 15)
[2022-07-11T10:52:36.815+0000][9][gc,phases   ] GC(151)   Pre Evacuate Collection Set: 0.1ms
[2022-07-11T10:52:36.815+0000][9][gc,phases   ] GC(151)   Merge Heap Roots: 0.1ms
[2022-07-11T10:52:36.815+0000][9][gc,phases   ] GC(151)   Evacuate Collection Set: 2.0ms
[2022-07-11T10:52:36.815+0000][9][gc,phases   ] GC(151)   Post Evacuate Collection Set: 1.4ms
[2022-07-11T10:52:36.815+0000][9][gc,phases   ] GC(151)   Other: 0.2ms
[2022-07-11T10:52:36.815+0000][9][gc,age      ] GC(151) Age table with threshold 15 (max threshold 15)
[2022-07-11T10:52:36.815+0000][9][gc,age      ] GC(151) - age   1:    1031272 bytes,    1031272 total
[2022-07-11T10:52:36.815+0000][9][gc,age      ] GC(151) - age   2:       1816 bytes,    1033088 total
[2022-07-11T10:52:36.815+0000][9][gc,age      ] GC(151) - age   3:       1120 bytes,    1034208 total
[2022-07-11T10:52:36.815+0000][9][gc,age      ] GC(151) - age   4:        544 bytes,    1034752 total
[2022-07-11T10:52:36.815+0000][9][gc,age      ] GC(151) - age   5:        672 bytes,    1035424 total
[2022-07-11T10:52:36.815+0000][9][gc,age      ] GC(151) - age   6:         16 bytes,    1035440 total
[2022-07-11T10:52:36.815+0000][9][gc,age      ] GC(151) - age   7:        664 bytes,    1036104 total
[2022-07-11T10:52:36.815+0000][9][gc,age      ] GC(151) - age   8:       2400 bytes,    1038504 total
[2022-07-11T10:52:36.815+0000][9][gc,age      ] GC(151) - age   9:        424 bytes,    1038928 total
[2022-07-11T10:52:36.815+0000][9][gc,age      ] GC(151) - age  10:      12072 bytes,    1051000 total
[2022-07-11T10:52:36.815+0000][9][gc,age      ] GC(151) - age  11:      28376 bytes,    1079376 total
[2022-07-11T10:52:36.815+0000][9][gc,age      ] GC(151) - age  12:        136 bytes,    1079512 total
[2022-07-11T10:52:36.815+0000][9][gc,age      ] GC(151) - age  13:        112 bytes,    1079624 total
[2022-07-11T10:52:36.815+0000][9][gc,age      ] GC(151) - age  14:        328 bytes,    1079952 total
[2022-07-11T10:52:36.816+0000][9][gc,age      ] GC(151) - age  15:     231264 bytes,    1311216 total
[2022-07-11T10:52:36.816+0000][9][gc,heap     ] GC(151) Eden regions: 75->0(75)
[2022-07-11T10:52:36.816+0000][9][gc,heap     ] GC(151) Survivor regions: 1->1(10)
[2022-07-11T10:52:36.816+0000][9][gc,heap     ] GC(151) Old regions: 27->27
[2022-07-11T10:52:36.816+0000][9][gc,heap     ] GC(151) Archive regions: 2->2
[2022-07-11T10:52:36.816+0000][9][gc,heap     ] GC(151) Humongous regions: 0->0
[2022-07-11T10:52:36.816+0000][9][gc,metaspace] GC(151) Metaspace: 123269K(127424K)->123269K(127424K) NonClass: 107457K(109696K)->107457K(109696K) Class: 15811K(17728K)->15811K(17728K)
[2022-07-11T10:52:36.816+0000][9][gc          ] GC(151) Pause Young (Normal) (G1 Evacuation Pause) 411M->111M(512M) 4.411ms
[2022-07-11T10:52:36.816+0000][9][gc,cpu      ] GC(151) User=0.01s Sys=0.01s Real=0.01s
[2022-07-11T10:52:36.816+0000][9][safepoint   ] Safepoint "G1CollectForAllocation", Time since last: 35910881213 ns, Reaching safepoint: 68793 ns, At safepoint: 4530519 ns, Total: 4599312 ns
[2022-07-11T10:53:03.819+0000][9][safepoint   ] Safepoint "Cleanup", Time since last: 27003088574 ns, Reaching safepoint: 64254 ns, At safepoint: 11454 ns, Total: 75708 ns
[2022-07-11T10:53:16.821+0000][9][safepoint   ] Safepoint "Cleanup", Time since last: 13001810649 ns, Reaching safepoint: 97358 ns, At safepoint: 29054 ns, Total: 126412 ns
[2022-07-11T10:53:54.923+0000][9][gc,start    ] GC(152) Pause Young (Normal) (G1 Evacuation Pause)
[2022-07-11T10:53:54.923+0000][9][gc,task     ] GC(152) Using 4 workers of 4 for evacuation
[2022-07-11T10:53:54.923+0000][9][gc,age      ] GC(152) Desired survivor size 20971520 bytes, new threshold 15 (max threshold 15)
[2022-07-11T10:53:54.926+0000][9][gc,phases   ] GC(152)   Pre Evacuate Collection Set: 0.1ms
[2022-07-11T10:53:54.926+0000][9][gc,phases   ] GC(152)   Merge Heap Roots: 0.1ms
[2022-07-11T10:53:54.926+0000][9][gc,phases   ] GC(152)   Evacuate Collection Set: 1.3ms
[2022-07-11T10:53:54.926+0000][9][gc,phases   ] GC(152)   Post Evacuate Collection Set: 1.1ms
[2022-07-11T10:53:54.926+0000][9][gc,phases   ] GC(152)   Other: 0.2ms
[2022-07-11T10:53:54.926+0000][9][gc,age      ] GC(152) Age table with threshold 15 (max threshold 15)
[2022-07-11T10:53:54.926+0000][9][gc,age      ] GC(152) - age   1:     989680 bytes,     989680 total
[2022-07-11T10:53:54.926+0000][9][gc,age      ] GC(152) - age   2:        896 bytes,     990576 total
[2022-07-11T10:53:54.926+0000][9][gc,age      ] GC(152) - age   3:        736 bytes,     991312 total
[2022-07-11T10:53:54.926+0000][9][gc,age      ] GC(152) - age   4:        568 bytes,     991880 total
[2022-07-11T10:53:54.926+0000][9][gc,age      ] GC(152) - age   5:        544 bytes,     992424 total
[2022-07-11T10:53:54.926+0000][9][gc,age      ] GC(152) - age   6:        672 bytes,     993096 total
[2022-07-11T10:53:54.926+0000][9][gc,age      ] GC(152) - age   7:         16 bytes,     993112 total
[2022-07-11T10:53:54.926+0000][9][gc,age      ] GC(152) - age   8:        664 bytes,     993776 total
[2022-07-11T10:53:54.926+0000][9][gc,age      ] GC(152) - age   9:        112 bytes,     993888 total
[2022-07-11T10:53:54.926+0000][9][gc,age      ] GC(152) - age  10:        424 bytes,     994312 total
[2022-07-11T10:53:54.926+0000][9][gc,age      ] GC(152) - age  11:      12072 bytes,    1006384 total
[2022-07-11T10:53:54.926+0000][9][gc,age      ] GC(152) - age  12:      28376 bytes,    1034760 total
[2022-07-11T10:53:54.926+0000][9][gc,age      ] GC(152) - age  13:        136 bytes,    1034896 total
[2022-07-11T10:53:54.926+0000][9][gc,age      ] GC(152) - age  14:        112 bytes,    1035008 total
[2022-07-11T10:53:54.926+0000][9][gc,age      ] GC(152) - age  15:        328 bytes,    1035336 total
[2022-07-11T10:53:54.926+0000][9][gc,heap     ] GC(152) Eden regions: 75->0(75)
[2022-07-11T10:53:54.926+0000][9][gc,heap     ] GC(152) Survivor regions: 1->1(10)
[2022-07-11T10:53:54.926+0000][9][gc,heap     ] GC(152) Old regions: 27->27
[2022-07-11T10:53:54.926+0000][9][gc,heap     ] GC(152) Archive regions: 2->2
[2022-07-11T10:53:54.926+0000][9][gc,heap     ] GC(152) Humongous regions: 0->0
[2022-07-11T10:53:54.926+0000][9][gc,metaspace] GC(152) Metaspace: 123269K(127424K)->123269K(127424K) NonClass: 107457K(109696K)->107457K(109696K) Class: 15811K(17728K)->15811K(17728K)
[2022-07-11T10:53:54.926+0000][9][gc          ] GC(152) Pause Young (Normal) (G1 Evacuation Pause) 411M->111M(512M) 3.319ms
[2022-07-11T10:53:54.926+0000][9][gc,cpu      ] GC(152) User=0.00s Sys=0.01s Real=0.01s
[2022-07-11T10:53:54.926+0000][9][safepoint   ] Safepoint "G1CollectForAllocation", Time since last: 38101961234 ns, Reaching safepoint: 53638 ns, At safepoint: 3456363 ns, Total: 3510001 ns
[2022-07-11T10:55:15.867+0000][9][gc,start    ] GC(153) Pause Young (Normal) (G1 Evacuation Pause)
[2022-07-11T10:55:15.867+0000][9][gc,task     ] GC(153) Using 4 workers of 4 for evacuation
[2022-07-11T10:55:15.867+0000][9][gc,age      ] GC(153) Desired survivor size 20971520 bytes, new threshold 15 (max threshold 15)
[2022-07-11T10:55:15.869+0000][9][gc,phases   ] GC(153)   Pre Evacuate Collection Set: 0.1ms
[2022-07-11T10:55:15.869+0000][9][gc,phases   ] GC(153)   Merge Heap Roots: 0.1ms
[2022-07-11T10:55:15.869+0000][9][gc,phases   ] GC(153)   Evacuate Collection Set: 1.0ms
[2022-07-11T10:55:15.869+0000][9][gc,phases   ] GC(153)   Post Evacuate Collection Set: 0.9ms
[2022-07-11T10:55:15.869+0000][9][gc,phases   ] GC(153)   Other: 0.1ms
[2022-07-11T10:55:15.869+0000][9][gc,age      ] GC(153) Age table with threshold 15 (max threshold 15)
[2022-07-11T10:55:15.869+0000][9][gc,age      ] GC(153) - age   1:     673768 bytes,     673768 total
[2022-07-11T10:55:15.869+0000][9][gc,age      ] GC(153) - age   2:       3688 bytes,     677456 total
[2022-07-11T10:55:15.869+0000][9][gc,age      ] GC(153) - age   4:        344 bytes,     677800 total
[2022-07-11T10:55:15.869+0000][9][gc,age      ] GC(153) - age   5:        384 bytes,     678184 total
[2022-07-11T10:55:15.869+0000][9][gc,age      ] GC(153) - age   6:        544 bytes,     678728 total
[2022-07-11T10:55:15.869+0000][9][gc,age      ] GC(153) - age   7:        672 bytes,     679400 total
[2022-07-11T10:55:15.869+0000][9][gc,age      ] GC(153) - age   8:         16 bytes,     679416 total
[2022-07-11T10:55:15.869+0000][9][gc,age      ] GC(153) - age   9:        664 bytes,     680080 total
[2022-07-11T10:55:15.869+0000][9][gc,age      ] GC(153) - age  10:        112 bytes,     680192 total
[2022-07-11T10:55:15.869+0000][9][gc,age      ] GC(153) - age  11:        424 bytes,     680616 total
[2022-07-11T10:55:15.869+0000][9][gc,age      ] GC(153) - age  12:      12072 bytes,     692688 total
[2022-07-11T10:55:15.869+0000][9][gc,age      ] GC(153) - age  13:      28376 bytes,     721064 total
[2022-07-11T10:55:15.869+0000][9][gc,age      ] GC(153) - age  14:        136 bytes,     721200 total
[2022-07-11T10:55:15.869+0000][9][gc,age      ] GC(153) - age  15:        112 bytes,     721312 total
[2022-07-11T10:55:15.869+0000][9][gc,heap     ] GC(153) Eden regions: 75->0(75)
[2022-07-11T10:55:15.869+0000][9][gc,heap     ] GC(153) Survivor regions: 1->1(10)
[2022-07-11T10:55:15.869+0000][9][gc,heap     ] GC(153) Old regions: 27->27
[2022-07-11T10:55:15.870+0000][9][gc,heap     ] GC(153) Archive regions: 2->2
[2022-07-11T10:55:15.870+0000][9][gc,heap     ] GC(153) Humongous regions: 0->0
[2022-07-11T10:55:15.870+0000][9][gc,metaspace] GC(153) Metaspace: 123269K(127424K)->123269K(127424K) NonClass: 107458K(109696K)->107458K(109696K) Class: 15811K(17728K)->15811K(17728K)
[2022-07-11T10:55:15.870+0000][9][gc          ] GC(153) Pause Young (Normal) (G1 Evacuation Pause) 411M->110M(512M) 2.542ms
[2022-07-11T10:55:15.870+0000][9][gc,cpu      ] GC(153) User=0.00s Sys=0.01s Real=0.00s
[2022-07-11T10:55:15.870+0000][9][safepoint   ] Safepoint "G1CollectForAllocation", Time since last: 80940611070 ns, Reaching safepoint: 41626 ns, At safepoint: 2618410 ns, Total: 2660036 ns
[2022-07-11T10:55:40.872+0000][9][safepoint   ] Safepoint "Cleanup", Time since last: 25002184493 ns, Reaching safepoint: 145548 ns, At safepoint: 15156 ns, Total: 160704 ns
[2022-07-11T10:56:00.874+0000][9][safepoint   ] Safepoint "Cleanup", Time since last: 20001918812 ns, Reaching safepoint: 59085 ns, At safepoint: 12362 ns, Total: 71447 ns
[2022-07-11T10:56:04.875+0000][9][safepoint   ] Safepoint "Cleanup", Time since last: 4000684665 ns, Reaching safepoint: 81574 ns, At safepoint: 13339 ns, Total: 94913 ns
[2022-07-11T10:56:33.807+0000][9][gc,start    ] GC(154) Pause Young (Normal) (G1 Evacuation Pause)
[2022-07-11T10:56:33.807+0000][9][gc,task     ] GC(154) Using 4 workers of 4 for evacuation
[2022-07-11T10:56:33.807+0000][9][gc,age      ] GC(154) Desired survivor size 20971520 bytes, new threshold 15 (max threshold 15)
[2022-07-11T10:56:33.810+0000][9][gc,phases   ] GC(154)   Pre Evacuate Collection Set: 0.1ms
[2022-07-11T10:56:33.810+0000][9][gc,phases   ] GC(154)   Merge Heap Roots: 0.1ms
[2022-07-11T10:56:33.810+0000][9][gc,phases   ] GC(154)   Evacuate Collection Set: 1.2ms
[2022-07-11T10:56:33.810+0000][9][gc,phases   ] GC(154)   Post Evacuate Collection Set: 0.9ms
[2022-07-11T10:56:33.810+0000][9][gc,phases   ] GC(154)   Other: 0.1ms
[2022-07-11T10:56:33.810+0000][9][gc,age      ] GC(154) Age table with threshold 15 (max threshold 15)
[2022-07-11T10:56:33.810+0000][9][gc,age      ] GC(154) - age   1:     602136 bytes,     602136 total
[2022-07-11T10:56:33.810+0000][9][gc,age      ] GC(154) - age   2:       1400 bytes,     603536 total
[2022-07-11T10:56:33.810+0000][9][gc,age      ] GC(154) - age   3:       2496 bytes,     606032 total
[2022-07-11T10:56:33.810+0000][9][gc,age      ] GC(154) - age   5:        344 bytes,     606376 total
[2022-07-11T10:56:33.810+0000][9][gc,age      ] GC(154) - age   6:        384 bytes,     606760 total
[2022-07-11T10:56:33.810+0000][9][gc,age      ] GC(154) - age   7:        544 bytes,     607304 total
[2022-07-11T10:56:33.810+0000][9][gc,age      ] GC(154) - age   8:        672 bytes,     607976 total
[2022-07-11T10:56:33.810+0000][9][gc,age      ] GC(154) - age   9:         16 bytes,     607992 total
[2022-07-11T10:56:33.810+0000][9][gc,age      ] GC(154) - age  10:        664 bytes,     608656 total
[2022-07-11T10:56:33.810+0000][9][gc,age      ] GC(154) - age  11:        112 bytes,     608768 total
[2022-07-11T10:56:33.810+0000][9][gc,age      ] GC(154) - age  12:        424 bytes,     609192 total
[2022-07-11T10:56:33.810+0000][9][gc,age      ] GC(154) - age  13:      12072 bytes,     621264 total
[2022-07-11T10:56:33.810+0000][9][gc,age      ] GC(154) - age  14:      28344 bytes,     649608 total
[2022-07-11T10:56:33.810+0000][9][gc,age      ] GC(154) - age  15:        136 bytes,     649744 total
[2022-07-11T10:56:33.810+0000][9][gc,heap     ] GC(154) Eden regions: 75->0(75)
[2022-07-11T10:56:33.810+0000][9][gc,heap     ] GC(154) Survivor regions: 1->1(10)
[2022-07-11T10:56:33.810+0000][9][gc,heap     ] GC(154) Old regions: 27->27
[2022-07-11T10:56:33.810+0000][9][gc,heap     ] GC(154) Archive regions: 2->2
[2022-07-11T10:56:33.810+0000][9][gc,heap     ] GC(154) Humongous regions: 0->0
[2022-07-11T10:56:33.810+0000][9][gc,metaspace] GC(154) Metaspace: 123269K(127424K)->123269K(127424K) NonClass: 107458K(109696K)->107458K(109696K) Class: 15811K(17728K)->15811K(17728K)
[2022-07-11T10:56:33.810+0000][9][gc          ] GC(154) Pause Young (Normal) (G1 Evacuation Pause) 410M->110M(512M) 2.605ms
[2022-07-11T10:56:33.810+0000][9][gc,cpu      ] GC(154) User=0.01s Sys=0.00s Real=0.00s
[2022-07-11T10:56:33.810+0000][9][safepoint   ] Safepoint "G1CollectForAllocation", Time since last: 28932545723 ns, Reaching safepoint: 34711 ns, At safepoint: 2670722 ns, Total: 2705433 ns
[2022-07-11T10:57:52.470+0000][9][gc,start    ] GC(155) Pause Young (Normal) (G1 Evacuation Pause)
[2022-07-11T10:57:52.471+0000][9][gc,task     ] GC(155) Using 4 workers of 4 for evacuation
[2022-07-11T10:57:52.471+0000][9][gc,age      ] GC(155) Desired survivor size 20971520 bytes, new threshold 15 (max threshold 15)
[2022-07-11T10:57:52.475+0000][9][gc,phases   ] GC(155)   Pre Evacuate Collection Set: 0.1ms
[2022-07-11T10:57:52.475+0000][9][gc,phases   ] GC(155)   Merge Heap Roots: 0.1ms
[2022-07-11T10:57:52.475+0000][9][gc,phases   ] GC(155)   Evacuate Collection Set: 2.6ms
[2022-07-11T10:57:52.475+0000][9][gc,phases   ] GC(155)   Post Evacuate Collection Set: 1.6ms
[2022-07-11T10:57:52.475+0000][9][gc,phases   ] GC(155)   Other: 0.2ms
[2022-07-11T10:57:52.475+0000][9][gc,age      ] GC(155) Age table with threshold 15 (max threshold 15)
[2022-07-11T10:57:52.475+0000][9][gc,age      ] GC(155) - age   1:    1629152 bytes,    1629152 total
[2022-07-11T10:57:52.475+0000][9][gc,age      ] GC(155) - age   2:       1312 bytes,    1630464 total
[2022-07-11T10:57:52.475+0000][9][gc,age      ] GC(155) - age   3:        576 bytes,    1631040 total
[2022-07-11T10:57:52.475+0000][9][gc,age      ] GC(155) - age   4:       2312 bytes,    1633352 total
[2022-07-11T10:57:52.475+0000][9][gc,age      ] GC(155) - age   6:        344 bytes,    1633696 total
[2022-07-11T10:57:52.475+0000][9][gc,age      ] GC(155) - age   7:        384 bytes,    1634080 total
[2022-07-11T10:57:52.475+0000][9][gc,age      ] GC(155) - age   8:        544 bytes,    1634624 total
[2022-07-11T10:57:52.475+0000][9][gc,age      ] GC(155) - age   9:        672 bytes,    1635296 total
[2022-07-11T10:57:52.475+0000][9][gc,age      ] GC(155) - age  10:         16 bytes,    1635312 total
[2022-07-11T10:57:52.475+0000][9][gc,age      ] GC(155) - age  11:        664 bytes,    1635976 total
[2022-07-11T10:57:52.475+0000][9][gc,age      ] GC(155) - age  12:        112 bytes,    1636088 total
[2022-07-11T10:57:52.475+0000][9][gc,age      ] GC(155) - age  13:        424 bytes,    1636512 total
[2022-07-11T10:57:52.475+0000][9][gc,age      ] GC(155) - age  14:      12072 bytes,    1648584 total
[2022-07-11T10:57:52.475+0000][9][gc,age      ] GC(155) - age  15:      28344 bytes,    1676928 total
[2022-07-11T10:57:52.475+0000][9][gc,heap     ] GC(155) Eden regions: 75->0(75)
[2022-07-11T10:57:52.475+0000][9][gc,heap     ] GC(155) Survivor regions: 1->1(10)
[2022-07-11T10:57:52.475+0000][9][gc,heap     ] GC(155) Old regions: 27->27
[2022-07-11T10:57:52.475+0000][9][gc,heap     ] GC(155) Archive regions: 2->2
[2022-07-11T10:57:52.475+0000][9][gc,heap     ] GC(155) Humongous regions: 0->0
[2022-07-11T10:57:52.475+0000][9][gc,metaspace] GC(155) Metaspace: 123272K(127424K)->123272K(127424K) NonClass: 107460K(109696K)->107460K(109696K) Class: 15811K(17728K)->15811K(17728K)
[2022-07-11T10:57:52.476+0000][9][gc          ] GC(155) Pause Young (Normal) (G1 Evacuation Pause) 410M->111M(512M) 5.132ms
[2022-07-11T10:57:52.476+0000][9][gc,cpu      ] GC(155) User=0.01s Sys=0.00s Real=0.01s
[2022-07-11T10:57:52.476+0000][9][safepoint   ] Safepoint "G1CollectForAllocation", Time since last: 78660285416 ns, Reaching safepoint: 45537 ns, At safepoint: 5322655 ns, Total: 5368192 ns
[2022-07-11T10:58:58.482+0000][9][safepoint   ] Safepoint "Cleanup", Time since last: 66006733175 ns, Reaching safepoint: 75218 ns, At safepoint: 10057 ns, Total: 85275 ns
[2022-07-11T10:59:15.910+0000][9][gc,start    ] GC(156) Pause Young (Normal) (G1 Evacuation Pause)
[2022-07-11T10:59:15.910+0000][9][gc,task     ] GC(156) Using 4 workers of 4 for evacuation
[2022-07-11T10:59:15.910+0000][9][gc,age      ] GC(156) Desired survivor size 20971520 bytes, new threshold 15 (max threshold 15)
[2022-07-11T10:59:15.915+0000][9][gc,phases   ] GC(156)   Pre Evacuate Collection Set: 0.1ms
[2022-07-11T10:59:15.915+0000][9][gc,phases   ] GC(156)   Merge Heap Roots: 0.1ms
[2022-07-11T10:59:15.915+0000][9][gc,phases   ] GC(156)   Evacuate Collection Set: 3.1ms
[2022-07-11T10:59:15.915+0000][9][gc,phases   ] GC(156)   Post Evacuate Collection Set: 1.1ms
[2022-07-11T10:59:15.915+0000][9][gc,phases   ] GC(156)   Other: 0.1ms
[2022-07-11T10:59:15.915+0000][9][gc,age      ] GC(156) Age table with threshold 15 (max threshold 15)
[2022-07-11T10:59:15.915+0000][9][gc,age      ] GC(156) - age   1:    1145480 bytes,    1145480 total
[2022-07-11T10:59:15.915+0000][9][gc,age      ] GC(156) - age   2:       1832 bytes,    1147312 total
[2022-07-11T10:59:15.915+0000][9][gc,age      ] GC(156) - age   3:        224 bytes,    1147536 total
[2022-07-11T10:59:15.915+0000][9][gc,age      ] GC(156) - age   4:         96 bytes,    1147632 total
[2022-07-11T10:59:15.915+0000][9][gc,age      ] GC(156) - age   5:       2312 bytes,    1149944 total
[2022-07-11T10:59:15.915+0000][9][gc,age      ] GC(156) - age   7:        344 bytes,    1150288 total
[2022-07-11T10:59:15.915+0000][9][gc,age      ] GC(156) - age   8:        384 bytes,    1150672 total
[2022-07-11T10:59:15.915+0000][9][gc,age      ] GC(156) - age   9:        544 bytes,    1151216 total
[2022-07-11T10:59:15.915+0000][9][gc,age      ] GC(156) - age  10:        672 bytes,    1151888 total
[2022-07-11T10:59:15.915+0000][9][gc,age      ] GC(156) - age  11:         16 bytes,    1151904 total
[2022-07-11T10:59:15.915+0000][9][gc,age      ] GC(156) - age  12:        664 bytes,    1152568 total
[2022-07-11T10:59:15.915+0000][9][gc,age      ] GC(156) - age  13:        112 bytes,    1152680 total
[2022-07-11T10:59:15.915+0000][9][gc,age      ] GC(156) - age  14:        424 bytes,    1153104 total
[2022-07-11T10:59:15.915+0000][9][gc,age      ] GC(156) - age  15:      12072 bytes,    1165176 total
[2022-07-11T10:59:15.915+0000][9][gc,heap     ] GC(156) Eden regions: 75->0(75)
[2022-07-11T10:59:15.915+0000][9][gc,heap     ] GC(156) Survivor regions: 1->1(10)
[2022-07-11T10:59:15.915+0000][9][gc,heap     ] GC(156) Old regions: 27->27
[2022-07-11T10:59:15.915+0000][9][gc,heap     ] GC(156) Archive regions: 2->2
[2022-07-11T10:59:15.915+0000][9][gc,heap     ] GC(156) Humongous regions: 0->0
[2022-07-11T10:59:15.915+0000][9][gc,metaspace] GC(156) Metaspace: 123272K(127424K)->123272K(127424K) NonClass: 107460K(109696K)->107460K(109696K) Class: 15811K(17728K)->15811K(17728K)
[2022-07-11T10:59:15.915+0000][9][gc          ] GC(156) Pause Young (Normal) (G1 Evacuation Pause) 411M->111M(512M) 4.995ms
[2022-07-11T10:59:15.915+0000][9][gc,cpu      ] GC(156) User=0.01s Sys=0.00s Real=0.01s
[2022-07-11T10:59:15.915+0000][9][safepoint   ] Safepoint "G1CollectForAllocation", Time since last: 17427584824 ns, Reaching safepoint: 69561 ns, At safepoint: 5105101 ns, Total: 5174662 ns
[2022-07-11T10:59:18.916+0000][9][safepoint   ] Safepoint "Cleanup", Time since last: 3000314006 ns, Reaching safepoint: 83320 ns, At safepoint: 12432 ns, Total: 95752 ns
[2022-07-11T11:00:36.807+0000][9][gc,start    ] GC(157) Pause Young (Normal) (G1 Evacuation Pause)
[2022-07-11T11:00:36.807+0000][9][gc,task     ] GC(157) Using 4 workers of 4 for evacuation
[2022-07-11T11:00:36.807+0000][9][gc,age      ] GC(157) Desired survivor size 20971520 bytes, new threshold 15 (max threshold 15)
[2022-07-11T11:00:36.811+0000][9][gc,phases   ] GC(157)   Pre Evacuate Collection Set: 0.2ms
[2022-07-11T11:00:36.811+0000][9][gc,phases   ] GC(157)   Merge Heap Roots: 0.1ms
[2022-07-11T11:00:36.811+0000][9][gc,phases   ] GC(157)   Evacuate Collection Set: 1.7ms
[2022-07-11T11:00:36.811+0000][9][gc,phases   ] GC(157)   Post Evacuate Collection Set: 1.1ms
[2022-07-11T11:00:36.811+0000][9][gc,phases   ] GC(157)   Other: 0.2ms
[2022-07-11T11:00:36.811+0000][9][gc,age      ] GC(157) Age table with threshold 15 (max threshold 15)
[2022-07-11T11:00:36.811+0000][9][gc,age      ] GC(157) - age   1:     824744 bytes,     824744 total
[2022-07-11T11:00:36.811+0000][9][gc,age      ] GC(157) - age   2:       2136 bytes,     826880 total
[2022-07-11T11:00:36.811+0000][9][gc,age      ] GC(157) - age   3:        936 bytes,     827816 total
[2022-07-11T11:00:36.811+0000][9][gc,age      ] GC(157) - age   6:       2312 bytes,     830128 total
[2022-07-11T11:00:36.811+0000][9][gc,age      ] GC(157) - age   8:        344 bytes,     830472 total
[2022-07-11T11:00:36.811+0000][9][gc,age      ] GC(157) - age   9:        384 bytes,     830856 total
[2022-07-11T11:00:36.811+0000][9][gc,age      ] GC(157) - age  10:        544 bytes,     831400 total
[2022-07-11T11:00:36.811+0000][9][gc,age      ] GC(157) - age  11:        672 bytes,     832072 total
[2022-07-11T11:00:36.811+0000][9][gc,age      ] GC(157) - age  12:         16 bytes,     832088 total
[2022-07-11T11:00:36.811+0000][9][gc,age      ] GC(157) - age  13:        664 bytes,     832752 total
[2022-07-11T11:00:36.811+0000][9][gc,age      ] GC(157) - age  14:        112 bytes,     832864 total
[2022-07-11T11:00:36.811+0000][9][gc,age      ] GC(157) - age  15:        424 bytes,     833288 total
[2022-07-11T11:00:36.811+0000][9][gc,heap     ] GC(157) Eden regions: 75->0(75)
[2022-07-11T11:00:36.811+0000][9][gc,heap     ] GC(157) Survivor regions: 1->1(10)
[2022-07-11T11:00:36.811+0000][9][gc,heap     ] GC(157) Old regions: 27->27
[2022-07-11T11:00:36.811+0000][9][gc,heap     ] GC(157) Archive regions: 2->2
[2022-07-11T11:00:36.811+0000][9][gc,heap     ] GC(157) Humongous regions: 0->0
[2022-07-11T11:00:36.811+0000][9][gc,metaspace] GC(157) Metaspace: 123284K(127424K)->123284K(127424K) NonClass: 107472K(109696K)->107472K(109696K) Class: 15811K(17728K)->15811K(17728K)
[2022-07-11T11:00:36.811+0000][9][gc          ] GC(157) Pause Young (Normal) (G1 Evacuation Pause) 411M->110M(512M) 3.620ms
[2022-07-11T11:00:36.811+0000][9][gc,cpu      ] GC(157) User=0.01s Sys=0.00s Real=0.00s
[2022-07-11T11:00:36.811+0000][9][safepoint   ] Safepoint "G1CollectForAllocation", Time since last: 77891611057 ns, Reaching safepoint: 40438 ns, At safepoint: 3704299 ns, Total: 3744737 ns
[2022-07-11T11:01:52.380+0000][9][gc,start    ] GC(158) Pause Young (Normal) (G1 Evacuation Pause)
[2022-07-11T11:01:52.380+0000][9][gc,task     ] GC(158) Using 4 workers of 4 for evacuation
[2022-07-11T11:01:52.380+0000][9][gc,age      ] GC(158) Desired survivor size 20971520 bytes, new threshold 15 (max threshold 15)
[2022-07-11T11:01:52.383+0000][9][gc,phases   ] GC(158)   Pre Evacuate Collection Set: 0.1ms
[2022-07-11T11:01:52.383+0000][9][gc,phases   ] GC(158)   Merge Heap Roots: 0.1ms
[2022-07-11T11:01:52.383+0000][9][gc,phases   ] GC(158)   Evacuate Collection Set: 1.7ms
[2022-07-11T11:01:52.383+0000][9][gc,phases   ] GC(158)   Post Evacuate Collection Set: 1.3ms
[2022-07-11T11:01:52.383+0000][9][gc,phases   ] GC(158)   Other: 0.2ms
[2022-07-11T11:01:52.383+0000][9][gc,age      ] GC(158) Age table with threshold 15 (max threshold 15)
[2022-07-11T11:01:52.383+0000][9][gc,age      ] GC(158) - age   1:     602928 bytes,     602928 total
[2022-07-11T11:01:52.383+0000][9][gc,age      ] GC(158) - age   2:       1320 bytes,     604248 total
[2022-07-11T11:01:52.383+0000][9][gc,age      ] GC(158) - age   3:        424 bytes,     604672 total
[2022-07-11T11:01:52.383+0000][9][gc,age      ] GC(158) - age   4:        256 bytes,     604928 total
[2022-07-11T11:01:52.383+0000][9][gc,age      ] GC(158) - age   7:       2312 bytes,     607240 total
[2022-07-11T11:01:52.383+0000][9][gc,age      ] GC(158) - age   9:        344 bytes,     607584 total
[2022-07-11T11:01:52.383+0000][9][gc,age      ] GC(158) - age  10:        384 bytes,     607968 total
[2022-07-11T11:01:52.383+0000][9][gc,age      ] GC(158) - age  11:        544 bytes,     608512 total
[2022-07-11T11:01:52.383+0000][9][gc,age      ] GC(158) - age  12:        672 bytes,     609184 total
[2022-07-11T11:01:52.383+0000][9][gc,age      ] GC(158) - age  13:         16 bytes,     609200 total
[2022-07-11T11:01:52.383+0000][9][gc,age      ] GC(158) - age  14:        664 bytes,     609864 total
[2022-07-11T11:01:52.383+0000][9][gc,age      ] GC(158) - age  15:        112 bytes,     609976 total
[2022-07-11T11:01:52.384+0000][9][gc,heap     ] GC(158) Eden regions: 75->0(75)
[2022-07-11T11:01:52.384+0000][9][gc,heap     ] GC(158) Survivor regions: 1->1(10)
[2022-07-11T11:01:52.384+0000][9][gc,heap     ] GC(158) Old regions: 27->27
[2022-07-11T11:01:52.384+0000][9][gc,heap     ] GC(158) Archive regions: 2->2
[2022-07-11T11:01:52.384+0000][9][gc,heap     ] GC(158) Humongous regions: 0->0
[2022-07-11T11:01:52.384+0000][9][gc,metaspace] GC(158) Metaspace: 123286K(127424K)->123286K(127424K) NonClass: 107474K(109696K)->107474K(109696K) Class: 15811K(17728K)->15811K(17728K)
[2022-07-11T11:01:52.384+0000][9][gc          ] GC(158) Pause Young (Normal) (G1 Evacuation Pause) 410M->110M(512M) 4.025ms
[2022-07-11T11:01:52.384+0000][9][gc,cpu      ] GC(158) User=0.00s Sys=0.01s Real=0.00s
[2022-07-11T11:01:52.384+0000][9][safepoint   ] Safepoint "G1CollectForAllocation", Time since last: 75568548586 ns, Reaching safepoint: 61041 ns, At safepoint: 4141295 ns, Total: 4202336 ns
[2022-07-11T11:03:16.653+0000][9][gc,start    ] GC(159) Pause Young (Normal) (G1 Evacuation Pause)
[2022-07-11T11:03:16.653+0000][9][gc,task     ] GC(159) Using 4 workers of 4 for evacuation
[2022-07-11T11:03:16.653+0000][9][gc,age      ] GC(159) Desired survivor size 20971520 bytes, new threshold 15 (max threshold 15)
[2022-07-11T11:03:16.656+0000][9][gc,phases   ] GC(159)   Pre Evacuate Collection Set: 0.1ms
[2022-07-11T11:03:16.656+0000][9][gc,phases   ] GC(159)   Merge Heap Roots: 0.1ms
[2022-07-11T11:03:16.656+0000][9][gc,phases   ] GC(159)   Evacuate Collection Set: 1.7ms
[2022-07-11T11:03:16.656+0000][9][gc,phases   ] GC(159)   Post Evacuate Collection Set: 1.0ms
[2022-07-11T11:03:16.656+0000][9][gc,phases   ] GC(159)   Other: 0.1ms
[2022-07-11T11:03:16.656+0000][9][gc,age      ] GC(159) Age table with threshold 15 (max threshold 15)
[2022-07-11T11:03:16.656+0000][9][gc,age      ] GC(159) - age   1:    1313024 bytes,    1313024 total
[2022-07-11T11:03:16.656+0000][9][gc,age      ] GC(159) - age   2:       1864 bytes,    1314888 total
[2022-07-11T11:03:16.656+0000][9][gc,age      ] GC(159) - age   3:        552 bytes,    1315440 total
[2022-07-11T11:03:16.656+0000][9][gc,age      ] GC(159) - age   4:        424 bytes,    1315864 total
[2022-07-11T11:03:16.656+0000][9][gc,age      ] GC(159) - age   5:         72 bytes,    1315936 total
[2022-07-11T11:03:16.656+0000][9][gc,age      ] GC(159) - age   8:        216 bytes,    1316152 total
[2022-07-11T11:03:16.656+0000][9][gc,age      ] GC(159) - age  10:        344 bytes,    1316496 total
[2022-07-11T11:03:16.656+0000][9][gc,age      ] GC(159) - age  11:        384 bytes,    1316880 total
[2022-07-11T11:03:16.656+0000][9][gc,age      ] GC(159) - age  12:        152 bytes,    1317032 total
[2022-07-11T11:03:16.657+0000][9][gc,age      ] GC(159) - age  13:        672 bytes,    1317704 total
[2022-07-11T11:03:16.657+0000][9][gc,age      ] GC(159) - age  14:         16 bytes,    1317720 total
[2022-07-11T11:03:16.657+0000][9][gc,age      ] GC(159) - age  15:        664 bytes,    1318384 total
[2022-07-11T11:03:16.657+0000][9][gc,heap     ] GC(159) Eden regions: 75->0(75)
[2022-07-11T11:03:16.657+0000][9][gc,heap     ] GC(159) Survivor regions: 1->1(10)
[2022-07-11T11:03:16.657+0000][9][gc,heap     ] GC(159) Old regions: 27->27
[2022-07-11T11:03:16.657+0000][9][gc,heap     ] GC(159) Archive regions: 2->2
[2022-07-11T11:03:16.657+0000][9][gc,heap     ] GC(159) Humongous regions: 0->0
[2022-07-11T11:03:16.657+0000][9][gc,metaspace] GC(159) Metaspace: 123291K(127424K)->123291K(127424K) NonClass: 107479K(109696K)->107479K(109696K) Class: 15812K(17728K)->15812K(17728K)
[2022-07-11T11:03:16.657+0000][9][gc          ] GC(159) Pause Young (Normal) (G1 Evacuation Pause) 410M->111M(512M) 3.397ms
[2022-07-11T11:03:16.657+0000][9][gc,cpu      ] GC(159) User=0.00s Sys=0.01s Real=0.00s
[2022-07-11T11:03:16.657+0000][9][safepoint   ] Safepoint "G1CollectForAllocation", Time since last: 84269420556 ns, Reaching safepoint: 50146 ns, At safepoint: 3474173 ns, Total: 3524319 ns
[2022-07-11T11:04:13.663+0000][9][safepoint   ] Safepoint "Cleanup", Time since last: 57005897144 ns, Reaching safepoint: 52381 ns, At safepoint: 10895 ns, Total: 63276 ns
[2022-07-11T11:04:39.914+0000][9][gc,start    ] GC(160) Pause Young (Normal) (G1 Evacuation Pause)
[2022-07-11T11:04:39.914+0000][9][gc,task     ] GC(160) Using 4 workers of 4 for evacuation
[2022-07-11T11:04:39.914+0000][9][gc,age      ] GC(160) Desired survivor size 20971520 bytes, new threshold 15 (max threshold 15)
[2022-07-11T11:04:39.919+0000][9][gc,phases   ] GC(160)   Pre Evacuate Collection Set: 0.1ms
[2022-07-11T11:04:39.919+0000][9][gc,phases   ] GC(160)   Merge Heap Roots: 0.1ms
[2022-07-11T11:04:39.919+0000][9][gc,phases   ] GC(160)   Evacuate Collection Set: 2.9ms
[2022-07-11T11:04:39.919+0000][9][gc,phases   ] GC(160)   Post Evacuate Collection Set: 1.5ms
[2022-07-11T11:04:39.919+0000][9][gc,phases   ] GC(160)   Other: 0.2ms
[2022-07-11T11:04:39.919+0000][9][gc,age      ] GC(160) Age table with threshold 15 (max threshold 15)
[2022-07-11T11:04:39.919+0000][9][gc,age      ] GC(160) - age   1:    1082352 bytes,    1082352 total
[2022-07-11T11:04:39.919+0000][9][gc,age      ] GC(160) - age   2:      10176 bytes,    1092528 total
[2022-07-11T11:04:39.919+0000][9][gc,age      ] GC(160) - age   3:        840 bytes,    1093368 total
[2022-07-11T11:04:39.919+0000][9][gc,age      ] GC(160) - age   4:        160 bytes,    1093528 total
[2022-07-11T11:04:39.919+0000][9][gc,age      ] GC(160) - age   5:        424 bytes,    1093952 total
[2022-07-11T11:04:39.919+0000][9][gc,age      ] GC(160) - age   6:         72 bytes,    1094024 total
[2022-07-11T11:04:39.919+0000][9][gc,age      ] GC(160) - age   9:        216 bytes,    1094240 total
[2022-07-11T11:04:39.919+0000][9][gc,age      ] GC(160) - age  11:        344 bytes,    1094584 total
[2022-07-11T11:04:39.919+0000][9][gc,age      ] GC(160) - age  12:        384 bytes,    1094968 total
[2022-07-11T11:04:39.920+0000][9][gc,age      ] GC(160) - age  13:        152 bytes,    1095120 total
[2022-07-11T11:04:39.920+0000][9][gc,age      ] GC(160) - age  14:        672 bytes,    1095792 total
[2022-07-11T11:04:39.920+0000][9][gc,age      ] GC(160) - age  15:         16 bytes,    1095808 total
[2022-07-11T11:04:39.920+0000][9][gc,heap     ] GC(160) Eden regions: 75->0(75)
[2022-07-11T11:04:39.920+0000][9][gc,heap     ] GC(160) Survivor regions: 1->1(10)
[2022-07-11T11:04:39.920+0000][9][gc,heap     ] GC(160) Old regions: 27->27
[2022-07-11T11:04:39.920+0000][9][gc,heap     ] GC(160) Archive regions: 2->2
[2022-07-11T11:04:39.920+0000][9][gc,heap     ] GC(160) Humongous regions: 0->0
[2022-07-11T11:04:39.920+0000][9][gc,metaspace] GC(160) Metaspace: 123291K(127424K)->123291K(127424K) NonClass: 107479K(109696K)->107479K(109696K) Class: 15812K(17728K)->15812K(17728K)
[2022-07-11T11:04:39.920+0000][9][gc          ] GC(160) Pause Young (Normal) (G1 Evacuation Pause) 411M->111M(512M) 5.389ms
[2022-07-11T11:04:39.920+0000][9][gc,cpu      ] GC(160) User=0.01s Sys=0.00s Real=0.00s
[2022-07-11T11:04:39.920+0000][9][safepoint   ] Safepoint "G1CollectForAllocation", Time since last: 26251574172 ns, Reaching safepoint: 67676 ns, At safepoint: 5508991 ns, Total: 5576667 ns
[2022-07-11T11:05:00.922+0000][9][safepoint   ] Safepoint "Cleanup", Time since last: 21001904474 ns, Reaching safepoint: 116704 ns, At safepoint: 12921 ns, Total: 129625 ns
[2022-07-11T11:05:09.923+0000][9][safepoint   ] Safepoint "Cleanup", Time since last: 9000921009 ns, Reaching safepoint: 161263 ns, At safepoint: 31499 ns, Total: 192762 ns
[2022-07-11T11:05:54.889+0000][9][gc,start    ] GC(161) Pause Young (Normal) (G1 Evacuation Pause)
[2022-07-11T11:05:54.889+0000][9][gc,task     ] GC(161) Using 4 workers of 4 for evacuation
[2022-07-11T11:05:54.889+0000][9][gc,age      ] GC(161) Desired survivor size 20971520 bytes, new threshold 15 (max threshold 15)
[2022-07-11T11:05:54.892+0000][9][gc,phases   ] GC(161)   Pre Evacuate Collection Set: 0.1ms
[2022-07-11T11:05:54.892+0000][9][gc,phases   ] GC(161)   Merge Heap Roots: 0.1ms
[2022-07-11T11:05:54.892+0000][9][gc,phases   ] GC(161)   Evacuate Collection Set: 1.6ms
[2022-07-11T11:05:54.892+0000][9][gc,phases   ] GC(161)   Post Evacuate Collection Set: 1.0ms
[2022-07-11T11:05:54.892+0000][9][gc,phases   ] GC(161)   Other: 0.1ms
[2022-07-11T11:05:54.892+0000][9][gc,age      ] GC(161) Age table with threshold 15 (max threshold 15)
[2022-07-11T11:05:54.892+0000][9][gc,age      ] GC(161) - age   1:     976168 bytes,     976168 total
[2022-07-11T11:05:54.892+0000][9][gc,age      ] GC(161) - age   2:       1816 bytes,     977984 total
[2022-07-11T11:05:54.892+0000][9][gc,age      ] GC(161) - age   3:       8328 bytes,     986312 total
[2022-07-11T11:05:54.892+0000][9][gc,age      ] GC(161) - age   4:        840 bytes,     987152 total
[2022-07-11T11:05:54.892+0000][9][gc,age      ] GC(161) - age   5:         64 bytes,     987216 total
[2022-07-11T11:05:54.892+0000][9][gc,age      ] GC(161) - age   6:        424 bytes,     987640 total
[2022-07-11T11:05:54.892+0000][9][gc,age      ] GC(161) - age   7:         72 bytes,     987712 total
[2022-07-11T11:05:54.892+0000][9][gc,age      ] GC(161) - age  10:        216 bytes,     987928 total
[2022-07-11T11:05:54.892+0000][9][gc,age      ] GC(161) - age  12:        344 bytes,     988272 total
[2022-07-11T11:05:54.892+0000][9][gc,age      ] GC(161) - age  13:        384 bytes,     988656 total
[2022-07-11T11:05:54.892+0000][9][gc,age      ] GC(161) - age  14:        152 bytes,     988808 total
[2022-07-11T11:05:54.892+0000][9][gc,age      ] GC(161) - age  15:        672 bytes,     989480 total
[2022-07-11T11:05:54.892+0000][9][gc,heap     ] GC(161) Eden regions: 75->0(75)
[2022-07-11T11:05:54.892+0000][9][gc,heap     ] GC(161) Survivor regions: 1->1(10)
[2022-07-11T11:05:54.892+0000][9][gc,heap     ] GC(161) Old regions: 27->27
[2022-07-11T11:05:54.892+0000][9][gc,heap     ] GC(161) Archive regions: 2->2
[2022-07-11T11:05:54.892+0000][9][gc,heap     ] GC(161) Humongous regions: 0->0
[2022-07-11T11:05:54.892+0000][9][gc,metaspace] GC(161) Metaspace: 123292K(127424K)->123292K(127424K) NonClass: 107480K(109696K)->107480K(109696K) Class: 15812K(17728K)->15812K(17728K)
[2022-07-11T11:05:54.892+0000][9][gc          ] GC(161) Pause Young (Normal) (G1 Evacuation Pause) 411M->111M(512M) 3.442ms
[2022-07-11T11:05:54.892+0000][9][gc,cpu      ] GC(161) User=0.01s Sys=0.00s Real=0.01s
[2022-07-11T11:05:54.893+0000][9][safepoint   ] Safepoint "G1CollectForAllocation", Time since last: 44966013910 ns, Reaching safepoint: 38622 ns, At safepoint: 3553442 ns, Total: 3592064 ns
[2022-07-11T11:06:40.897+0000][9][safepoint   ] Safepoint "Cleanup", Time since last: 46004490152 ns, Reaching safepoint: 87232 ns, At safepoint: 58736 ns, Total: 145968 ns
[2022-07-11T11:07:00.899+0000][9][safepoint   ] Safepoint "Cleanup", Time since last: 20001870743 ns, Reaching safepoint: 47632 ns, At safepoint: 8521 ns, Total: 56153 ns
[2022-07-11T11:07:15.951+0000][9][gc,start    ] GC(162) Pause Young (Normal) (G1 Evacuation Pause)
[2022-07-11T11:07:15.951+0000][9][gc,task     ] GC(162) Using 4 workers of 4 for evacuation
[2022-07-11T11:07:15.951+0000][9][gc,age      ] GC(162) Desired survivor size 20971520 bytes, new threshold 15 (max threshold 15)
[2022-07-11T11:07:15.957+0000][9][gc,phases   ] GC(162)   Pre Evacuate Collection Set: 0.1ms
[2022-07-11T11:07:15.957+0000][9][gc,phases   ] GC(162)   Merge Heap Roots: 0.1ms
[2022-07-11T11:07:15.957+0000][9][gc,phases   ] GC(162)   Evacuate Collection Set: 4.2ms
[2022-07-11T11:07:15.957+0000][9][gc,phases   ] GC(162)   Post Evacuate Collection Set: 1.4ms
[2022-07-11T11:07:15.957+0000][9][gc,phases   ] GC(162)   Other: 0.2ms
[2022-07-11T11:07:15.957+0000][9][gc,age      ] GC(162) Age table with threshold 15 (max threshold 15)
[2022-07-11T11:07:15.957+0000][9][gc,age      ] GC(162) - age   1:    1773632 bytes,    1773632 total
[2022-07-11T11:07:15.957+0000][9][gc,age      ] GC(162) - age   2:       1728 bytes,    1775360 total
[2022-07-11T11:07:15.957+0000][9][gc,age      ] GC(162) - age   3:        624 bytes,    1775984 total
[2022-07-11T11:07:15.957+0000][9][gc,age      ] GC(162) - age   4:       7840 bytes,    1783824 total
[2022-07-11T11:07:15.957+0000][9][gc,age      ] GC(162) - age   5:        592 bytes,    1784416 total
[2022-07-11T11:07:15.957+0000][9][gc,age      ] GC(162) - age   6:         64 bytes,    1784480 total
[2022-07-11T11:07:15.957+0000][9][gc,age      ] GC(162) - age   7:        424 bytes,    1784904 total
[2022-07-11T11:07:15.957+0000][9][gc,age      ] GC(162) - age   8:         72 bytes,    1784976 total
[2022-07-11T11:07:15.957+0000][9][gc,age      ] GC(162) - age  11:        216 bytes,    1785192 total
[2022-07-11T11:07:15.957+0000][9][gc,age      ] GC(162) - age  13:        344 bytes,    1785536 total
[2022-07-11T11:07:15.957+0000][9][gc,age      ] GC(162) - age  14:        384 bytes,    1785920 total
[2022-07-11T11:07:15.957+0000][9][gc,age      ] GC(162) - age  15:        152 bytes,    1786072 total
[2022-07-11T11:07:15.957+0000][9][gc,heap     ] GC(162) Eden regions: 75->0(75)
[2022-07-11T11:07:15.957+0000][9][gc,heap     ] GC(162) Survivor regions: 1->1(10)
[2022-07-11T11:07:15.957+0000][9][gc,heap     ] GC(162) Old regions: 27->27
[2022-07-11T11:07:15.957+0000][9][gc,heap     ] GC(162) Archive regions: 2->2
[2022-07-11T11:07:15.957+0000][9][gc,heap     ] GC(162) Humongous regions: 0->0
[2022-07-11T11:07:15.957+0000][9][gc,metaspace] GC(162) Metaspace: 123294K(127424K)->123294K(127424K) NonClass: 107482K(109696K)->107482K(109696K) Class: 15812K(17728K)->15812K(17728K)
[2022-07-11T11:07:15.957+0000][9][gc          ] GC(162) Pause Young (Normal) (G1 Evacuation Pause) 411M->111M(512M) 6.299ms
[2022-07-11T11:07:15.957+0000][9][gc,cpu      ] GC(162) User=0.01s Sys=0.00s Real=0.01s
[2022-07-11T11:07:15.957+0000][9][safepoint   ] Safepoint "G1CollectForAllocation", Time since last: 15051337019 ns, Reaching safepoint: 75009 ns, At safepoint: 6378373 ns, Total: 6453382 ns
[2022-07-11T11:08:00.962+0000][9][safepoint   ] Safepoint "Cleanup", Time since last: 45005287394 ns, Reaching safepoint: 118102 ns, At safepoint: 14736 ns, Total: 132838 ns
[2022-07-11T11:08:39.918+0000][9][gc,start    ] GC(163) Pause Young (Normal) (G1 Evacuation Pause)
[2022-07-11T11:08:39.919+0000][9][gc,task     ] GC(163) Using 4 workers of 4 for evacuation
[2022-07-11T11:08:39.919+0000][9][gc,age      ] GC(163) Desired survivor size 20971520 bytes, new threshold 15 (max threshold 15)
[2022-07-11T11:08:39.922+0000][9][gc,phases   ] GC(163)   Pre Evacuate Collection Set: 0.1ms
[2022-07-11T11:08:39.922+0000][9][gc,phases   ] GC(163)   Merge Heap Roots: 0.1ms
[2022-07-11T11:08:39.922+0000][9][gc,phases   ] GC(163)   Evacuate Collection Set: 2.0ms
[2022-07-11T11:08:39.922+0000][9][gc,phases   ] GC(163)   Post Evacuate Collection Set: 1.2ms
[2022-07-11T11:08:39.922+0000][9][gc,phases   ] GC(163)   Other: 0.2ms
[2022-07-11T11:08:39.922+0000][9][gc,age      ] GC(163) Age table with threshold 15 (max threshold 15)
[2022-07-11T11:08:39.922+0000][9][gc,age      ] GC(163) - age   1:    1279312 bytes,    1279312 total
[2022-07-11T11:08:39.922+0000][9][gc,age      ] GC(163) - age   2:       2648 bytes,    1281960 total
[2022-07-11T11:08:39.922+0000][9][gc,age      ] GC(163) - age   3:        640 bytes,    1282600 total
[2022-07-11T11:08:39.922+0000][9][gc,age      ] GC(163) - age   4:        496 bytes,    1283096 total
[2022-07-11T11:08:39.922+0000][9][gc,age      ] GC(163) - age   5:       7840 bytes,    1290936 total
[2022-07-11T11:08:39.922+0000][9][gc,age      ] GC(163) - age   6:        592 bytes,    1291528 total
[2022-07-11T11:08:39.922+0000][9][gc,age      ] GC(163) - age   7:         64 bytes,    1291592 total
[2022-07-11T11:08:39.922+0000][9][gc,age      ] GC(163) - age   8:        424 bytes,    1292016 total
[2022-07-11T11:08:39.922+0000][9][gc,age      ] GC(163) - age   9:         72 bytes,    1292088 total
[2022-07-11T11:08:39.922+0000][9][gc,age      ] GC(163) - age  12:        216 bytes,    1292304 total
[2022-07-11T11:08:39.922+0000][9][gc,age      ] GC(163) - age  14:        344 bytes,    1292648 total
[2022-07-11T11:08:39.922+0000][9][gc,age      ] GC(163) - age  15:        384 bytes,    1293032 total
[2022-07-11T11:08:39.922+0000][9][gc,heap     ] GC(163) Eden regions: 75->0(75)
[2022-07-11T11:08:39.922+0000][9][gc,heap     ] GC(163) Survivor regions: 1->1(10)
[2022-07-11T11:08:39.922+0000][9][gc,heap     ] GC(163) Old regions: 27->27
[2022-07-11T11:08:39.922+0000][9][gc,heap     ] GC(163) Archive regions: 2->2
[2022-07-11T11:08:39.923+0000][9][gc,heap     ] GC(163) Humongous regions: 0->0
[2022-07-11T11:08:39.923+0000][9][gc,metaspace] GC(163) Metaspace: 123294K(127424K)->123294K(127424K) NonClass: 107482K(109696K)->107482K(109696K) Class: 15812K(17728K)->15812K(17728K)
[2022-07-11T11:08:39.923+0000][9][gc          ] GC(163) Pause Young (Normal) (G1 Evacuation Pause) 411M->111M(512M) 4.102ms
[2022-07-11T11:08:39.923+0000][9][gc,cpu      ] GC(163) User=0.02s Sys=0.00s Real=0.00s
[2022-07-11T11:08:39.923+0000][9][safepoint   ] Safepoint "G1CollectForAllocation", Time since last: 38956033007 ns, Reaching safepoint: 109301 ns, At safepoint: 4224492 ns, Total: 4333793 ns
[2022-07-11T11:09:02.926+0000][9][safepoint   ] Safepoint "Cleanup", Time since last: 23002755342 ns, Reaching safepoint: 87721 ns, At safepoint: 55943 ns, Total: 143664 ns
[2022-07-11T11:09:25.928+0000][9][safepoint   ] Safepoint "Cleanup", Time since last: 23002093848 ns, Reaching safepoint: 95892 ns, At safepoint: 10966 ns, Total: 106858 ns
[2022-07-11T11:09:55.238+0000][9][gc,start    ] GC(164) Pause Young (Normal) (G1 Evacuation Pause)
[2022-07-11T11:09:55.238+0000][9][gc,task     ] GC(164) Using 4 workers of 4 for evacuation
[2022-07-11T11:09:55.238+0000][9][gc,age      ] GC(164) Desired survivor size 20971520 bytes, new threshold 15 (max threshold 15)
[2022-07-11T11:09:55.243+0000][9][gc,phases   ] GC(164)   Pre Evacuate Collection Set: 0.1ms
[2022-07-11T11:09:55.243+0000][9][gc,phases   ] GC(164)   Merge Heap Roots: 0.1ms
[2022-07-11T11:09:55.243+0000][9][gc,phases   ] GC(164)   Evacuate Collection Set: 3.1ms
[2022-07-11T11:09:55.243+0000][9][gc,phases   ] GC(164)   Post Evacuate Collection Set: 1.5ms
[2022-07-11T11:09:55.243+0000][9][gc,phases   ] GC(164)   Other: 0.2ms
[2022-07-11T11:09:55.243+0000][9][gc,age      ] GC(164) Age table with threshold 15 (max threshold 15)
[2022-07-11T11:09:55.243+0000][9][gc,age      ] GC(164) - age   1:    1403880 bytes,    1403880 total
[2022-07-11T11:09:55.243+0000][9][gc,age      ] GC(164) - age   2:       2040 bytes,    1405920 total
[2022-07-11T11:09:55.243+0000][9][gc,age      ] GC(164) - age   3:        440 bytes,    1406360 total
[2022-07-11T11:09:55.243+0000][9][gc,age      ] GC(164) - age   4:        640 bytes,    1407000 total
[2022-07-11T11:09:55.243+0000][9][gc,age      ] GC(164) - age   5:        464 bytes,    1407464 total
[2022-07-11T11:09:55.243+0000][9][gc,age      ] GC(164) - age   6:       4872 bytes,    1412336 total
[2022-07-11T11:09:55.243+0000][9][gc,age      ] GC(164) - age   7:        592 bytes,    1412928 total
[2022-07-11T11:09:55.243+0000][9][gc,age      ] GC(164) - age   8:         64 bytes,    1412992 total
[2022-07-11T11:09:55.243+0000][9][gc,age      ] GC(164) - age   9:        424 bytes,    1413416 total
[2022-07-11T11:09:55.243+0000][9][gc,age      ] GC(164) - age  10:         72 bytes,    1413488 total
[2022-07-11T11:09:55.243+0000][9][gc,age      ] GC(164) - age  13:        216 bytes,    1413704 total
[2022-07-11T11:09:55.243+0000][9][gc,age      ] GC(164) - age  15:        160 bytes,    1413864 total
[2022-07-11T11:09:55.244+0000][9][gc,heap     ] GC(164) Eden regions: 75->0(75)
[2022-07-11T11:09:55.244+0000][9][gc,heap     ] GC(164) Survivor regions: 1->1(10)
[2022-07-11T11:09:55.244+0000][9][gc,heap     ] GC(164) Old regions: 27->27
[2022-07-11T11:09:55.244+0000][9][gc,heap     ] GC(164) Archive regions: 2->2
[2022-07-11T11:09:55.244+0000][9][gc,heap     ] GC(164) Humongous regions: 0->0
[2022-07-11T11:09:55.244+0000][9][gc,metaspace] GC(164) Metaspace: 123296K(127424K)->123296K(127424K) NonClass: 107484K(109696K)->107484K(109696K) Class: 15812K(17728K)->15812K(17728K)
[2022-07-11T11:09:55.244+0000][9][gc          ] GC(164) Pause Young (Normal) (G1 Evacuation Pause) 411M->111M(512M) 5.476ms
[2022-07-11T11:09:55.244+0000][9][gc,cpu      ] GC(164) User=0.01s Sys=0.00s Real=0.00s
[2022-07-11T11:09:55.244+0000][9][safepoint   ] Safepoint "G1CollectForAllocation", Time since last: 29310242220 ns, Reaching safepoint: 102947 ns, At safepoint: 5602248 ns, Total: 5705195 ns
[2022-07-11T11:10:32.247+0000][9][safepoint   ] Safepoint "Cleanup", Time since last: 37003516705 ns, Reaching safepoint: 118730 ns, At safepoint: 22419 ns, Total: 141149 ns
[2022-07-11T11:11:16.513+0000][9][gc,start    ] GC(165) Pause Young (Normal) (G1 Evacuation Pause)
[2022-07-11T11:11:16.513+0000][9][gc,task     ] GC(165) Using 4 workers of 4 for evacuation
[2022-07-11T11:11:16.513+0000][9][gc,age      ] GC(165) Desired survivor size 20971520 bytes, new threshold 15 (max threshold 15)
[2022-07-11T11:11:16.516+0000][9][gc,phases   ] GC(165)   Pre Evacuate Collection Set: 0.1ms
[2022-07-11T11:11:16.516+0000][9][gc,phases   ] GC(165)   Merge Heap Roots: 0.1ms
[2022-07-11T11:11:16.516+0000][9][gc,phases   ] GC(165)   Evacuate Collection Set: 1.6ms
[2022-07-11T11:11:16.516+0000][9][gc,phases   ] GC(165)   Post Evacuate Collection Set: 1.2ms
[2022-07-11T11:11:16.516+0000][9][gc,phases   ] GC(165)   Other: 0.2ms
[2022-07-11T11:11:16.516+0000][9][gc,age      ] GC(165) Age table with threshold 15 (max threshold 15)
[2022-07-11T11:11:16.516+0000][9][gc,age      ] GC(165) - age   1:     756832 bytes,     756832 total
[2022-07-11T11:11:16.516+0000][9][gc,age      ] GC(165) - age   2:       2368 bytes,     759200 total
[2022-07-11T11:11:16.516+0000][9][gc,age      ] GC(165) - age   3:         64 bytes,     759264 total
[2022-07-11T11:11:16.516+0000][9][gc,age      ] GC(165) - age   4:         64 bytes,     759328 total
[2022-07-11T11:11:16.517+0000][9][gc,age      ] GC(165) - age   5:        184 bytes,     759512 total
[2022-07-11T11:11:16.517+0000][9][gc,age      ] GC(165) - age   6:        464 bytes,     759976 total
[2022-07-11T11:11:16.517+0000][9][gc,age      ] GC(165) - age   7:       4872 bytes,     764848 total
[2022-07-11T11:11:16.517+0000][9][gc,age      ] GC(165) - age   8:        592 bytes,     765440 total
[2022-07-11T11:11:16.517+0000][9][gc,age      ] GC(165) - age   9:         64 bytes,     765504 total
[2022-07-11T11:11:16.517+0000][9][gc,age      ] GC(165) - age  10:        424 bytes,     765928 total
[2022-07-11T11:11:16.517+0000][9][gc,age      ] GC(165) - age  11:         72 bytes,     766000 total
[2022-07-11T11:11:16.517+0000][9][gc,age      ] GC(165) - age  14:        216 bytes,     766216 total
[2022-07-11T11:11:16.517+0000][9][gc,heap     ] GC(165) Eden regions: 75->0(75)
[2022-07-11T11:11:16.517+0000][9][gc,heap     ] GC(165) Survivor regions: 1->1(10)
[2022-07-11T11:11:16.517+0000][9][gc,heap     ] GC(165) Old regions: 27->27
[2022-07-11T11:11:16.517+0000][9][gc,heap     ] GC(165) Archive regions: 2->2
[2022-07-11T11:11:16.517+0000][9][gc,heap     ] GC(165) Humongous regions: 0->0
[2022-07-11T11:11:16.517+0000][9][gc,metaspace] GC(165) Metaspace: 123297K(127424K)->123297K(127424K) NonClass: 107484K(109696K)->107484K(109696K) Class: 15812K(17728K)->15812K(17728K)
[2022-07-11T11:11:16.517+0000][9][gc          ] GC(165) Pause Young (Normal) (G1 Evacuation Pause) 411M->110M(512M) 3.754ms
[2022-07-11T11:11:16.517+0000][9][gc,cpu      ] GC(165) User=0.01s Sys=0.01s Real=0.00s
[2022-07-11T11:11:16.517+0000][9][safepoint   ] Safepoint "G1CollectForAllocation", Time since last: 44265512349 ns, Reaching safepoint: 67047 ns, At safepoint: 3874095 ns, Total: 3941142 ns
[2022-07-11T11:11:43.999+0000][9][safepoint   ] Safepoint "Cleanup", Time since last: 27482136260 ns, Reaching safepoint: 124108 ns, At safepoint: 22768 ns, Total: 146876 ns
[2022-07-11T11:11:45.999+0000][9][safepoint   ] Safepoint "Cleanup", Time since last: 2000288443 ns, Reaching safepoint: 83041 ns, At safepoint: 12362 ns, Total: 95403 ns
[2022-07-11T11:12:01.001+0000][9][safepoint   ] Safepoint "Cleanup", Time since last: 15001446510 ns, Reaching safepoint: 120197 ns, At safepoint: 12711 ns, Total: 132908 ns
[2022-07-11T11:12:04.002+0000][9][safepoint   ] Safepoint "Cleanup", Time since last: 3000520374 ns, Reaching safepoint: 56362 ns, At safepoint: 12362 ns, Total: 68724 ns
[2022-07-11T11:12:05.002+0000][9][safepoint   ] Safepoint "Cleanup", Time since last: 1000391818 ns, Reaching safepoint: 76756 ns, At safepoint: 12851 ns, Total: 89607 ns
[2022-07-11T11:12:13.003+0000][9][safepoint   ] Safepoint "Cleanup", Time since last: 8000864260 ns, Reaching safepoint: 159308 ns, At safepoint: 17670 ns, Total: 176978 ns
[2022-07-11T11:12:39.955+0000][9][gc,start    ] GC(166) Pause Young (Normal) (G1 Evacuation Pause)
[2022-07-11T11:12:39.955+0000][9][gc,task     ] GC(166) Using 4 workers of 4 for evacuation
[2022-07-11T11:12:39.955+0000][9][gc,age      ] GC(166) Desired survivor size 20971520 bytes, new threshold 15 (max threshold 15)
[2022-07-11T11:12:39.960+0000][9][gc,phases   ] GC(166)   Pre Evacuate Collection Set: 0.1ms
[2022-07-11T11:12:39.960+0000][9][gc,phases   ] GC(166)   Merge Heap Roots: 0.1ms
[2022-07-11T11:12:39.960+0000][9][gc,phases   ] GC(166)   Evacuate Collection Set: 3.2ms
[2022-07-11T11:12:39.960+0000][9][gc,phases   ] GC(166)   Post Evacuate Collection Set: 1.3ms
[2022-07-11T11:12:39.960+0000][9][gc,phases   ] GC(166)   Other: 0.2ms
[2022-07-11T11:12:39.960+0000][9][gc,age      ] GC(166) Age table with threshold 15 (max threshold 15)
[2022-07-11T11:12:39.960+0000][9][gc,age      ] GC(166) - age   1:    1898136 bytes,    1898136 total
[2022-07-11T11:12:39.960+0000][9][gc,age      ] GC(166) - age   2:       1656 bytes,    1899792 total
[2022-07-11T11:12:39.960+0000][9][gc,age      ] GC(166) - age   3:       1152 bytes,    1900944 total
[2022-07-11T11:12:39.960+0000][9][gc,age      ] GC(166) - age   6:        184 bytes,    1901128 total
[2022-07-11T11:12:39.960+0000][9][gc,age      ] GC(166) - age   7:        464 bytes,    1901592 total
[2022-07-11T11:12:39.960+0000][9][gc,age      ] GC(166) - age   8:       4720 bytes,    1906312 total
[2022-07-11T11:12:39.960+0000][9][gc,age      ] GC(166) - age   9:        592 bytes,    1906904 total
[2022-07-11T11:12:39.960+0000][9][gc,age      ] GC(166) - age  10:         64 bytes,    1906968 total
[2022-07-11T11:12:39.960+0000][9][gc,age      ] GC(166) - age  11:        424 bytes,    1907392 total
[2022-07-11T11:12:39.961+0000][9][gc,age      ] GC(166) - age  12:         72 bytes,    1907464 total
[2022-07-11T11:12:39.961+0000][9][gc,age      ] GC(166) - age  15:        184 bytes,    1907648 total
[2022-07-11T11:12:39.961+0000][9][gc,heap     ] GC(166) Eden regions: 75->0(75)
[2022-07-11T11:12:39.961+0000][9][gc,heap     ] GC(166) Survivor regions: 1->1(10)
[2022-07-11T11:12:39.961+0000][9][gc,heap     ] GC(166) Old regions: 27->27
[2022-07-11T11:12:39.961+0000][9][gc,heap     ] GC(166) Archive regions: 2->2
[2022-07-11T11:12:39.961+0000][9][gc,heap     ] GC(166) Humongous regions: 0->0
[2022-07-11T11:12:39.961+0000][9][gc,metaspace] GC(166) Metaspace: 123297K(127424K)->123297K(127424K) NonClass: 107484K(109696K)->107484K(109696K) Class: 15812K(17728K)->15812K(17728K)
[2022-07-11T11:12:39.961+0000][9][gc          ] GC(166) Pause Young (Normal) (G1 Evacuation Pause) 410M->111M(512M) 5.346ms
[2022-07-11T11:12:39.961+0000][9][gc,cpu      ] GC(166) User=0.01s Sys=0.00s Real=0.00s
[2022-07-11T11:12:39.961+0000][9][safepoint   ] Safepoint "G1CollectForAllocation", Time since last: 26951948551 ns, Reaching safepoint: 148832 ns, At safepoint: 5477018 ns, Total: 5625850 ns
[2022-07-11T11:13:00.963+0000][9][safepoint   ] Safepoint "Cleanup", Time since last: 21001846256 ns, Reaching safepoint: 86045 ns, At safepoint: 8101 ns, Total: 94146 ns
[2022-07-11T11:13:54.540+0000][9][gc,start    ] GC(167) Pause Young (Normal) (G1 Evacuation Pause)
[2022-07-11T11:13:54.540+0000][9][gc,task     ] GC(167) Using 4 workers of 4 for evacuation
[2022-07-11T11:13:54.540+0000][9][gc,age      ] GC(167) Desired survivor size 20971520 bytes, new threshold 15 (max threshold 15)
[2022-07-11T11:13:54.543+0000][9][gc,phases   ] GC(167)   Pre Evacuate Collection Set: 0.1ms
[2022-07-11T11:13:54.543+0000][9][gc,phases   ] GC(167)   Merge Heap Roots: 0.1ms
[2022-07-11T11:13:54.543+0000][9][gc,phases   ] GC(167)   Evacuate Collection Set: 1.1ms
[2022-07-11T11:13:54.543+0000][9][gc,phases   ] GC(167)   Post Evacuate Collection Set: 1.2ms
[2022-07-11T11:13:54.543+0000][9][gc,phases   ] GC(167)   Other: 0.2ms
[2022-07-11T11:13:54.543+0000][9][gc,age      ] GC(167) Age table with threshold 15 (max threshold 15)
[2022-07-11T11:13:54.543+0000][9][gc,age      ] GC(167) - age   1:     282528 bytes,     282528 total
[2022-07-11T11:13:54.543+0000][9][gc,age      ] GC(167) - age   2:       2968 bytes,     285496 total
[2022-07-11T11:13:54.543+0000][9][gc,age      ] GC(167) - age   3:        224 bytes,     285720 total
[2022-07-11T11:13:54.543+0000][9][gc,age      ] GC(167) - age   4:        928 bytes,     286648 total
[2022-07-11T11:13:54.543+0000][9][gc,age      ] GC(167) - age   7:        184 bytes,     286832 total
[2022-07-11T11:13:54.543+0000][9][gc,age      ] GC(167) - age   8:        464 bytes,     287296 total
[2022-07-11T11:13:54.543+0000][9][gc,age      ] GC(167) - age   9:       2800 bytes,     290096 total
[2022-07-11T11:13:54.543+0000][9][gc,age      ] GC(167) - age  10:        592 bytes,     290688 total
[2022-07-11T11:13:54.543+0000][9][gc,age      ] GC(167) - age  11:         64 bytes,     290752 total
[2022-07-11T11:13:54.543+0000][9][gc,age      ] GC(167) - age  12:        424 bytes,     291176 total
[2022-07-11T11:13:54.543+0000][9][gc,age      ] GC(167) - age  13:         72 bytes,     291248 total
[2022-07-11T11:13:54.543+0000][9][gc,heap     ] GC(167) Eden regions: 75->0(75)
[2022-07-11T11:13:54.543+0000][9][gc,heap     ] GC(167) Survivor regions: 1->1(10)
[2022-07-11T11:13:54.543+0000][9][gc,heap     ] GC(167) Old regions: 27->27
[2022-07-11T11:13:54.543+0000][9][gc,heap     ] GC(167) Archive regions: 2->2
[2022-07-11T11:13:54.543+0000][9][gc,heap     ] GC(167) Humongous regions: 0->0
[2022-07-11T11:13:54.543+0000][9][gc,metaspace] GC(167) Metaspace: 123297K(127424K)->123297K(127424K) NonClass: 107485K(109696K)->107485K(109696K) Class: 15812K(17728K)->15812K(17728K)
[2022-07-11T11:13:54.543+0000][9][gc          ] GC(167) Pause Young (Normal) (G1 Evacuation Pause) 411M->110M(512M) 3.133ms
[2022-07-11T11:13:54.543+0000][9][gc,cpu      ] GC(167) User=0.01s Sys=0.00s Real=0.00s
[2022-07-11T11:13:54.544+0000][9][safepoint   ] Safepoint "G1CollectForAllocation", Time since last: 53577464843 ns, Reaching safepoint: 73962 ns, At safepoint: 3267311 ns, Total: 3341273 ns
[2022-07-11T11:13:57.579+0000][9][safepoint   ] Safepoint "Cleanup", Time since last: 3035764208 ns, Reaching safepoint: 70610 ns, At safepoint: 8590 ns, Total: 79200 ns
[2022-07-11T11:15:18.857+0000][9][gc,start    ] GC(168) Pause Young (Normal) (G1 Evacuation Pause)
[2022-07-11T11:15:18.857+0000][9][gc,task     ] GC(168) Using 4 workers of 4 for evacuation
[2022-07-11T11:15:18.857+0000][9][gc,age      ] GC(168) Desired survivor size 20971520 bytes, new threshold 15 (max threshold 15)
[2022-07-11T11:15:18.861+0000][9][gc,phases   ] GC(168)   Pre Evacuate Collection Set: 0.1ms
[2022-07-11T11:15:18.861+0000][9][gc,phases   ] GC(168)   Merge Heap Roots: 0.1ms
[2022-07-11T11:15:18.861+0000][9][gc,phases   ] GC(168)   Evacuate Collection Set: 2.0ms
[2022-07-11T11:15:18.861+0000][9][gc,phases   ] GC(168)   Post Evacuate Collection Set: 1.3ms
[2022-07-11T11:15:18.861+0000][9][gc,phases   ] GC(168)   Other: 0.2ms
[2022-07-11T11:15:18.861+0000][9][gc,age      ] GC(168) Age table with threshold 15 (max threshold 15)
[2022-07-11T11:15:18.861+0000][9][gc,age      ] GC(168) - age   1:    1442104 bytes,    1442104 total
[2022-07-11T11:15:18.861+0000][9][gc,age      ] GC(168) - age   2:       2928 bytes,    1445032 total
[2022-07-11T11:15:18.861+0000][9][gc,age      ] GC(168) - age   3:        640 bytes,    1445672 total
[2022-07-11T11:15:18.861+0000][9][gc,age      ] GC(168) - age   5:        864 bytes,    1446536 total
[2022-07-11T11:15:18.861+0000][9][gc,age      ] GC(168) - age   8:        184 bytes,    1446720 total
[2022-07-11T11:15:18.861+0000][9][gc,age      ] GC(168) - age   9:        464 bytes,    1447184 total
[2022-07-11T11:15:18.861+0000][9][gc,age      ] GC(168) - age  10:       2616 bytes,    1449800 total
[2022-07-11T11:15:18.861+0000][9][gc,age      ] GC(168) - age  11:        592 bytes,    1450392 total
[2022-07-11T11:15:18.861+0000][9][gc,age      ] GC(168) - age  12:         64 bytes,    1450456 total
[2022-07-11T11:15:18.861+0000][9][gc,age      ] GC(168) - age  13:        424 bytes,    1450880 total
[2022-07-11T11:15:18.861+0000][9][gc,age      ] GC(168) - age  14:         72 bytes,    1450952 total
[2022-07-11T11:15:18.861+0000][9][gc,heap     ] GC(168) Eden regions: 75->0(75)
[2022-07-11T11:15:18.861+0000][9][gc,heap     ] GC(168) Survivor regions: 1->1(10)
[2022-07-11T11:15:18.861+0000][9][gc,heap     ] GC(168) Old regions: 27->27
[2022-07-11T11:15:18.861+0000][9][gc,heap     ] GC(168) Archive regions: 2->2
[2022-07-11T11:15:18.861+0000][9][gc,heap     ] GC(168) Humongous regions: 0->0
[2022-07-11T11:15:18.861+0000][9][gc,metaspace] GC(168) Metaspace: 123297K(127424K)->123297K(127424K) NonClass: 107485K(109696K)->107485K(109696K) Class: 15812K(17728K)->15812K(17728K)
[2022-07-11T11:15:18.861+0000][9][gc          ] GC(168) Pause Young (Normal) (G1 Evacuation Pause) 410M->111M(512M) 4.227ms
[2022-07-11T11:15:18.861+0000][9][gc,cpu      ] GC(168) User=0.01s Sys=0.01s Real=0.00s
[2022-07-11T11:15:18.861+0000][9][safepoint   ] Safepoint "G1CollectForAllocation", Time since last: 81277616856 ns, Reaching safepoint: 48749 ns, At safepoint: 4340770 ns, Total: 4389519 ns
[2022-07-11T11:15:19.862+0000][9][safepoint   ] Safepoint "Cleanup", Time since last: 1000133823 ns, Reaching safepoint: 137587 ns, At safepoint: 12711 ns, Total: 150298 ns
[2022-07-11T11:15:31.863+0000][9][safepoint   ] Safepoint "Cleanup", Time since last: 12001161295 ns, Reaching safepoint: 86813 ns, At safepoint: 13758 ns, Total: 100571 ns
[2022-07-11T11:15:40.864+0000][9][safepoint   ] Safepoint "Cleanup", Time since last: 9001088401 ns, Reaching safepoint: 88140 ns, At safepoint: 20533 ns, Total: 108673 ns
[2022-07-11T11:16:40.009+0000][9][gc,start    ] GC(169) Pause Young (Normal) (G1 Evacuation Pause)
[2022-07-11T11:16:40.009+0000][9][gc,task     ] GC(169) Using 4 workers of 4 for evacuation
[2022-07-11T11:16:40.009+0000][9][gc,age      ] GC(169) Desired survivor size 20971520 bytes, new threshold 15 (max threshold 15)
[2022-07-11T11:16:40.012+0000][9][gc,phases   ] GC(169)   Pre Evacuate Collection Set: 0.1ms
[2022-07-11T11:16:40.012+0000][9][gc,phases   ] GC(169)   Merge Heap Roots: 0.1ms
[2022-07-11T11:16:40.012+0000][9][gc,phases   ] GC(169)   Evacuate Collection Set: 1.8ms
[2022-07-11T11:16:40.012+0000][9][gc,phases   ] GC(169)   Post Evacuate Collection Set: 1.2ms
[2022-07-11T11:16:40.012+0000][9][gc,phases   ] GC(169)   Other: 0.2ms
[2022-07-11T11:16:40.012+0000][9][gc,age      ] GC(169) Age table with threshold 15 (max threshold 15)
[2022-07-11T11:16:40.012+0000][9][gc,age      ] GC(169) - age   1:    1005120 bytes,    1005120 total
[2022-07-11T11:16:40.012+0000][9][gc,age      ] GC(169) - age   2:       3176 bytes,    1008296 total
[2022-07-11T11:16:40.012+0000][9][gc,age      ] GC(169) - age   3:       2224 bytes,    1010520 total
[2022-07-11T11:16:40.012+0000][9][gc,age      ] GC(169) - age   4:        576 bytes,    1011096 total
[2022-07-11T11:16:40.012+0000][9][gc,age      ] GC(169) - age   6:        568 bytes,    1011664 total
[2022-07-11T11:16:40.012+0000][9][gc,age      ] GC(169) - age   9:        184 bytes,    1011848 total
[2022-07-11T11:16:40.012+0000][9][gc,age      ] GC(169) - age  10:        464 bytes,    1012312 total
[2022-07-11T11:16:40.012+0000][9][gc,age      ] GC(169) - age  11:       2616 bytes,    1014928 total
[2022-07-11T11:16:40.012+0000][9][gc,age      ] GC(169) - age  12:        592 bytes,    1015520 total
[2022-07-11T11:16:40.012+0000][9][gc,age      ] GC(169) - age  13:         64 bytes,    1015584 total
[2022-07-11T11:16:40.012+0000][9][gc,age      ] GC(169) - age  14:        424 bytes,    1016008 total
[2022-07-11T11:16:40.012+0000][9][gc,age      ] GC(169) - age  15:         72 bytes,    1016080 total
[2022-07-11T11:16:40.012+0000][9][gc,heap     ] GC(169) Eden regions: 75->0(75)
[2022-07-11T11:16:40.012+0000][9][gc,heap     ] GC(169) Survivor regions: 1->1(10)
[2022-07-11T11:16:40.012+0000][9][gc,heap     ] GC(169) Old regions: 27->27
[2022-07-11T11:16:40.012+0000][9][gc,heap     ] GC(169) Archive regions: 2->2
[2022-07-11T11:16:40.012+0000][9][gc,heap     ] GC(169) Humongous regions: 0->0
[2022-07-11T11:16:40.012+0000][9][gc,metaspace] GC(169) Metaspace: 123301K(127424K)->123301K(127424K) NonClass: 107489K(109696K)->107489K(109696K) Class: 15812K(17728K)->15812K(17728K)
[2022-07-11T11:16:40.013+0000][9][gc          ] GC(169) Pause Young (Normal) (G1 Evacuation Pause) 411M->111M(512M) 3.867ms
[2022-07-11T11:16:40.013+0000][9][gc,cpu      ] GC(169) User=0.00s Sys=0.01s Real=0.01s
[2022-07-11T11:16:40.013+0000][9][safepoint   ] Safepoint "G1CollectForAllocation", Time since last: 59144411812 ns, Reaching safepoint: 106438 ns, At safepoint: 3995962 ns, Total: 4102400 ns
[2022-07-11T11:16:49.883+0000][9][safepoint   ] Safepoint "Cleanup", Time since last: 9870009698 ns, Reaching safepoint: 61461 ns, At safepoint: 10406 ns, Total: 71867 ns
[2022-07-11T11:17:54.972+0000][9][gc,start    ] GC(170) Pause Young (Normal) (G1 Evacuation Pause)
[2022-07-11T11:17:54.972+0000][9][gc,task     ] GC(170) Using 4 workers of 4 for evacuation
[2022-07-11T11:17:54.972+0000][9][gc,age      ] GC(170) Desired survivor size 20971520 bytes, new threshold 15 (max threshold 15)
[2022-07-11T11:17:54.976+0000][9][gc,phases   ] GC(170)   Pre Evacuate Collection Set: 0.1ms
[2022-07-11T11:17:54.976+0000][9][gc,phases   ] GC(170)   Merge Heap Roots: 0.1ms
[2022-07-11T11:17:54.976+0000][9][gc,phases   ] GC(170)   Evacuate Collection Set: 2.1ms
[2022-07-11T11:17:54.976+0000][9][gc,phases   ] GC(170)   Post Evacuate Collection Set: 1.7ms
[2022-07-11T11:17:54.976+0000][9][gc,phases   ] GC(170)   Other: 0.2ms
[2022-07-11T11:17:54.976+0000][9][gc,age      ] GC(170) Age table with threshold 15 (max threshold 15)
[2022-07-11T11:17:54.976+0000][9][gc,age      ] GC(170) - age   1:    1100096 bytes,    1100096 total
[2022-07-11T11:17:54.976+0000][9][gc,age      ] GC(170) - age   2:       1256 bytes,    1101352 total
[2022-07-11T11:17:54.976+0000][9][gc,age      ] GC(170) - age   3:       1248 bytes,    1102600 total
[2022-07-11T11:17:54.976+0000][9][gc,age      ] GC(170) - age   4:       2128 bytes,    1104728 total
[2022-07-11T11:17:54.976+0000][9][gc,age      ] GC(170) - age   5:        576 bytes,    1105304 total
[2022-07-11T11:17:54.976+0000][9][gc,age      ] GC(170) - age   7:        568 bytes,    1105872 total
[2022-07-11T11:17:54.976+0000][9][gc,age      ] GC(170) - age  11:        464 bytes,    1106336 total
[2022-07-11T11:17:54.977+0000][9][gc,age      ] GC(170) - age  12:       2224 bytes,    1108560 total
[2022-07-11T11:17:54.977+0000][9][gc,age      ] GC(170) - age  13:        592 bytes,    1109152 total
[2022-07-11T11:17:54.977+0000][9][gc,age      ] GC(170) - age  14:         64 bytes,    1109216 total
[2022-07-11T11:17:54.977+0000][9][gc,age      ] GC(170) - age  15:        424 bytes,    1109640 total
[2022-07-11T11:17:54.977+0000][9][gc,heap     ] GC(170) Eden regions: 75->0(75)
[2022-07-11T11:17:54.977+0000][9][gc,heap     ] GC(170) Survivor regions: 1->1(10)
[2022-07-11T11:17:54.977+0000][9][gc,heap     ] GC(170) Old regions: 27->27
[2022-07-11T11:17:54.977+0000][9][gc,heap     ] GC(170) Archive regions: 2->2
[2022-07-11T11:17:54.977+0000][9][gc,heap     ] GC(170) Humongous regions: 0->0
[2022-07-11T11:17:54.977+0000][9][gc,metaspace] GC(170) Metaspace: 123301K(127424K)->123301K(127424K) NonClass: 107489K(109696K)->107489K(109696K) Class: 15812K(17728K)->15812K(17728K)
[2022-07-11T11:17:54.977+0000][9][gc          ] GC(170) Pause Young (Normal) (G1 Evacuation Pause) 411M->111M(512M) 4.717ms
[2022-07-11T11:17:54.977+0000][9][gc,cpu      ] GC(170) User=0.00s Sys=0.01s Real=0.00s
[2022-07-11T11:17:54.977+0000][9][safepoint   ] Safepoint "G1CollectForAllocation", Time since last: 65089116756 ns, Reaching safepoint: 119638 ns, At safepoint: 4842156 ns, Total: 4961794 ns
[2022-07-11T11:18:00.978+0000][9][safepoint   ] Safepoint "Cleanup", Time since last: 6000612617 ns, Reaching safepoint: 97359 ns, At safepoint: 22908 ns, Total: 120267 ns
[2022-07-11T11:19:15.975+0000][9][gc,start    ] GC(171) Pause Young (Normal) (G1 Evacuation Pause)
[2022-07-11T11:19:15.975+0000][9][gc,task     ] GC(171) Using 4 workers of 4 for evacuation
[2022-07-11T11:19:15.975+0000][9][gc,age      ] GC(171) Desired survivor size 20971520 bytes, new threshold 15 (max threshold 15)
[2022-07-11T11:19:15.978+0000][9][gc,phases   ] GC(171)   Pre Evacuate Collection Set: 0.1ms
[2022-07-11T11:19:15.978+0000][9][gc,phases   ] GC(171)   Merge Heap Roots: 0.1ms
[2022-07-11T11:19:15.978+0000][9][gc,phases   ] GC(171)   Evacuate Collection Set: 1.6ms
[2022-07-11T11:19:15.978+0000][9][gc,phases   ] GC(171)   Post Evacuate Collection Set: 1.2ms
[2022-07-11T11:19:15.978+0000][9][gc,phases   ] GC(171)   Other: 0.2ms
[2022-07-11T11:19:15.978+0000][9][gc,age      ] GC(171) Age table with threshold 15 (max threshold 15)
[2022-07-11T11:19:15.978+0000][9][gc,age      ] GC(171) - age   1:     657232 bytes,     657232 total
[2022-07-11T11:19:15.978+0000][9][gc,age      ] GC(171) - age   2:       2440 bytes,     659672 total
[2022-07-11T11:19:15.978+0000][9][gc,age      ] GC(171) - age   3:        488 bytes,     660160 total
[2022-07-11T11:19:15.978+0000][9][gc,age      ] GC(171) - age   4:       1056 bytes,     661216 total
[2022-07-11T11:19:15.978+0000][9][gc,age      ] GC(171) - age   5:       2128 bytes,     663344 total
[2022-07-11T11:19:15.978+0000][9][gc,age      ] GC(171) - age   6:        576 bytes,     663920 total
[2022-07-11T11:19:15.978+0000][9][gc,age      ] GC(171) - age   8:        384 bytes,     664304 total
[2022-07-11T11:19:15.978+0000][9][gc,age      ] GC(171) - age  12:        464 bytes,     664768 total
[2022-07-11T11:19:15.978+0000][9][gc,age      ] GC(171) - age  13:       2224 bytes,     666992 total
[2022-07-11T11:19:15.978+0000][9][gc,age      ] GC(171) - age  14:        592 bytes,     667584 total
[2022-07-11T11:19:15.978+0000][9][gc,age      ] GC(171) - age  15:         64 bytes,     667648 total
[2022-07-11T11:19:15.978+0000][9][gc,heap     ] GC(171) Eden regions: 75->0(75)
[2022-07-11T11:19:15.978+0000][9][gc,heap     ] GC(171) Survivor regions: 1->1(10)
[2022-07-11T11:19:15.978+0000][9][gc,heap     ] GC(171) Old regions: 27->27
[2022-07-11T11:19:15.978+0000][9][gc,heap     ] GC(171) Archive regions: 2->2
[2022-07-11T11:19:15.978+0000][9][gc,heap     ] GC(171) Humongous regions: 0->0
[2022-07-11T11:19:15.978+0000][9][gc,metaspace] GC(171) Metaspace: 123301K(127424K)->123301K(127424K) NonClass: 107489K(109696K)->107489K(109696K) Class: 15812K(17728K)->15812K(17728K)
[2022-07-11T11:19:15.978+0000][9][gc          ] GC(171) Pause Young (Normal) (G1 Evacuation Pause) 411M->110M(512M) 3.681ms
[2022-07-11T11:19:15.978+0000][9][gc,cpu      ] GC(171) User=0.01s Sys=0.00s Real=0.00s
[2022-07-11T11:19:15.979+0000][9][safepoint   ] Safepoint "G1CollectForAllocation", Time since last: 74997161071 ns, Reaching safepoint: 59156 ns, At safepoint: 3807599 ns, Total: 3866755 ns
[2022-07-11T11:20:25.987+0000][9][safepoint   ] Safepoint "Cleanup", Time since last: 70007833453 ns, Reaching safepoint: 89257 ns, At safepoint: 62997 ns, Total: 152254 ns
[2022-07-11T11:20:40.029+0000][9][gc,start    ] GC(172) Pause Young (Normal) (G1 Evacuation Pause)
[2022-07-11T11:20:40.030+0000][9][gc,task     ] GC(172) Using 4 workers of 4 for evacuation
[2022-07-11T11:20:40.030+0000][9][gc,age      ] GC(172) Desired survivor size 20971520 bytes, new threshold 15 (max threshold 15)
[2022-07-11T11:20:40.033+0000][9][gc,phases   ] GC(172)   Pre Evacuate Collection Set: 0.2ms
[2022-07-11T11:20:40.034+0000][9][gc,phases   ] GC(172)   Merge Heap Roots: 0.1ms
[2022-07-11T11:20:40.034+0000][9][gc,phases   ] GC(172)   Evacuate Collection Set: 2.3ms
[2022-07-11T11:20:40.034+0000][9][gc,phases   ] GC(172)   Post Evacuate Collection Set: 1.2ms
[2022-07-11T11:20:40.034+0000][9][gc,phases   ] GC(172)   Other: 0.2ms
[2022-07-11T11:20:40.034+0000][9][gc,age      ] GC(172) Age table with threshold 15 (max threshold 15)
[2022-07-11T11:20:40.034+0000][9][gc,age      ] GC(172) - age   1:    1320184 bytes,    1320184 total
[2022-07-11T11:20:40.034+0000][9][gc,age      ] GC(172) - age   2:       1688 bytes,    1321872 total
[2022-07-11T11:20:40.034+0000][9][gc,age      ] GC(172) - age   3:       1032 bytes,    1322904 total
[2022-07-11T11:20:40.034+0000][9][gc,age      ] GC(172) - age   5:        896 bytes,    1323800 total
[2022-07-11T11:20:40.034+0000][9][gc,age      ] GC(172) - age   6:       2128 bytes,    1325928 total
[2022-07-11T11:20:40.034+0000][9][gc,age      ] GC(172) - age   7:        576 bytes,    1326504 total
[2022-07-11T11:20:40.034+0000][9][gc,age      ] GC(172) - age   9:        384 bytes,    1326888 total
[2022-07-11T11:20:40.034+0000][9][gc,age      ] GC(172) - age  13:        464 bytes,    1327352 total
[2022-07-11T11:20:40.034+0000][9][gc,age      ] GC(172) - age  14:       2224 bytes,    1329576 total
[2022-07-11T11:20:40.034+0000][9][gc,age      ] GC(172) - age  15:        592 bytes,    1330168 total
[2022-07-11T11:20:40.034+0000][9][gc,heap     ] GC(172) Eden regions: 75->0(75)
[2022-07-11T11:20:40.034+0000][9][gc,heap     ] GC(172) Survivor regions: 1->1(10)
[2022-07-11T11:20:40.034+0000][9][gc,heap     ] GC(172) Old regions: 27->27
[2022-07-11T11:20:40.034+0000][9][gc,heap     ] GC(172) Archive regions: 2->2
[2022-07-11T11:20:40.034+0000][9][gc,heap     ] GC(172) Humongous regions: 0->0
[2022-07-11T11:20:40.034+0000][9][gc,metaspace] GC(172) Metaspace: 123302K(127424K)->123302K(127424K) NonClass: 107490K(109696K)->107490K(109696K) Class: 15812K(17728K)->15812K(17728K)
[2022-07-11T11:20:40.034+0000][9][gc          ] GC(172) Pause Young (Normal) (G1 Evacuation Pause) 410M->111M(512M) 4.546ms
[2022-07-11T11:20:40.034+0000][9][gc,cpu      ] GC(172) User=0.01s Sys=0.00s Real=0.01s
[2022-07-11T11:20:40.034+0000][9][safepoint   ] Safepoint "G1CollectForAllocation", Time since last: 14042783615 ns, Reaching safepoint: 55663 ns, At safepoint: 4657286 ns, Total: 4712949 ns
[2022-07-11T11:21:02.036+0000][9][safepoint   ] Safepoint "Cleanup", Time since last: 22002263175 ns, Reaching safepoint: 57688 ns, At safepoint: 8591 ns, Total: 66279 ns
[2022-07-11T11:21:19.038+0000][9][safepoint   ] Safepoint "Cleanup", Time since last: 17001549280 ns, Reaching safepoint: 48121 ns, At safepoint: 11454 ns, Total: 59575 ns
[2022-07-11T11:21:57.975+0000][9][gc,start    ] GC(173) Pause Young (Normal) (G1 Evacuation Pause)
[2022-07-11T11:21:57.976+0000][9][gc,task     ] GC(173) Using 4 workers of 4 for evacuation
[2022-07-11T11:21:57.976+0000][9][gc,age      ] GC(173) Desired survivor size 20971520 bytes, new threshold 15 (max threshold 15)
[2022-07-11T11:21:57.979+0000][9][gc,phases   ] GC(173)   Pre Evacuate Collection Set: 0.1ms
[2022-07-11T11:21:57.979+0000][9][gc,phases   ] GC(173)   Merge Heap Roots: 0.1ms
[2022-07-11T11:21:57.979+0000][9][gc,phases   ] GC(173)   Evacuate Collection Set: 1.7ms
[2022-07-11T11:21:57.979+0000][9][gc,phases   ] GC(173)   Post Evacuate Collection Set: 1.1ms
[2022-07-11T11:21:57.979+0000][9][gc,phases   ] GC(173)   Other: 0.1ms
[2022-07-11T11:21:57.979+0000][9][gc,age      ] GC(173) Age table with threshold 15 (max threshold 15)
[2022-07-11T11:21:57.979+0000][9][gc,age      ] GC(173) - age   1:    1237456 bytes,    1237456 total
[2022-07-11T11:21:57.979+0000][9][gc,age      ] GC(173) - age   2:       1760 bytes,    1239216 total
[2022-07-11T11:21:57.979+0000][9][gc,age      ] GC(173) - age   3:        672 bytes,    1239888 total
[2022-07-11T11:21:57.979+0000][9][gc,age      ] GC(173) - age   4:        936 bytes,    1240824 total
[2022-07-11T11:21:57.979+0000][9][gc,age      ] GC(173) - age   6:        896 bytes,    1241720 total
[2022-07-11T11:21:57.979+0000][9][gc,age      ] GC(173) - age   7:       2128 bytes,    1243848 total
[2022-07-11T11:21:57.979+0000][9][gc,age      ] GC(173) - age   8:        576 bytes,    1244424 total
[2022-07-11T11:21:57.979+0000][9][gc,age      ] GC(173) - age  10:        384 bytes,    1244808 total
[2022-07-11T11:21:57.979+0000][9][gc,age      ] GC(173) - age  14:        464 bytes,    1245272 total
[2022-07-11T11:21:57.979+0000][9][gc,age      ] GC(173) - age  15:       2224 bytes,    1247496 total
[2022-07-11T11:21:57.979+0000][9][gc,heap     ] GC(173) Eden regions: 75->0(75)
[2022-07-11T11:21:57.979+0000][9][gc,heap     ] GC(173) Survivor regions: 1->1(10)
[2022-07-11T11:21:57.979+0000][9][gc,heap     ] GC(173) Old regions: 27->27
[2022-07-11T11:21:57.979+0000][9][gc,heap     ] GC(173) Archive regions: 2->2
[2022-07-11T11:21:57.979+0000][9][gc,heap     ] GC(173) Humongous regions: 0->0
[2022-07-11T11:21:57.979+0000][9][gc,metaspace] GC(173) Metaspace: 123302K(127424K)->123302K(127424K) NonClass: 107490K(109696K)->107490K(109696K) Class: 15812K(17728K)->15812K(17728K)
[2022-07-11T11:21:57.979+0000][9][gc          ] GC(173) Pause Young (Normal) (G1 Evacuation Pause) 411M->111M(512M) 3.444ms
[2022-07-11T11:21:57.979+0000][9][gc,cpu      ] GC(173) User=0.01s Sys=0.00s Real=0.00s
[2022-07-11T11:21:57.979+0000][9][safepoint   ] Safepoint "G1CollectForAllocation", Time since last: 38937426304 ns, Reaching safepoint: 64393 ns, At safepoint: 3520551 ns, Total: 3584944 ns
[2022-07-11T11:22:26.982+0000][9][safepoint   ] Safepoint "Cleanup", Time since last: 29002772890 ns, Reaching safepoint: 72076 ns, At safepoint: 10895 ns, Total: 82971 ns
[2022-07-11T11:23:00.985+0000][9][safepoint   ] Safepoint "Cleanup", Time since last: 34003196762 ns, Reaching safepoint: 65651 ns, At safepoint: 12920 ns, Total: 78571 ns
[2022-07-11T11:23:15.966+0000][9][gc,start    ] GC(174) Pause Young (Normal) (G1 Evacuation Pause)
[2022-07-11T11:23:15.966+0000][9][gc,task     ] GC(174) Using 4 workers of 4 for evacuation
[2022-07-11T11:23:15.966+0000][9][gc,age      ] GC(174) Desired survivor size 20971520 bytes, new threshold 15 (max threshold 15)
[2022-07-11T11:23:15.970+0000][9][gc,phases   ] GC(174)   Pre Evacuate Collection Set: 0.1ms
[2022-07-11T11:23:15.970+0000][9][gc,phases   ] GC(174)   Merge Heap Roots: 0.1ms
[2022-07-11T11:23:15.970+0000][9][gc,phases   ] GC(174)   Evacuate Collection Set: 2.4ms
[2022-07-11T11:23:15.970+0000][9][gc,phases   ] GC(174)   Post Evacuate Collection Set: 1.1ms
[2022-07-11T11:23:15.970+0000][9][gc,phases   ] GC(174)   Other: 0.2ms
[2022-07-11T11:23:15.970+0000][9][gc,age      ] GC(174) Age table with threshold 15 (max threshold 15)
[2022-07-11T11:23:15.970+0000][9][gc,age      ] GC(174) - age   1:    1138248 bytes,    1138248 total
[2022-07-11T11:23:15.970+0000][9][gc,age      ] GC(174) - age   2:       1432 bytes,    1139680 total
[2022-07-11T11:23:15.970+0000][9][gc,age      ] GC(174) - age   3:         96 bytes,    1139776 total
[2022-07-11T11:23:15.970+0000][9][gc,age      ] GC(174) - age   4:        184 bytes,    1139960 total
[2022-07-11T11:23:15.970+0000][9][gc,age      ] GC(174) - age   5:        688 bytes,    1140648 total
[2022-07-11T11:23:15.970+0000][9][gc,age      ] GC(174) - age   7:        896 bytes,    1141544 total
[2022-07-11T11:23:15.970+0000][9][gc,age      ] GC(174) - age   8:        208 bytes,    1141752 total
[2022-07-11T11:23:15.970+0000][9][gc,age      ] GC(174) - age   9:        400 bytes,    1142152 total
[2022-07-11T11:23:15.970+0000][9][gc,age      ] GC(174) - age  11:        384 bytes,    1142536 total
[2022-07-11T11:23:15.970+0000][9][gc,age      ] GC(174) - age  15:        464 bytes,    1143000 total
[2022-07-11T11:23:15.970+0000][9][gc,heap     ] GC(174) Eden regions: 75->0(75)
[2022-07-11T11:23:15.970+0000][9][gc,heap     ] GC(174) Survivor regions: 1->1(10)
[2022-07-11T11:23:15.970+0000][9][gc,heap     ] GC(174) Old regions: 27->27
[2022-07-11T11:23:15.970+0000][9][gc,heap     ] GC(174) Archive regions: 2->2
[2022-07-11T11:23:15.970+0000][9][gc,heap     ] GC(174) Humongous regions: 0->0
[2022-07-11T11:23:15.970+0000][9][gc,metaspace] GC(174) Metaspace: 123303K(127424K)->123303K(127424K) NonClass: 107491K(109696K)->107491K(109696K) Class: 15812K(17728K)->15812K(17728K)
[2022-07-11T11:23:15.970+0000][9][gc          ] GC(174) Pause Young (Normal) (G1 Evacuation Pause) 411M->111M(512M) 4.109ms
[2022-07-11T11:23:15.970+0000][9][gc,cpu      ] GC(174) User=0.01s Sys=0.00s Real=0.00s
[2022-07-11T11:23:15.970+0000][9][safepoint   ] Safepoint "G1CollectForAllocation", Time since last: 14980979846 ns, Reaching safepoint: 42603 ns, At safepoint: 4188092 ns, Total: 4230695 ns
[2022-07-11T11:24:37.011+0000][9][gc,start    ] GC(175) Pause Young (Normal) (G1 Evacuation Pause)
[2022-07-11T11:24:37.011+0000][9][gc,task     ] GC(175) Using 4 workers of 4 for evacuation
[2022-07-11T11:24:37.011+0000][9][gc,age      ] GC(175) Desired survivor size 20971520 bytes, new threshold 15 (max threshold 15)
[2022-07-11T11:24:37.015+0000][9][gc,phases   ] GC(175)   Pre Evacuate Collection Set: 0.1ms
[2022-07-11T11:24:37.016+0000][9][gc,phases   ] GC(175)   Merge Heap Roots: 0.1ms
[2022-07-11T11:24:37.016+0000][9][gc,phases   ] GC(175)   Evacuate Collection Set: 2.3ms
[2022-07-11T11:24:37.016+0000][9][gc,phases   ] GC(175)   Post Evacuate Collection Set: 1.4ms
[2022-07-11T11:24:37.016+0000][9][gc,phases   ] GC(175)   Other: 0.2ms
[2022-07-11T11:24:37.016+0000][9][gc,age      ] GC(175) Age table with threshold 15 (max threshold 15)
[2022-07-11T11:24:37.016+0000][9][gc,age      ] GC(175) - age   1:    1773512 bytes,    1773512 total
[2022-07-11T11:24:37.016+0000][9][gc,age      ] GC(175) - age   2:       3952 bytes,    1777464 total
[2022-07-11T11:24:37.016+0000][9][gc,age      ] GC(175) - age   3:        576 bytes,    1778040 total
[2022-07-11T11:24:37.016+0000][9][gc,age      ] GC(175) - age   4:         96 bytes,    1778136 total
[2022-07-11T11:24:37.016+0000][9][gc,age      ] GC(175) - age   5:        184 bytes,    1778320 total
[2022-07-11T11:24:37.016+0000][9][gc,age      ] GC(175) - age   6:        688 bytes,    1779008 total
[2022-07-11T11:24:37.016+0000][9][gc,age      ] GC(175) - age   8:        896 bytes,    1779904 total
[2022-07-11T11:24:37.016+0000][9][gc,age      ] GC(175) - age   9:        208 bytes,    1780112 total
[2022-07-11T11:24:37.016+0000][9][gc,age      ] GC(175) - age  10:        400 bytes,    1780512 total
[2022-07-11T11:24:37.016+0000][9][gc,age      ] GC(175) - age  12:        384 bytes,    1780896 total
[2022-07-11T11:24:37.016+0000][9][gc,heap     ] GC(175) Eden regions: 75->0(75)
[2022-07-11T11:24:37.016+0000][9][gc,heap     ] GC(175) Survivor regions: 1->1(10)
[2022-07-11T11:24:37.016+0000][9][gc,heap     ] GC(175) Old regions: 27->27
[2022-07-11T11:24:37.016+0000][9][gc,heap     ] GC(175) Archive regions: 2->2
[2022-07-11T11:24:37.016+0000][9][gc,heap     ] GC(175) Humongous regions: 0->0
[2022-07-11T11:24:37.016+0000][9][gc,metaspace] GC(175) Metaspace: 123303K(127424K)->123303K(127424K) NonClass: 107491K(109696K)->107491K(109696K) Class: 15812K(17728K)->15812K(17728K)
[2022-07-11T11:24:37.016+0000][9][gc          ] GC(175) Pause Young (Normal) (G1 Evacuation Pause) 411M->111M(512M) 4.516ms
[2022-07-11T11:24:37.016+0000][9][gc,cpu      ] GC(175) User=0.01s Sys=0.00s Real=0.01s
[2022-07-11T11:24:37.016+0000][9][safepoint   ] Safepoint "G1CollectForAllocation", Time since last: 81040920565 ns, Reaching safepoint: 70539 ns, At safepoint: 4690459 ns, Total: 4760998 ns
[2022-07-11T11:24:38.016+0000][9][safepoint   ] Safepoint "Cleanup", Time since last: 1000130624 ns, Reaching safepoint: 100502 ns, At safepoint: 13409 ns, Total: 113911 ns
[2022-07-11T11:25:54.921+0000][9][gc,start    ] GC(176) Pause Young (Normal) (G1 Evacuation Pause)
[2022-07-11T11:25:54.921+0000][9][gc,task     ] GC(176) Using 4 workers of 4 for evacuation
[2022-07-11T11:25:54.921+0000][9][gc,age      ] GC(176) Desired survivor size 20971520 bytes, new threshold 15 (max threshold 15)
[2022-07-11T11:25:54.925+0000][9][gc,phases   ] GC(176)   Pre Evacuate Collection Set: 0.1ms
[2022-07-11T11:25:54.925+0000][9][gc,phases   ] GC(176)   Merge Heap Roots: 0.1ms
[2022-07-11T11:25:54.925+0000][9][gc,phases   ] GC(176)   Evacuate Collection Set: 3.0ms
[2022-07-11T11:25:54.925+0000][9][gc,phases   ] GC(176)   Post Evacuate Collection Set: 1.5ms
[2022-07-11T11:25:54.926+0000][9][gc,phases   ] GC(176)   Other: 0.2ms
[2022-07-11T11:25:54.926+0000][9][gc,age      ] GC(176) Age table with threshold 15 (max threshold 15)
[2022-07-11T11:25:54.926+0000][9][gc,age      ] GC(176) - age   1:    1256344 bytes,    1256344 total
[2022-07-11T11:25:54.926+0000][9][gc,age      ] GC(176) - age   2:       1960 bytes,    1258304 total
[2022-07-11T11:25:54.926+0000][9][gc,age      ] GC(176) - age   3:       2680 bytes,    1260984 total
[2022-07-11T11:25:54.926+0000][9][gc,age      ] GC(176) - age   4:        248 bytes,    1261232 total
[2022-07-11T11:25:54.926+0000][9][gc,age      ] GC(176) - age   6:        184 bytes,    1261416 total
[2022-07-11T11:25:54.926+0000][9][gc,age      ] GC(176) - age   7:        688 bytes,    1262104 total
[2022-07-11T11:25:54.926+0000][9][gc,age      ] GC(176) - age   9:        712 bytes,    1262816 total
[2022-07-11T11:25:54.926+0000][9][gc,age      ] GC(176) - age  10:        208 bytes,    1263024 total
[2022-07-11T11:25:54.926+0000][9][gc,age      ] GC(176) - age  11:        400 bytes,    1263424 total
[2022-07-11T11:25:54.926+0000][9][gc,age      ] GC(176) - age  13:        384 bytes,    1263808 total
[2022-07-11T11:25:54.926+0000][9][gc,heap     ] GC(176) Eden regions: 75->0(75)
[2022-07-11T11:25:54.926+0000][9][gc,heap     ] GC(176) Survivor regions: 1->1(10)
[2022-07-11T11:25:54.926+0000][9][gc,heap     ] GC(176) Old regions: 27->27
[2022-07-11T11:25:54.926+0000][9][gc,heap     ] GC(176) Archive regions: 2->2
[2022-07-11T11:25:54.926+0000][9][gc,heap     ] GC(176) Humongous regions: 0->0
[2022-07-11T11:25:54.926+0000][9][gc,metaspace] GC(176) Metaspace: 123303K(127424K)->123303K(127424K) NonClass: 107491K(109696K)->107491K(109696K) Class: 15812K(17728K)->15812K(17728K)
[2022-07-11T11:25:54.926+0000][9][gc          ] GC(176) Pause Young (Normal) (G1 Evacuation Pause) 411M->111M(512M) 5.274ms
[2022-07-11T11:25:54.926+0000][9][gc,cpu      ] GC(176) User=0.01s Sys=0.00s Real=0.01s
[2022-07-11T11:25:54.926+0000][9][safepoint   ] Safepoint "G1CollectForAllocation", Time since last: 76904231918 ns, Reaching safepoint: 39949 ns, At safepoint: 5378882 ns, Total: 5418831 ns
[2022-07-11T11:26:00.927+0000][9][safepoint   ] Safepoint "Cleanup", Time since last: 6000618992 ns, Reaching safepoint: 99593 ns, At safepoint: 13200 ns, Total: 112793 ns
[2022-07-11T11:27:12.982+0000][9][gc,start    ] GC(177) Pause Young (Normal) (G1 Evacuation Pause)
[2022-07-11T11:27:12.982+0000][9][gc,task     ] GC(177) Using 4 workers of 4 for evacuation
[2022-07-11T11:27:12.982+0000][9][gc,age      ] GC(177) Desired survivor size 20971520 bytes, new threshold 15 (max threshold 15)
[2022-07-11T11:27:12.985+0000][9][gc,phases   ] GC(177)   Pre Evacuate Collection Set: 0.1ms
[2022-07-11T11:27:12.986+0000][9][gc,phases   ] GC(177)   Merge Heap Roots: 0.1ms
[2022-07-11T11:27:12.986+0000][9][gc,phases   ] GC(177)   Evacuate Collection Set: 2.3ms
[2022-07-11T11:27:12.986+0000][9][gc,phases   ] GC(177)   Post Evacuate Collection Set: 1.0ms
[2022-07-11T11:27:12.986+0000][9][gc,phases   ] GC(177)   Other: 0.1ms
[2022-07-11T11:27:12.986+0000][9][gc,age      ] GC(177) Age table with threshold 15 (max threshold 15)
[2022-07-11T11:27:12.986+0000][9][gc,age      ] GC(177) - age   1:    1564264 bytes,    1564264 total
[2022-07-11T11:27:12.986+0000][9][gc,age      ] GC(177) - age   2:       1600 bytes,    1565864 total
[2022-07-11T11:27:12.986+0000][9][gc,age      ] GC(177) - age   3:        552 bytes,    1566416 total
[2022-07-11T11:27:12.986+0000][9][gc,age      ] GC(177) - age   4:       2360 bytes,    1568776 total
[2022-07-11T11:27:12.986+0000][9][gc,age      ] GC(177) - age   5:        184 bytes,    1568960 total
[2022-07-11T11:27:12.986+0000][9][gc,age      ] GC(177) - age   7:        184 bytes,    1569144 total
[2022-07-11T11:27:12.986+0000][9][gc,age      ] GC(177) - age   8:        392 bytes,    1569536 total
[2022-07-11T11:27:12.986+0000][9][gc,age      ] GC(177) - age  10:        712 bytes,    1570248 total
[2022-07-11T11:27:12.986+0000][9][gc,age      ] GC(177) - age  11:        208 bytes,    1570456 total
[2022-07-11T11:27:12.986+0000][9][gc,age      ] GC(177) - age  12:        400 bytes,    1570856 total
[2022-07-11T11:27:12.986+0000][9][gc,age      ] GC(177) - age  14:        384 bytes,    1571240 total
[2022-07-11T11:27:12.986+0000][9][gc,heap     ] GC(177) Eden regions: 75->0(75)
[2022-07-11T11:27:12.986+0000][9][gc,heap     ] GC(177) Survivor regions: 1->1(10)
[2022-07-11T11:27:12.986+0000][9][gc,heap     ] GC(177) Old regions: 27->27
[2022-07-11T11:27:12.986+0000][9][gc,heap     ] GC(177) Archive regions: 2->2
[2022-07-11T11:27:12.986+0000][9][gc,heap     ] GC(177) Humongous regions: 0->0
[2022-07-11T11:27:12.986+0000][9][gc,metaspace] GC(177) Metaspace: 123304K(127424K)->123304K(127424K) NonClass: 107492K(109696K)->107492K(109696K) Class: 15812K(17728K)->15812K(17728K)
[2022-07-11T11:27:12.986+0000][9][gc          ] GC(177) Pause Young (Normal) (G1 Evacuation Pause) 411M->111M(512M) 3.914ms
[2022-07-11T11:27:12.986+0000][9][gc,cpu      ] GC(177) User=0.01s Sys=0.00s Real=0.01s
[2022-07-11T11:27:12.986+0000][9][safepoint   ] Safepoint "G1CollectForAllocation", Time since last: 72055086434 ns, Reaching safepoint: 54476 ns, At safepoint: 3987927 ns, Total: 4042403 ns
[2022-07-11T11:28:31.708+0000][9][gc,start    ] GC(178) Pause Young (Normal) (G1 Evacuation Pause)
[2022-07-11T11:28:31.708+0000][9][gc,task     ] GC(178) Using 4 workers of 4 for evacuation
[2022-07-11T11:28:31.709+0000][9][gc,age      ] GC(178) Desired survivor size 20971520 bytes, new threshold 15 (max threshold 15)
[2022-07-11T11:28:31.712+0000][9][gc,phases   ] GC(178)   Pre Evacuate Collection Set: 0.1ms
[2022-07-11T11:28:31.712+0000][9][gc,phases   ] GC(178)   Merge Heap Roots: 0.1ms
[2022-07-11T11:28:31.712+0000][9][gc,phases   ] GC(178)   Evacuate Collection Set: 1.7ms
[2022-07-11T11:28:31.712+0000][9][gc,phases   ] GC(178)   Post Evacuate Collection Set: 1.4ms
[2022-07-11T11:28:31.712+0000][9][gc,phases   ] GC(178)   Other: 0.2ms
[2022-07-11T11:28:31.712+0000][9][gc,age      ] GC(178) Age table with threshold 15 (max threshold 15)
[2022-07-11T11:28:31.712+0000][9][gc,age      ] GC(178) - age   1:     819064 bytes,     819064 total
[2022-07-11T11:28:31.712+0000][9][gc,age      ] GC(178) - age   2:       2104 bytes,     821168 total
[2022-07-11T11:28:31.712+0000][9][gc,age      ] GC(178) - age   3:        680 bytes,     821848 total
[2022-07-11T11:28:31.712+0000][9][gc,age      ] GC(178) - age   4:        552 bytes,     822400 total
[2022-07-11T11:28:31.712+0000][9][gc,age      ] GC(178) - age   5:       2360 bytes,     824760 total
[2022-07-11T11:28:31.712+0000][9][gc,age      ] GC(178) - age   6:        184 bytes,     824944 total
[2022-07-11T11:28:31.712+0000][9][gc,age      ] GC(178) - age   8:        184 bytes,     825128 total
[2022-07-11T11:28:31.712+0000][9][gc,age      ] GC(178) - age   9:        392 bytes,     825520 total
[2022-07-11T11:28:31.712+0000][9][gc,age      ] GC(178) - age  11:        712 bytes,     826232 total
[2022-07-11T11:28:31.712+0000][9][gc,age      ] GC(178) - age  12:        208 bytes,     826440 total
[2022-07-11T11:28:31.712+0000][9][gc,age      ] GC(178) - age  13:        400 bytes,     826840 total
[2022-07-11T11:28:31.712+0000][9][gc,age      ] GC(178) - age  15:        384 bytes,     827224 total
[2022-07-11T11:28:31.712+0000][9][gc,heap     ] GC(178) Eden regions: 75->0(75)
[2022-07-11T11:28:31.712+0000][9][gc,heap     ] GC(178) Survivor regions: 1->1(10)
[2022-07-11T11:28:31.712+0000][9][gc,heap     ] GC(178) Old regions: 27->27
[2022-07-11T11:28:31.712+0000][9][gc,heap     ] GC(178) Archive regions: 2->2
[2022-07-11T11:28:31.712+0000][9][gc,heap     ] GC(178) Humongous regions: 0->0
[2022-07-11T11:28:31.712+0000][9][gc,metaspace] GC(178) Metaspace: 123304K(127424K)->123304K(127424K) NonClass: 107492K(109696K)->107492K(109696K) Class: 15812K(17728K)->15812K(17728K)
[2022-07-11T11:28:31.712+0000][9][gc          ] GC(178) Pause Young (Normal) (G1 Evacuation Pause) 411M->110M(512M) 4.036ms
[2022-07-11T11:28:31.712+0000][9][gc,cpu      ] GC(178) User=0.01s Sys=0.00s Real=0.01s
[2022-07-11T11:28:31.713+0000][9][safepoint   ] Safepoint "G1CollectForAllocation", Time since last: 78722530251 ns, Reaching safepoint: 75289 ns, At safepoint: 4156243 ns, Total: 4231532 ns
[2022-07-11T11:29:01.716+0000][9][safepoint   ] Safepoint "Cleanup", Time since last: 30003853743 ns, Reaching safepoint: 94356 ns, At safepoint: 9428 ns, Total: 103784 ns
[2022-07-11T11:29:03.717+0000][9][safepoint   ] Safepoint "Cleanup", Time since last: 2000246759 ns, Reaching safepoint: 85625 ns, At safepoint: 14108 ns, Total: 99733 ns
[2022-07-11T11:29:55.002+0000][9][gc,start    ] GC(179) Pause Young (Normal) (G1 Evacuation Pause)
[2022-07-11T11:29:55.002+0000][9][gc,task     ] GC(179) Using 4 workers of 4 for evacuation
[2022-07-11T11:29:55.002+0000][9][gc,age      ] GC(179) Desired survivor size 20971520 bytes, new threshold 15 (max threshold 15)
[2022-07-11T11:29:55.006+0000][9][gc,phases   ] GC(179)   Pre Evacuate Collection Set: 0.1ms
[2022-07-11T11:29:55.006+0000][9][gc,phases   ] GC(179)   Merge Heap Roots: 0.1ms
[2022-07-11T11:29:55.006+0000][9][gc,phases   ] GC(179)   Evacuate Collection Set: 2.7ms
[2022-07-11T11:29:55.006+0000][9][gc,phases   ] GC(179)   Post Evacuate Collection Set: 1.4ms
[2022-07-11T11:29:55.006+0000][9][gc,phases   ] GC(179)   Other: 0.2ms
[2022-07-11T11:29:55.006+0000][9][gc,age      ] GC(179) Age table with threshold 15 (max threshold 15)
[2022-07-11T11:29:55.006+0000][9][gc,age      ] GC(179) - age   1:    1953160 bytes,    1953160 total
[2022-07-11T11:29:55.006+0000][9][gc,age      ] GC(179) - age   2:        832 bytes,    1953992 total
[2022-07-11T11:29:55.006+0000][9][gc,age      ] GC(179) - age   3:        296 bytes,    1954288 total
[2022-07-11T11:29:55.006+0000][9][gc,age      ] GC(179) - age   4:        160 bytes,    1954448 total
[2022-07-11T11:29:55.006+0000][9][gc,age      ] GC(179) - age   5:        552 bytes,    1955000 total
[2022-07-11T11:29:55.006+0000][9][gc,age      ] GC(179) - age   6:       2360 bytes,    1957360 total
[2022-07-11T11:29:55.006+0000][9][gc,age      ] GC(179) - age   7:        184 bytes,    1957544 total
[2022-07-11T11:29:55.006+0000][9][gc,age      ] GC(179) - age   9:        184 bytes,    1957728 total
[2022-07-11T11:29:55.006+0000][9][gc,age      ] GC(179) - age  10:        392 bytes,    1958120 total
[2022-07-11T11:29:55.006+0000][9][gc,age      ] GC(179) - age  12:        712 bytes,    1958832 total
[2022-07-11T11:29:55.006+0000][9][gc,age      ] GC(179) - age  13:         24 bytes,    1958856 total
[2022-07-11T11:29:55.006+0000][9][gc,age      ] GC(179) - age  14:        400 bytes,    1959256 total
[2022-07-11T11:29:55.006+0000][9][gc,heap     ] GC(179) Eden regions: 75->0(75)
[2022-07-11T11:29:55.006+0000][9][gc,heap     ] GC(179) Survivor regions: 1->1(10)
[2022-07-11T11:29:55.007+0000][9][gc,heap     ] GC(179) Old regions: 27->27
[2022-07-11T11:29:55.007+0000][9][gc,heap     ] GC(179) Archive regions: 2->2
[2022-07-11T11:29:55.007+0000][9][gc,heap     ] GC(179) Humongous regions: 0->0
[2022-07-11T11:29:55.007+0000][9][gc,metaspace] GC(179) Metaspace: 123304K(127424K)->123304K(127424K) NonClass: 107492K(109696K)->107492K(109696K) Class: 15812K(17728K)->15812K(17728K)
[2022-07-11T11:29:55.007+0000][9][gc          ] GC(179) Pause Young (Normal) (G1 Evacuation Pause) 410M->111M(512M) 5.072ms
[2022-07-11T11:29:55.007+0000][9][gc,cpu      ] GC(179) User=0.02s Sys=0.00s Real=0.01s
[2022-07-11T11:29:55.007+0000][9][safepoint   ] Safepoint "G1CollectForAllocation", Time since last: 51284519705 ns, Reaching safepoint: 155047 ns, At safepoint: 5199250 ns, Total: 5354297 ns
[2022-07-11T11:31:07.525+0000][9][gc,start    ] GC(180) Pause Young (Normal) (G1 Evacuation Pause)
[2022-07-11T11:31:07.525+0000][9][gc,task     ] GC(180) Using 4 workers of 4 for evacuation
[2022-07-11T11:31:07.525+0000][9][gc,age      ] GC(180) Desired survivor size 20971520 bytes, new threshold 15 (max threshold 15)
[2022-07-11T11:31:07.530+0000][9][gc,phases   ] GC(180)   Pre Evacuate Collection Set: 0.1ms
[2022-07-11T11:31:07.530+0000][9][gc,phases   ] GC(180)   Merge Heap Roots: 0.1ms
[2022-07-11T11:31:07.530+0000][9][gc,phases   ] GC(180)   Evacuate Collection Set: 2.6ms
[2022-07-11T11:31:07.530+0000][9][gc,phases   ] GC(180)   Post Evacuate Collection Set: 1.5ms
[2022-07-11T11:31:07.530+0000][9][gc,phases   ] GC(180)   Other: 0.2ms
[2022-07-11T11:31:07.530+0000][9][gc,age      ] GC(180) Age table with threshold 15 (max threshold 15)
[2022-07-11T11:31:07.530+0000][9][gc,age      ] GC(180) - age   1:    1881816 bytes,    1881816 total
[2022-07-11T11:31:07.530+0000][9][gc,age      ] GC(180) - age   2:       2328 bytes,    1884144 total
[2022-07-11T11:31:07.530+0000][9][gc,age      ] GC(180) - age   3:         64 bytes,    1884208 total
[2022-07-11T11:31:07.530+0000][9][gc,age      ] GC(180) - age   4:        232 bytes,    1884440 total
[2022-07-11T11:31:07.530+0000][9][gc,age      ] GC(180) - age   6:        552 bytes,    1884992 total
[2022-07-11T11:31:07.530+0000][9][gc,age      ] GC(180) - age   7:       2176 bytes,    1887168 total
[2022-07-11T11:31:07.530+0000][9][gc,age      ] GC(180) - age   8:        184 bytes,    1887352 total
[2022-07-11T11:31:07.530+0000][9][gc,age      ] GC(180) - age  10:        184 bytes,    1887536 total
[2022-07-11T11:31:07.530+0000][9][gc,age      ] GC(180) - age  11:        392 bytes,    1887928 total
[2022-07-11T11:31:07.530+0000][9][gc,age      ] GC(180) - age  13:        712 bytes,    1888640 total
[2022-07-11T11:31:07.530+0000][9][gc,age      ] GC(180) - age  14:         24 bytes,    1888664 total
[2022-07-11T11:31:07.530+0000][9][gc,age      ] GC(180) - age  15:        400 bytes,    1889064 total
[2022-07-11T11:31:07.530+0000][9][gc,heap     ] GC(180) Eden regions: 75->0(75)
[2022-07-11T11:31:07.530+0000][9][gc,heap     ] GC(180) Survivor regions: 1->1(10)
[2022-07-11T11:31:07.530+0000][9][gc,heap     ] GC(180) Old regions: 27->27
[2022-07-11T11:31:07.530+0000][9][gc,heap     ] GC(180) Archive regions: 2->2
[2022-07-11T11:31:07.530+0000][9][gc,heap     ] GC(180) Humongous regions: 0->0
[2022-07-11T11:31:07.530+0000][9][gc,metaspace] GC(180) Metaspace: 123304K(127424K)->123304K(127424K) NonClass: 107492K(109696K)->107492K(109696K) Class: 15812K(17728K)->15812K(17728K)
[2022-07-11T11:31:07.530+0000][9][gc          ] GC(180) Pause Young (Normal) (G1 Evacuation Pause) 411M->112M(512M) 4.990ms
[2022-07-11T11:31:07.530+0000][9][gc,cpu      ] GC(180) User=0.01s Sys=0.00s Real=0.00s
[2022-07-11T11:31:07.530+0000][9][safepoint   ] Safepoint "G1CollectForAllocation", Time since last: 72518516841 ns, Reaching safepoint: 47073 ns, At safepoint: 5108526 ns, Total: 5155599 ns
[2022-07-11T11:32:31.084+0000][9][gc,start    ] GC(181) Pause Young (Normal) (G1 Evacuation Pause)
[2022-07-11T11:32:31.084+0000][9][gc,task     ] GC(181) Using 4 workers of 4 for evacuation
[2022-07-11T11:32:31.084+0000][9][gc,age      ] GC(181) Desired survivor size 20971520 bytes, new threshold 15 (max threshold 15)
[2022-07-11T11:32:31.089+0000][9][gc,phases   ] GC(181)   Pre Evacuate Collection Set: 0.1ms
[2022-07-11T11:32:31.089+0000][9][gc,phases   ] GC(181)   Merge Heap Roots: 0.1ms
[2022-07-11T11:32:31.089+0000][9][gc,phases   ] GC(181)   Evacuate Collection Set: 2.7ms
[2022-07-11T11:32:31.089+0000][9][gc,phases   ] GC(181)   Post Evacuate Collection Set: 1.7ms
[2022-07-11T11:32:31.089+0000][9][gc,phases   ] GC(181)   Other: 0.2ms
[2022-07-11T11:32:31.089+0000][9][gc,age      ] GC(181) Age table with threshold 15 (max threshold 15)
[2022-07-11T11:32:31.089+0000][9][gc,age      ] GC(181) - age   1:    1091208 bytes,    1091208 total
[2022-07-11T11:32:31.089+0000][9][gc,age      ] GC(181) - age   2:       2272 bytes,    1093480 total
[2022-07-11T11:32:31.089+0000][9][gc,age      ] GC(181) - age   3:        664 bytes,    1094144 total
[2022-07-11T11:32:31.089+0000][9][gc,age      ] GC(181) - age   5:        232 bytes,    1094376 total
[2022-07-11T11:32:31.089+0000][9][gc,age      ] GC(181) - age   7:        256 bytes,    1094632 total
[2022-07-11T11:32:31.089+0000][9][gc,age      ] GC(181) - age   8:       2176 bytes,    1096808 total
[2022-07-11T11:32:31.089+0000][9][gc,age      ] GC(181) - age   9:        184 bytes,    1096992 total
[2022-07-11T11:32:31.089+0000][9][gc,age      ] GC(181) - age  11:        184 bytes,    1097176 total
[2022-07-11T11:32:31.089+0000][9][gc,age      ] GC(181) - age  12:        392 bytes,    1097568 total
[2022-07-11T11:32:31.089+0000][9][gc,age      ] GC(181) - age  14:        712 bytes,    1098280 total
[2022-07-11T11:32:31.089+0000][9][gc,age      ] GC(181) - age  15:         24 bytes,    1098304 total
[2022-07-11T11:32:31.089+0000][9][gc,heap     ] GC(181) Eden regions: 75->0(75)
[2022-07-11T11:32:31.089+0000][9][gc,heap     ] GC(181) Survivor regions: 1->1(10)
[2022-07-11T11:32:31.089+0000][9][gc,heap     ] GC(181) Old regions: 27->27
[2022-07-11T11:32:31.089+0000][9][gc,heap     ] GC(181) Archive regions: 2->2
[2022-07-11T11:32:31.089+0000][9][gc,heap     ] GC(181) Humongous regions: 0->0
[2022-07-11T11:32:31.089+0000][9][gc,metaspace] GC(181) Metaspace: 123306K(127424K)->123306K(127424K) NonClass: 107494K(109696K)->107494K(109696K) Class: 15812K(17728K)->15812K(17728K)
[2022-07-11T11:32:31.089+0000][9][gc          ] GC(181) Pause Young (Normal) (G1 Evacuation Pause) 412M->111M(512M) 5.365ms
[2022-07-11T11:32:31.089+0000][9][gc,cpu      ] GC(181) User=0.01s Sys=0.00s Real=0.00s
[2022-07-11T11:32:31.090+0000][9][safepoint   ] Safepoint "G1CollectForAllocation", Time since last: 83553560113 ns, Reaching safepoint: 83670 ns, At safepoint: 5516886 ns, Total: 5600556 ns
[2022-07-11T11:33:08.094+0000][9][safepoint   ] Safepoint "Cleanup", Time since last: 37004567933 ns, Reaching safepoint: 93936 ns, At safepoint: 12921 ns, Total: 106857 ns
[2022-07-11T11:33:43.075+0000][9][gc,start    ] GC(182) Pause Young (Normal) (G1 Evacuation Pause)
[2022-07-11T11:33:43.076+0000][9][gc,task     ] GC(182) Using 4 workers of 4 for evacuation
[2022-07-11T11:33:43.076+0000][9][gc,age      ] GC(182) Desired survivor size 20971520 bytes, new threshold 15 (max threshold 15)
[2022-07-11T11:33:43.079+0000][9][gc,phases   ] GC(182)   Pre Evacuate Collection Set: 0.1ms
[2022-07-11T11:33:43.079+0000][9][gc,phases   ] GC(182)   Merge Heap Roots: 0.1ms
[2022-07-11T11:33:43.079+0000][9][gc,phases   ] GC(182)   Evacuate Collection Set: 1.3ms
[2022-07-11T11:33:43.079+0000][9][gc,phases   ] GC(182)   Post Evacuate Collection Set: 1.5ms
[2022-07-11T11:33:43.079+0000][9][gc,phases   ] GC(182)   Other: 0.2ms
[2022-07-11T11:33:43.079+0000][9][gc,age      ] GC(182) Age table with threshold 15 (max threshold 15)
[2022-07-11T11:33:43.079+0000][9][gc,age      ] GC(182) - age   1:     669592 bytes,     669592 total
[2022-07-11T11:33:43.079+0000][9][gc,age      ] GC(182) - age   2:       1376 bytes,     670968 total
[2022-07-11T11:33:43.079+0000][9][gc,age      ] GC(182) - age   3:        712 bytes,     671680 total
[2022-07-11T11:33:43.079+0000][9][gc,age      ] GC(182) - age   4:        632 bytes,     672312 total
[2022-07-11T11:33:43.079+0000][9][gc,age      ] GC(182) - age   6:        232 bytes,     672544 total
[2022-07-11T11:33:43.079+0000][9][gc,age      ] GC(182) - age   8:        256 bytes,     672800 total
[2022-07-11T11:33:43.079+0000][9][gc,age      ] GC(182) - age   9:        104 bytes,     672904 total
[2022-07-11T11:33:43.079+0000][9][gc,age      ] GC(182) - age  10:        184 bytes,     673088 total
[2022-07-11T11:33:43.079+0000][9][gc,age      ] GC(182) - age  12:        184 bytes,     673272 total
[2022-07-11T11:33:43.079+0000][9][gc,age      ] GC(182) - age  15:        712 bytes,     673984 total
[2022-07-11T11:33:43.079+0000][9][gc,heap     ] GC(182) Eden regions: 75->0(75)
[2022-07-11T11:33:43.079+0000][9][gc,heap     ] GC(182) Survivor regions: 1->1(10)
[2022-07-11T11:33:43.079+0000][9][gc,heap     ] GC(182) Old regions: 27->27
[2022-07-11T11:33:43.079+0000][9][gc,heap     ] GC(182) Archive regions: 2->2
[2022-07-11T11:33:43.079+0000][9][gc,heap     ] GC(182) Humongous regions: 0->0
[2022-07-11T11:33:43.079+0000][9][gc,metaspace] GC(182) Metaspace: 123306K(127424K)->123306K(127424K) NonClass: 107494K(109696K)->107494K(109696K) Class: 15812K(17728K)->15812K(17728K)
[2022-07-11T11:33:43.079+0000][9][gc          ] GC(182) Pause Young (Normal) (G1 Evacuation Pause) 411M->110M(512M) 3.754ms
[2022-07-11T11:33:43.079+0000][9][gc,cpu      ] GC(182) User=0.00s Sys=0.00s Real=0.00s
[2022-07-11T11:33:43.079+0000][9][safepoint   ] Safepoint "G1CollectForAllocation", Time since last: 34981131710 ns, Reaching safepoint: 116914 ns, At safepoint: 3886377 ns, Total: 4003291 ns
[2022-07-11T11:33:58.081+0000][9][safepoint   ] Safepoint "Cleanup", Time since last: 15001503636 ns, Reaching safepoint: 80037 ns, At safepoint: 12502 ns, Total: 92539 ns
[2022-07-11T11:34:13.083+0000][9][safepoint   ] Safepoint "Cleanup", Time since last: 15001645890 ns, Reaching safepoint: 105879 ns, At safepoint: 18019 ns, Total: 123898 ns
[2022-07-11T11:34:14.083+0000][9][safepoint   ] Safepoint "Cleanup", Time since last: 1000185421 ns, Reaching safepoint: 75778 ns, At safepoint: 11593 ns, Total: 87371 ns
[2022-07-11T11:34:26.084+0000][9][safepoint   ] Safepoint "Cleanup", Time since last: 12001227910 ns, Reaching safepoint: 69772 ns, At safepoint: 12990 ns, Total: 82762 ns
[2022-07-11T11:34:41.086+0000][9][safepoint   ] Safepoint "Cleanup", Time since last: 15001417153 ns, Reaching safepoint: 66000 ns, At safepoint: 9149 ns, Total: 75149 ns
[2022-07-11T11:35:00.999+0000][9][gc,start    ] GC(183) Pause Young (Normal) (G1 Evacuation Pause)
[2022-07-11T11:35:00.999+0000][9][gc,task     ] GC(183) Using 4 workers of 4 for evacuation
[2022-07-11T11:35:00.999+0000][9][gc,age      ] GC(183) Desired survivor size 20971520 bytes, new threshold 15 (max threshold 15)
[2022-07-11T11:35:01.003+0000][9][gc,phases   ] GC(183)   Pre Evacuate Collection Set: 0.1ms
[2022-07-11T11:35:01.003+0000][9][gc,phases   ] GC(183)   Merge Heap Roots: 0.1ms
[2022-07-11T11:35:01.003+0000][9][gc,phases   ] GC(183)   Evacuate Collection Set: 1.7ms
[2022-07-11T11:35:01.003+0000][9][gc,phases   ] GC(183)   Post Evacuate Collection Set: 1.2ms
[2022-07-11T11:35:01.003+0000][9][gc,phases   ] GC(183)   Other: 0.2ms
[2022-07-11T11:35:01.003+0000][9][gc,age      ] GC(183) Age table with threshold 15 (max threshold 15)
[2022-07-11T11:35:01.003+0000][9][gc,age      ] GC(183) - age   1:     789176 bytes,     789176 total
[2022-07-11T11:35:01.003+0000][9][gc,age      ] GC(183) - age   2:     144584 bytes,     933760 total
[2022-07-11T11:35:01.003+0000][9][gc,age      ] GC(183) - age   3:         56 bytes,     933816 total
[2022-07-11T11:35:01.003+0000][9][gc,age      ] GC(183) - age   4:        392 bytes,     934208 total
[2022-07-11T11:35:01.003+0000][9][gc,age      ] GC(183) - age   5:        632 bytes,     934840 total
[2022-07-11T11:35:01.003+0000][9][gc,age      ] GC(183) - age   7:        232 bytes,     935072 total
[2022-07-11T11:35:01.003+0000][9][gc,age      ] GC(183) - age   9:        256 bytes,     935328 total
[2022-07-11T11:35:01.003+0000][9][gc,age      ] GC(183) - age  10:        104 bytes,     935432 total
[2022-07-11T11:35:01.003+0000][9][gc,age      ] GC(183) - age  11:        184 bytes,     935616 total
[2022-07-11T11:35:01.003+0000][9][gc,heap     ] GC(183) Eden regions: 75->0(75)
[2022-07-11T11:35:01.003+0000][9][gc,heap     ] GC(183) Survivor regions: 1->1(10)
[2022-07-11T11:35:01.003+0000][9][gc,heap     ] GC(183) Old regions: 27->27
[2022-07-11T11:35:01.003+0000][9][gc,heap     ] GC(183) Archive regions: 2->2
[2022-07-11T11:35:01.003+0000][9][gc,heap     ] GC(183) Humongous regions: 0->0
[2022-07-11T11:35:01.003+0000][9][gc,metaspace] GC(183) Metaspace: 123306K(127424K)->123306K(127424K) NonClass: 107494K(109696K)->107494K(109696K) Class: 15812K(17728K)->15812K(17728K)
[2022-07-11T11:35:01.003+0000][9][gc          ] GC(183) Pause Young (Normal) (G1 Evacuation Pause) 410M->110M(512M) 3.775ms
[2022-07-11T11:35:01.003+0000][9][gc,cpu      ] GC(183) User=0.01s Sys=0.00s Real=0.00s
[2022-07-11T11:35:01.003+0000][9][safepoint   ] Safepoint "G1CollectForAllocation", Time since last: 19913359313 ns, Reaching safepoint: 64533 ns, At safepoint: 3893710 ns, Total: 3958243 ns
[2022-07-11T11:36:24.940+0000][9][gc,start    ] GC(184) Pause Young (Normal) (G1 Evacuation Pause)
[2022-07-11T11:36:24.941+0000][9][gc,task     ] GC(184) Using 4 workers of 4 for evacuation
[2022-07-11T11:36:24.941+0000][9][gc,age      ] GC(184) Desired survivor size 20971520 bytes, new threshold 15 (max threshold 15)
[2022-07-11T11:36:24.944+0000][9][gc,phases   ] GC(184)   Pre Evacuate Collection Set: 0.1ms
[2022-07-11T11:36:24.944+0000][9][gc,phases   ] GC(184)   Merge Heap Roots: 0.2ms
[2022-07-11T11:36:24.944+0000][9][gc,phases   ] GC(184)   Evacuate Collection Set: 2.1ms
[2022-07-11T11:36:24.944+0000][9][gc,phases   ] GC(184)   Post Evacuate Collection Set: 1.2ms
[2022-07-11T11:36:24.944+0000][9][gc,phases   ] GC(184)   Other: 0.2ms
[2022-07-11T11:36:24.944+0000][9][gc,age      ] GC(184) Age table with threshold 15 (max threshold 15)
[2022-07-11T11:36:24.944+0000][9][gc,age      ] GC(184) - age   1:    1141792 bytes,    1141792 total
[2022-07-11T11:36:24.944+0000][9][gc,age      ] GC(184) - age   2:     111248 bytes,    1253040 total
[2022-07-11T11:36:24.944+0000][9][gc,age      ] GC(184) - age   3:     135672 bytes,    1388712 total
[2022-07-11T11:36:24.944+0000][9][gc,age      ] GC(184) - age   4:         56 bytes,    1388768 total
[2022-07-11T11:36:24.944+0000][9][gc,age      ] GC(184) - age   5:        296 bytes,    1389064 total
[2022-07-11T11:36:24.945+0000][9][gc,age      ] GC(184) - age   6:        632 bytes,    1389696 total
[2022-07-11T11:36:24.945+0000][9][gc,age      ] GC(184) - age   8:        232 bytes,    1389928 total
[2022-07-11T11:36:24.945+0000][9][gc,age      ] GC(184) - age  10:        256 bytes,    1390184 total
[2022-07-11T11:36:24.945+0000][9][gc,age      ] GC(184) - age  11:        104 bytes,    1390288 total
[2022-07-11T11:36:24.945+0000][9][gc,age      ] GC(184) - age  12:        184 bytes,    1390472 total
[2022-07-11T11:36:24.945+0000][9][gc,heap     ] GC(184) Eden regions: 75->0(75)
[2022-07-11T11:36:24.945+0000][9][gc,heap     ] GC(184) Survivor regions: 1->1(10)
[2022-07-11T11:36:24.945+0000][9][gc,heap     ] GC(184) Old regions: 27->27
[2022-07-11T11:36:24.945+0000][9][gc,heap     ] GC(184) Archive regions: 2->2
[2022-07-11T11:36:24.945+0000][9][gc,heap     ] GC(184) Humongous regions: 0->0
[2022-07-11T11:36:24.945+0000][9][gc,metaspace] GC(184) Metaspace: 123307K(127424K)->123307K(127424K) NonClass: 107495K(109696K)->107495K(109696K) Class: 15812K(17728K)->15812K(17728K)
[2022-07-11T11:36:24.945+0000][9][gc          ] GC(184) Pause Young (Normal) (G1 Evacuation Pause) 410M->111M(512M) 4.279ms
[2022-07-11T11:36:24.945+0000][9][gc,cpu      ] GC(184) User=0.01s Sys=0.00s Real=0.01s
[2022-07-11T11:36:24.945+0000][9][safepoint   ] Safepoint "G1CollectForAllocation", Time since last: 83937179940 ns, Reaching safepoint: 107904 ns, At safepoint: 4406134 ns, Total: 4514038 ns
[2022-07-11T11:37:42.992+0000][9][gc,start    ] GC(185) Pause Young (Normal) (G1 Evacuation Pause)
[2022-07-11T11:37:42.992+0000][9][gc,task     ] GC(185) Using 4 workers of 4 for evacuation
[2022-07-11T11:37:42.992+0000][9][gc,age      ] GC(185) Desired survivor size 20971520 bytes, new threshold 15 (max threshold 15)
[2022-07-11T11:37:42.996+0000][9][gc,phases   ] GC(185)   Pre Evacuate Collection Set: 0.1ms
[2022-07-11T11:37:42.996+0000][9][gc,phases   ] GC(185)   Merge Heap Roots: 0.2ms
[2022-07-11T11:37:42.996+0000][9][gc,phases   ] GC(185)   Evacuate Collection Set: 2.2ms
[2022-07-11T11:37:42.996+0000][9][gc,phases   ] GC(185)   Post Evacuate Collection Set: 1.1ms
[2022-07-11T11:37:42.996+0000][9][gc,phases   ] GC(185)   Other: 0.2ms
[2022-07-11T11:37:42.996+0000][9][gc,age      ] GC(185) Age table with threshold 15 (max threshold 15)
[2022-07-11T11:37:42.996+0000][9][gc,age      ] GC(185) - age   1:    1014904 bytes,    1014904 total
[2022-07-11T11:37:42.996+0000][9][gc,age      ] GC(185) - age   2:      22104 bytes,    1037008 total
[2022-07-11T11:37:42.996+0000][9][gc,age      ] GC(185) - age   3:     102856 bytes,    1139864 total
[2022-07-11T11:37:42.996+0000][9][gc,age      ] GC(185) - age   4:     135488 bytes,    1275352 total
[2022-07-11T11:37:42.996+0000][9][gc,age      ] GC(185) - age   5:         56 bytes,    1275408 total
[2022-07-11T11:37:42.996+0000][9][gc,age      ] GC(185) - age   7:        632 bytes,    1276040 total
[2022-07-11T11:37:42.996+0000][9][gc,age      ] GC(185) - age   9:        232 bytes,    1276272 total
[2022-07-11T11:37:42.996+0000][9][gc,age      ] GC(185) - age  11:        256 bytes,    1276528 total
[2022-07-11T11:37:42.996+0000][9][gc,age      ] GC(185) - age  12:        104 bytes,    1276632 total
[2022-07-11T11:37:42.996+0000][9][gc,age      ] GC(185) - age  13:        184 bytes,    1276816 total
[2022-07-11T11:37:42.996+0000][9][gc,heap     ] GC(185) Eden regions: 75->0(75)
[2022-07-11T11:37:42.996+0000][9][gc,heap     ] GC(185) Survivor regions: 1->1(10)
[2022-07-11T11:37:42.996+0000][9][gc,heap     ] GC(185) Old regions: 27->27
[2022-07-11T11:37:42.996+0000][9][gc,heap     ] GC(185) Archive regions: 2->2
[2022-07-11T11:37:42.996+0000][9][gc,heap     ] GC(185) Humongous regions: 0->0
[2022-07-11T11:37:42.996+0000][9][gc,metaspace] GC(185) Metaspace: 123307K(127424K)->123307K(127424K) NonClass: 107495K(109696K)->107495K(109696K) Class: 15812K(17728K)->15812K(17728K)
[2022-07-11T11:37:42.996+0000][9][gc          ] GC(185) Pause Young (Normal) (G1 Evacuation Pause) 411M->111M(512M) 4.362ms
[2022-07-11T11:37:42.996+0000][9][gc,cpu      ] GC(185) User=0.00s Sys=0.01s Real=0.01s
[2022-07-11T11:37:42.996+0000][9][safepoint   ] Safepoint "G1CollectForAllocation", Time since last: 78046850623 ns, Reaching safepoint: 68653 ns, At safepoint: 4503493 ns, Total: 4572146 ns
[2022-07-11T11:37:50.997+0000][9][safepoint   ] Safepoint "Cleanup", Time since last: 8000780347 ns, Reaching safepoint: 90793 ns, At safepoint: 12502 ns, Total: 103295 ns
[2022-07-11T11:38:00.998+0000][9][safepoint   ] Safepoint "Cleanup", Time since last: 10000982449 ns, Reaching safepoint: 97498 ns, At safepoint: 22489 ns, Total: 119987 ns
[2022-07-11T11:38:57.939+0000][9][gc,start    ] GC(186) Pause Young (Normal) (G1 Evacuation Pause)
[2022-07-11T11:38:57.939+0000][9][gc,task     ] GC(186) Using 4 workers of 4 for evacuation
[2022-07-11T11:38:57.939+0000][9][gc,age      ] GC(186) Desired survivor size 20971520 bytes, new threshold 15 (max threshold 15)
[2022-07-11T11:38:57.942+0000][9][gc,phases   ] GC(186)   Pre Evacuate Collection Set: 0.1ms
[2022-07-11T11:38:57.942+0000][9][gc,phases   ] GC(186)   Merge Heap Roots: 0.1ms
[2022-07-11T11:38:57.942+0000][9][gc,phases   ] GC(186)   Evacuate Collection Set: 1.2ms
[2022-07-11T11:38:57.942+0000][9][gc,phases   ] GC(186)   Post Evacuate Collection Set: 1.2ms
[2022-07-11T11:38:57.942+0000][9][gc,phases   ] GC(186)   Other: 0.1ms
[2022-07-11T11:38:57.942+0000][9][gc,age      ] GC(186) Age table with threshold 15 (max threshold 15)
[2022-07-11T11:38:57.942+0000][9][gc,age      ] GC(186) - age   1:     978592 bytes,     978592 total
[2022-07-11T11:38:57.942+0000][9][gc,age      ] GC(186) - age   2:       9880 bytes,     988472 total
[2022-07-11T11:38:57.942+0000][9][gc,age      ] GC(186) - age   3:      20080 bytes,    1008552 total
[2022-07-11T11:38:57.942+0000][9][gc,age      ] GC(186) - age   4:     102376 bytes,    1110928 total
[2022-07-11T11:38:57.942+0000][9][gc,age      ] GC(186) - age   5:     135488 bytes,    1246416 total
[2022-07-11T11:38:57.942+0000][9][gc,age      ] GC(186) - age   6:         56 bytes,    1246472 total
[2022-07-11T11:38:57.942+0000][9][gc,age      ] GC(186) - age   8:        632 bytes,    1247104 total
[2022-07-11T11:38:57.942+0000][9][gc,age      ] GC(186) - age  10:        232 bytes,    1247336 total
[2022-07-11T11:38:57.942+0000][9][gc,age      ] GC(186) - age  12:        256 bytes,    1247592 total
[2022-07-11T11:38:57.942+0000][9][gc,age      ] GC(186) - age  13:        104 bytes,    1247696 total
[2022-07-11T11:38:57.942+0000][9][gc,age      ] GC(186) - age  14:        184 bytes,    1247880 total
[2022-07-11T11:38:57.942+0000][9][gc,heap     ] GC(186) Eden regions: 75->0(75)
[2022-07-11T11:38:57.942+0000][9][gc,heap     ] GC(186) Survivor regions: 1->1(10)
[2022-07-11T11:38:57.942+0000][9][gc,heap     ] GC(186) Old regions: 27->27
[2022-07-11T11:38:57.942+0000][9][gc,heap     ] GC(186) Archive regions: 2->2
[2022-07-11T11:38:57.942+0000][9][gc,heap     ] GC(186) Humongous regions: 0->0
[2022-07-11T11:38:57.942+0000][9][gc,metaspace] GC(186) Metaspace: 123309K(127424K)->123309K(127424K) NonClass: 107497K(109696K)->107497K(109696K) Class: 15812K(17728K)->15812K(17728K)
[2022-07-11T11:38:57.942+0000][9][gc          ] GC(186) Pause Young (Normal) (G1 Evacuation Pause) 411M->111M(512M) 3.035ms
[2022-07-11T11:38:57.942+0000][9][gc,cpu      ] GC(186) User=0.00s Sys=0.01s Real=0.00s
[2022-07-11T11:38:57.942+0000][9][safepoint   ] Safepoint "G1CollectForAllocation", Time since last: 56940840812 ns, Reaching safepoint: 69422 ns, At safepoint: 3115191 ns, Total: 3184613 ns
[2022-07-11T11:39:04.943+0000][9][safepoint   ] Safepoint "Cleanup", Time since last: 7000614430 ns, Reaching safepoint: 70469 ns, At safepoint: 12292 ns, Total: 82761 ns
[2022-07-11T11:39:55.948+0000][9][safepoint   ] Safepoint "Cleanup", Time since last: 51004799636 ns, Reaching safepoint: 57270 ns, At safepoint: 31498 ns, Total: 88768 ns
[2022-07-11T11:40:18.481+0000][9][gc,start    ] GC(187) Pause Young (Normal) (G1 Evacuation Pause)
[2022-07-11T11:40:18.481+0000][9][gc,task     ] GC(187) Using 4 workers of 4 for evacuation
[2022-07-11T11:40:18.481+0000][9][gc,age      ] GC(187) Desired survivor size 20971520 bytes, new threshold 15 (max threshold 15)
[2022-07-11T11:40:18.489+0000][9][gc,phases   ] GC(187)   Pre Evacuate Collection Set: 0.1ms
[2022-07-11T11:40:18.489+0000][9][gc,phases   ] GC(187)   Merge Heap Roots: 0.1ms
[2022-07-11T11:40:18.489+0000][9][gc,phases   ] GC(187)   Evacuate Collection Set: 4.9ms
[2022-07-11T11:40:18.489+0000][9][gc,phases   ] GC(187)   Post Evacuate Collection Set: 2.5ms
[2022-07-11T11:40:18.489+0000][9][gc,phases   ] GC(187)   Other: 0.2ms
[2022-07-11T11:40:18.489+0000][9][gc,age      ] GC(187) Age table with threshold 15 (max threshold 15)
[2022-07-11T11:40:18.489+0000][9][gc,age      ] GC(187) - age   1:     496856 bytes,     496856 total
[2022-07-11T11:40:18.489+0000][9][gc,age      ] GC(187) - age   2:       1496 bytes,     498352 total
[2022-07-11T11:40:18.489+0000][9][gc,age      ] GC(187) - age   3:       8856 bytes,     507208 total
[2022-07-11T11:40:18.489+0000][9][gc,age      ] GC(187) - age   4:       8176 bytes,     515384 total
[2022-07-11T11:40:18.489+0000][9][gc,age      ] GC(187) - age   5:      86720 bytes,     602104 total
[2022-07-11T11:40:18.489+0000][9][gc,age      ] GC(187) - age   6:     135488 bytes,     737592 total
[2022-07-11T11:40:18.489+0000][9][gc,age      ] GC(187) - age   7:         56 bytes,     737648 total
[2022-07-11T11:40:18.489+0000][9][gc,age      ] GC(187) - age   9:        632 bytes,     738280 total
[2022-07-11T11:40:18.489+0000][9][gc,age      ] GC(187) - age  11:        232 bytes,     738512 total
[2022-07-11T11:40:18.489+0000][9][gc,age      ] GC(187) - age  13:        256 bytes,     738768 total
[2022-07-11T11:40:18.489+0000][9][gc,age      ] GC(187) - age  14:        104 bytes,     738872 total
[2022-07-11T11:40:18.489+0000][9][gc,age      ] GC(187) - age  15:        184 bytes,     739056 total
[2022-07-11T11:40:18.489+0000][9][gc,heap     ] GC(187) Eden regions: 75->0(75)
[2022-07-11T11:40:18.489+0000][9][gc,heap     ] GC(187) Survivor regions: 1->1(10)
[2022-07-11T11:40:18.489+0000][9][gc,heap     ] GC(187) Old regions: 27->27
[2022-07-11T11:40:18.489+0000][9][gc,heap     ] GC(187) Archive regions: 2->2
[2022-07-11T11:40:18.489+0000][9][gc,heap     ] GC(187) Humongous regions: 0->0
[2022-07-11T11:40:18.489+0000][9][gc,metaspace] GC(187) Metaspace: 123309K(127424K)->123309K(127424K) NonClass: 107497K(109696K)->107497K(109696K) Class: 15812K(17728K)->15812K(17728K)
[2022-07-11T11:40:18.489+0000][9][gc          ] GC(187) Pause Young (Normal) (G1 Evacuation Pause) 411M->110M(512M) 8.474ms
[2022-07-11T11:40:18.490+0000][9][gc,cpu      ] GC(187) User=0.01s Sys=0.00s Real=0.01s
[2022-07-11T11:40:18.490+0000][9][safepoint   ] Safepoint "G1CollectForAllocation", Time since last: 22533127249 ns, Reaching safepoint: 52171 ns, At safepoint: 8584306 ns, Total: 8636477 ns
[2022-07-11T11:40:52.493+0000][9][safepoint   ] Safepoint "Cleanup", Time since last: 34003211048 ns, Reaching safepoint: 102177 ns, At safepoint: 22489 ns, Total: 124666 ns
[2022-07-11T11:41:28.497+0000][9][safepoint   ] Safepoint "Cleanup", Time since last: 36003464513 ns, Reaching safepoint: 275523 ns, At safepoint: 14806 ns, Total: 290329 ns
[2022-07-11T11:41:43.011+0000][9][gc,start    ] GC(188) Pause Young (Normal) (G1 Evacuation Pause)
[2022-07-11T11:41:43.011+0000][9][gc,task     ] GC(188) Using 4 workers of 4 for evacuation
[2022-07-11T11:41:43.011+0000][9][gc,age      ] GC(188) Desired survivor size 20971520 bytes, new threshold 15 (max threshold 15)
[2022-07-11T11:41:43.015+0000][9][gc,phases   ] GC(188)   Pre Evacuate Collection Set: 0.1ms
[2022-07-11T11:41:43.015+0000][9][gc,phases   ] GC(188)   Merge Heap Roots: 0.1ms
[2022-07-11T11:41:43.015+0000][9][gc,phases   ] GC(188)   Evacuate Collection Set: 2.5ms
[2022-07-11T11:41:43.015+0000][9][gc,phases   ] GC(188)   Post Evacuate Collection Set: 1.2ms
[2022-07-11T11:41:43.015+0000][9][gc,phases   ] GC(188)   Other: 0.2ms
[2022-07-11T11:41:43.015+0000][9][gc,age      ] GC(188) Age table with threshold 15 (max threshold 15)
[2022-07-11T11:41:43.015+0000][9][gc,age      ] GC(188) - age   1:    1625768 bytes,    1625768 total
[2022-07-11T11:41:43.015+0000][9][gc,age      ] GC(188) - age   2:      36640 bytes,    1662408 total
[2022-07-11T11:41:43.015+0000][9][gc,age      ] GC(188) - age   4:        480 bytes,    1662888 total
[2022-07-11T11:41:43.015+0000][9][gc,age      ] GC(188) - age   5:       8016 bytes,    1670904 total
[2022-07-11T11:41:43.015+0000][9][gc,age      ] GC(188) - age   6:      86720 bytes,    1757624 total
[2022-07-11T11:41:43.015+0000][9][gc,age      ] GC(188) - age   7:     135488 bytes,    1893112 total
[2022-07-11T11:41:43.015+0000][9][gc,age      ] GC(188) - age   8:         56 bytes,    1893168 total
[2022-07-11T11:41:43.015+0000][9][gc,age      ] GC(188) - age  10:        632 bytes,    1893800 total
[2022-07-11T11:41:43.015+0000][9][gc,age      ] GC(188) - age  12:        232 bytes,    1894032 total
[2022-07-11T11:41:43.015+0000][9][gc,age      ] GC(188) - age  14:        256 bytes,    1894288 total
[2022-07-11T11:41:43.015+0000][9][gc,age      ] GC(188) - age  15:        104 bytes,    1894392 total
[2022-07-11T11:41:43.015+0000][9][gc,heap     ] GC(188) Eden regions: 75->0(75)
[2022-07-11T11:41:43.015+0000][9][gc,heap     ] GC(188) Survivor regions: 1->1(10)
[2022-07-11T11:41:43.015+0000][9][gc,heap     ] GC(188) Old regions: 27->27
[2022-07-11T11:41:43.015+0000][9][gc,heap     ] GC(188) Archive regions: 2->2
[2022-07-11T11:41:43.015+0000][9][gc,heap     ] GC(188) Humongous regions: 0->0
[2022-07-11T11:41:43.015+0000][9][gc,metaspace] GC(188) Metaspace: 123310K(127424K)->123310K(127424K) NonClass: 107498K(109696K)->107498K(109696K) Class: 15812K(17728K)->15812K(17728K)
[2022-07-11T11:41:43.015+0000][9][gc          ] GC(188) Pause Young (Normal) (G1 Evacuation Pause) 410M->111M(512M) 4.681ms
[2022-07-11T11:41:43.015+0000][9][gc,cpu      ] GC(188) User=0.01s Sys=0.00s Real=0.01s
[2022-07-11T11:41:43.015+0000][9][safepoint   ] Safepoint "G1CollectForAllocation", Time since last: 14513893583 ns, Reaching safepoint: 97987 ns, At safepoint: 4812818 ns, Total: 4910805 ns
[2022-07-11T11:42:19.019+0000][9][safepoint   ] Safepoint "Cleanup", Time since last: 36003244801 ns, Reaching safepoint: 77803 ns, At safepoint: 8171 ns, Total: 85974 ns
[2022-07-11T11:42:44.021+0000][9][safepoint   ] Safepoint "Cleanup", Time since last: 25002532952 ns, Reaching safepoint: 87302 ns, At safepoint: 9917 ns, Total: 97219 ns
[2022-07-11T11:42:58.364+0000][9][gc,start    ] GC(189) Pause Young (Normal) (G1 Evacuation Pause)
[2022-07-11T11:42:58.364+0000][9][gc,task     ] GC(189) Using 4 workers of 4 for evacuation
[2022-07-11T11:42:58.364+0000][9][gc,age      ] GC(189) Desired survivor size 20971520 bytes, new threshold 15 (max threshold 15)
[2022-07-11T11:42:58.368+0000][9][gc,phases   ] GC(189)   Pre Evacuate Collection Set: 0.1ms
[2022-07-11T11:42:58.368+0000][9][gc,phases   ] GC(189)   Merge Heap Roots: 0.1ms
[2022-07-11T11:42:58.368+0000][9][gc,phases   ] GC(189)   Evacuate Collection Set: 2.6ms
[2022-07-11T11:42:58.368+0000][9][gc,phases   ] GC(189)   Post Evacuate Collection Set: 1.2ms
[2022-07-11T11:42:58.368+0000][9][gc,phases   ] GC(189)   Other: 0.2ms
[2022-07-11T11:42:58.368+0000][9][gc,age      ] GC(189) Age table with threshold 15 (max threshold 15)
[2022-07-11T11:42:58.368+0000][9][gc,age      ] GC(189) - age   1:    1279000 bytes,    1279000 total
[2022-07-11T11:42:58.368+0000][9][gc,age      ] GC(189) - age   2:      13408 bytes,    1292408 total
[2022-07-11T11:42:58.368+0000][9][gc,age      ] GC(189) - age   3:      36448 bytes,    1328856 total
[2022-07-11T11:42:58.368+0000][9][gc,age      ] GC(189) - age   5:        184 bytes,    1329040 total
[2022-07-11T11:42:58.368+0000][9][gc,age      ] GC(189) - age   6:       8016 bytes,    1337056 total
[2022-07-11T11:42:58.368+0000][9][gc,age      ] GC(189) - age   7:      86720 bytes,    1423776 total
[2022-07-11T11:42:58.368+0000][9][gc,age      ] GC(189) - age   8:     133392 bytes,    1557168 total
[2022-07-11T11:42:58.368+0000][9][gc,age      ] GC(189) - age   9:         56 bytes,    1557224 total
[2022-07-11T11:42:58.368+0000][9][gc,age      ] GC(189) - age  11:        448 bytes,    1557672 total
[2022-07-11T11:42:58.368+0000][9][gc,age      ] GC(189) - age  13:        232 bytes,    1557904 total
[2022-07-11T11:42:58.368+0000][9][gc,age      ] GC(189) - age  15:        256 bytes,    1558160 total
[2022-07-11T11:42:58.368+0000][9][gc,heap     ] GC(189) Eden regions: 75->0(75)
[2022-07-11T11:42:58.368+0000][9][gc,heap     ] GC(189) Survivor regions: 1->1(10)
[2022-07-11T11:42:58.368+0000][9][gc,heap     ] GC(189) Old regions: 27->27
[2022-07-11T11:42:58.368+0000][9][gc,heap     ] GC(189) Archive regions: 2->2
[2022-07-11T11:42:58.368+0000][9][gc,heap     ] GC(189) Humongous regions: 0->0
[2022-07-11T11:42:58.368+0000][9][gc,metaspace] GC(189) Metaspace: 123311K(127424K)->123311K(127424K) NonClass: 107499K(109696K)->107499K(109696K) Class: 15812K(17728K)->15812K(17728K)
[2022-07-11T11:42:58.368+0000][9][gc          ] GC(189) Pause Young (Normal) (G1 Evacuation Pause) 411M->111M(512M) 4.712ms
[2022-07-11T11:42:58.368+0000][9][gc,cpu      ] GC(189) User=0.00s Sys=0.01s Real=0.01s
[2022-07-11T11:42:58.368+0000][9][safepoint   ] Safepoint "G1CollectForAllocation", Time since last: 14342196177 ns, Reaching safepoint: 41765 ns, At safepoint: 4820853 ns, Total: 4862618 ns
[2022-07-11T11:43:37.372+0000][9][safepoint   ] Safepoint "Cleanup", Time since last: 39003528357 ns, Reaching safepoint: 82412 ns, At safepoint: 22908 ns, Total: 105320 ns
[2022-07-11T11:44:00.374+0000][9][safepoint   ] Safepoint "Cleanup", Time since last: 23002191331 ns, Reaching safepoint: 88279 ns, At safepoint: 23047 ns, Total: 111326 ns
[2022-07-11T11:44:16.619+0000][9][gc,start    ] GC(190) Pause Young (Normal) (G1 Evacuation Pause)
[2022-07-11T11:44:16.619+0000][9][gc,task     ] GC(190) Using 4 workers of 4 for evacuation
[2022-07-11T11:44:16.619+0000][9][gc,age      ] GC(190) Desired survivor size 20971520 bytes, new threshold 15 (max threshold 15)
[2022-07-11T11:44:16.622+0000][9][gc,phases   ] GC(190)   Pre Evacuate Collection Set: 0.1ms
[2022-07-11T11:44:16.622+0000][9][gc,phases   ] GC(190)   Merge Heap Roots: 0.1ms
[2022-07-11T11:44:16.622+0000][9][gc,phases   ] GC(190)   Evacuate Collection Set: 1.8ms
[2022-07-11T11:44:16.622+0000][9][gc,phases   ] GC(190)   Post Evacuate Collection Set: 1.2ms
[2022-07-11T11:44:16.622+0000][9][gc,phases   ] GC(190)   Other: 0.1ms
[2022-07-11T11:44:16.622+0000][9][gc,age      ] GC(190) Age table with threshold 15 (max threshold 15)
[2022-07-11T11:44:16.622+0000][9][gc,age      ] GC(190) - age   1:     814896 bytes,     814896 total
[2022-07-11T11:44:16.622+0000][9][gc,age      ] GC(190) - age   2:       3816 bytes,     818712 total
[2022-07-11T11:44:16.622+0000][9][gc,age      ] GC(190) - age   3:      11640 bytes,     830352 total
[2022-07-11T11:44:16.622+0000][9][gc,age      ] GC(190) - age   4:      36384 bytes,     866736 total
[2022-07-11T11:44:16.622+0000][9][gc,age      ] GC(190) - age   6:        184 bytes,     866920 total
[2022-07-11T11:44:16.622+0000][9][gc,age      ] GC(190) - age   7:       8016 bytes,     874936 total
[2022-07-11T11:44:16.622+0000][9][gc,age      ] GC(190) - age   8:      86656 bytes,     961592 total
[2022-07-11T11:44:16.622+0000][9][gc,age      ] GC(190) - age   9:     133392 bytes,    1094984 total
[2022-07-11T11:44:16.622+0000][9][gc,age      ] GC(190) - age  10:         56 bytes,    1095040 total
[2022-07-11T11:44:16.622+0000][9][gc,age      ] GC(190) - age  12:        448 bytes,    1095488 total
[2022-07-11T11:44:16.622+0000][9][gc,age      ] GC(190) - age  14:        232 bytes,    1095720 total
[2022-07-11T11:44:16.622+0000][9][gc,heap     ] GC(190) Eden regions: 75->0(75)
[2022-07-11T11:44:16.623+0000][9][gc,heap     ] GC(190) Survivor regions: 1->1(10)
[2022-07-11T11:44:16.623+0000][9][gc,heap     ] GC(190) Old regions: 27->27
[2022-07-11T11:44:16.623+0000][9][gc,heap     ] GC(190) Archive regions: 2->2
[2022-07-11T11:44:16.623+0000][9][gc,heap     ] GC(190) Humongous regions: 0->0
[2022-07-11T11:44:16.623+0000][9][gc,metaspace] GC(190) Metaspace: 123312K(127424K)->123312K(127424K) NonClass: 107500K(109696K)->107500K(109696K) Class: 15812K(17728K)->15812K(17728K)
[2022-07-11T11:44:16.623+0000][9][gc          ] GC(190) Pause Young (Normal) (G1 Evacuation Pause) 411M->111M(512M) 3.834ms
[2022-07-11T11:44:16.623+0000][9][gc,cpu      ] GC(190) User=0.01s Sys=0.00s Real=0.00s
[2022-07-11T11:44:16.623+0000][9][safepoint   ] Safepoint "G1CollectForAllocation", Time since last: 16244330360 ns, Reaching safepoint: 44000 ns, At safepoint: 3942740 ns, Total: 3986740 ns
[2022-07-11T11:45:37.068+0000][9][gc,start    ] GC(191) Pause Young (Normal) (G1 Evacuation Pause)
[2022-07-11T11:45:37.068+0000][9][gc,task     ] GC(191) Using 4 workers of 4 for evacuation
[2022-07-11T11:45:37.068+0000][9][gc,age      ] GC(191) Desired survivor size 20971520 bytes, new threshold 15 (max threshold 15)
[2022-07-11T11:45:37.072+0000][9][gc,phases   ] GC(191)   Pre Evacuate Collection Set: 0.1ms
[2022-07-11T11:45:37.072+0000][9][gc,phases   ] GC(191)   Merge Heap Roots: 0.1ms
[2022-07-11T11:45:37.072+0000][9][gc,phases   ] GC(191)   Evacuate Collection Set: 2.6ms
[2022-07-11T11:45:37.072+0000][9][gc,phases   ] GC(191)   Post Evacuate Collection Set: 1.3ms
[2022-07-11T11:45:37.072+0000][9][gc,phases   ] GC(191)   Other: 0.2ms
[2022-07-11T11:45:37.072+0000][9][gc,age      ] GC(191) Age table with threshold 15 (max threshold 15)
[2022-07-11T11:45:37.072+0000][9][gc,age      ] GC(191) - age   1:    1525080 bytes,    1525080 total
[2022-07-11T11:45:37.072+0000][9][gc,age      ] GC(191) - age   2:       1024 bytes,    1526104 total
[2022-07-11T11:45:37.072+0000][9][gc,age      ] GC(191) - age   3:       2288 bytes,    1528392 total
[2022-07-11T11:45:37.072+0000][9][gc,age      ] GC(191) - age   4:       3080 bytes,    1531472 total
[2022-07-11T11:45:37.072+0000][9][gc,age      ] GC(191) - age   5:      36320 bytes,    1567792 total
[2022-07-11T11:45:37.072+0000][9][gc,age      ] GC(191) - age   7:        184 bytes,    1567976 total
[2022-07-11T11:45:37.072+0000][9][gc,age      ] GC(191) - age   8:       8016 bytes,    1575992 total
[2022-07-11T11:45:37.072+0000][9][gc,age      ] GC(191) - age   9:      86656 bytes,    1662648 total
[2022-07-11T11:45:37.072+0000][9][gc,age      ] GC(191) - age  10:     133392 bytes,    1796040 total
[2022-07-11T11:45:37.072+0000][9][gc,age      ] GC(191) - age  11:         56 bytes,    1796096 total
[2022-07-11T11:45:37.072+0000][9][gc,age      ] GC(191) - age  13:        448 bytes,    1796544 total
[2022-07-11T11:45:37.073+0000][9][gc,age      ] GC(191) - age  15:         48 bytes,    1796592 total
[2022-07-11T11:45:37.073+0000][9][gc,heap     ] GC(191) Eden regions: 75->0(75)
[2022-07-11T11:45:37.073+0000][9][gc,heap     ] GC(191) Survivor regions: 1->1(10)
[2022-07-11T11:45:37.073+0000][9][gc,heap     ] GC(191) Old regions: 27->27
[2022-07-11T11:45:37.073+0000][9][gc,heap     ] GC(191) Archive regions: 2->2
[2022-07-11T11:45:37.073+0000][9][gc,heap     ] GC(191) Humongous regions: 0->0
[2022-07-11T11:45:37.073+0000][9][gc,metaspace] GC(191) Metaspace: 123313K(127424K)->123313K(127424K) NonClass: 107501K(109696K)->107501K(109696K) Class: 15812K(17728K)->15812K(17728K)
[2022-07-11T11:45:37.073+0000][9][gc          ] GC(191) Pause Young (Normal) (G1 Evacuation Pause) 411M->111M(512M) 4.872ms
[2022-07-11T11:45:37.073+0000][9][gc,cpu      ] GC(191) User=0.01s Sys=0.01s Real=0.01s
[2022-07-11T11:45:37.073+0000][9][safepoint   ] Safepoint "G1CollectForAllocation", Time since last: 80444939468 ns, Reaching safepoint: 59644 ns, At safepoint: 5002439 ns, Total: 5062083 ns
[2022-07-11T11:46:55.063+0000][9][gc,start    ] GC(192) Pause Young (Normal) (G1 Evacuation Pause)
[2022-07-11T11:46:55.063+0000][9][gc,task     ] GC(192) Using 4 workers of 4 for evacuation
[2022-07-11T11:46:55.063+0000][9][gc,age      ] GC(192) Desired survivor size 20971520 bytes, new threshold 15 (max threshold 15)
[2022-07-11T11:46:55.066+0000][9][gc,phases   ] GC(192)   Pre Evacuate Collection Set: 0.1ms
[2022-07-11T11:46:55.066+0000][9][gc,phases   ] GC(192)   Merge Heap Roots: 0.1ms
[2022-07-11T11:46:55.066+0000][9][gc,phases   ] GC(192)   Evacuate Collection Set: 1.8ms
[2022-07-11T11:46:55.066+0000][9][gc,phases   ] GC(192)   Post Evacuate Collection Set: 1.2ms
[2022-07-11T11:46:55.066+0000][9][gc,phases   ] GC(192)   Other: 0.2ms
[2022-07-11T11:46:55.066+0000][9][gc,age      ] GC(192) Age table with threshold 15 (max threshold 15)
[2022-07-11T11:46:55.066+0000][9][gc,age      ] GC(192) - age   1:    1284712 bytes,    1284712 total
[2022-07-11T11:46:55.066+0000][9][gc,age      ] GC(192) - age   2:       9976 bytes,    1294688 total
[2022-07-11T11:46:55.066+0000][9][gc,age      ] GC(192) - age   3:         64 bytes,    1294752 total
[2022-07-11T11:46:55.066+0000][9][gc,age      ] GC(192) - age   4:       2288 bytes,    1297040 total
[2022-07-11T11:46:55.066+0000][9][gc,age      ] GC(192) - age   5:       2896 bytes,    1299936 total
[2022-07-11T11:46:55.066+0000][9][gc,age      ] GC(192) - age   6:      36320 bytes,    1336256 total
[2022-07-11T11:46:55.066+0000][9][gc,age      ] GC(192) - age   8:        184 bytes,    1336440 total
[2022-07-11T11:46:55.066+0000][9][gc,age      ] GC(192) - age   9:       8016 bytes,    1344456 total
[2022-07-11T11:46:55.066+0000][9][gc,age      ] GC(192) - age  10:      86656 bytes,    1431112 total
[2022-07-11T11:46:55.066+0000][9][gc,age      ] GC(192) - age  11:     133392 bytes,    1564504 total
[2022-07-11T11:46:55.066+0000][9][gc,age      ] GC(192) - age  12:         56 bytes,    1564560 total
[2022-07-11T11:46:55.066+0000][9][gc,age      ] GC(192) - age  14:        448 bytes,    1565008 total
[2022-07-11T11:46:55.066+0000][9][gc,heap     ] GC(192) Eden regions: 75->0(75)
[2022-07-11T11:46:55.066+0000][9][gc,heap     ] GC(192) Survivor regions: 1->1(10)
[2022-07-11T11:46:55.066+0000][9][gc,heap     ] GC(192) Old regions: 27->27
[2022-07-11T11:46:55.066+0000][9][gc,heap     ] GC(192) Archive regions: 2->2
[2022-07-11T11:46:55.066+0000][9][gc,heap     ] GC(192) Humongous regions: 0->0
[2022-07-11T11:46:55.066+0000][9][gc,metaspace] GC(192) Metaspace: 123313K(127424K)->123313K(127424K) NonClass: 107501K(109696K)->107501K(109696K) Class: 15812K(17728K)->15812K(17728K)
[2022-07-11T11:46:55.066+0000][9][gc          ] GC(192) Pause Young (Normal) (G1 Evacuation Pause) 411M->111M(512M) 3.897ms
[2022-07-11T11:46:55.066+0000][9][gc,cpu      ] GC(192) User=0.01s Sys=0.00s Real=0.01s
[2022-07-11T11:46:55.066+0000][9][safepoint   ] Safepoint "G1CollectForAllocation", Time since last: 77989672280 ns, Reaching safepoint: 72984 ns, At safepoint: 4006365 ns, Total: 4079349 ns
[2022-07-11T11:47:01.067+0000][9][safepoint   ] Safepoint "Cleanup", Time since last: 6000589268 ns, Reaching safepoint: 145898 ns, At safepoint: 14318 ns, Total: 160216 ns
[2022-07-11T11:48:01.074+0000][9][safepoint   ] Safepoint "Cleanup", Time since last: 60006327745 ns, Reaching safepoint: 50146 ns, At safepoint: 8101 ns, Total: 58247 ns
[2022-07-11T11:48:13.043+0000][9][gc,start    ] GC(193) Pause Young (Normal) (G1 Evacuation Pause)
[2022-07-11T11:48:13.044+0000][9][gc,task     ] GC(193) Using 4 workers of 4 for evacuation
[2022-07-11T11:48:13.044+0000][9][gc,age      ] GC(193) Desired survivor size 20971520 bytes, new threshold 15 (max threshold 15)
[2022-07-11T11:48:13.047+0000][9][gc,phases   ] GC(193)   Pre Evacuate Collection Set: 0.1ms
[2022-07-11T11:48:13.047+0000][9][gc,phases   ] GC(193)   Merge Heap Roots: 0.1ms
[2022-07-11T11:48:13.047+0000][9][gc,phases   ] GC(193)   Evacuate Collection Set: 2.0ms
[2022-07-11T11:48:13.047+0000][9][gc,phases   ] GC(193)   Post Evacuate Collection Set: 1.1ms
[2022-07-11T11:48:13.047+0000][9][gc,phases   ] GC(193)   Other: 0.2ms
[2022-07-11T11:48:13.047+0000][9][gc,age      ] GC(193) Age table with threshold 15 (max threshold 15)
[2022-07-11T11:48:13.047+0000][9][gc,age      ] GC(193) - age   1:    1190208 bytes,    1190208 total
[2022-07-11T11:48:13.047+0000][9][gc,age      ] GC(193) - age   2:       2232 bytes,    1192440 total
[2022-07-11T11:48:13.047+0000][9][gc,age      ] GC(193) - age   3:       8312 bytes,    1200752 total
[2022-07-11T11:48:13.047+0000][9][gc,age      ] GC(193) - age   5:       2288 bytes,    1203040 total
[2022-07-11T11:48:13.047+0000][9][gc,age      ] GC(193) - age   6:       2896 bytes,    1205936 total
[2022-07-11T11:48:13.047+0000][9][gc,age      ] GC(193) - age   7:      36024 bytes,    1241960 total
[2022-07-11T11:48:13.047+0000][9][gc,age      ] GC(193) - age   9:        184 bytes,    1242144 total
[2022-07-11T11:48:13.047+0000][9][gc,age      ] GC(193) - age  10:       8016 bytes,    1250160 total
[2022-07-11T11:48:13.047+0000][9][gc,age      ] GC(193) - age  11:      86656 bytes,    1336816 total
[2022-07-11T11:48:13.047+0000][9][gc,age      ] GC(193) - age  12:     133000 bytes,    1469816 total
[2022-07-11T11:48:13.047+0000][9][gc,age      ] GC(193) - age  13:         56 bytes,    1469872 total
[2022-07-11T11:48:13.047+0000][9][gc,age      ] GC(193) - age  15:        448 bytes,    1470320 total
[2022-07-11T11:48:13.047+0000][9][gc,heap     ] GC(193) Eden regions: 75->0(75)
[2022-07-11T11:48:13.047+0000][9][gc,heap     ] GC(193) Survivor regions: 1->1(10)
[2022-07-11T11:48:13.047+0000][9][gc,heap     ] GC(193) Old regions: 27->27
[2022-07-11T11:48:13.047+0000][9][gc,heap     ] GC(193) Archive regions: 2->2
[2022-07-11T11:48:13.047+0000][9][gc,heap     ] GC(193) Humongous regions: 0->0
[2022-07-11T11:48:13.047+0000][9][gc,metaspace] GC(193) Metaspace: 123359K(127488K)->123359K(127488K) NonClass: 107547K(109760K)->107547K(109760K) Class: 15812K(17728K)->15812K(17728K)
[2022-07-11T11:48:13.047+0000][9][gc          ] GC(193) Pause Young (Normal) (G1 Evacuation Pause) 411M->111M(512M) 4.063ms
[2022-07-11T11:48:13.048+0000][9][gc,cpu      ] GC(193) User=0.01s Sys=0.00s Real=0.01s
[2022-07-11T11:48:13.048+0000][9][safepoint   ] Safepoint "G1CollectForAllocation", Time since last: 11969699437 ns, Reaching safepoint: 41485 ns, At safepoint: 4188161 ns, Total: 4229646 ns
[2022-07-11T11:48:41.050+0000][9][safepoint   ] Safepoint "Cleanup", Time since last: 28002715083 ns, Reaching safepoint: 62438 ns, At safepoint: 8241 ns, Total: 70679 ns
[2022-07-11T11:49:31.120+0000][9][gc,start    ] GC(194) Pause Young (Normal) (G1 Evacuation Pause)
[2022-07-11T11:49:31.120+0000][9][gc,task     ] GC(194) Using 4 workers of 4 for evacuation
[2022-07-11T11:49:31.121+0000][9][gc,age      ] GC(194) Desired survivor size 20971520 bytes, new threshold 15 (max threshold 15)
[2022-07-11T11:49:31.124+0000][9][gc,phases   ] GC(194)   Pre Evacuate Collection Set: 0.1ms
[2022-07-11T11:49:31.124+0000][9][gc,phases   ] GC(194)   Merge Heap Roots: 0.1ms
[2022-07-11T11:49:31.124+0000][9][gc,phases   ] GC(194)   Evacuate Collection Set: 2.0ms
[2022-07-11T11:49:31.124+0000][9][gc,phases   ] GC(194)   Post Evacuate Collection Set: 1.0ms
[2022-07-11T11:49:31.124+0000][9][gc,phases   ] GC(194)   Other: 0.2ms
[2022-07-11T11:49:31.124+0000][9][gc,age      ] GC(194) Age table with threshold 15 (max threshold 15)
[2022-07-11T11:49:31.124+0000][9][gc,age      ] GC(194) - age   1:    1773968 bytes,    1773968 total
[2022-07-11T11:49:31.124+0000][9][gc,age      ] GC(194) - age   2:       3456 bytes,    1777424 total
[2022-07-11T11:49:31.124+0000][9][gc,age      ] GC(194) - age   3:        968 bytes,    1778392 total
[2022-07-11T11:49:31.124+0000][9][gc,age      ] GC(194) - age   4:        112 bytes,    1778504 total
[2022-07-11T11:49:31.124+0000][9][gc,age      ] GC(194) - age   6:       2288 bytes,    1780792 total
[2022-07-11T11:49:31.124+0000][9][gc,age      ] GC(194) - age   7:       2896 bytes,    1783688 total
[2022-07-11T11:49:31.124+0000][9][gc,age      ] GC(194) - age   8:      36024 bytes,    1819712 total
[2022-07-11T11:49:31.124+0000][9][gc,age      ] GC(194) - age  10:        184 bytes,    1819896 total
[2022-07-11T11:49:31.124+0000][9][gc,age      ] GC(194) - age  12:      86656 bytes,    1906552 total
[2022-07-11T11:49:31.124+0000][9][gc,age      ] GC(194) - age  13:     133000 bytes,    2039552 total
[2022-07-11T11:49:31.124+0000][9][gc,age      ] GC(194) - age  14:         56 bytes,    2039608 total
[2022-07-11T11:49:31.124+0000][9][gc,heap     ] GC(194) Eden regions: 75->0(75)
[2022-07-11T11:49:31.124+0000][9][gc,heap     ] GC(194) Survivor regions: 1->1(10)
[2022-07-11T11:49:31.124+0000][9][gc,heap     ] GC(194) Old regions: 27->27
[2022-07-11T11:49:31.124+0000][9][gc,heap     ] GC(194) Archive regions: 2->2
[2022-07-11T11:49:31.124+0000][9][gc,heap     ] GC(194) Humongous regions: 0->0
[2022-07-11T11:49:31.124+0000][9][gc,metaspace] GC(194) Metaspace: 123372K(127488K)->123372K(127488K) NonClass: 107559K(109760K)->107559K(109760K) Class: 15812K(17728K)->15812K(17728K)
[2022-07-11T11:49:31.124+0000][9][gc          ] GC(194) Pause Young (Normal) (G1 Evacuation Pause) 411M->112M(512M) 3.903ms
[2022-07-11T11:49:31.124+0000][9][gc,cpu      ] GC(194) User=0.00s Sys=0.01s Real=0.01s
[2022-07-11T11:49:31.124+0000][9][safepoint   ] Safepoint "G1CollectForAllocation", Time since last: 50069956915 ns, Reaching safepoint: 63276 ns, At safepoint: 4014885 ns, Total: 4078161 ns
[2022-07-11T11:49:34.125+0000][9][safepoint   ] Safepoint "Cleanup", Time since last: 3000327953 ns, Reaching safepoint: 76127 ns, At safepoint: 11942 ns, Total: 88069 ns
[2022-07-11T11:50:55.053+0000][9][gc,start    ] GC(195) Pause Young (Normal) (G1 Evacuation Pause)
[2022-07-11T11:50:55.053+0000][9][gc,task     ] GC(195) Using 4 workers of 4 for evacuation
[2022-07-11T11:50:55.053+0000][9][gc,age      ] GC(195) Desired survivor size 20971520 bytes, new threshold 15 (max threshold 15)
[2022-07-11T11:50:55.057+0000][9][gc,phases   ] GC(195)   Pre Evacuate Collection Set: 0.1ms
[2022-07-11T11:50:55.057+0000][9][gc,phases   ] GC(195)   Merge Heap Roots: 0.1ms
[2022-07-11T11:50:55.057+0000][9][gc,phases   ] GC(195)   Evacuate Collection Set: 2.0ms
[2022-07-11T11:50:55.057+0000][9][gc,phases   ] GC(195)   Post Evacuate Collection Set: 1.5ms
[2022-07-11T11:50:55.057+0000][9][gc,phases   ] GC(195)   Other: 0.2ms
[2022-07-11T11:50:55.057+0000][9][gc,age      ] GC(195) Age table with threshold 15 (max threshold 15)
[2022-07-11T11:50:55.057+0000][9][gc,age      ] GC(195) - age   1:    1064408 bytes,    1064408 total
[2022-07-11T11:50:55.057+0000][9][gc,age      ] GC(195) - age   2:      18328 bytes,    1082736 total
[2022-07-11T11:50:55.057+0000][9][gc,age      ] GC(195) - age   3:       2408 bytes,    1085144 total
[2022-07-11T11:50:55.057+0000][9][gc,age      ] GC(195) - age   4:        360 bytes,    1085504 total
[2022-07-11T11:50:55.057+0000][9][gc,age      ] GC(195) - age   5:         16 bytes,    1085520 total
[2022-07-11T11:50:55.057+0000][9][gc,age      ] GC(195) - age   7:       2288 bytes,    1087808 total
[2022-07-11T11:50:55.057+0000][9][gc,age      ] GC(195) - age   8:       2896 bytes,    1090704 total
[2022-07-11T11:50:55.057+0000][9][gc,age      ] GC(195) - age   9:      36024 bytes,    1126728 total
[2022-07-11T11:50:55.057+0000][9][gc,age      ] GC(195) - age  11:        184 bytes,    1126912 total
[2022-07-11T11:50:55.057+0000][9][gc,age      ] GC(195) - age  13:      86656 bytes,    1213568 total
[2022-07-11T11:50:55.057+0000][9][gc,age      ] GC(195) - age  14:     133000 bytes,    1346568 total
[2022-07-11T11:50:55.057+0000][9][gc,age      ] GC(195) - age  15:         56 bytes,    1346624 total
[2022-07-11T11:50:55.057+0000][9][gc,heap     ] GC(195) Eden regions: 75->0(75)
[2022-07-11T11:50:55.057+0000][9][gc,heap     ] GC(195) Survivor regions: 1->1(10)
[2022-07-11T11:50:55.057+0000][9][gc,heap     ] GC(195) Old regions: 27->27
[2022-07-11T11:50:55.057+0000][9][gc,heap     ] GC(195) Archive regions: 2->2
[2022-07-11T11:50:55.058+0000][9][gc,heap     ] GC(195) Humongous regions: 0->0
[2022-07-11T11:50:55.058+0000][9][gc,metaspace] GC(195) Metaspace: 123372K(127488K)->123372K(127488K) NonClass: 107560K(109760K)->107560K(109760K) Class: 15812K(17728K)->15812K(17728K)
[2022-07-11T11:50:55.058+0000][9][gc          ] GC(195) Pause Young (Normal) (G1 Evacuation Pause) 412M->111M(512M) 4.373ms
[2022-07-11T11:50:55.058+0000][9][gc,cpu      ] GC(195) User=0.01s Sys=0.00s Real=0.00s
[2022-07-11T11:50:55.058+0000][9][safepoint   ] Safepoint "G1CollectForAllocation", Time since last: 80928279599 ns, Reaching safepoint: 100431 ns, At safepoint: 4493436 ns, Total: 4593867 ns
[2022-07-11T11:52:07.438+0000][9][gc,start    ] GC(196) Pause Young (Normal) (G1 Evacuation Pause)
[2022-07-11T11:52:07.438+0000][9][gc,task     ] GC(196) Using 4 workers of 4 for evacuation
[2022-07-11T11:52:07.438+0000][9][gc,age      ] GC(196) Desired survivor size 20971520 bytes, new threshold 15 (max threshold 15)
[2022-07-11T11:52:07.442+0000][9][gc,phases   ] GC(196)   Pre Evacuate Collection Set: 0.1ms
[2022-07-11T11:52:07.442+0000][9][gc,phases   ] GC(196)   Merge Heap Roots: 0.1ms
[2022-07-11T11:52:07.442+0000][9][gc,phases   ] GC(196)   Evacuate Collection Set: 2.2ms
[2022-07-11T11:52:07.442+0000][9][gc,phases   ] GC(196)   Post Evacuate Collection Set: 1.4ms
[2022-07-11T11:52:07.442+0000][9][gc,phases   ] GC(196)   Other: 0.2ms
[2022-07-11T11:52:07.442+0000][9][gc,age      ] GC(196) Age table with threshold 15 (max threshold 15)
[2022-07-11T11:52:07.442+0000][9][gc,age      ] GC(196) - age   1:    1244944 bytes,    1244944 total
[2022-07-11T11:52:07.442+0000][9][gc,age      ] GC(196) - age   2:       2224 bytes,    1247168 total
[2022-07-11T11:52:07.442+0000][9][gc,age      ] GC(196) - age   3:      17176 bytes,    1264344 total
[2022-07-11T11:52:07.442+0000][9][gc,age      ] GC(196) - age   4:       2112 bytes,    1266456 total
[2022-07-11T11:52:07.442+0000][9][gc,age      ] GC(196) - age   5:        360 bytes,    1266816 total
[2022-07-11T11:52:07.442+0000][9][gc,age      ] GC(196) - age   6:         16 bytes,    1266832 total
[2022-07-11T11:52:07.442+0000][9][gc,age      ] GC(196) - age   8:       2288 bytes,    1269120 total
[2022-07-11T11:52:07.442+0000][9][gc,age      ] GC(196) - age   9:       2896 bytes,    1272016 total
[2022-07-11T11:52:07.442+0000][9][gc,age      ] GC(196) - age  10:      36024 bytes,    1308040 total
[2022-07-11T11:52:07.442+0000][9][gc,age      ] GC(196) - age  12:        184 bytes,    1308224 total
[2022-07-11T11:52:07.442+0000][9][gc,age      ] GC(196) - age  14:      86656 bytes,    1394880 total
[2022-07-11T11:52:07.442+0000][9][gc,age      ] GC(196) - age  15:     133000 bytes,    1527880 total
[2022-07-11T11:52:07.442+0000][9][gc,heap     ] GC(196) Eden regions: 75->0(75)
[2022-07-11T11:52:07.442+0000][9][gc,heap     ] GC(196) Survivor regions: 1->1(10)
[2022-07-11T11:52:07.442+0000][9][gc,heap     ] GC(196) Old regions: 27->27
[2022-07-11T11:52:07.442+0000][9][gc,heap     ] GC(196) Archive regions: 2->2
[2022-07-11T11:52:07.442+0000][9][gc,heap     ] GC(196) Humongous regions: 0->0
[2022-07-11T11:52:07.442+0000][9][gc,metaspace] GC(196) Metaspace: 123373K(127488K)->123373K(127488K) NonClass: 107560K(109760K)->107560K(109760K) Class: 15812K(17728K)->15812K(17728K)
[2022-07-11T11:52:07.442+0000][9][gc          ] GC(196) Pause Young (Normal) (G1 Evacuation Pause) 411M->111M(512M) 4.486ms
[2022-07-11T11:52:07.442+0000][9][gc,cpu      ] GC(196) User=0.01s Sys=0.00s Real=0.00s
[2022-07-11T11:52:07.442+0000][9][safepoint   ] Safepoint "G1CollectForAllocation", Time since last: 72379770811 ns, Reaching safepoint: 66000 ns, At safepoint: 4604623 ns, Total: 4670623 ns
[2022-07-11T11:53:28.446+0000][9][gc,start    ] GC(197) Pause Young (Normal) (G1 Evacuation Pause)
[2022-07-11T11:53:28.446+0000][9][gc,task     ] GC(197) Using 4 workers of 4 for evacuation
[2022-07-11T11:53:28.446+0000][9][gc,age      ] GC(197) Desired survivor size 20971520 bytes, new threshold 15 (max threshold 15)
[2022-07-11T11:53:28.452+0000][9][gc,phases   ] GC(197)   Pre Evacuate Collection Set: 0.1ms
[2022-07-11T11:53:28.453+0000][9][gc,phases   ] GC(197)   Merge Heap Roots: 0.1ms
[2022-07-11T11:53:28.453+0000][9][gc,phases   ] GC(197)   Evacuate Collection Set: 3.4ms
[2022-07-11T11:53:28.453+0000][9][gc,phases   ] GC(197)   Post Evacuate Collection Set: 2.4ms
[2022-07-11T11:53:28.453+0000][9][gc,phases   ] GC(197)   Other: 0.2ms
[2022-07-11T11:53:28.453+0000][9][gc,age      ] GC(197) Age table with threshold 15 (max threshold 15)
[2022-07-11T11:53:28.453+0000][9][gc,age      ] GC(197) - age   1:     833368 bytes,     833368 total
[2022-07-11T11:53:28.453+0000][9][gc,age      ] GC(197) - age   2:       1192 bytes,     834560 total
[2022-07-11T11:53:28.453+0000][9][gc,age      ] GC(197) - age   3:        576 bytes,     835136 total
[2022-07-11T11:53:28.453+0000][9][gc,age      ] GC(197) - age   4:      17048 bytes,     852184 total
[2022-07-11T11:53:28.453+0000][9][gc,age      ] GC(197) - age   5:       1816 bytes,     854000 total
[2022-07-11T11:53:28.453+0000][9][gc,age      ] GC(197) - age   6:        360 bytes,     854360 total
[2022-07-11T11:53:28.453+0000][9][gc,age      ] GC(197) - age   7:         16 bytes,     854376 total
[2022-07-11T11:53:28.453+0000][9][gc,age      ] GC(197) - age   9:         32 bytes,     854408 total
[2022-07-11T11:53:28.453+0000][9][gc,age      ] GC(197) - age  10:       2896 bytes,     857304 total
[2022-07-11T11:53:28.453+0000][9][gc,age      ] GC(197) - age  11:      36024 bytes,     893328 total
[2022-07-11T11:53:28.453+0000][9][gc,age      ] GC(197) - age  13:        184 bytes,     893512 total
[2022-07-11T11:53:28.453+0000][9][gc,age      ] GC(197) - age  15:      86656 bytes,     980168 total
[2022-07-11T11:53:28.453+0000][9][gc,heap     ] GC(197) Eden regions: 75->0(75)
[2022-07-11T11:53:28.453+0000][9][gc,heap     ] GC(197) Survivor regions: 1->1(10)
[2022-07-11T11:53:28.453+0000][9][gc,heap     ] GC(197) Old regions: 27->27
[2022-07-11T11:53:28.453+0000][9][gc,heap     ] GC(197) Archive regions: 2->2
[2022-07-11T11:53:28.453+0000][9][gc,heap     ] GC(197) Humongous regions: 0->0
[2022-07-11T11:53:28.453+0000][9][gc,metaspace] GC(197) Metaspace: 123376K(127488K)->123376K(127488K) NonClass: 107563K(109760K)->107563K(109760K) Class: 15812K(17728K)->15812K(17728K)
[2022-07-11T11:53:28.453+0000][9][gc          ] GC(197) Pause Young (Normal) (G1 Evacuation Pause) 411M->111M(512M) 6.857ms
[2022-07-11T11:53:28.453+0000][9][gc,cpu      ] GC(197) User=0.01s Sys=0.00s Real=0.01s
[2022-07-11T11:53:28.453+0000][9][safepoint   ] Safepoint "G1CollectForAllocation", Time since last: 81003763298 ns, Reaching safepoint: 175022 ns, At safepoint: 6980267 ns, Total: 7155289 ns
[2022-07-11T11:54:52.107+0000][9][gc,start    ] GC(198) Pause Young (Normal) (G1 Evacuation Pause)
[2022-07-11T11:54:52.107+0000][9][gc,task     ] GC(198) Using 4 workers of 4 for evacuation
[2022-07-11T11:54:52.107+0000][9][gc,age      ] GC(198) Desired survivor size 20971520 bytes, new threshold 15 (max threshold 15)
[2022-07-11T11:54:52.114+0000][9][gc,phases   ] GC(198)   Pre Evacuate Collection Set: 0.1ms
[2022-07-11T11:54:52.114+0000][9][gc,phases   ] GC(198)   Merge Heap Roots: 0.1ms
[2022-07-11T11:54:52.114+0000][9][gc,phases   ] GC(198)   Evacuate Collection Set: 4.8ms
[2022-07-11T11:54:52.114+0000][9][gc,phases   ] GC(198)   Post Evacuate Collection Set: 2.6ms
[2022-07-11T11:54:52.115+0000][9][gc,phases   ] GC(198)   Other: 0.2ms
[2022-07-11T11:54:52.115+0000][9][gc,age      ] GC(198) Age table with threshold 15 (max threshold 15)
[2022-07-11T11:54:52.115+0000][9][gc,age      ] GC(198) - age   1:    1376952 bytes,    1376952 total
[2022-07-11T11:54:52.115+0000][9][gc,age      ] GC(198) - age   2:       3568 bytes,    1380520 total
[2022-07-11T11:54:52.115+0000][9][gc,age      ] GC(198) - age   3:        424 bytes,    1380944 total
[2022-07-11T11:54:52.115+0000][9][gc,age      ] GC(198) - age   4:        576 bytes,    1381520 total
[2022-07-11T11:54:52.115+0000][9][gc,age      ] GC(198) - age   5:      16864 bytes,    1398384 total
[2022-07-11T11:54:52.115+0000][9][gc,age      ] GC(198) - age   6:       1816 bytes,    1400200 total
[2022-07-11T11:54:52.115+0000][9][gc,age      ] GC(198) - age   7:        360 bytes,    1400560 total
[2022-07-11T11:54:52.115+0000][9][gc,age      ] GC(198) - age   8:         16 bytes,    1400576 total
[2022-07-11T11:54:52.115+0000][9][gc,age      ] GC(198) - age  10:         32 bytes,    1400608 total
[2022-07-11T11:54:52.115+0000][9][gc,age      ] GC(198) - age  11:       2896 bytes,    1403504 total
[2022-07-11T11:54:52.115+0000][9][gc,age      ] GC(198) - age  12:      36024 bytes,    1439528 total
[2022-07-11T11:54:52.115+0000][9][gc,age      ] GC(198) - age  14:        184 bytes,    1439712 total
[2022-07-11T11:54:52.115+0000][9][gc,heap     ] GC(198) Eden regions: 75->0(75)
[2022-07-11T11:54:52.115+0000][9][gc,heap     ] GC(198) Survivor regions: 1->1(10)
[2022-07-11T11:54:52.115+0000][9][gc,heap     ] GC(198) Old regions: 27->27
[2022-07-11T11:54:52.115+0000][9][gc,heap     ] GC(198) Archive regions: 2->2
[2022-07-11T11:54:52.115+0000][9][gc,heap     ] GC(198) Humongous regions: 0->0
[2022-07-11T11:54:52.115+0000][9][gc,metaspace] GC(198) Metaspace: 123377K(127488K)->123377K(127488K) NonClass: 107565K(109760K)->107565K(109760K) Class: 15812K(17728K)->15812K(17728K)
[2022-07-11T11:54:52.115+0000][9][gc          ] GC(198) Pause Young (Normal) (G1 Evacuation Pause) 411M->111M(512M) 8.312ms
[2022-07-11T11:54:52.115+0000][9][gc,cpu      ] GC(198) User=0.01s Sys=0.00s Real=0.01s
[2022-07-11T11:54:52.115+0000][9][safepoint   ] Safepoint "G1CollectForAllocation", Time since last: 83653386888 ns, Reaching safepoint: 75219 ns, At safepoint: 8443717 ns, Total: 8518936 ns
[2022-07-11T11:56:07.091+0000][9][gc,start    ] GC(199) Pause Young (Normal) (G1 Evacuation Pause)
[2022-07-11T11:56:07.091+0000][9][gc,task     ] GC(199) Using 4 workers of 4 for evacuation
[2022-07-11T11:56:07.091+0000][9][gc,age      ] GC(199) Desired survivor size 20971520 bytes, new threshold 15 (max threshold 15)
[2022-07-11T11:56:07.094+0000][9][gc,phases   ] GC(199)   Pre Evacuate Collection Set: 0.1ms
[2022-07-11T11:56:07.094+0000][9][gc,phases   ] GC(199)   Merge Heap Roots: 0.1ms
[2022-07-11T11:56:07.094+0000][9][gc,phases   ] GC(199)   Evacuate Collection Set: 1.8ms
[2022-07-11T11:56:07.094+0000][9][gc,phases   ] GC(199)   Post Evacuate Collection Set: 1.2ms
[2022-07-11T11:56:07.094+0000][9][gc,phases   ] GC(199)   Other: 0.2ms
[2022-07-11T11:56:07.094+0000][9][gc,age      ] GC(199) Age table with threshold 15 (max threshold 15)
[2022-07-11T11:56:07.094+0000][9][gc,age      ] GC(199) - age   1:    1431432 bytes,    1431432 total
[2022-07-11T11:56:07.094+0000][9][gc,age      ] GC(199) - age   2:       1832 bytes,    1433264 total
[2022-07-11T11:56:07.094+0000][9][gc,age      ] GC(199) - age   3:       2672 bytes,    1435936 total
[2022-07-11T11:56:07.094+0000][9][gc,age      ] GC(199) - age   4:        360 bytes,    1436296 total
[2022-07-11T11:56:07.094+0000][9][gc,age      ] GC(199) - age   5:        184 bytes,    1436480 total
[2022-07-11T11:56:07.094+0000][9][gc,age      ] GC(199) - age   6:      16864 bytes,    1453344 total
[2022-07-11T11:56:07.094+0000][9][gc,age      ] GC(199) - age   7:       1816 bytes,    1455160 total
[2022-07-11T11:56:07.094+0000][9][gc,age      ] GC(199) - age   8:        360 bytes,    1455520 total
[2022-07-11T11:56:07.094+0000][9][gc,age      ] GC(199) - age   9:         16 bytes,    1455536 total
[2022-07-11T11:56:07.094+0000][9][gc,age      ] GC(199) - age  11:         32 bytes,    1455568 total
[2022-07-11T11:56:07.094+0000][9][gc,age      ] GC(199) - age  12:       2896 bytes,    1458464 total
[2022-07-11T11:56:07.094+0000][9][gc,age      ] GC(199) - age  13:      36024 bytes,    1494488 total
[2022-07-11T11:56:07.094+0000][9][gc,age      ] GC(199) - age  15:        184 bytes,    1494672 total
[2022-07-11T11:56:07.094+0000][9][gc,heap     ] GC(199) Eden regions: 75->0(75)
[2022-07-11T11:56:07.094+0000][9][gc,heap     ] GC(199) Survivor regions: 1->1(10)
[2022-07-11T11:56:07.094+0000][9][gc,heap     ] GC(199) Old regions: 27->27
[2022-07-11T11:56:07.094+0000][9][gc,heap     ] GC(199) Archive regions: 2->2
[2022-07-11T11:56:07.094+0000][9][gc,heap     ] GC(199) Humongous regions: 0->0
[2022-07-11T11:56:07.094+0000][9][gc,metaspace] GC(199) Metaspace: 123378K(127488K)->123378K(127488K) NonClass: 107566K(109760K)->107566K(109760K) Class: 15812K(17728K)->15812K(17728K)
[2022-07-11T11:56:07.094+0000][9][gc          ] GC(199) Pause Young (Normal) (G1 Evacuation Pause) 411M->111M(512M) 3.863ms
[2022-07-11T11:56:07.094+0000][9][gc,cpu      ] GC(199) User=0.01s Sys=0.00s Real=0.01s
[2022-07-11T11:56:07.095+0000][9][safepoint   ] Safepoint "G1CollectForAllocation", Time since last: 74975536889 ns, Reaching safepoint: 75288 ns, At safepoint: 3970955 ns, Total: 4046243 ns
[2022-07-11T11:57:25.189+0000][9][gc,start    ] GC(200) Pause Young (Normal) (G1 Evacuation Pause)
[2022-07-11T11:57:25.190+0000][9][gc,task     ] GC(200) Using 4 workers of 4 for evacuation
[2022-07-11T11:57:25.190+0000][9][gc,age      ] GC(200) Desired survivor size 20971520 bytes, new threshold 15 (max threshold 15)
[2022-07-11T11:57:25.193+0000][9][gc,phases   ] GC(200)   Pre Evacuate Collection Set: 0.1ms
[2022-07-11T11:57:25.193+0000][9][gc,phases   ] GC(200)   Merge Heap Roots: 0.1ms
[2022-07-11T11:57:25.193+0000][9][gc,phases   ] GC(200)   Evacuate Collection Set: 1.6ms
[2022-07-11T11:57:25.193+0000][9][gc,phases   ] GC(200)   Post Evacuate Collection Set: 1.2ms
[2022-07-11T11:57:25.193+0000][9][gc,phases   ] GC(200)   Other: 0.1ms
[2022-07-11T11:57:25.193+0000][9][gc,age      ] GC(200) Age table with threshold 15 (max threshold 15)
[2022-07-11T11:57:25.193+0000][9][gc,age      ] GC(200) - age   1:    1718680 bytes,    1718680 total
[2022-07-11T11:57:25.193+0000][9][gc,age      ] GC(200) - age   2:       1544 bytes,    1720224 total
[2022-07-11T11:57:25.193+0000][9][gc,age      ] GC(200) - age   3:        376 bytes,    1720600 total
[2022-07-11T11:57:25.193+0000][9][gc,age      ] GC(200) - age   4:       2608 bytes,    1723208 total
[2022-07-11T11:57:25.193+0000][9][gc,age      ] GC(200) - age   6:        184 bytes,    1723392 total
[2022-07-11T11:57:25.193+0000][9][gc,age      ] GC(200) - age   7:      16864 bytes,    1740256 total
[2022-07-11T11:57:25.193+0000][9][gc,age      ] GC(200) - age   8:       1816 bytes,    1742072 total
[2022-07-11T11:57:25.193+0000][9][gc,age      ] GC(200) - age   9:        360 bytes,    1742432 total
[2022-07-11T11:57:25.193+0000][9][gc,age      ] GC(200) - age  10:         16 bytes,    1742448 total
[2022-07-11T11:57:25.193+0000][9][gc,age      ] GC(200) - age  12:         32 bytes,    1742480 total
[2022-07-11T11:57:25.193+0000][9][gc,age      ] GC(200) - age  13:       2896 bytes,    1745376 total
[2022-07-11T11:57:25.193+0000][9][gc,age      ] GC(200) - age  14:      36024 bytes,    1781400 total
[2022-07-11T11:57:25.193+0000][9][gc,heap     ] GC(200) Eden regions: 75->0(75)
[2022-07-11T11:57:25.193+0000][9][gc,heap     ] GC(200) Survivor regions: 1->1(10)
[2022-07-11T11:57:25.193+0000][9][gc,heap     ] GC(200) Old regions: 27->27
[2022-07-11T11:57:25.193+0000][9][gc,heap     ] GC(200) Archive regions: 2->2
[2022-07-11T11:57:25.193+0000][9][gc,heap     ] GC(200) Humongous regions: 0->0
[2022-07-11T11:57:25.193+0000][9][gc,metaspace] GC(200) Metaspace: 123378K(127488K)->123378K(127488K) NonClass: 107566K(109760K)->107566K(109760K) Class: 15812K(17728K)->15812K(17728K)
[2022-07-11T11:57:25.193+0000][9][gc          ] GC(200) Pause Young (Normal) (G1 Evacuation Pause) 411M->112M(512M) 3.589ms
[2022-07-11T11:57:25.193+0000][9][gc,cpu      ] GC(200) User=0.01s Sys=0.00s Real=0.01s
[2022-07-11T11:57:25.193+0000][9][safepoint   ] Safepoint "G1CollectForAllocation", Time since last: 78094910665 ns, Reaching safepoint: 43930 ns, At safepoint: 3692498 ns, Total: 3736428 ns
[2022-07-11T11:57:55.197+0000][9][safepoint   ] Safepoint "Cleanup", Time since last: 30003626468 ns, Reaching safepoint: 88279 ns, At safepoint: 12502 ns, Total: 100781 ns
[2022-07-11T11:58:41.201+0000][9][safepoint   ] Safepoint "Cleanup", Time since last: 46004312857 ns, Reaching safepoint: 75708 ns, At safepoint: 51612 ns, Total: 127320 ns
[2022-07-11T11:58:49.113+0000][9][gc,start    ] GC(201) Pause Young (Normal) (G1 Evacuation Pause)
[2022-07-11T11:58:49.113+0000][9][gc,task     ] GC(201) Using 4 workers of 4 for evacuation
[2022-07-11T11:58:49.113+0000][9][gc,age      ] GC(201) Desired survivor size 20971520 bytes, new threshold 15 (max threshold 15)
[2022-07-11T11:58:49.116+0000][9][gc,phases   ] GC(201)   Pre Evacuate Collection Set: 0.1ms
[2022-07-11T11:58:49.116+0000][9][gc,phases   ] GC(201)   Merge Heap Roots: 0.1ms
[2022-07-11T11:58:49.116+0000][9][gc,phases   ] GC(201)   Evacuate Collection Set: 1.6ms
[2022-07-11T11:58:49.116+0000][9][gc,phases   ] GC(201)   Post Evacuate Collection Set: 1.2ms
[2022-07-11T11:58:49.116+0000][9][gc,phases   ] GC(201)   Other: 0.1ms
[2022-07-11T11:58:49.116+0000][9][gc,age      ] GC(201) Age table with threshold 15 (max threshold 15)
[2022-07-11T11:58:49.116+0000][9][gc,age      ] GC(201) - age   1:    1349120 bytes,    1349120 total
[2022-07-11T11:58:49.116+0000][9][gc,age      ] GC(201) - age   2:       2712 bytes,    1351832 total
[2022-07-11T11:58:49.116+0000][9][gc,age      ] GC(201) - age   3:        160 bytes,    1351992 total
[2022-07-11T11:58:49.116+0000][9][gc,age      ] GC(201) - age   4:        248 bytes,    1352240 total
[2022-07-11T11:58:49.116+0000][9][gc,age      ] GC(201) - age   5:       2608 bytes,    1354848 total
[2022-07-11T11:58:49.116+0000][9][gc,age      ] GC(201) - age   8:        832 bytes,    1355680 total
[2022-07-11T11:58:49.116+0000][9][gc,age      ] GC(201) - age   9:       1816 bytes,    1357496 total
[2022-07-11T11:58:49.116+0000][9][gc,age      ] GC(201) - age  10:        360 bytes,    1357856 total
[2022-07-11T11:58:49.116+0000][9][gc,age      ] GC(201) - age  11:         16 bytes,    1357872 total
[2022-07-11T11:58:49.116+0000][9][gc,age      ] GC(201) - age  13:         32 bytes,    1357904 total
[2022-07-11T11:58:49.116+0000][9][gc,age      ] GC(201) - age  14:       2896 bytes,    1360800 total
[2022-07-11T11:58:49.116+0000][9][gc,age      ] GC(201) - age  15:      36024 bytes,    1396824 total
[2022-07-11T11:58:49.116+0000][9][gc,heap     ] GC(201) Eden regions: 75->0(75)
[2022-07-11T11:58:49.116+0000][9][gc,heap     ] GC(201) Survivor regions: 1->1(10)
[2022-07-11T11:58:49.116+0000][9][gc,heap     ] GC(201) Old regions: 27->27
[2022-07-11T11:58:49.116+0000][9][gc,heap     ] GC(201) Archive regions: 2->2
[2022-07-11T11:58:49.116+0000][9][gc,heap     ] GC(201) Humongous regions: 0->0
[2022-07-11T11:58:49.116+0000][9][gc,metaspace] GC(201) Metaspace: 123378K(127488K)->123378K(127488K) NonClass: 107566K(109760K)->107566K(109760K) Class: 15812K(17728K)->15812K(17728K)
[2022-07-11T11:58:49.116+0000][9][gc          ] GC(201) Pause Young (Normal) (G1 Evacuation Pause) 412M->111M(512M) 3.483ms
[2022-07-11T11:58:49.116+0000][9][gc,cpu      ] GC(201) User=0.00s Sys=0.00s Real=0.00s
[2022-07-11T11:58:49.116+0000][9][safepoint   ] Safepoint "G1CollectForAllocation", Time since last: 7911531391 ns, Reaching safepoint: 38343 ns, At safepoint: 3564410 ns, Total: 3602753 ns
[2022-07-11T11:59:39.121+0000][9][safepoint   ] Safepoint "Cleanup", Time since last: 50004574122 ns, Reaching safepoint: 92469 ns, At safepoint: 12991 ns, Total: 105460 ns
[2022-07-11T12:00:01.123+0000][9][safepoint   ] Safepoint "Cleanup", Time since last: 22002164809 ns, Reaching safepoint: 66768 ns, At safepoint: 12501 ns, Total: 79269 ns
[2022-07-11T12:00:04.103+0000][9][gc,start    ] GC(202) Pause Young (Normal) (G1 Evacuation Pause)
[2022-07-11T12:00:04.103+0000][9][gc,task     ] GC(202) Using 4 workers of 4 for evacuation
[2022-07-11T12:00:04.103+0000][9][gc,age      ] GC(202) Desired survivor size 20971520 bytes, new threshold 15 (max threshold 15)
[2022-07-11T12:00:04.105+0000][9][gc,phases   ] GC(202)   Pre Evacuate Collection Set: 0.1ms
[2022-07-11T12:00:04.105+0000][9][gc,phases   ] GC(202)   Merge Heap Roots: 0.1ms
[2022-07-11T12:00:04.105+0000][9][gc,phases   ] GC(202)   Evacuate Collection Set: 1.2ms
[2022-07-11T12:00:04.105+0000][9][gc,phases   ] GC(202)   Post Evacuate Collection Set: 1.0ms
[2022-07-11T12:00:04.105+0000][9][gc,phases   ] GC(202)   Other: 0.1ms
[2022-07-11T12:00:04.105+0000][9][gc,age      ] GC(202) Age table with threshold 15 (max threshold 15)
[2022-07-11T12:00:04.105+0000][9][gc,age      ] GC(202) - age   1:     843064 bytes,     843064 total
[2022-07-11T12:00:04.105+0000][9][gc,age      ] GC(202) - age   2:      17752 bytes,     860816 total
[2022-07-11T12:00:04.105+0000][9][gc,age      ] GC(202) - age   3:       1176 bytes,     861992 total
[2022-07-11T12:00:04.105+0000][9][gc,age      ] GC(202) - age   4:         96 bytes,     862088 total
[2022-07-11T12:00:04.105+0000][9][gc,age      ] GC(202) - age   5:        248 bytes,     862336 total
[2022-07-11T12:00:04.105+0000][9][gc,age      ] GC(202) - age   6:       2312 bytes,     864648 total
[2022-07-11T12:00:04.105+0000][9][gc,age      ] GC(202) - age   9:        832 bytes,     865480 total
[2022-07-11T12:00:04.105+0000][9][gc,age      ] GC(202) - age  10:       1816 bytes,     867296 total
[2022-07-11T12:00:04.105+0000][9][gc,age      ] GC(202) - age  11:        360 bytes,     867656 total
[2022-07-11T12:00:04.105+0000][9][gc,age      ] GC(202) - age  12:         16 bytes,     867672 total
[2022-07-11T12:00:04.105+0000][9][gc,age      ] GC(202) - age  14:         32 bytes,     867704 total
[2022-07-11T12:00:04.105+0000][9][gc,age      ] GC(202) - age  15:       2896 bytes,     870600 total
[2022-07-11T12:00:04.105+0000][9][gc,heap     ] GC(202) Eden regions: 75->0(75)
[2022-07-11T12:00:04.105+0000][9][gc,heap     ] GC(202) Survivor regions: 1->1(10)
[2022-07-11T12:00:04.105+0000][9][gc,heap     ] GC(202) Old regions: 27->27
[2022-07-11T12:00:04.105+0000][9][gc,heap     ] GC(202) Archive regions: 2->2
[2022-07-11T12:00:04.105+0000][9][gc,heap     ] GC(202) Humongous regions: 0->0
[2022-07-11T12:00:04.105+0000][9][gc,metaspace] GC(202) Metaspace: 123382K(127488K)->123382K(127488K) NonClass: 107569K(109760K)->107569K(109760K) Class: 15812K(17728K)->15812K(17728K)
[2022-07-11T12:00:04.105+0000][9][gc          ] GC(202) Pause Young (Normal) (G1 Evacuation Pause) 411M->111M(512M) 2.772ms
[2022-07-11T12:00:04.105+0000][9][gc,cpu      ] GC(202) User=0.00s Sys=0.00s Real=0.01s
[2022-07-11T12:00:04.105+0000][9][safepoint   ] Safepoint "G1CollectForAllocation", Time since last: 2979076578 ns, Reaching safepoint: 30521 ns, At safepoint: 2844138 ns, Total: 2874659 ns
[2022-07-11T12:01:21.041+0000][9][gc,start    ] GC(203) Pause Young (Normal) (G1 Evacuation Pause)
[2022-07-11T12:01:21.041+0000][9][gc,task     ] GC(203) Using 4 workers of 4 for evacuation
[2022-07-11T12:01:21.041+0000][9][gc,age      ] GC(203) Desired survivor size 20971520 bytes, new threshold 15 (max threshold 15)
[2022-07-11T12:01:21.045+0000][9][gc,phases   ] GC(203)   Pre Evacuate Collection Set: 0.1ms
[2022-07-11T12:01:21.045+0000][9][gc,phases   ] GC(203)   Merge Heap Roots: 0.1ms
[2022-07-11T12:01:21.045+0000][9][gc,phases   ] GC(203)   Evacuate Collection Set: 1.6ms
[2022-07-11T12:01:21.045+0000][9][gc,phases   ] GC(203)   Post Evacuate Collection Set: 1.3ms
[2022-07-11T12:01:21.045+0000][9][gc,phases   ] GC(203)   Other: 0.2ms
[2022-07-11T12:01:21.045+0000][9][gc,age      ] GC(203) Age table with threshold 15 (max threshold 15)
[2022-07-11T12:01:21.045+0000][9][gc,age      ] GC(203) - age   1:     297032 bytes,     297032 total
[2022-07-11T12:01:21.045+0000][9][gc,age      ] GC(203) - age   2:       1320 bytes,     298352 total
[2022-07-11T12:01:21.045+0000][9][gc,age      ] GC(203) - age   3:       8496 bytes,     306848 total
[2022-07-11T12:01:21.045+0000][9][gc,age      ] GC(203) - age   4:        368 bytes,     307216 total
[2022-07-11T12:01:21.045+0000][9][gc,age      ] GC(203) - age   6:        248 bytes,     307464 total
[2022-07-11T12:01:21.045+0000][9][gc,age      ] GC(203) - age   7:       2312 bytes,     309776 total
[2022-07-11T12:01:21.045+0000][9][gc,age      ] GC(203) - age  10:        832 bytes,     310608 total
[2022-07-11T12:01:21.045+0000][9][gc,age      ] GC(203) - age  11:       1816 bytes,     312424 total
[2022-07-11T12:01:21.045+0000][9][gc,age      ] GC(203) - age  12:        360 bytes,     312784 total
[2022-07-11T12:01:21.045+0000][9][gc,age      ] GC(203) - age  13:         16 bytes,     312800 total
[2022-07-11T12:01:21.045+0000][9][gc,age      ] GC(203) - age  15:         32 bytes,     312832 total
[2022-07-11T12:01:21.045+0000][9][gc,heap     ] GC(203) Eden regions: 75->0(75)
[2022-07-11T12:01:21.045+0000][9][gc,heap     ] GC(203) Survivor regions: 1->1(10)
[2022-07-11T12:01:21.045+0000][9][gc,heap     ] GC(203) Old regions: 27->27
[2022-07-11T12:01:21.045+0000][9][gc,heap     ] GC(203) Archive regions: 2->2
[2022-07-11T12:01:21.045+0000][9][gc,heap     ] GC(203) Humongous regions: 0->0
[2022-07-11T12:01:21.045+0000][9][gc,metaspace] GC(203) Metaspace: 123382K(127488K)->123382K(127488K) NonClass: 107569K(109760K)->107569K(109760K) Class: 15812K(17728K)->15812K(17728K)
[2022-07-11T12:01:21.045+0000][9][gc          ] GC(203) Pause Young (Normal) (G1 Evacuation Pause) 411M->110M(512M) 3.928ms
[2022-07-11T12:01:21.045+0000][9][gc,cpu      ] GC(203) User=0.01s Sys=0.00s Real=0.01s
[2022-07-11T12:01:21.045+0000][9][safepoint   ] Safepoint "G1CollectForAllocation", Time since last: 76935861934 ns, Reaching safepoint: 69213 ns, At safepoint: 4054204 ns, Total: 4123417 ns
[2022-07-11T12:02:46.024+0000][9][gc,start    ] GC(204) Pause Young (Normal) (G1 Evacuation Pause)
[2022-07-11T12:02:46.024+0000][9][gc,task     ] GC(204) Using 4 workers of 4 for evacuation
[2022-07-11T12:02:46.024+0000][9][gc,age      ] GC(204) Desired survivor size 20971520 bytes, new threshold 15 (max threshold 15)
[2022-07-11T12:02:46.028+0000][9][gc,phases   ] GC(204)   Pre Evacuate Collection Set: 0.1ms
[2022-07-11T12:02:46.028+0000][9][gc,phases   ] GC(204)   Merge Heap Roots: 0.1ms
[2022-07-11T12:02:46.028+0000][9][gc,phases   ] GC(204)   Evacuate Collection Set: 2.5ms
[2022-07-11T12:02:46.028+0000][9][gc,phases   ] GC(204)   Post Evacuate Collection Set: 1.4ms
[2022-07-11T12:02:46.028+0000][9][gc,phases   ] GC(204)   Other: 0.2ms
[2022-07-11T12:02:46.028+0000][9][gc,age      ] GC(204) Age table with threshold 15 (max threshold 15)
[2022-07-11T12:02:46.028+0000][9][gc,age      ] GC(204) - age   1:    1188296 bytes,    1188296 total
[2022-07-11T12:02:46.028+0000][9][gc,age      ] GC(204) - age   2:       1304 bytes,    1189600 total
[2022-07-11T12:02:46.029+0000][9][gc,age      ] GC(204) - age   3:        424 bytes,    1190024 total
[2022-07-11T12:02:46.029+0000][9][gc,age      ] GC(204) - age   4:       8200 bytes,    1198224 total
[2022-07-11T12:02:46.029+0000][9][gc,age      ] GC(204) - age   5:        184 bytes,    1198408 total
[2022-07-11T12:02:46.029+0000][9][gc,age      ] GC(204) - age   7:        248 bytes,    1198656 total
[2022-07-11T12:02:46.029+0000][9][gc,age      ] GC(204) - age   8:        792 bytes,    1199448 total
[2022-07-11T12:02:46.029+0000][9][gc,age      ] GC(204) - age  11:        832 bytes,    1200280 total
[2022-07-11T12:02:46.029+0000][9][gc,age      ] GC(204) - age  12:       1424 bytes,    1201704 total
[2022-07-11T12:02:46.029+0000][9][gc,age      ] GC(204) - age  13:        360 bytes,    1202064 total
[2022-07-11T12:02:46.029+0000][9][gc,age      ] GC(204) - age  14:         16 bytes,    1202080 total
[2022-07-11T12:02:46.029+0000][9][gc,heap     ] GC(204) Eden regions: 75->0(75)
[2022-07-11T12:02:46.029+0000][9][gc,heap     ] GC(204) Survivor regions: 1->1(10)
[2022-07-11T12:02:46.029+0000][9][gc,heap     ] GC(204) Old regions: 27->27
[2022-07-11T12:02:46.029+0000][9][gc,heap     ] GC(204) Archive regions: 2->2
[2022-07-11T12:02:46.029+0000][9][gc,heap     ] GC(204) Humongous regions: 0->0
[2022-07-11T12:02:46.029+0000][9][gc,metaspace] GC(204) Metaspace: 123382K(127488K)->123382K(127488K) NonClass: 107569K(109760K)->107569K(109760K) Class: 15812K(17728K)->15812K(17728K)
[2022-07-11T12:02:46.029+0000][9][gc          ] GC(204) Pause Young (Normal) (G1 Evacuation Pause) 410M->111M(512M) 4.846ms
[2022-07-11T12:02:46.029+0000][9][gc,cpu      ] GC(204) User=0.00s Sys=0.01s Real=0.00s
[2022-07-11T12:02:46.029+0000][9][safepoint   ] Safepoint "G1CollectForAllocation", Time since last: 84978440156 ns, Reaching safepoint: 91562 ns, At safepoint: 4989446 ns, Total: 5081008 ns
[2022-07-11T12:04:01.106+0000][9][gc,start    ] GC(205) Pause Young (Normal) (G1 Evacuation Pause)
[2022-07-11T12:04:01.106+0000][9][gc,task     ] GC(205) Using 4 workers of 4 for evacuation
[2022-07-11T12:04:01.106+0000][9][gc,age      ] GC(205) Desired survivor size 20971520 bytes, new threshold 15 (max threshold 15)
[2022-07-11T12:04:01.109+0000][9][gc,phases   ] GC(205)   Pre Evacuate Collection Set: 0.1ms
[2022-07-11T12:04:01.109+0000][9][gc,phases   ] GC(205)   Merge Heap Roots: 0.0ms
[2022-07-11T12:04:01.109+0000][9][gc,phases   ] GC(205)   Evacuate Collection Set: 1.2ms
[2022-07-11T12:04:01.109+0000][9][gc,phases   ] GC(205)   Post Evacuate Collection Set: 1.2ms
[2022-07-11T12:04:01.109+0000][9][gc,phases   ] GC(205)   Other: 0.1ms
[2022-07-11T12:04:01.109+0000][9][gc,age      ] GC(205) Age table with threshold 15 (max threshold 15)
[2022-07-11T12:04:01.109+0000][9][gc,age      ] GC(205) - age   1:     484520 bytes,     484520 total
[2022-07-11T12:04:01.109+0000][9][gc,age      ] GC(205) - age   2:      12952 bytes,     497472 total
[2022-07-11T12:04:01.109+0000][9][gc,age      ] GC(205) - age   3:        496 bytes,     497968 total
[2022-07-11T12:04:01.109+0000][9][gc,age      ] GC(205) - age   4:         64 bytes,     498032 total
[2022-07-11T12:04:01.109+0000][9][gc,age      ] GC(205) - age   5:        184 bytes,     498216 total
[2022-07-11T12:04:01.109+0000][9][gc,age      ] GC(205) - age   6:        184 bytes,     498400 total
[2022-07-11T12:04:01.109+0000][9][gc,age      ] GC(205) - age   8:        248 bytes,     498648 total
[2022-07-11T12:04:01.109+0000][9][gc,age      ] GC(205) - age   9:        216 bytes,     498864 total
[2022-07-11T12:04:01.109+0000][9][gc,age      ] GC(205) - age  12:        832 bytes,     499696 total
[2022-07-11T12:04:01.109+0000][9][gc,age      ] GC(205) - age  13:       1424 bytes,     501120 total
[2022-07-11T12:04:01.109+0000][9][gc,age      ] GC(205) - age  14:        360 bytes,     501480 total
[2022-07-11T12:04:01.109+0000][9][gc,age      ] GC(205) - age  15:         16 bytes,     501496 total
[2022-07-11T12:04:01.109+0000][9][gc,heap     ] GC(205) Eden regions: 75->0(75)
[2022-07-11T12:04:01.109+0000][9][gc,heap     ] GC(205) Survivor regions: 1->1(10)
[2022-07-11T12:04:01.109+0000][9][gc,heap     ] GC(205) Old regions: 27->27
[2022-07-11T12:04:01.109+0000][9][gc,heap     ] GC(205) Archive regions: 2->2
[2022-07-11T12:04:01.109+0000][9][gc,heap     ] GC(205) Humongous regions: 0->0
[2022-07-11T12:04:01.109+0000][9][gc,metaspace] GC(205) Metaspace: 123382K(127488K)->123382K(127488K) NonClass: 107569K(109760K)->107569K(109760K) Class: 15812K(17728K)->15812K(17728K)
[2022-07-11T12:04:01.109+0000][9][gc          ] GC(205) Pause Young (Normal) (G1 Evacuation Pause) 411M->110M(512M) 3.014ms
[2022-07-11T12:04:01.109+0000][9][gc,cpu      ] GC(205) User=0.01s Sys=0.00s Real=0.00s
[2022-07-11T12:04:01.109+0000][9][safepoint   ] Safepoint "G1CollectForAllocation", Time since last: 75077159231 ns, Reaching safepoint: 50216 ns, At safepoint: 3086766 ns, Total: 3136982 ns
[2022-07-11T12:05:01.117+0000][9][safepoint   ] Safepoint "Cleanup", Time since last: 60007439172 ns, Reaching safepoint: 136260 ns, At safepoint: 12921 ns, Total: 149181 ns
[2022-07-11T12:05:16.579+0000][9][gc,start    ] GC(206) Pause Young (Normal) (G1 Evacuation Pause)
[2022-07-11T12:05:16.579+0000][9][gc,task     ] GC(206) Using 4 workers of 4 for evacuation
[2022-07-11T12:05:16.579+0000][9][gc,age      ] GC(206) Desired survivor size 20971520 bytes, new threshold 15 (max threshold 15)
[2022-07-11T12:05:16.582+0000][9][gc,phases   ] GC(206)   Pre Evacuate Collection Set: 0.1ms
[2022-07-11T12:05:16.582+0000][9][gc,phases   ] GC(206)   Merge Heap Roots: 0.1ms
[2022-07-11T12:05:16.582+0000][9][gc,phases   ] GC(206)   Evacuate Collection Set: 1.9ms
[2022-07-11T12:05:16.582+0000][9][gc,phases   ] GC(206)   Post Evacuate Collection Set: 1.0ms
[2022-07-11T12:05:16.582+0000][9][gc,phases   ] GC(206)   Other: 0.1ms
[2022-07-11T12:05:16.582+0000][9][gc,age      ] GC(206) Age table with threshold 15 (max threshold 15)
[2022-07-11T12:05:16.582+0000][9][gc,age      ] GC(206) - age   1:    1720984 bytes,    1720984 total
[2022-07-11T12:05:16.582+0000][9][gc,age      ] GC(206) - age   2:       9296 bytes,    1730280 total
[2022-07-11T12:05:16.582+0000][9][gc,age      ] GC(206) - age   3:      10600 bytes,    1740880 total
[2022-07-11T12:05:16.582+0000][9][gc,age      ] GC(206) - age   4:        368 bytes,    1741248 total
[2022-07-11T12:05:16.582+0000][9][gc,age      ] GC(206) - age   6:        184 bytes,    1741432 total
[2022-07-11T12:05:16.582+0000][9][gc,age      ] GC(206) - age   7:        184 bytes,    1741616 total
[2022-07-11T12:05:16.582+0000][9][gc,age      ] GC(206) - age   9:        248 bytes,    1741864 total
[2022-07-11T12:05:16.582+0000][9][gc,age      ] GC(206) - age  10:        216 bytes,    1742080 total
[2022-07-11T12:05:16.582+0000][9][gc,age      ] GC(206) - age  13:        832 bytes,    1742912 total
[2022-07-11T12:05:16.582+0000][9][gc,age      ] GC(206) - age  14:       1424 bytes,    1744336 total
[2022-07-11T12:05:16.582+0000][9][gc,age      ] GC(206) - age  15:        360 bytes,    1744696 total
[2022-07-11T12:05:16.582+0000][9][gc,heap     ] GC(206) Eden regions: 75->0(75)
[2022-07-11T12:05:16.582+0000][9][gc,heap     ] GC(206) Survivor regions: 1->1(10)
[2022-07-11T12:05:16.582+0000][9][gc,heap     ] GC(206) Old regions: 27->27
[2022-07-11T12:05:16.583+0000][9][gc,heap     ] GC(206) Archive regions: 2->2
[2022-07-11T12:05:16.583+0000][9][gc,heap     ] GC(206) Humongous regions: 0->0
[2022-07-11T12:05:16.583+0000][9][gc,metaspace] GC(206) Metaspace: 123382K(127488K)->123382K(127488K) NonClass: 107569K(109760K)->107569K(109760K) Class: 15812K(17728K)->15812K(17728K)
[2022-07-11T12:05:16.583+0000][9][gc          ] GC(206) Pause Young (Normal) (G1 Evacuation Pause) 410M->112M(512M) 3.700ms
[2022-07-11T12:05:16.583+0000][9][gc,cpu      ] GC(206) User=0.01s Sys=0.00s Real=0.00s
[2022-07-11T12:05:16.583+0000][9][safepoint   ] Safepoint "G1CollectForAllocation", Time since last: 15462089633 ns, Reaching safepoint: 48050 ns, At safepoint: 3801450 ns, Total: 3849500 ns
[2022-07-11T12:06:38.554+0000][9][gc,start    ] GC(207) Pause Young (Normal) (G1 Evacuation Pause)
[2022-07-11T12:06:38.554+0000][9][gc,task     ] GC(207) Using 4 workers of 4 for evacuation
[2022-07-11T12:06:38.554+0000][9][gc,age      ] GC(207) Desired survivor size 20971520 bytes, new threshold 15 (max threshold 15)
[2022-07-11T12:06:38.557+0000][9][gc,phases   ] GC(207)   Pre Evacuate Collection Set: 0.1ms
[2022-07-11T12:06:38.557+0000][9][gc,phases   ] GC(207)   Merge Heap Roots: 0.1ms
[2022-07-11T12:06:38.557+0000][9][gc,phases   ] GC(207)   Evacuate Collection Set: 1.6ms
[2022-07-11T12:06:38.557+0000][9][gc,phases   ] GC(207)   Post Evacuate Collection Set: 1.3ms
[2022-07-11T12:06:38.557+0000][9][gc,phases   ] GC(207)   Other: 0.2ms
[2022-07-11T12:06:38.557+0000][9][gc,age      ] GC(207) Age table with threshold 15 (max threshold 15)
[2022-07-11T12:06:38.557+0000][9][gc,age      ] GC(207) - age   1:    1129632 bytes,    1129632 total
[2022-07-11T12:06:38.557+0000][9][gc,age      ] GC(207) - age   2:       2240 bytes,    1131872 total
[2022-07-11T12:06:38.557+0000][9][gc,age      ] GC(207) - age   3:       8592 bytes,    1140464 total
[2022-07-11T12:06:38.557+0000][9][gc,age      ] GC(207) - age   4:      10536 bytes,    1151000 total
[2022-07-11T12:06:38.557+0000][9][gc,age      ] GC(207) - age   5:        208 bytes,    1151208 total
[2022-07-11T12:06:38.557+0000][9][gc,age      ] GC(207) - age   7:        184 bytes,    1151392 total
[2022-07-11T12:06:38.557+0000][9][gc,age      ] GC(207) - age   8:        184 bytes,    1151576 total
[2022-07-11T12:06:38.557+0000][9][gc,age      ] GC(207) - age  10:        248 bytes,    1151824 total
[2022-07-11T12:06:38.557+0000][9][gc,age      ] GC(207) - age  11:        216 bytes,    1152040 total
[2022-07-11T12:06:38.557+0000][9][gc,age      ] GC(207) - age  14:        832 bytes,    1152872 total
[2022-07-11T12:06:38.557+0000][9][gc,age      ] GC(207) - age  15:       1424 bytes,    1154296 total
[2022-07-11T12:06:38.557+0000][9][gc,heap     ] GC(207) Eden regions: 75->0(75)
[2022-07-11T12:06:38.557+0000][9][gc,heap     ] GC(207) Survivor regions: 1->1(10)
[2022-07-11T12:06:38.557+0000][9][gc,heap     ] GC(207) Old regions: 27->27
[2022-07-11T12:06:38.557+0000][9][gc,heap     ] GC(207) Archive regions: 2->2
[2022-07-11T12:06:38.557+0000][9][gc,heap     ] GC(207) Humongous regions: 0->0
[2022-07-11T12:06:38.557+0000][9][gc,metaspace] GC(207) Metaspace: 123382K(127488K)->123382K(127488K) NonClass: 107569K(109760K)->107569K(109760K) Class: 15812K(17728K)->15812K(17728K)
[2022-07-11T12:06:38.557+0000][9][gc          ] GC(207) Pause Young (Normal) (G1 Evacuation Pause) 412M->111M(512M) 3.546ms
[2022-07-11T12:06:38.557+0000][9][gc,cpu      ] GC(207) User=0.01s Sys=0.01s Real=0.00s
[2022-07-11T12:06:38.557+0000][9][safepoint   ] Safepoint "G1CollectForAllocation", Time since last: 81970889712 ns, Reaching safepoint: 108603 ns, At safepoint: 3626638 ns, Total: 3735241 ns
[2022-07-11T12:07:55.213+0000][9][gc,start    ] GC(208) Pause Young (Normal) (G1 Evacuation Pause)
[2022-07-11T12:07:55.213+0000][9][gc,task     ] GC(208) Using 4 workers of 4 for evacuation
[2022-07-11T12:07:55.213+0000][9][gc,age      ] GC(208) Desired survivor size 20971520 bytes, new threshold 15 (max threshold 15)
[2022-07-11T12:07:55.217+0000][9][gc,phases   ] GC(208)   Pre Evacuate Collection Set: 0.1ms
[2022-07-11T12:07:55.217+0000][9][gc,phases   ] GC(208)   Merge Heap Roots: 0.1ms
[2022-07-11T12:07:55.217+0000][9][gc,phases   ] GC(208)   Evacuate Collection Set: 2.0ms
[2022-07-11T12:07:55.217+0000][9][gc,phases   ] GC(208)   Post Evacuate Collection Set: 1.1ms
[2022-07-11T12:07:55.217+0000][9][gc,phases   ] GC(208)   Other: 0.1ms
[2022-07-11T12:07:55.217+0000][9][gc,age      ] GC(208) Age table with threshold 15 (max threshold 15)
[2022-07-11T12:07:55.217+0000][9][gc,age      ] GC(208) - age   1:    2000776 bytes,    2000776 total
[2022-07-11T12:07:55.217+0000][9][gc,age      ] GC(208) - age   2:       1632 bytes,    2002408 total
[2022-07-11T12:07:55.217+0000][9][gc,age      ] GC(208) - age   3:       1136 bytes,    2003544 total
[2022-07-11T12:07:55.217+0000][9][gc,age      ] GC(208) - age   4:       8592 bytes,    2012136 total
[2022-07-11T12:07:55.217+0000][9][gc,age      ] GC(208) - age   5:      10536 bytes,    2022672 total
[2022-07-11T12:07:55.217+0000][9][gc,age      ] GC(208) - age   6:        208 bytes,    2022880 total
[2022-07-11T12:07:55.217+0000][9][gc,age      ] GC(208) - age   8:        184 bytes,    2023064 total
[2022-07-11T12:07:55.217+0000][9][gc,age      ] GC(208) - age   9:        184 bytes,    2023248 total
[2022-07-11T12:07:55.217+0000][9][gc,age      ] GC(208) - age  11:         64 bytes,    2023312 total
[2022-07-11T12:07:55.217+0000][9][gc,age      ] GC(208) - age  12:        216 bytes,    2023528 total
[2022-07-11T12:07:55.217+0000][9][gc,age      ] GC(208) - age  15:        832 bytes,    2024360 total
[2022-07-11T12:07:55.217+0000][9][gc,heap     ] GC(208) Eden regions: 75->0(75)
[2022-07-11T12:07:55.217+0000][9][gc,heap     ] GC(208) Survivor regions: 1->1(10)
[2022-07-11T12:07:55.217+0000][9][gc,heap     ] GC(208) Old regions: 27->27
[2022-07-11T12:07:55.217+0000][9][gc,heap     ] GC(208) Archive regions: 2->2
[2022-07-11T12:07:55.217+0000][9][gc,heap     ] GC(208) Humongous regions: 0->0
[2022-07-11T12:07:55.217+0000][9][gc,metaspace] GC(208) Metaspace: 123382K(127488K)->123382K(127488K) NonClass: 107569K(109760K)->107569K(109760K) Class: 15812K(17728K)->15812K(17728K)
[2022-07-11T12:07:55.217+0000][9][gc          ] GC(208) Pause Young (Normal) (G1 Evacuation Pause) 411M->112M(512M) 3.865ms
[2022-07-11T12:07:55.217+0000][9][gc,cpu      ] GC(208) User=0.01s Sys=0.00s Real=0.00s
[2022-07-11T12:07:55.217+0000][9][safepoint   ] Safepoint "G1CollectForAllocation", Time since last: 76655717404 ns, Reaching safepoint: 52311 ns, At safepoint: 3955170 ns, Total: 4007481 ns
[2022-07-11T12:07:56.217+0000][9][safepoint   ] Safepoint "Cleanup", Time since last: 1000160375 ns, Reaching safepoint: 103364 ns, At safepoint: 13969 ns, Total: 117333 ns
[2022-07-11T12:08:00.218+0000][9][safepoint   ] Safepoint "Cleanup", Time since last: 4000433582 ns, Reaching safepoint: 76406 ns, At safepoint: 11873 ns, Total: 88279 ns
